Command line invocation:
    /Applications/Xcode.app/Contents/Developer/usr/bin/xcodebuild -project apps/ios/ScribbleFit/ScribbleFit.xcodeproj -scheme ScribbleFit -destination generic/platform=iOS build

Resolve Package Graph


Resolved source packages:
  FeatureWorkouts: /Users/george.sigalas/AndroidStudioProjects/scribblefit/apps/ios/ScribbleFit/LocalPackages/Features/FeatureWorkouts @ local
  GoogleDataTransport: https://github.com/google/GoogleDataTransport.git @ 10.1.0
  leveldb: https://github.com/firebase/leveldb.git @ 1.22.5
  gRPC: https://github.com/google/grpc-binary.git @ 1.69.1
  InteropForGoogle: https://github.com/google/interop-ios-for-google-sdks.git @ 101.0.0
  GTMSessionFetcher: https://github.com/google/gtm-session-fetcher.git @ 5.2.0
  CoreCommon: /Users/george.sigalas/AndroidStudioProjects/scribblefit/apps/ios/ScribbleFit/LocalPackages/Core/CoreCommon @ local
  AppCheck: https://github.com/google/app-check.git @ 11.2.0
  CoreModel: /Users/george.sigalas/AndroidStudioProjects/scribblefit/apps/ios/ScribbleFit/LocalPackages/Core/CoreModel @ local
  FeatureConfig: /Users/george.sigalas/AndroidStudioProjects/scribblefit/apps/ios/ScribbleFit/LocalPackages/Features/FeatureConfig @ local
  nanopb: https://github.com/firebase/nanopb.git @ 2.30910.0
  GoogleAdsOnDeviceConversion: https://github.com/googleads/google-ads-on-device-conversion-ios-sdk @ 3.5.0
  GoogleAppMeasurement: https://github.com/google/GoogleAppMeasurement.git @ 12.12.1
  FeatureCanvas: /Users/george.sigalas/AndroidStudioProjects/scribblefit/apps/ios/ScribbleFit/LocalPackages/Features/FeatureCanvas @ local
  ScribbleFit: /Users/george.sigalas/AndroidStudioProjects/scribblefit/apps/ios/ScribbleFit @ local
  FeatureInsights: /Users/george.sigalas/AndroidStudioProjects/scribblefit/apps/ios/ScribbleFit/LocalPackages/Features/FeatureInsights @ local
  FeatureLedger: /Users/george.sigalas/AndroidStudioProjects/scribblefit/apps/ios/ScribbleFit/LocalPackages/Features/FeatureLedger @ local
  CoreFirebase: /Users/george.sigalas/AndroidStudioProjects/scribblefit/apps/ios/ScribbleFit/LocalPackages/Core/CoreFirebase @ local
  FeatureAI: /Users/george.sigalas/AndroidStudioProjects/scribblefit/apps/ios/ScribbleFit/LocalPackages/Features/FeatureAI @ local
  Firebase: https://github.com/firebase/firebase-ios-sdk.git @ 12.12.1
  FeatureSets: /Users/george.sigalas/AndroidStudioProjects/scribblefit/apps/ios/ScribbleFit/LocalPackages/Features/FeatureSets @ local
  abseil: https://github.com/google/abseil-cpp-binary.git @ 1.2024072200.0
  FeatureSettings: /Users/george.sigalas/AndroidStudioProjects/scribblefit/apps/ios/ScribbleFit/LocalPackages/Features/FeatureSettings @ local
  FeatureScribble: /Users/george.sigalas/AndroidStudioProjects/scribblefit/apps/ios/ScribbleFit/LocalPackages/Features/FeatureScribble @ local
  CoreDatabase: /Users/george.sigalas/AndroidStudioProjects/scribblefit/apps/ios/ScribbleFit/LocalPackages/Core/CoreDatabase @ local
  GoogleUtilities: https://github.com/google/GoogleUtilities.git @ 8.1.0
  CoreDesignSystem: /Users/george.sigalas/AndroidStudioProjects/scribblefit/apps/ios/ScribbleFit/LocalPackages/Core/CoreDesignSystem @ local
  Promises: https://github.com/google/promises.git @ 2.4.0

ComputePackagePrebuildTargetDependencyGraph

Prepare packages

CreateBuildRequest

SendProjectDescription

CreateBuildOperation

ComputeTargetDependencyGraph
note: Building targets in dependency order
note: Target dependency graph (81 targets)
    Target 'ScribbleFit' in project 'ScribbleFit'
        ➜ Explicit dependency on target 'ScribbleFit' in project 'ScribbleFit'
    Target 'ScribbleFit' in project 'ScribbleFit'
        ➜ Explicit dependency on target 'ScribbleFitAggregator' in project 'ScribbleFit'
        ➜ Explicit dependency on target 'CoreModel' in project 'CoreModel'
        ➜ Explicit dependency on target 'CoreDatabase' in project 'CoreDatabase'
        ➜ Explicit dependency on target 'CoreDesignSystem' in project 'CoreDesignSystem'
        ➜ Explicit dependency on target 'CoreCommon' in project 'CoreCommon'
        ➜ Explicit dependency on target 'CoreFirebase' in project 'CoreFirebase'
        ➜ Explicit dependency on target 'FeatureAI' in project 'FeatureAI'
        ➜ Explicit dependency on target 'FeatureScribble' in project 'FeatureScribble'
        ➜ Explicit dependency on target 'FeatureWorkouts' in project 'FeatureWorkouts'
        ➜ Explicit dependency on target 'FeatureConfig' in project 'FeatureConfig'
        ➜ Explicit dependency on target 'FeatureCanvas' in project 'FeatureCanvas'
        ➜ Explicit dependency on target 'FeatureSettings' in project 'FeatureSettings'
        ➜ Explicit dependency on target 'FeatureInsights' in project 'FeatureInsights'
        ➜ Explicit dependency on target 'FeatureLedger' in project 'FeatureLedger'
        ➜ Explicit dependency on target 'FeatureSets' in project 'FeatureSets'
    Target 'ScribbleFitAggregator' in project 'ScribbleFit'
        ➜ Explicit dependency on target 'CoreModel' in project 'CoreModel'
        ➜ Explicit dependency on target 'CoreDatabase' in project 'CoreDatabase'
        ➜ Explicit dependency on target 'CoreDesignSystem' in project 'CoreDesignSystem'
        ➜ Explicit dependency on target 'CoreCommon' in project 'CoreCommon'
        ➜ Explicit dependency on target 'CoreFirebase' in project 'CoreFirebase'
        ➜ Explicit dependency on target 'FeatureAI' in project 'FeatureAI'
        ➜ Explicit dependency on target 'FeatureScribble' in project 'FeatureScribble'
        ➜ Explicit dependency on target 'FeatureWorkouts' in project 'FeatureWorkouts'
        ➜ Explicit dependency on target 'FeatureConfig' in project 'FeatureConfig'
        ➜ Explicit dependency on target 'FeatureCanvas' in project 'FeatureCanvas'
        ➜ Explicit dependency on target 'FeatureSettings' in project 'FeatureSettings'
        ➜ Explicit dependency on target 'FeatureInsights' in project 'FeatureInsights'
        ➜ Explicit dependency on target 'FeatureLedger' in project 'FeatureLedger'
        ➜ Explicit dependency on target 'FeatureSets' in project 'FeatureSets'
    Target 'FeatureCanvas' in project 'FeatureCanvas'
        ➜ Explicit dependency on target 'FeatureCanvas' in project 'FeatureCanvas'
        ➜ Explicit dependency on target 'CoreModel' in project 'CoreModel'
        ➜ Explicit dependency on target 'CoreDatabase' in project 'CoreDatabase'
        ➜ Explicit dependency on target 'CoreDesignSystem' in project 'CoreDesignSystem'
        ➜ Explicit dependency on target 'CoreFirebase' in project 'CoreFirebase'
        ➜ Explicit dependency on target 'FeatureScribble' in project 'FeatureScribble'
        ➜ Explicit dependency on target 'FeatureWorkouts' in project 'FeatureWorkouts'
        ➜ Explicit dependency on target 'FeatureAI' in project 'FeatureAI'
        ➜ Explicit dependency on target 'FeatureConfig' in project 'FeatureConfig'
        ➜ Explicit dependency on target 'FeatureSettings' in project 'FeatureSettings'
        ➜ Explicit dependency on target 'FeatureInsights' in project 'FeatureInsights'
        ➜ Explicit dependency on target 'FeatureLedger' in project 'FeatureLedger'
        ➜ Explicit dependency on target 'FeatureSets' in project 'FeatureSets'
    Target 'FeatureCanvas' in project 'FeatureCanvas'
        ➜ Explicit dependency on target 'CoreModel' in project 'CoreModel'
        ➜ Explicit dependency on target 'CoreDatabase' in project 'CoreDatabase'
        ➜ Explicit dependency on target 'CoreDesignSystem' in project 'CoreDesignSystem'
        ➜ Explicit dependency on target 'CoreFirebase' in project 'CoreFirebase'
        ➜ Explicit dependency on target 'FeatureScribble' in project 'FeatureScribble'
        ➜ Explicit dependency on target 'FeatureWorkouts' in project 'FeatureWorkouts'
        ➜ Explicit dependency on target 'FeatureAI' in project 'FeatureAI'
        ➜ Explicit dependency on target 'FeatureConfig' in project 'FeatureConfig'
        ➜ Explicit dependency on target 'FeatureSettings' in project 'FeatureSettings'
        ➜ Explicit dependency on target 'FeatureInsights' in project 'FeatureInsights'
        ➜ Explicit dependency on target 'FeatureLedger' in project 'FeatureLedger'
        ➜ Explicit dependency on target 'FeatureSets' in project 'FeatureSets'
    Target 'FeatureSets' in project 'FeatureSets'
        ➜ Explicit dependency on target 'FeatureSets' in project 'FeatureSets'
        ➜ Explicit dependency on target 'CoreModel' in project 'CoreModel'
    Target 'FeatureSets' in project 'FeatureSets'
        ➜ Explicit dependency on target 'CoreModel' in project 'CoreModel'
    Target 'FeatureLedger' in project 'FeatureLedger'
        ➜ Explicit dependency on target 'FeatureLedger' in project 'FeatureLedger'
        ➜ Explicit dependency on target 'CoreModel' in project 'CoreModel'
        ➜ Explicit dependency on target 'CoreDesignSystem' in project 'CoreDesignSystem'
        ➜ Explicit dependency on target 'FeatureWorkouts' in project 'FeatureWorkouts'
    Target 'FeatureLedger' in project 'FeatureLedger'
        ➜ Explicit dependency on target 'CoreModel' in project 'CoreModel'
        ➜ Explicit dependency on target 'CoreDesignSystem' in project 'CoreDesignSystem'
        ➜ Explicit dependency on target 'FeatureWorkouts' in project 'FeatureWorkouts'
    Target 'FeatureInsights' in project 'FeatureInsights'
        ➜ Explicit dependency on target 'FeatureInsights' in project 'FeatureInsights'
        ➜ Explicit dependency on target 'CoreModel' in project 'CoreModel'
        ➜ Explicit dependency on target 'CoreDesignSystem' in project 'CoreDesignSystem'
        ➜ Explicit dependency on target 'FeatureWorkouts' in project 'FeatureWorkouts'
        ➜ Explicit dependency on target 'FeatureAI' in project 'FeatureAI'
    Target 'FeatureInsights' in project 'FeatureInsights'
        ➜ Explicit dependency on target 'CoreModel' in project 'CoreModel'
        ➜ Explicit dependency on target 'CoreDesignSystem' in project 'CoreDesignSystem'
        ➜ Explicit dependency on target 'FeatureWorkouts' in project 'FeatureWorkouts'
        ➜ Explicit dependency on target 'FeatureAI' in project 'FeatureAI'
    Target 'FeatureSettings' in project 'FeatureSettings'
        ➜ Explicit dependency on target 'FeatureSettings' in project 'FeatureSettings'
        ➜ Explicit dependency on target 'CoreModel' in project 'CoreModel'
        ➜ Explicit dependency on target 'CoreDatabase' in project 'CoreDatabase'
        ➜ Explicit dependency on target 'CoreDesignSystem' in project 'CoreDesignSystem'
        ➜ Explicit dependency on target 'CoreCommon' in project 'CoreCommon'
        ➜ Explicit dependency on target 'FeatureAI' in project 'FeatureAI'
        ➜ Explicit dependency on target 'FeatureConfig' in project 'FeatureConfig'
    Target 'FeatureSettings' in project 'FeatureSettings'
        ➜ Explicit dependency on target 'CoreModel' in project 'CoreModel'
        ➜ Explicit dependency on target 'CoreDatabase' in project 'CoreDatabase'
        ➜ Explicit dependency on target 'CoreDesignSystem' in project 'CoreDesignSystem'
        ➜ Explicit dependency on target 'CoreCommon' in project 'CoreCommon'
        ➜ Explicit dependency on target 'FeatureAI' in project 'FeatureAI'
        ➜ Explicit dependency on target 'FeatureConfig' in project 'FeatureConfig'
    Target 'FeatureConfig' in project 'FeatureConfig'
        ➜ Explicit dependency on target 'FeatureConfig' in project 'FeatureConfig'
        ➜ Explicit dependency on target 'CoreModel' in project 'CoreModel'
    Target 'FeatureConfig' in project 'FeatureConfig'
        ➜ Explicit dependency on target 'CoreModel' in project 'CoreModel'
    Target 'FeatureWorkouts' in project 'FeatureWorkouts'
        ➜ Explicit dependency on target 'FeatureWorkouts' in project 'FeatureWorkouts'
        ➜ Explicit dependency on target 'CoreModel' in project 'CoreModel'
        ➜ Explicit dependency on target 'CoreDatabase' in project 'CoreDatabase'
    Target 'FeatureWorkouts' in project 'FeatureWorkouts'
        ➜ Explicit dependency on target 'CoreModel' in project 'CoreModel'
        ➜ Explicit dependency on target 'CoreDatabase' in project 'CoreDatabase'
    Target 'FeatureScribble' in project 'FeatureScribble'
        ➜ Explicit dependency on target 'FeatureScribble' in project 'FeatureScribble'
        ➜ Explicit dependency on target 'CoreModel' in project 'CoreModel'
        ➜ Explicit dependency on target 'CoreDatabase' in project 'CoreDatabase'
        ➜ Explicit dependency on target 'FeatureAI' in project 'FeatureAI'
    Target 'FeatureScribble' in project 'FeatureScribble'
        ➜ Explicit dependency on target 'CoreModel' in project 'CoreModel'
        ➜ Explicit dependency on target 'CoreDatabase' in project 'CoreDatabase'
        ➜ Explicit dependency on target 'FeatureAI' in project 'FeatureAI'
    Target 'FeatureAI' in project 'FeatureAI'
        ➜ Explicit dependency on target 'FeatureAI' in project 'FeatureAI'
        ➜ Explicit dependency on target 'CoreModel' in project 'CoreModel'
        ➜ Explicit dependency on target 'CoreCommon' in project 'CoreCommon'
        ➜ Explicit dependency on target 'CoreFirebase' in project 'CoreFirebase'
    Target 'FeatureAI' in project 'FeatureAI'
        ➜ Explicit dependency on target 'CoreModel' in project 'CoreModel'
        ➜ Explicit dependency on target 'CoreCommon' in project 'CoreCommon'
        ➜ Explicit dependency on target 'CoreFirebase' in project 'CoreFirebase'
    Target 'CoreFirebase' in project 'CoreFirebase'
        ➜ Explicit dependency on target 'CoreFirebase' in project 'CoreFirebase'
        ➜ Explicit dependency on target 'FirebaseCore' in project 'Firebase'
        ➜ Explicit dependency on target 'FirebaseAppCheck' in project 'Firebase'
        ➜ Explicit dependency on target 'FirebaseAuth' in project 'Firebase'
        ➜ Explicit dependency on target 'FirebaseAI' in project 'Firebase'
    Target 'CoreFirebase' in project 'CoreFirebase'
        ➜ Explicit dependency on target 'FirebaseCore' in project 'Firebase'
        ➜ Explicit dependency on target 'FirebaseAppCheck' in project 'Firebase'
        ➜ Explicit dependency on target 'FirebaseAuth' in project 'Firebase'
        ➜ Explicit dependency on target 'FirebaseAI' in project 'Firebase'
    Target 'FirebaseAI' in project 'Firebase'
        ➜ Explicit dependency on target 'FirebaseAI' in project 'Firebase'
        ➜ Explicit dependency on target 'FirebaseAILogic' in project 'Firebase'
        ➜ Explicit dependency on target 'FirebaseAppCheckInterop' in project 'Firebase'
        ➜ Explicit dependency on target 'FirebaseAuthInterop' in project 'Firebase'
        ➜ Explicit dependency on target 'Firebase' in project 'Firebase'
        ➜ Explicit dependency on target 'FirebaseCoreInternal' in project 'Firebase'
        ➜ Explicit dependency on target 'FirebaseCore' in project 'Firebase'
        ➜ Explicit dependency on target 'FirebaseCoreExtension' in project 'Firebase'
        ➜ Explicit dependency on target 'GULNSData' in project 'GoogleUtilities'
        ➜ Explicit dependency on target 'GULEnvironment' in project 'GoogleUtilities'
        ➜ Explicit dependency on target 'GULLogger' in project 'GoogleUtilities'
    Target 'FirebaseAI' in project 'Firebase'
        ➜ Explicit dependency on target 'FirebaseAppCheckInterop' in project 'Firebase'
        ➜ Explicit dependency on target 'FirebaseAuthInterop' in project 'Firebase'
        ➜ Explicit dependency on target 'Firebase' in project 'Firebase'
        ➜ Explicit dependency on target 'FirebaseCoreInternal' in project 'Firebase'
        ➜ Explicit dependency on target 'FirebaseCore' in project 'Firebase'
        ➜ Explicit dependency on target 'FirebaseCoreExtension' in project 'Firebase'
        ➜ Explicit dependency on target 'FirebaseAILogic' in project 'Firebase'
        ➜ Explicit dependency on target 'GULNSData' in project 'GoogleUtilities'
        ➜ Explicit dependency on target 'GULEnvironment' in project 'GoogleUtilities'
        ➜ Explicit dependency on target 'GULLogger' in project 'GoogleUtilities'
    Target 'FirebaseAILogic' in project 'Firebase'
        ➜ Explicit dependency on target 'FirebaseAppCheckInterop' in project 'Firebase'
        ➜ Explicit dependency on target 'FirebaseAuthInterop' in project 'Firebase'
        ➜ Explicit dependency on target 'Firebase' in project 'Firebase'
        ➜ Explicit dependency on target 'FirebaseCoreInternal' in project 'Firebase'
        ➜ Explicit dependency on target 'FirebaseCore' in project 'Firebase'
        ➜ Explicit dependency on target 'FirebaseCoreExtension' in project 'Firebase'
        ➜ Explicit dependency on target 'GULNSData' in project 'GoogleUtilities'
        ➜ Explicit dependency on target 'GULEnvironment' in project 'GoogleUtilities'
        ➜ Explicit dependency on target 'GULLogger' in project 'GoogleUtilities'
    Target 'FirebaseAuth' in project 'Firebase'
        ➜ Explicit dependency on target 'FirebaseAuth' in project 'Firebase'
        ➜ Explicit dependency on target 'Firebase_FirebaseAuth' in project 'Firebase'
        ➜ Explicit dependency on target 'FirebaseAppCheckInterop' in project 'Firebase'
        ➜ Explicit dependency on target 'FirebaseAuthInterop' in project 'Firebase'
        ➜ Explicit dependency on target 'FirebaseAuthInternal' in project 'Firebase'
        ➜ Explicit dependency on target 'Firebase' in project 'Firebase'
        ➜ Explicit dependency on target 'FirebaseCoreInternal' in project 'Firebase'
        ➜ Explicit dependency on target 'FirebaseCore' in project 'Firebase'
        ➜ Explicit dependency on target 'FirebaseCoreExtension' in project 'Firebase'
        ➜ Explicit dependency on target 'RecaptchaInterop' in project 'InteropForGoogle'
        ➜ Explicit dependency on target 'GULNSData' in project 'GoogleUtilities'
        ➜ Explicit dependency on target 'GULEnvironment' in project 'GoogleUtilities'
        ➜ Explicit dependency on target 'GULLogger' in project 'GoogleUtilities'
        ➜ Explicit dependency on target 'GULAppDelegateSwizzler' in project 'GoogleUtilities'
        ➜ Explicit dependency on target 'GTMSessionFetcherCore' in project 'GTMSessionFetcher'
    Target 'FirebaseAuth' in project 'Firebase'
        ➜ Explicit dependency on target 'Firebase_FirebaseAuth' in project 'Firebase'
        ➜ Explicit dependency on target 'FirebaseAppCheckInterop' in project 'Firebase'
        ➜ Explicit dependency on target 'FirebaseAuthInterop' in project 'Firebase'
        ➜ Explicit dependency on target 'FirebaseAuthInternal' in project 'Firebase'
        ➜ Explicit dependency on target 'Firebase' in project 'Firebase'
        ➜ Explicit dependency on target 'FirebaseCoreInternal' in project 'Firebase'
        ➜ Explicit dependency on target 'FirebaseCore' in project 'Firebase'
        ➜ Explicit dependency on target 'FirebaseCoreExtension' in project 'Firebase'
        ➜ Explicit dependency on target 'RecaptchaInterop' in project 'InteropForGoogle'
        ➜ Explicit dependency on target 'GULNSData' in project 'GoogleUtilities'
        ➜ Explicit dependency on target 'GULEnvironment' in project 'GoogleUtilities'
        ➜ Explicit dependency on target 'GULLogger' in project 'GoogleUtilities'
        ➜ Explicit dependency on target 'GULAppDelegateSwizzler' in project 'GoogleUtilities'
        ➜ Explicit dependency on target 'GTMSessionFetcherCore' in project 'GTMSessionFetcher'
    Target 'GTMSessionFetcherCore' in project 'GTMSessionFetcher'
        ➜ Explicit dependency on target 'GTMSessionFetcherCore' in project 'GTMSessionFetcher'
        ➜ Explicit dependency on target 'GTMSessionFetcher_GTMSessionFetcherCore' in project 'GTMSessionFetcher'
    Target 'GTMSessionFetcherCore' in project 'GTMSessionFetcher'
        ➜ Explicit dependency on target 'GTMSessionFetcher_GTMSessionFetcherCore' in project 'GTMSessionFetcher'
    Target 'GTMSessionFetcher_GTMSessionFetcherCore' in project 'GTMSessionFetcher' (no dependencies)
    Target 'GULAppDelegateSwizzler' in project 'GoogleUtilities'
        ➜ Explicit dependency on target 'GoogleUtilities-AppDelegateSwizzler' in project 'GoogleUtilities'
        ➜ Explicit dependency on target 'GoogleUtilities_GoogleUtilities-AppDelegateSwizzler' in project 'GoogleUtilities'
        ➜ Explicit dependency on target 'third-party-IsAppEncrypted' in project 'GoogleUtilities'
        ➜ Explicit dependency on target 'GoogleUtilities-Environment' in project 'GoogleUtilities'
        ➜ Explicit dependency on target 'GoogleUtilities-Logger' in project 'GoogleUtilities'
        ➜ Explicit dependency on target 'GoogleUtilities-NSData' in project 'GoogleUtilities'
        ➜ Explicit dependency on target 'GoogleUtilities-Reachability' in project 'GoogleUtilities'
        ➜ Explicit dependency on target 'GoogleUtilities-Network' in project 'GoogleUtilities'
    Target 'GoogleUtilities-AppDelegateSwizzler' in project 'GoogleUtilities'
        ➜ Explicit dependency on target 'GoogleUtilities_GoogleUtilities-AppDelegateSwizzler' in project 'GoogleUtilities'
        ➜ Explicit dependency on target 'third-party-IsAppEncrypted' in project 'GoogleUtilities'
        ➜ Explicit dependency on target 'GoogleUtilities-Environment' in project 'GoogleUtilities'
        ➜ Explicit dependency on target 'GoogleUtilities-Logger' in project 'GoogleUtilities'
        ➜ Explicit dependency on target 'GoogleUtilities-NSData' in project 'GoogleUtilities'
        ➜ Explicit dependency on target 'GoogleUtilities-Reachability' in project 'GoogleUtilities'
        ➜ Explicit dependency on target 'GoogleUtilities-Network' in project 'GoogleUtilities'
    Target 'GoogleUtilities-Network' in project 'GoogleUtilities'
        ➜ Explicit dependency on target 'GoogleUtilities_GoogleUtilities-Network' in project 'GoogleUtilities'
        ➜ Explicit dependency on target 'third-party-IsAppEncrypted' in project 'GoogleUtilities'
        ➜ Explicit dependency on target 'GoogleUtilities-Environment' in project 'GoogleUtilities'
        ➜ Explicit dependency on target 'GoogleUtilities-Logger' in project 'GoogleUtilities'
        ➜ Explicit dependency on target 'GoogleUtilities-NSData' in project 'GoogleUtilities'
        ➜ Explicit dependency on target 'GoogleUtilities-Reachability' in project 'GoogleUtilities'
    Target 'GoogleUtilities_GoogleUtilities-Network' in project 'GoogleUtilities' (no dependencies)
    Target 'GoogleUtilities-Reachability' in project 'GoogleUtilities'
        ➜ Explicit dependency on target 'GoogleUtilities_GoogleUtilities-Reachability' in project 'GoogleUtilities'
        ➜ Explicit dependency on target 'third-party-IsAppEncrypted' in project 'GoogleUtilities'
        ➜ Explicit dependency on target 'GoogleUtilities-Environment' in project 'GoogleUtilities'
        ➜ Explicit dependency on target 'GoogleUtilities-Logger' in project 'GoogleUtilities'
    Target 'GoogleUtilities_GoogleUtilities-Reachability' in project 'GoogleUtilities' (no dependencies)
    Target 'GoogleUtilities_GoogleUtilities-AppDelegateSwizzler' in project 'GoogleUtilities' (no dependencies)
    Target 'FirebaseCoreExtension' in project 'Firebase'
        ➜ Explicit dependency on target 'Firebase_FirebaseCoreExtension' in project 'Firebase'
    Target 'Firebase_FirebaseCoreExtension' in project 'Firebase' (no dependencies)
    Target 'FirebaseAuthInternal' in project 'Firebase'
        ➜ Explicit dependency on target 'RecaptchaInterop' in project 'InteropForGoogle'
    Target 'RecaptchaInterop' in project 'InteropForGoogle'
        ➜ Explicit dependency on target 'RecaptchaInterop' in project 'InteropForGoogle'
    Target 'RecaptchaInterop' in project 'InteropForGoogle' (no dependencies)
    Target 'FirebaseAuthInterop' in project 'Firebase' (no dependencies)
    Target 'Firebase_FirebaseAuth' in project 'Firebase' (no dependencies)
    Target 'FirebaseAppCheck' in project 'Firebase'
        ➜ Explicit dependency on target 'FirebaseAppCheck' in project 'Firebase'
        ➜ Explicit dependency on target 'FirebaseAppCheckInterop' in project 'Firebase'
        ➜ Explicit dependency on target 'Firebase' in project 'Firebase'
        ➜ Explicit dependency on target 'FirebaseCoreInternal' in project 'Firebase'
        ➜ Explicit dependency on target 'FirebaseCore' in project 'Firebase'
        ➜ Explicit dependency on target 'GULNSData' in project 'GoogleUtilities'
        ➜ Explicit dependency on target 'GULEnvironment' in project 'GoogleUtilities'
        ➜ Explicit dependency on target 'GULLogger' in project 'GoogleUtilities'
        ➜ Explicit dependency on target 'AppCheckCore' in project 'AppCheck'
        ➜ Explicit dependency on target 'GULUserDefaults' in project 'GoogleUtilities'
    Target 'FirebaseAppCheck' in project 'Firebase'
        ➜ Explicit dependency on target 'FirebaseAppCheckInterop' in project 'Firebase'
        ➜ Explicit dependency on target 'Firebase' in project 'Firebase'
        ➜ Explicit dependency on target 'FirebaseCoreInternal' in project 'Firebase'
        ➜ Explicit dependency on target 'FirebaseCore' in project 'Firebase'
        ➜ Explicit dependency on target 'GULNSData' in project 'GoogleUtilities'
        ➜ Explicit dependency on target 'GULEnvironment' in project 'GoogleUtilities'
        ➜ Explicit dependency on target 'GULLogger' in project 'GoogleUtilities'
        ➜ Explicit dependency on target 'AppCheckCore' in project 'AppCheck'
        ➜ Explicit dependency on target 'GULUserDefaults' in project 'GoogleUtilities'
    Target 'AppCheckCore' in project 'AppCheck'
        ➜ Explicit dependency on target 'AppCheckCore' in project 'AppCheck'
        ➜ Explicit dependency on target 'FBLPromises' in project 'Promises'
        ➜ Explicit dependency on target 'GULEnvironment' in project 'GoogleUtilities'
        ➜ Explicit dependency on target 'GULUserDefaults' in project 'GoogleUtilities'
    Target 'AppCheckCore' in project 'AppCheck'
        ➜ Explicit dependency on target 'FBLPromises' in project 'Promises'
        ➜ Explicit dependency on target 'GULEnvironment' in project 'GoogleUtilities'
        ➜ Explicit dependency on target 'GULUserDefaults' in project 'GoogleUtilities'
    Target 'GULUserDefaults' in project 'GoogleUtilities'
        ➜ Explicit dependency on target 'GoogleUtilities-UserDefaults' in project 'GoogleUtilities'
        ➜ Explicit dependency on target 'GoogleUtilities_GoogleUtilities-UserDefaults' in project 'GoogleUtilities'
        ➜ Explicit dependency on target 'third-party-IsAppEncrypted' in project 'GoogleUtilities'
        ➜ Explicit dependency on target 'GoogleUtilities-Environment' in project 'GoogleUtilities'
        ➜ Explicit dependency on target 'GoogleUtilities-Logger' in project 'GoogleUtilities'
    Target 'GoogleUtilities-UserDefaults' in project 'GoogleUtilities'
        ➜ Explicit dependency on target 'GoogleUtilities_GoogleUtilities-UserDefaults' in project 'GoogleUtilities'
        ➜ Explicit dependency on target 'third-party-IsAppEncrypted' in project 'GoogleUtilities'
        ➜ Explicit dependency on target 'GoogleUtilities-Environment' in project 'GoogleUtilities'
        ➜ Explicit dependency on target 'GoogleUtilities-Logger' in project 'GoogleUtilities'
    Target 'GoogleUtilities_GoogleUtilities-UserDefaults' in project 'GoogleUtilities' (no dependencies)
    Target 'FBLPromises' in project 'Promises'
        ➜ Explicit dependency on target 'FBLPromises' in project 'Promises'
        ➜ Explicit dependency on target 'Promises_FBLPromises' in project 'Promises'
    Target 'FBLPromises' in project 'Promises'
        ➜ Explicit dependency on target 'Promises_FBLPromises' in project 'Promises'
    Target 'Promises_FBLPromises' in project 'Promises' (no dependencies)
    Target 'FirebaseAppCheckInterop' in project 'Firebase' (no dependencies)
    Target 'FirebaseCore' in project 'Firebase'
        ➜ Explicit dependency on target 'FirebaseCore' in project 'Firebase'
        ➜ Explicit dependency on target 'Firebase_FirebaseCore' in project 'Firebase'
        ➜ Explicit dependency on target 'Firebase' in project 'Firebase'
        ➜ Explicit dependency on target 'FirebaseCoreInternal' in project 'Firebase'
        ➜ Explicit dependency on target 'GULNSData' in project 'GoogleUtilities'
        ➜ Explicit dependency on target 'GULEnvironment' in project 'GoogleUtilities'
        ➜ Explicit dependency on target 'GULLogger' in project 'GoogleUtilities'
    Target 'FirebaseCore' in project 'Firebase'
        ➜ Explicit dependency on target 'Firebase_FirebaseCore' in project 'Firebase'
        ➜ Explicit dependency on target 'Firebase' in project 'Firebase'
        ➜ Explicit dependency on target 'FirebaseCoreInternal' in project 'Firebase'
        ➜ Explicit dependency on target 'GULNSData' in project 'GoogleUtilities'
        ➜ Explicit dependency on target 'GULEnvironment' in project 'GoogleUtilities'
        ➜ Explicit dependency on target 'GULLogger' in project 'GoogleUtilities'
    Target 'GULLogger' in project 'GoogleUtilities'
        ➜ Explicit dependency on target 'GoogleUtilities-Logger' in project 'GoogleUtilities'
        ➜ Explicit dependency on target 'GoogleUtilities_GoogleUtilities-Logger' in project 'GoogleUtilities'
        ➜ Explicit dependency on target 'third-party-IsAppEncrypted' in project 'GoogleUtilities'
        ➜ Explicit dependency on target 'GoogleUtilities-Environment' in project 'GoogleUtilities'
    Target 'GoogleUtilities-Logger' in project 'GoogleUtilities'
        ➜ Explicit dependency on target 'GoogleUtilities_GoogleUtilities-Logger' in project 'GoogleUtilities'
        ➜ Explicit dependency on target 'third-party-IsAppEncrypted' in project 'GoogleUtilities'
        ➜ Explicit dependency on target 'GoogleUtilities-Environment' in project 'GoogleUtilities'
    Target 'GoogleUtilities_GoogleUtilities-Logger' in project 'GoogleUtilities' (no dependencies)
    Target 'GULEnvironment' in project 'GoogleUtilities'
        ➜ Explicit dependency on target 'GoogleUtilities-Environment' in project 'GoogleUtilities'
        ➜ Explicit dependency on target 'GoogleUtilities_GoogleUtilities-Environment' in project 'GoogleUtilities'
        ➜ Explicit dependency on target 'third-party-IsAppEncrypted' in project 'GoogleUtilities'
    Target 'GoogleUtilities-Environment' in project 'GoogleUtilities'
        ➜ Explicit dependency on target 'GoogleUtilities_GoogleUtilities-Environment' in project 'GoogleUtilities'
        ➜ Explicit dependency on target 'third-party-IsAppEncrypted' in project 'GoogleUtilities'
    Target 'third-party-IsAppEncrypted' in project 'GoogleUtilities' (no dependencies)
    Target 'GoogleUtilities_GoogleUtilities-Environment' in project 'GoogleUtilities' (no dependencies)
    Target 'FirebaseCoreInternal' in project 'Firebase'
        ➜ Explicit dependency on target 'Firebase_FirebaseCoreInternal' in project 'Firebase'
        ➜ Explicit dependency on target 'GULNSData' in project 'GoogleUtilities'
    Target 'GULNSData' in project 'GoogleUtilities'
        ➜ Explicit dependency on target 'GoogleUtilities-NSData' in project 'GoogleUtilities'
        ➜ Explicit dependency on target 'GoogleUtilities_GoogleUtilities-NSData' in project 'GoogleUtilities'
    Target 'GoogleUtilities-NSData' in project 'GoogleUtilities'
        ➜ Explicit dependency on target 'GoogleUtilities_GoogleUtilities-NSData' in project 'GoogleUtilities'
    Target 'GoogleUtilities_GoogleUtilities-NSData' in project 'GoogleUtilities' (no dependencies)
    Target 'Firebase_FirebaseCoreInternal' in project 'Firebase' (no dependencies)
    Target 'Firebase' in project 'Firebase' (no dependencies)
    Target 'Firebase_FirebaseCore' in project 'Firebase' (no dependencies)
    Target 'CoreCommon' in project 'CoreCommon'
        ➜ Explicit dependency on target 'CoreCommon' in project 'CoreCommon'
    Target 'CoreCommon' in project 'CoreCommon' (no dependencies)
    Target 'CoreDesignSystem' in project 'CoreDesignSystem'
        ➜ Explicit dependency on target 'CoreDesignSystem' in project 'CoreDesignSystem'
        ➜ Explicit dependency on target 'CoreDesignSystem_CoreDesignSystem' in project 'CoreDesignSystem'
        ➜ Explicit dependency on target 'CoreModel' in project 'CoreModel'
    Target 'CoreDesignSystem' in project 'CoreDesignSystem'
        ➜ Explicit dependency on target 'CoreDesignSystem_CoreDesignSystem' in project 'CoreDesignSystem'
        ➜ Explicit dependency on target 'CoreModel' in project 'CoreModel'
    Target 'CoreDesignSystem_CoreDesignSystem' in project 'CoreDesignSystem' (no dependencies)
    Target 'CoreDatabase' in project 'CoreDatabase'
        ➜ Explicit dependency on target 'CoreDatabase' in project 'CoreDatabase'
        ➜ Explicit dependency on target 'CoreModel' in project 'CoreModel'
    Target 'CoreDatabase' in project 'CoreDatabase'
        ➜ Explicit dependency on target 'CoreModel' in project 'CoreModel'
    Target 'CoreModel' in project 'CoreModel'
        ➜ Explicit dependency on target 'CoreModel' in project 'CoreModel'
    Target 'CoreModel' in project 'CoreModel' (no dependencies)

GatherProvisioningInputs

CreateBuildDescription

ExecuteExternalTool /Applications/Xcode.app/Contents/Developer/Toolchains/XcodeDefault.xctoolchain/usr/bin/swiftc --version

ExecuteExternalTool /Applications/Xcode.app/Contents/Developer/usr/bin/actool --version --output-format xml1

ExecuteExternalTool /Applications/Xcode.app/Contents/Developer/Toolchains/XcodeDefault.xctoolchain/usr/bin/clang -v -E -dM -arch arm64 -isysroot /Applications/Xcode.app/Contents/Developer/Platforms/iPhoneOS.platform/Developer/SDKs/iPhoneOS26.4.sdk -x objective-c -c /dev/null

ExecuteExternalTool /Applications/Xcode.app/Contents/Developer/Toolchains/XcodeDefault.xctoolchain/usr/bin/clang -v -E -dM -isysroot /Applications/Xcode.app/Contents/Developer/Platforms/iPhoneOS.platform/Developer/SDKs/iPhoneOS26.4.sdk -x c -c /dev/null

ExecuteExternalTool /Applications/Xcode.app/Contents/Developer/Toolchains/XcodeDefault.xctoolchain/usr/bin/clang -v -E -dM -arch arm64 -isysroot /Applications/Xcode.app/Contents/Developer/Platforms/iPhoneOS.platform/Developer/SDKs/iPhoneOS26.4.sdk -x c -c /dev/null

ExecuteExternalTool /Applications/Xcode.app/Contents/Developer/Toolchains/XcodeDefault.xctoolchain/usr/bin/ld -version_details

Build description signature: 977e43c3d9a7cf03a7f5952dacd0b816
Build description path: /Users/george.sigalas/Library/Developer/Xcode/DerivedData/ScribbleFit-fdogjjubbltqcsctzflnsjbdahon/Build/Intermediates.noindex/XCBuildData/977e43c3d9a7cf03a7f5952dacd0b816.xcbuilddata
ClangStatCache /Applications/Xcode.app/Contents/Developer/Toolchains/XcodeDefault.xctoolchain/usr/bin/clang-stat-cache /Applications/Xcode.app/Contents/Developer/Platforms/iPhoneOS.platform/Developer/SDKs/iPhoneOS26.4.sdk /Users/george.sigalas/Library/Developer/Xcode/DerivedData/SDKStatCaches.noindex/iphoneos26.4-23E252-68a138bb55de9ba35ce6c8c40d12849e.sdkstatcache
    cd /Users/george.sigalas/AndroidStudioProjects/scribblefit/apps/ios/ScribbleFit/ScribbleFit.xcodeproj
    /Applications/Xcode.app/Contents/Developer/Toolchains/XcodeDefault.xctoolchain/usr/bin/clang-stat-cache /Applications/Xcode.app/Contents/Developer/Platforms/iPhoneOS.platform/Developer/SDKs/iPhoneOS26.4.sdk -o /Users/george.sigalas/Library/Developer/Xcode/DerivedData/SDKStatCaches.noindex/iphoneos26.4-23E252-68a138bb55de9ba35ce6c8c40d12849e.sdkstatcache

ProcessInfoPlistFile /Users/george.sigalas/Library/Developer/Xcode/DerivedData/ScribbleFit-fdogjjubbltqcsctzflnsjbdahon/Build/Products/Debug-iphoneos/Promises_FBLPromises.bundle/Info.plist /Users/george.sigalas/Library/Developer/Xcode/DerivedData/ScribbleFit-fdogjjubbltqcsctzflnsjbdahon/Build/Intermediates.noindex/Promises.build/Debug-iphoneos/Promises_FBLPromises.build/empty-Promises_FBLPromises.plist (in target 'Promises_FBLPromises' from project 'Promises')
    cd /Users/george.sigalas/Library/Developer/Xcode/DerivedData/ScribbleFit-fdogjjubbltqcsctzflnsjbdahon/SourcePackages/checkouts/promises
    builtin-infoPlistUtility /Users/george.sigalas/Library/Developer/Xcode/DerivedData/ScribbleFit-fdogjjubbltqcsctzflnsjbdahon/Build/Intermediates.noindex/Promises.build/Debug-iphoneos/Promises_FBLPromises.build/empty-Promises_FBLPromises.plist -producttype com.apple.product-type.bundle -expandbuildsettings -format binary -platform iphoneos -requiredArchitecture arm64 -o /Users/george.sigalas/Library/Developer/Xcode/DerivedData/ScribbleFit-fdogjjubbltqcsctzflnsjbdahon/Build/Products/Debug-iphoneos/Promises_FBLPromises.bundle/Info.plist

ProcessInfoPlistFile /Users/george.sigalas/Library/Developer/Xcode/DerivedData/ScribbleFit-fdogjjubbltqcsctzflnsjbdahon/Build/Products/Debug-iphoneos/GoogleUtilities_GoogleUtilities-UserDefaults.bundle/Info.plist /Users/george.sigalas/Library/Developer/Xcode/DerivedData/ScribbleFit-fdogjjubbltqcsctzflnsjbdahon/Build/Intermediates.noindex/GoogleUtilities.build/Debug-iphoneos/GoogleUtilities_GoogleUtilities-UserDefaults.build/empty-GoogleUtilities_GoogleUtilities-UserDefaults.plist (in target 'GoogleUtilities_GoogleUtilities-UserDefaults' from project 'GoogleUtilities')
    cd /Users/george.sigalas/Library/Developer/Xcode/DerivedData/ScribbleFit-fdogjjubbltqcsctzflnsjbdahon/SourcePackages/checkouts/GoogleUtilities
    builtin-infoPlistUtility /Users/george.sigalas/Library/Developer/Xcode/DerivedData/ScribbleFit-fdogjjubbltqcsctzflnsjbdahon/Build/Intermediates.noindex/GoogleUtilities.build/Debug-iphoneos/GoogleUtilities_GoogleUtilities-UserDefaults.build/empty-GoogleUtilities_GoogleUtilities-UserDefaults.plist -producttype com.apple.product-type.bundle -expandbuildsettings -format binary -platform iphoneos -requiredArchitecture arm64 -o /Users/george.sigalas/Library/Developer/Xcode/DerivedData/ScribbleFit-fdogjjubbltqcsctzflnsjbdahon/Build/Products/Debug-iphoneos/GoogleUtilities_GoogleUtilities-UserDefaults.bundle/Info.plist

ProcessInfoPlistFile /Users/george.sigalas/Library/Developer/Xcode/DerivedData/ScribbleFit-fdogjjubbltqcsctzflnsjbdahon/Build/Products/Debug-iphoneos/GoogleUtilities_GoogleUtilities-Logger.bundle/Info.plist /Users/george.sigalas/Library/Developer/Xcode/DerivedData/ScribbleFit-fdogjjubbltqcsctzflnsjbdahon/Build/Intermediates.noindex/GoogleUtilities.build/Debug-iphoneos/GoogleUtilities_GoogleUtilities-Logger.build/empty-GoogleUtilities_GoogleUtilities-Logger.plist (in target 'GoogleUtilities_GoogleUtilities-Logger' from project 'GoogleUtilities')
    cd /Users/george.sigalas/Library/Developer/Xcode/DerivedData/ScribbleFit-fdogjjubbltqcsctzflnsjbdahon/SourcePackages/checkouts/GoogleUtilities
    builtin-infoPlistUtility /Users/george.sigalas/Library/Developer/Xcode/DerivedData/ScribbleFit-fdogjjubbltqcsctzflnsjbdahon/Build/Intermediates.noindex/GoogleUtilities.build/Debug-iphoneos/GoogleUtilities_GoogleUtilities-Logger.build/empty-GoogleUtilities_GoogleUtilities-Logger.plist -producttype com.apple.product-type.bundle -expandbuildsettings -format binary -platform iphoneos -requiredArchitecture arm64 -o /Users/george.sigalas/Library/Developer/Xcode/DerivedData/ScribbleFit-fdogjjubbltqcsctzflnsjbdahon/Build/Products/Debug-iphoneos/GoogleUtilities_GoogleUtilities-Logger.bundle/Info.plist

ProcessInfoPlistFile /Users/george.sigalas/Library/Developer/Xcode/DerivedData/ScribbleFit-fdogjjubbltqcsctzflnsjbdahon/Build/Products/Debug-iphoneos/GoogleUtilities_GoogleUtilities-NSData.bundle/Info.plist /Users/george.sigalas/Library/Developer/Xcode/DerivedData/ScribbleFit-fdogjjubbltqcsctzflnsjbdahon/Build/Intermediates.noindex/GoogleUtilities.build/Debug-iphoneos/GoogleUtilities_GoogleUtilities-NSData.build/empty-GoogleUtilities_GoogleUtilities-NSData.plist (in target 'GoogleUtilities_GoogleUtilities-NSData' from project 'GoogleUtilities')
    cd /Users/george.sigalas/Library/Developer/Xcode/DerivedData/ScribbleFit-fdogjjubbltqcsctzflnsjbdahon/SourcePackages/checkouts/GoogleUtilities
    builtin-infoPlistUtility /Users/george.sigalas/Library/Developer/Xcode/DerivedData/ScribbleFit-fdogjjubbltqcsctzflnsjbdahon/Build/Intermediates.noindex/GoogleUtilities.build/Debug-iphoneos/GoogleUtilities_GoogleUtilities-NSData.build/empty-GoogleUtilities_GoogleUtilities-NSData.plist -producttype com.apple.product-type.bundle -expandbuildsettings -format binary -platform iphoneos -requiredArchitecture arm64 -o /Users/george.sigalas/Library/Developer/Xcode/DerivedData/ScribbleFit-fdogjjubbltqcsctzflnsjbdahon/Build/Products/Debug-iphoneos/GoogleUtilities_GoogleUtilities-NSData.bundle/Info.plist

ProcessInfoPlistFile /Users/george.sigalas/Library/Developer/Xcode/DerivedData/ScribbleFit-fdogjjubbltqcsctzflnsjbdahon/Build/Products/Debug-iphoneos/GoogleUtilities_GoogleUtilities-Environment.bundle/Info.plist /Users/george.sigalas/Library/Developer/Xcode/DerivedData/ScribbleFit-fdogjjubbltqcsctzflnsjbdahon/Build/Intermediates.noindex/GoogleUtilities.build/Debug-iphoneos/GoogleUtilities_GoogleUtilities-Environment.build/empty-GoogleUtilities_GoogleUtilities-Environment.plist (in target 'GoogleUtilities_GoogleUtilities-Environment' from project 'GoogleUtilities')
    cd /Users/george.sigalas/Library/Developer/Xcode/DerivedData/ScribbleFit-fdogjjubbltqcsctzflnsjbdahon/SourcePackages/checkouts/GoogleUtilities
    builtin-infoPlistUtility /Users/george.sigalas/Library/Developer/Xcode/DerivedData/ScribbleFit-fdogjjubbltqcsctzflnsjbdahon/Build/Intermediates.noindex/GoogleUtilities.build/Debug-iphoneos/GoogleUtilities_GoogleUtilities-Environment.build/empty-GoogleUtilities_GoogleUtilities-Environment.plist -producttype com.apple.product-type.bundle -expandbuildsettings -format binary -platform iphoneos -requiredArchitecture arm64 -o /Users/george.sigalas/Library/Developer/Xcode/DerivedData/ScribbleFit-fdogjjubbltqcsctzflnsjbdahon/Build/Products/Debug-iphoneos/GoogleUtilities_GoogleUtilities-Environment.bundle/Info.plist

ProcessInfoPlistFile /Users/george.sigalas/Library/Developer/Xcode/DerivedData/ScribbleFit-fdogjjubbltqcsctzflnsjbdahon/Build/Products/Debug-iphoneos/GTMSessionFetcher_GTMSessionFetcherCore.bundle/Info.plist /Users/george.sigalas/Library/Developer/Xcode/DerivedData/ScribbleFit-fdogjjubbltqcsctzflnsjbdahon/Build/Intermediates.noindex/GTMSessionFetcher.build/Debug-iphoneos/GTMSessionFetcher_GTMSessionFetcherCore.build/empty-GTMSessionFetcher_GTMSessionFetcherCore.plist (in target 'GTMSessionFetcher_GTMSessionFetcherCore' from project 'GTMSessionFetcher')
    cd /Users/george.sigalas/Library/Developer/Xcode/DerivedData/ScribbleFit-fdogjjubbltqcsctzflnsjbdahon/SourcePackages/checkouts/gtm-session-fetcher
    builtin-infoPlistUtility /Users/george.sigalas/Library/Developer/Xcode/DerivedData/ScribbleFit-fdogjjubbltqcsctzflnsjbdahon/Build/Intermediates.noindex/GTMSessionFetcher.build/Debug-iphoneos/GTMSessionFetcher_GTMSessionFetcherCore.build/empty-GTMSessionFetcher_GTMSessionFetcherCore.plist -producttype com.apple.product-type.bundle -expandbuildsettings -format binary -platform iphoneos -requiredArchitecture arm64 -o /Users/george.sigalas/Library/Developer/Xcode/DerivedData/ScribbleFit-fdogjjubbltqcsctzflnsjbdahon/Build/Products/Debug-iphoneos/GTMSessionFetcher_GTMSessionFetcherCore.bundle/Info.plist

ProcessInfoPlistFile /Users/george.sigalas/Library/Developer/Xcode/DerivedData/ScribbleFit-fdogjjubbltqcsctzflnsjbdahon/Build/Products/Debug-iphoneos/Firebase_FirebaseCore.bundle/Info.plist /Users/george.sigalas/Library/Developer/Xcode/DerivedData/ScribbleFit-fdogjjubbltqcsctzflnsjbdahon/Build/Intermediates.noindex/Firebase.build/Debug-iphoneos/Firebase_FirebaseCore.build/empty-Firebase_FirebaseCore.plist (in target 'Firebase_FirebaseCore' from project 'Firebase')
    cd /Users/george.sigalas/Library/Developer/Xcode/DerivedData/ScribbleFit-fdogjjubbltqcsctzflnsjbdahon/SourcePackages/checkouts/firebase-ios-sdk
    builtin-infoPlistUtility /Users/george.sigalas/Library/Developer/Xcode/DerivedData/ScribbleFit-fdogjjubbltqcsctzflnsjbdahon/Build/Intermediates.noindex/Firebase.build/Debug-iphoneos/Firebase_FirebaseCore.build/empty-Firebase_FirebaseCore.plist -producttype com.apple.product-type.bundle -expandbuildsettings -format binary -platform iphoneos -requiredArchitecture arm64 -o /Users/george.sigalas/Library/Developer/Xcode/DerivedData/ScribbleFit-fdogjjubbltqcsctzflnsjbdahon/Build/Products/Debug-iphoneos/Firebase_FirebaseCore.bundle/Info.plist

ProcessInfoPlistFile /Users/george.sigalas/Library/Developer/Xcode/DerivedData/ScribbleFit-fdogjjubbltqcsctzflnsjbdahon/Build/Products/Debug-iphoneos/GoogleUtilities_GoogleUtilities-AppDelegateSwizzler.bundle/Info.plist /Users/george.sigalas/Library/Developer/Xcode/DerivedData/ScribbleFit-fdogjjubbltqcsctzflnsjbdahon/Build/Intermediates.noindex/GoogleUtilities.build/Debug-iphoneos/GoogleUtilities_GoogleUtilities-AppDelegateSwizzler.build/empty-GoogleUtilities_GoogleUtilities-AppDelegateSwizzler.plist (in target 'GoogleUtilities_GoogleUtilities-AppDelegateSwizzler' from project 'GoogleUtilities')
    cd /Users/george.sigalas/Library/Developer/Xcode/DerivedData/ScribbleFit-fdogjjubbltqcsctzflnsjbdahon/SourcePackages/checkouts/GoogleUtilities
    builtin-infoPlistUtility /Users/george.sigalas/Library/Developer/Xcode/DerivedData/ScribbleFit-fdogjjubbltqcsctzflnsjbdahon/Build/Intermediates.noindex/GoogleUtilities.build/Debug-iphoneos/GoogleUtilities_GoogleUtilities-AppDelegateSwizzler.build/empty-GoogleUtilities_GoogleUtilities-AppDelegateSwizzler.plist -producttype com.apple.product-type.bundle -expandbuildsettings -format binary -platform iphoneos -requiredArchitecture arm64 -o /Users/george.sigalas/Library/Developer/Xcode/DerivedData/ScribbleFit-fdogjjubbltqcsctzflnsjbdahon/Build/Products/Debug-iphoneos/GoogleUtilities_GoogleUtilities-AppDelegateSwizzler.bundle/Info.plist

ProcessInfoPlistFile /Users/george.sigalas/Library/Developer/Xcode/DerivedData/ScribbleFit-fdogjjubbltqcsctzflnsjbdahon/Build/Products/Debug-iphoneos/Firebase_FirebaseAuth.bundle/Info.plist /Users/george.sigalas/Library/Developer/Xcode/DerivedData/ScribbleFit-fdogjjubbltqcsctzflnsjbdahon/Build/Intermediates.noindex/Firebase.build/Debug-iphoneos/Firebase_FirebaseAuth.build/empty-Firebase_FirebaseAuth.plist (in target 'Firebase_FirebaseAuth' from project 'Firebase')
    cd /Users/george.sigalas/Library/Developer/Xcode/DerivedData/ScribbleFit-fdogjjubbltqcsctzflnsjbdahon/SourcePackages/checkouts/firebase-ios-sdk
    builtin-infoPlistUtility /Users/george.sigalas/Library/Developer/Xcode/DerivedData/ScribbleFit-fdogjjubbltqcsctzflnsjbdahon/Build/Intermediates.noindex/Firebase.build/Debug-iphoneos/Firebase_FirebaseAuth.build/empty-Firebase_FirebaseAuth.plist -producttype com.apple.product-type.bundle -expandbuildsettings -format binary -platform iphoneos -requiredArchitecture arm64 -o /Users/george.sigalas/Library/Developer/Xcode/DerivedData/ScribbleFit-fdogjjubbltqcsctzflnsjbdahon/Build/Products/Debug-iphoneos/Firebase_FirebaseAuth.bundle/Info.plist

WriteAuxiliaryFile /Users/george.sigalas/Library/Developer/Xcode/DerivedData/ScribbleFit-fdogjjubbltqcsctzflnsjbdahon/Build/Intermediates.noindex/ScribbleFit.build/Debug-iphoneos/ScribbleFit.build/Objects-normal/arm64/ScribbleFit.SwiftFileList (in target 'ScribbleFit' from project 'ScribbleFit' at path '/Users/george.sigalas/AndroidStudioProjects/scribblefit/apps/ios/ScribbleFit/ScribbleFit.xcodeproj')
    cd /Users/george.sigalas/AndroidStudioProjects/scribblefit/apps/ios/ScribbleFit
    write-file /Users/george.sigalas/Library/Developer/Xcode/DerivedData/ScribbleFit-fdogjjubbltqcsctzflnsjbdahon/Build/Intermediates.noindex/ScribbleFit.build/Debug-iphoneos/ScribbleFit.build/Objects-normal/arm64/ScribbleFit.SwiftFileList

WriteAuxiliaryFile /Users/george.sigalas/Library/Developer/Xcode/DerivedData/ScribbleFit-fdogjjubbltqcsctzflnsjbdahon/Build/Intermediates.noindex/ScribbleFit.build/Debug-iphoneos/ScribbleFit.build/Objects-normal/arm64/ScribbleFit.LinkFileList (in target 'ScribbleFit' from project 'ScribbleFit' at path '/Users/george.sigalas/AndroidStudioProjects/scribblefit/apps/ios/ScribbleFit/ScribbleFit.xcodeproj')
    cd /Users/george.sigalas/AndroidStudioProjects/scribblefit/apps/ios/ScribbleFit
    write-file /Users/george.sigalas/Library/Developer/Xcode/DerivedData/ScribbleFit-fdogjjubbltqcsctzflnsjbdahon/Build/Intermediates.noindex/ScribbleFit.build/Debug-iphoneos/ScribbleFit.build/Objects-normal/arm64/ScribbleFit.LinkFileList

ProcessInfoPlistFile /Users/george.sigalas/Library/Developer/Xcode/DerivedData/ScribbleFit-fdogjjubbltqcsctzflnsjbdahon/Build/Products/Debug-iphoneos/GoogleUtilities_GoogleUtilities-Reachability.bundle/Info.plist /Users/george.sigalas/Library/Developer/Xcode/DerivedData/ScribbleFit-fdogjjubbltqcsctzflnsjbdahon/Build/Intermediates.noindex/GoogleUtilities.build/Debug-iphoneos/GoogleUtilities_GoogleUtilities-Reachability.build/empty-GoogleUtilities_GoogleUtilities-Reachability.plist (in target 'GoogleUtilities_GoogleUtilities-Reachability' from project 'GoogleUtilities')
    cd /Users/george.sigalas/Library/Developer/Xcode/DerivedData/ScribbleFit-fdogjjubbltqcsctzflnsjbdahon/SourcePackages/checkouts/GoogleUtilities
    builtin-infoPlistUtility /Users/george.sigalas/Library/Developer/Xcode/DerivedData/ScribbleFit-fdogjjubbltqcsctzflnsjbdahon/Build/Intermediates.noindex/GoogleUtilities.build/Debug-iphoneos/GoogleUtilities_GoogleUtilities-Reachability.build/empty-GoogleUtilities_GoogleUtilities-Reachability.plist -producttype com.apple.product-type.bundle -expandbuildsettings -format binary -platform iphoneos -requiredArchitecture arm64 -o /Users/george.sigalas/Library/Developer/Xcode/DerivedData/ScribbleFit-fdogjjubbltqcsctzflnsjbdahon/Build/Products/Debug-iphoneos/GoogleUtilities_GoogleUtilities-Reachability.bundle/Info.plist

ProcessInfoPlistFile /Users/george.sigalas/Library/Developer/Xcode/DerivedData/ScribbleFit-fdogjjubbltqcsctzflnsjbdahon/Build/Products/Debug-iphoneos/GoogleUtilities_GoogleUtilities-Network.bundle/Info.plist /Users/george.sigalas/Library/Developer/Xcode/DerivedData/ScribbleFit-fdogjjubbltqcsctzflnsjbdahon/Build/Intermediates.noindex/GoogleUtilities.build/Debug-iphoneos/GoogleUtilities_GoogleUtilities-Network.build/empty-GoogleUtilities_GoogleUtilities-Network.plist (in target 'GoogleUtilities_GoogleUtilities-Network' from project 'GoogleUtilities')
    cd /Users/george.sigalas/Library/Developer/Xcode/DerivedData/ScribbleFit-fdogjjubbltqcsctzflnsjbdahon/SourcePackages/checkouts/GoogleUtilities
    builtin-infoPlistUtility /Users/george.sigalas/Library/Developer/Xcode/DerivedData/ScribbleFit-fdogjjubbltqcsctzflnsjbdahon/Build/Intermediates.noindex/GoogleUtilities.build/Debug-iphoneos/GoogleUtilities_GoogleUtilities-Network.build/empty-GoogleUtilities_GoogleUtilities-Network.plist -producttype com.apple.product-type.bundle -expandbuildsettings -format binary -platform iphoneos -requiredArchitecture arm64 -o /Users/george.sigalas/Library/Developer/Xcode/DerivedData/ScribbleFit-fdogjjubbltqcsctzflnsjbdahon/Build/Products/Debug-iphoneos/GoogleUtilities_GoogleUtilities-Network.bundle/Info.plist

WriteAuxiliaryFile /Users/george.sigalas/Library/Developer/Xcode/DerivedData/ScribbleFit-fdogjjubbltqcsctzflnsjbdahon/Build/Intermediates.noindex/ScribbleFit.build/Debug-iphoneos/ScribbleFit.build/Objects-normal/arm64/ScribbleFit.SwiftConstValuesFileList (in target 'ScribbleFit' from project 'ScribbleFit' at path '/Users/george.sigalas/AndroidStudioProjects/scribblefit/apps/ios/ScribbleFit/ScribbleFit.xcodeproj')
    cd /Users/george.sigalas/AndroidStudioProjects/scribblefit/apps/ios/ScribbleFit
    write-file /Users/george.sigalas/Library/Developer/Xcode/DerivedData/ScribbleFit-fdogjjubbltqcsctzflnsjbdahon/Build/Intermediates.noindex/ScribbleFit.build/Debug-iphoneos/ScribbleFit.build/Objects-normal/arm64/ScribbleFit.SwiftConstValuesFileList

Ld /Users/george.sigalas/Library/Developer/Xcode/DerivedData/ScribbleFit-fdogjjubbltqcsctzflnsjbdahon/Build/Products/Debug-iphoneos/third-party-IsAppEncrypted.o normal (in target 'third-party-IsAppEncrypted' from project 'GoogleUtilities')
    cd /Users/george.sigalas/Library/Developer/Xcode/DerivedData/ScribbleFit-fdogjjubbltqcsctzflnsjbdahon/SourcePackages/checkouts/GoogleUtilities
    /Applications/Xcode.app/Contents/Developer/Toolchains/XcodeDefault.xctoolchain/usr/bin/clang -Xlinker -reproducible -target arm64-apple-ios12.0 -r -isysroot /Applications/Xcode.app/Contents/Developer/Platforms/iPhoneOS.platform/Developer/SDKs/iPhoneOS26.4.sdk -O0 -w -F/Users/george.sigalas/Library/Developer/Xcode/DerivedData/ScribbleFit-fdogjjubbltqcsctzflnsjbdahon/Build/Intermediates.noindex/EagerLinkingTBDs/Debug-iphoneos -F/Users/george.sigalas/Library/Developer/Xcode/DerivedData/ScribbleFit-fdogjjubbltqcsctzflnsjbdahon/Build/Products/Debug-iphoneos -iframework /Applications/Xcode.app/Contents/Developer/Platforms/iPhoneOS.platform/Developer/Library/Frameworks -iframework /Applications/Xcode.app/Contents/Developer/Platforms/iPhoneOS.platform/Developer/SDKs/iPhoneOS26.4.sdk/Developer/Library/Frameworks -filelist /Users/george.sigalas/Library/Developer/Xcode/DerivedData/ScribbleFit-fdogjjubbltqcsctzflnsjbdahon/Build/Intermediates.noindex/GoogleUtilities.build/Debug-iphoneos/third-party-IsAppEncrypted.build/Objects-normal/arm64/third-party-IsAppEncrypted.LinkFileList -nostdlib -Xlinker -object_path_lto -Xlinker /Users/george.sigalas/Library/Developer/Xcode/DerivedData/ScribbleFit-fdogjjubbltqcsctzflnsjbdahon/Build/Intermediates.noindex/GoogleUtilities.build/Debug-iphoneos/third-party-IsAppEncrypted.build/Objects-normal/arm64/third-party-IsAppEncrypted_lto.o -Xlinker -no_deduplicate -Xlinker -debug_variant -Xlinker -dependency_info -Xlinker /Users/george.sigalas/Library/Developer/Xcode/DerivedData/ScribbleFit-fdogjjubbltqcsctzflnsjbdahon/Build/Intermediates.noindex/GoogleUtilities.build/Debug-iphoneos/third-party-IsAppEncrypted.build/Objects-normal/arm64/third-party-IsAppEncrypted_dependency_info.dat -fobjc-arc -fobjc-link-runtime -o /Users/george.sigalas/Library/Developer/Xcode/DerivedData/ScribbleFit-fdogjjubbltqcsctzflnsjbdahon/Build/Products/Debug-iphoneos/third-party-IsAppEncrypted.o

Ld /Users/george.sigalas/Library/Developer/Xcode/DerivedData/ScribbleFit-fdogjjubbltqcsctzflnsjbdahon/Build/Products/Debug-iphoneos/RecaptchaInterop.o normal (in target 'RecaptchaInterop' from project 'InteropForGoogle')
    cd /Users/george.sigalas/Library/Developer/Xcode/DerivedData/ScribbleFit-fdogjjubbltqcsctzflnsjbdahon/SourcePackages/checkouts/interop-ios-for-google-sdks
    /Applications/Xcode.app/Contents/Developer/Toolchains/XcodeDefault.xctoolchain/usr/bin/clang -Xlinker -reproducible -target arm64-apple-ios12.0 -r -isysroot /Applications/Xcode.app/Contents/Developer/Platforms/iPhoneOS.platform/Developer/SDKs/iPhoneOS26.4.sdk -O0 -w -F/Users/george.sigalas/Library/Developer/Xcode/DerivedData/ScribbleFit-fdogjjubbltqcsctzflnsjbdahon/Build/Intermediates.noindex/EagerLinkingTBDs/Debug-iphoneos -F/Users/george.sigalas/Library/Developer/Xcode/DerivedData/ScribbleFit-fdogjjubbltqcsctzflnsjbdahon/Build/Products/Debug-iphoneos -iframework /Applications/Xcode.app/Contents/Developer/Platforms/iPhoneOS.platform/Developer/Library/Frameworks -iframework /Applications/Xcode.app/Contents/Developer/Platforms/iPhoneOS.platform/Developer/SDKs/iPhoneOS26.4.sdk/Developer/Library/Frameworks -filelist /Users/george.sigalas/Library/Developer/Xcode/DerivedData/ScribbleFit-fdogjjubbltqcsctzflnsjbdahon/Build/Intermediates.noindex/InteropForGoogle.build/Debug-iphoneos/RecaptchaInterop.build/Objects-normal/arm64/RecaptchaInterop.LinkFileList -nostdlib -Xlinker -object_path_lto -Xlinker /Users/george.sigalas/Library/Developer/Xcode/DerivedData/ScribbleFit-fdogjjubbltqcsctzflnsjbdahon/Build/Intermediates.noindex/InteropForGoogle.build/Debug-iphoneos/RecaptchaInterop.build/Objects-normal/arm64/RecaptchaInterop_lto.o -Xlinker -no_deduplicate -Xlinker -debug_variant -Xlinker -dependency_info -Xlinker /Users/george.sigalas/Library/Developer/Xcode/DerivedData/ScribbleFit-fdogjjubbltqcsctzflnsjbdahon/Build/Intermediates.noindex/InteropForGoogle.build/Debug-iphoneos/RecaptchaInterop.build/Objects-normal/arm64/RecaptchaInterop_dependency_info.dat -fobjc-arc -fobjc-link-runtime -o /Users/george.sigalas/Library/Developer/Xcode/DerivedData/ScribbleFit-fdogjjubbltqcsctzflnsjbdahon/Build/Products/Debug-iphoneos/RecaptchaInterop.o

Ld /Users/george.sigalas/Library/Developer/Xcode/DerivedData/ScribbleFit-fdogjjubbltqcsctzflnsjbdahon/Build/Products/Debug-iphoneos/FirebaseAuthInterop.o normal (in target 'FirebaseAuthInterop' from project 'Firebase')
    cd /Users/george.sigalas/Library/Developer/Xcode/DerivedData/ScribbleFit-fdogjjubbltqcsctzflnsjbdahon/SourcePackages/checkouts/firebase-ios-sdk
    /Applications/Xcode.app/Contents/Developer/Toolchains/XcodeDefault.xctoolchain/usr/bin/clang -Xlinker -reproducible -target arm64-apple-ios15.0 -r -isysroot /Applications/Xcode.app/Contents/Developer/Platforms/iPhoneOS.platform/Developer/SDKs/iPhoneOS26.4.sdk -O0 -w -F/Users/george.sigalas/Library/Developer/Xcode/DerivedData/ScribbleFit-fdogjjubbltqcsctzflnsjbdahon/Build/Intermediates.noindex/EagerLinkingTBDs/Debug-iphoneos -F/Users/george.sigalas/Library/Developer/Xcode/DerivedData/ScribbleFit-fdogjjubbltqcsctzflnsjbdahon/Build/Products/Debug-iphoneos -iframework /Applications/Xcode.app/Contents/Developer/Platforms/iPhoneOS.platform/Developer/Library/Frameworks -iframework /Applications/Xcode.app/Contents/Developer/Platforms/iPhoneOS.platform/Developer/SDKs/iPhoneOS26.4.sdk/Developer/Library/Frameworks -filelist /Users/george.sigalas/Library/Developer/Xcode/DerivedData/ScribbleFit-fdogjjubbltqcsctzflnsjbdahon/Build/Intermediates.noindex/Firebase.build/Debug-iphoneos/FirebaseAuthInterop.build/Objects-normal/arm64/FirebaseAuthInterop.LinkFileList -nostdlib -Xlinker -object_path_lto -Xlinker /Users/george.sigalas/Library/Developer/Xcode/DerivedData/ScribbleFit-fdogjjubbltqcsctzflnsjbdahon/Build/Intermediates.noindex/Firebase.build/Debug-iphoneos/FirebaseAuthInterop.build/Objects-normal/arm64/FirebaseAuthInterop_lto.o -Xlinker -no_deduplicate -Xlinker -debug_variant -Xlinker -dependency_info -Xlinker /Users/george.sigalas/Library/Developer/Xcode/DerivedData/ScribbleFit-fdogjjubbltqcsctzflnsjbdahon/Build/Intermediates.noindex/Firebase.build/Debug-iphoneos/FirebaseAuthInterop.build/Objects-normal/arm64/FirebaseAuthInterop_dependency_info.dat -fobjc-arc -fobjc-link-runtime -o /Users/george.sigalas/Library/Developer/Xcode/DerivedData/ScribbleFit-fdogjjubbltqcsctzflnsjbdahon/Build/Products/Debug-iphoneos/FirebaseAuthInterop.o

Ld /Users/george.sigalas/Library/Developer/Xcode/DerivedData/ScribbleFit-fdogjjubbltqcsctzflnsjbdahon/Build/Products/Debug-iphoneos/FirebaseAppCheckInterop.o normal (in target 'FirebaseAppCheckInterop' from project 'Firebase')
    cd /Users/george.sigalas/Library/Developer/Xcode/DerivedData/ScribbleFit-fdogjjubbltqcsctzflnsjbdahon/SourcePackages/checkouts/firebase-ios-sdk
    /Applications/Xcode.app/Contents/Developer/Toolchains/XcodeDefault.xctoolchain/usr/bin/clang -Xlinker -reproducible -target arm64-apple-ios15.0 -r -isysroot /Applications/Xcode.app/Contents/Developer/Platforms/iPhoneOS.platform/Developer/SDKs/iPhoneOS26.4.sdk -O0 -w -F/Users/george.sigalas/Library/Developer/Xcode/DerivedData/ScribbleFit-fdogjjubbltqcsctzflnsjbdahon/Build/Intermediates.noindex/EagerLinkingTBDs/Debug-iphoneos -F/Users/george.sigalas/Library/Developer/Xcode/DerivedData/ScribbleFit-fdogjjubbltqcsctzflnsjbdahon/Build/Products/Debug-iphoneos -iframework /Applications/Xcode.app/Contents/Developer/Platforms/iPhoneOS.platform/Developer/Library/Frameworks -iframework /Applications/Xcode.app/Contents/Developer/Platforms/iPhoneOS.platform/Developer/SDKs/iPhoneOS26.4.sdk/Developer/Library/Frameworks -filelist /Users/george.sigalas/Library/Developer/Xcode/DerivedData/ScribbleFit-fdogjjubbltqcsctzflnsjbdahon/Build/Intermediates.noindex/Firebase.build/Debug-iphoneos/FirebaseAppCheckInterop.build/Objects-normal/arm64/FirebaseAppCheckInterop.LinkFileList -nostdlib -Xlinker -object_path_lto -Xlinker /Users/george.sigalas/Library/Developer/Xcode/DerivedData/ScribbleFit-fdogjjubbltqcsctzflnsjbdahon/Build/Intermediates.noindex/Firebase.build/Debug-iphoneos/FirebaseAppCheckInterop.build/Objects-normal/arm64/FirebaseAppCheckInterop_lto.o -Xlinker -no_deduplicate -Xlinker -debug_variant -Xlinker -dependency_info -Xlinker /Users/george.sigalas/Library/Developer/Xcode/DerivedData/ScribbleFit-fdogjjubbltqcsctzflnsjbdahon/Build/Intermediates.noindex/Firebase.build/Debug-iphoneos/FirebaseAppCheckInterop.build/Objects-normal/arm64/FirebaseAppCheckInterop_dependency_info.dat -fobjc-arc -fobjc-link-runtime -o /Users/george.sigalas/Library/Developer/Xcode/DerivedData/ScribbleFit-fdogjjubbltqcsctzflnsjbdahon/Build/Products/Debug-iphoneos/FirebaseAppCheckInterop.o

Ld /Users/george.sigalas/Library/Developer/Xcode/DerivedData/ScribbleFit-fdogjjubbltqcsctzflnsjbdahon/Build/Products/Debug-iphoneos/Firebase.o normal (in target 'Firebase' from project 'Firebase')
    cd /Users/george.sigalas/Library/Developer/Xcode/DerivedData/ScribbleFit-fdogjjubbltqcsctzflnsjbdahon/SourcePackages/checkouts/firebase-ios-sdk
    /Applications/Xcode.app/Contents/Developer/Toolchains/XcodeDefault.xctoolchain/usr/bin/clang -Xlinker -reproducible -target arm64-apple-ios15.0 -r -isysroot /Applications/Xcode.app/Contents/Developer/Platforms/iPhoneOS.platform/Developer/SDKs/iPhoneOS26.4.sdk -O0 -w -F/Users/george.sigalas/Library/Developer/Xcode/DerivedData/ScribbleFit-fdogjjubbltqcsctzflnsjbdahon/Build/Intermediates.noindex/EagerLinkingTBDs/Debug-iphoneos -F/Users/george.sigalas/Library/Developer/Xcode/DerivedData/ScribbleFit-fdogjjubbltqcsctzflnsjbdahon/Build/Products/Debug-iphoneos -iframework /Applications/Xcode.app/Contents/Developer/Platforms/iPhoneOS.platform/Developer/Library/Frameworks -iframework /Applications/Xcode.app/Contents/Developer/Platforms/iPhoneOS.platform/Developer/SDKs/iPhoneOS26.4.sdk/Developer/Library/Frameworks -filelist /Users/george.sigalas/Library/Developer/Xcode/DerivedData/ScribbleFit-fdogjjubbltqcsctzflnsjbdahon/Build/Intermediates.noindex/Firebase.build/Debug-iphoneos/Firebase.build/Objects-normal/arm64/Firebase.LinkFileList -nostdlib -Xlinker -object_path_lto -Xlinker /Users/george.sigalas/Library/Developer/Xcode/DerivedData/ScribbleFit-fdogjjubbltqcsctzflnsjbdahon/Build/Intermediates.noindex/Firebase.build/Debug-iphoneos/Firebase.build/Objects-normal/arm64/Firebase_lto.o -Xlinker -no_deduplicate -Xlinker -debug_variant -Xlinker -dependency_info -Xlinker /Users/george.sigalas/Library/Developer/Xcode/DerivedData/ScribbleFit-fdogjjubbltqcsctzflnsjbdahon/Build/Intermediates.noindex/Firebase.build/Debug-iphoneos/Firebase.build/Objects-normal/arm64/Firebase_dependency_info.dat -fobjc-arc -fobjc-link-runtime -o /Users/george.sigalas/Library/Developer/Xcode/DerivedData/ScribbleFit-fdogjjubbltqcsctzflnsjbdahon/Build/Products/Debug-iphoneos/Firebase.o

SwiftDriver FeatureWorkouts normal arm64 com.apple.xcode.tools.swift.compiler (in target 'FeatureWorkouts' from project 'FeatureWorkouts')
    cd /Users/george.sigalas/AndroidStudioProjects/scribblefit/apps/ios/ScribbleFit/ScribbleFit.xcodeproj
    builtin-SwiftDriver -- /Applications/Xcode.app/Contents/Developer/Toolchains/XcodeDefault.xctoolchain/usr/bin/swiftc -module-name FeatureWorkouts -Onone @/Users/george.sigalas/Library/Developer/Xcode/DerivedData/ScribbleFit-fdogjjubbltqcsctzflnsjbdahon/Build/Intermediates.noindex/FeatureWorkouts.build/Debug-iphoneos/FeatureWorkouts.build/Objects-normal/arm64/FeatureWorkouts.SwiftFileList -DSWIFT_PACKAGE -DDEBUG -DSWIFT_MODULE_RESOURCE_BUNDLE_UNAVAILABLE -DXcode -plugin-path /Applications/Xcode.app/Contents/Developer/Toolchains/XcodeDefault.xctoolchain/usr/lib/swift/host/plugins/testing -enable-experimental-feature DebugDescriptionMacro -sdk /Applications/Xcode.app/Contents/Developer/Platforms/iPhoneOS.platform/Developer/SDKs/iPhoneOS26.4.sdk -target arm64-apple-ios17.0 -g -module-cache-path /Users/george.sigalas/Library/Developer/Xcode/DerivedData/ModuleCache.noindex -Xfrontend -serialize-debugging-options -profile-coverage-mapping -profile-generate -enable-testing -suppress-warnings -index-store-path /Users/george.sigalas/Library/Developer/Xcode/DerivedData/ScribbleFit-fdogjjubbltqcsctzflnsjbdahon/Index.noindex/DataStore -Xcc -D_LIBCPP_HARDENING_MODE\=_LIBCPP_HARDENING_MODE_DEBUG -swift-version 6 -I /Users/george.sigalas/Library/Developer/Xcode/DerivedData/ScribbleFit-fdogjjubbltqcsctzflnsjbdahon/Build/Products/Debug-iphoneos -Isystem /Applications/Xcode.app/Contents/Developer/Platforms/iPhoneOS.platform/Developer/usr/lib -F /Users/george.sigalas/Library/Developer/Xcode/DerivedData/ScribbleFit-fdogjjubbltqcsctzflnsjbdahon/Build/Products/Debug-iphoneos/PackageFrameworks -F /Users/george.sigalas/Library/Developer/Xcode/DerivedData/ScribbleFit-fdogjjubbltqcsctzflnsjbdahon/Build/Products/Debug-iphoneos/PackageFrameworks -F /Users/george.sigalas/Library/Developer/Xcode/DerivedData/ScribbleFit-fdogjjubbltqcsctzflnsjbdahon/Build/Products/Debug-iphoneos -F /Applications/Xcode.app/Contents/Developer/Platforms/iPhoneOS.platform/Developer/Library/Frameworks -F /Applications/Xcode.app/Contents/Developer/Platforms/iPhoneOS.platform/Developer/SDKs/iPhoneOS26.4.sdk/Developer/Library/Frameworks -c -j14 -enable-batch-mode -incremental -Xcc -ivfsstatcache -Xcc /Users/george.sigalas/Library/Developer/Xcode/DerivedData/SDKStatCaches.noindex/iphoneos26.4-23E252-68a138bb55de9ba35ce6c8c40d12849e.sdkstatcache -output-file-map /Users/george.sigalas/Library/Developer/Xcode/DerivedData/ScribbleFit-fdogjjubbltqcsctzflnsjbdahon/Build/Intermediates.noindex/FeatureWorkouts.build/Debug-iphoneos/FeatureWorkouts.build/Objects-normal/arm64/FeatureWorkouts-OutputFileMap.json -use-frontend-parseable-output -save-temps -no-color-diagnostics -explicit-module-build -module-cache-path /Users/george.sigalas/Library/Developer/Xcode/DerivedData/ScribbleFit-fdogjjubbltqcsctzflnsjbdahon/Build/Intermediates.noindex/SwiftExplicitPrecompiledModules -clang-scanner-module-cache-path /Users/george.sigalas/Library/Developer/Xcode/DerivedData/ModuleCache.noindex -sdk-module-cache-path /Users/george.sigalas/Library/Developer/Xcode/DerivedData/ModuleCache.noindex -serialize-diagnostics -emit-dependencies -emit-module -emit-module-path /Users/george.sigalas/Library/Developer/Xcode/DerivedData/ScribbleFit-fdogjjubbltqcsctzflnsjbdahon/Build/Intermediates.noindex/FeatureWorkouts.build/Debug-iphoneos/FeatureWorkouts.build/Objects-normal/arm64/FeatureWorkouts.swiftmodule -validate-clang-modules-once -clang-build-session-file /Users/george.sigalas/Library/Developer/Xcode/DerivedData/ModuleCache.noindex/Session.modulevalidation -package-name featureworkouts -Xcc -I/Users/george.sigalas/Library/Developer/Xcode/DerivedData/ScribbleFit-fdogjjubbltqcsctzflnsjbdahon/Build/Intermediates.noindex/FeatureWorkouts.build/Debug-iphoneos/FeatureWorkouts.build/swift-overrides.hmap -emit-const-values -Xfrontend -const-gather-protocols-file -Xfrontend /Users/george.sigalas/Library/Developer/Xcode/DerivedData/ScribbleFit-fdogjjubbltqcsctzflnsjbdahon/Build/Intermediates.noindex/FeatureWorkouts.build/Debug-iphoneos/FeatureWorkouts.build/Objects-normal/arm64/FeatureWorkouts_const_extract_protocols.json -Xcc -I/Users/george.sigalas/Library/Developer/Xcode/DerivedData/ScribbleFit-fdogjjubbltqcsctzflnsjbdahon/Build/Products/Debug-iphoneos/include -Xcc -I/Users/george.sigalas/Library/Developer/Xcode/DerivedData/ScribbleFit-fdogjjubbltqcsctzflnsjbdahon/Build/Intermediates.noindex/FeatureWorkouts.build/Debug-iphoneos/FeatureWorkouts.build/DerivedSources-normal/arm64 -Xcc -I/Users/george.sigalas/Library/Developer/Xcode/DerivedData/ScribbleFit-fdogjjubbltqcsctzflnsjbdahon/Build/Intermediates.noindex/FeatureWorkouts.build/Debug-iphoneos/FeatureWorkouts.build/DerivedSources/arm64 -Xcc -I/Users/george.sigalas/Library/Developer/Xcode/DerivedData/ScribbleFit-fdogjjubbltqcsctzflnsjbdahon/Build/Intermediates.noindex/FeatureWorkouts.build/Debug-iphoneos/FeatureWorkouts.build/DerivedSources -Xcc -DSWIFT_PACKAGE -Xcc -DDEBUG\=1 -emit-objc-header -emit-objc-header-path /Users/george.sigalas/Library/Developer/Xcode/DerivedData/ScribbleFit-fdogjjubbltqcsctzflnsjbdahon/Build/Intermediates.noindex/FeatureWorkouts.build/Debug-iphoneos/FeatureWorkouts.build/Objects-normal/arm64/FeatureWorkouts-Swift.h -working-directory /Users/george.sigalas/AndroidStudioProjects/scribblefit/apps/ios/ScribbleFit/ScribbleFit.xcodeproj -experimental-emit-module-separately -disable-cmo

Ld /Users/george.sigalas/Library/Developer/Xcode/DerivedData/ScribbleFit-fdogjjubbltqcsctzflnsjbdahon/Build/Products/Debug-iphoneos/GTMSessionFetcherCore.o normal (in target 'GTMSessionFetcherCore' from project 'GTMSessionFetcher')
    cd /Users/george.sigalas/Library/Developer/Xcode/DerivedData/ScribbleFit-fdogjjubbltqcsctzflnsjbdahon/SourcePackages/checkouts/gtm-session-fetcher
    /Applications/Xcode.app/Contents/Developer/Toolchains/XcodeDefault.xctoolchain/usr/bin/clang -Xlinker -reproducible -target arm64-apple-ios15.0 -r -isysroot /Applications/Xcode.app/Contents/Developer/Platforms/iPhoneOS.platform/Developer/SDKs/iPhoneOS26.4.sdk -O0 -w -F/Users/george.sigalas/Library/Developer/Xcode/DerivedData/ScribbleFit-fdogjjubbltqcsctzflnsjbdahon/Build/Intermediates.noindex/EagerLinkingTBDs/Debug-iphoneos -F/Users/george.sigalas/Library/Developer/Xcode/DerivedData/ScribbleFit-fdogjjubbltqcsctzflnsjbdahon/Build/Products/Debug-iphoneos -iframework /Applications/Xcode.app/Contents/Developer/Platforms/iPhoneOS.platform/Developer/Library/Frameworks -iframework /Applications/Xcode.app/Contents/Developer/Platforms/iPhoneOS.platform/Developer/SDKs/iPhoneOS26.4.sdk/Developer/Library/Frameworks -filelist /Users/george.sigalas/Library/Developer/Xcode/DerivedData/ScribbleFit-fdogjjubbltqcsctzflnsjbdahon/Build/Intermediates.noindex/GTMSessionFetcher.build/Debug-iphoneos/GTMSessionFetcherCore.build/Objects-normal/arm64/GTMSessionFetcherCore.LinkFileList -nostdlib -Xlinker -object_path_lto -Xlinker /Users/george.sigalas/Library/Developer/Xcode/DerivedData/ScribbleFit-fdogjjubbltqcsctzflnsjbdahon/Build/Intermediates.noindex/GTMSessionFetcher.build/Debug-iphoneos/GTMSessionFetcherCore.build/Objects-normal/arm64/GTMSessionFetcherCore_lto.o -Xlinker -no_deduplicate -Xlinker -debug_variant -Xlinker -dependency_info -Xlinker /Users/george.sigalas/Library/Developer/Xcode/DerivedData/ScribbleFit-fdogjjubbltqcsctzflnsjbdahon/Build/Intermediates.noindex/GTMSessionFetcher.build/Debug-iphoneos/GTMSessionFetcherCore.build/Objects-normal/arm64/GTMSessionFetcherCore_dependency_info.dat -fobjc-arc -fobjc-link-runtime -o /Users/george.sigalas/Library/Developer/Xcode/DerivedData/ScribbleFit-fdogjjubbltqcsctzflnsjbdahon/Build/Products/Debug-iphoneos/GTMSessionFetcherCore.o

SwiftDriver FeatureScribble normal arm64 com.apple.xcode.tools.swift.compiler (in target 'FeatureScribble' from project 'FeatureScribble')
    cd /Users/george.sigalas/AndroidStudioProjects/scribblefit/apps/ios/ScribbleFit/ScribbleFit.xcodeproj
    builtin-SwiftDriver -- /Applications/Xcode.app/Contents/Developer/Toolchains/XcodeDefault.xctoolchain/usr/bin/swiftc -module-name FeatureScribble -Onone @/Users/george.sigalas/Library/Developer/Xcode/DerivedData/ScribbleFit-fdogjjubbltqcsctzflnsjbdahon/Build/Intermediates.noindex/FeatureScribble.build/Debug-iphoneos/FeatureScribble.build/Objects-normal/arm64/FeatureScribble.SwiftFileList -DSWIFT_PACKAGE -DDEBUG -DSWIFT_MODULE_RESOURCE_BUNDLE_UNAVAILABLE -Xcc -fmodule-map-file\=/Users/george.sigalas/Library/Developer/Xcode/DerivedData/ScribbleFit-fdogjjubbltqcsctzflnsjbdahon/Build/Intermediates.noindex/GeneratedModuleMaps-iphoneos/AppCheckCore.modulemap -Xcc -fmodule-map-file\=/Users/george.sigalas/Library/Developer/Xcode/DerivedData/ScribbleFit-fdogjjubbltqcsctzflnsjbdahon/Build/Intermediates.noindex/GeneratedModuleMaps-iphoneos/GoogleUtilities-UserDefaults.modulemap -Xcc -fmodule-map-file\=/Users/george.sigalas/Library/Developer/Xcode/DerivedData/ScribbleFit-fdogjjubbltqcsctzflnsjbdahon/Build/Intermediates.noindex/GeneratedModuleMaps-iphoneos/FirebaseAppCheck.modulemap -Xcc -fmodule-map-file\=/Users/george.sigalas/Library/Developer/Xcode/DerivedData/ScribbleFit-fdogjjubbltqcsctzflnsjbdahon/Build/Intermediates.noindex/GeneratedModuleMaps-iphoneos/RecaptchaInterop.modulemap -Xcc -fmodule-map-file\=/Users/george.sigalas/Library/Developer/Xcode/DerivedData/ScribbleFit-fdogjjubbltqcsctzflnsjbdahon/Build/Intermediates.noindex/GeneratedModuleMaps-iphoneos/GoogleUtilities-Network.modulemap -Xcc -fmodule-map-file\=/Users/george.sigalas/Library/Developer/Xcode/DerivedData/ScribbleFit-fdogjjubbltqcsctzflnsjbdahon/Build/Intermediates.noindex/GeneratedModuleMaps-iphoneos/GoogleUtilities-Reachability.modulemap -Xcc -fmodule-map-file\=/Users/george.sigalas/Library/Developer/Xcode/DerivedData/ScribbleFit-fdogjjubbltqcsctzflnsjbdahon/Build/Intermediates.noindex/GeneratedModuleMaps-iphoneos/GoogleUtilities-AppDelegateSwizzler.modulemap -Xcc -fmodule-map-file\=/Users/george.sigalas/Library/Developer/Xcode/DerivedData/ScribbleFit-fdogjjubbltqcsctzflnsjbdahon/Build/Intermediates.noindex/GeneratedModuleMaps-iphoneos/GTMSessionFetcherCore.modulemap -Xcc -fmodule-map-file\=/Users/george.sigalas/Library/Developer/Xcode/DerivedData/ScribbleFit-fdogjjubbltqcsctzflnsjbdahon/Build/Intermediates.noindex/GeneratedModuleMaps-iphoneos/FirebaseAuthInternal.modulemap -Xcc -fmodule-map-file\=/Users/george.sigalas/Library/Developer/Xcode/DerivedData/ScribbleFit-fdogjjubbltqcsctzflnsjbdahon/Build/Intermediates.noindex/GeneratedModuleMaps-iphoneos/GoogleUtilities-NSData.modulemap -Xcc -fmodule-map-file\=/Users/george.sigalas/Library/Developer/Xcode/DerivedData/ScribbleFit-fdogjjubbltqcsctzflnsjbdahon/Build/Intermediates.noindex/GeneratedModuleMaps-iphoneos/GoogleUtilities-Environment.modulemap -Xcc -fmodule-map-file\=/Users/george.sigalas/Library/Developer/Xcode/DerivedData/ScribbleFit-fdogjjubbltqcsctzflnsjbdahon/Build/Intermediates.noindex/GeneratedModuleMaps-iphoneos/third-party-IsAppEncrypted.modulemap -Xcc -fmodule-map-file\=/Users/george.sigalas/Library/Developer/Xcode/DerivedData/ScribbleFit-fdogjjubbltqcsctzflnsjbdahon/Build/Intermediates.noindex/GeneratedModuleMaps-iphoneos/GoogleUtilities-Logger.modulemap -Xcc -fmodule-map-file\=/Users/george.sigalas/Library/Developer/Xcode/DerivedData/ScribbleFit-fdogjjubbltqcsctzflnsjbdahon/Build/Intermediates.noindex/GeneratedModuleMaps-iphoneos/FirebaseCoreExtension.modulemap -Xcc -fmodule-map-file\=/Users/george.sigalas/Library/Developer/Xcode/DerivedData/ScribbleFit-fdogjjubbltqcsctzflnsjbdahon/Build/Intermediates.noindex/GeneratedModuleMaps-iphoneos/FirebaseCore.modulemap -Xcc -fmodule-map-file\=/Users/george.sigalas/Library/Developer/Xcode/DerivedData/ScribbleFit-fdogjjubbltqcsctzflnsjbdahon/Build/Intermediates.noindex/GeneratedModuleMaps-iphoneos/FirebaseAuthInterop.modulemap -Xcc -fmodule-map-file\=/Users/george.sigalas/Library/Developer/Xcode/DerivedData/ScribbleFit-fdogjjubbltqcsctzflnsjbdahon/Build/Intermediates.noindex/GeneratedModuleMaps-iphoneos/FirebaseAppCheckInterop.modulemap -DXcode -plugin-path /Applications/Xcode.app/Contents/Developer/Toolchains/XcodeDefault.xctoolchain/usr/lib/swift/host/plugins/testing -enable-experimental-feature DebugDescriptionMacro -sdk /Applications/Xcode.app/Contents/Developer/Platforms/iPhoneOS.platform/Developer/SDKs/iPhoneOS26.4.sdk -target arm64-apple-ios17.0 -g -module-cache-path /Users/george.sigalas/Library/Developer/Xcode/DerivedData/ModuleCache.noindex -Xfrontend -serialize-debugging-options -profile-coverage-mapping -profile-generate -enable-testing -suppress-warnings -index-store-path /Users/george.sigalas/Library/Developer/Xcode/DerivedData/ScribbleFit-fdogjjubbltqcsctzflnsjbdahon/Index.noindex/DataStore -Xcc -D_LIBCPP_HARDENING_MODE\=_LIBCPP_HARDENING_MODE_DEBUG -swift-version 6 -I /Users/george.sigalas/Library/Developer/Xcode/DerivedData/ScribbleFit-fdogjjubbltqcsctzflnsjbdahon/Build/Products/Debug-iphoneos -Isystem /Applications/Xcode.app/Contents/Developer/Platforms/iPhoneOS.platform/Developer/usr/lib -F /Users/george.sigalas/Library/Developer/Xcode/DerivedData/ScribbleFit-fdogjjubbltqcsctzflnsjbdahon/Build/Products/Debug-iphoneos/PackageFrameworks -F /Users/george.sigalas/Library/Developer/Xcode/DerivedData/ScribbleFit-fdogjjubbltqcsctzflnsjbdahon/Build/Products/Debug-iphoneos/PackageFrameworks -F /Users/george.sigalas/Library/Developer/Xcode/DerivedData/ScribbleFit-fdogjjubbltqcsctzflnsjbdahon/Build/Products/Debug-iphoneos/PackageFrameworks -F /Users/george.sigalas/Library/Developer/Xcode/DerivedData/ScribbleFit-fdogjjubbltqcsctzflnsjbdahon/Build/Products/Debug-iphoneos/PackageFrameworks -F /Users/george.sigalas/Library/Developer/Xcode/DerivedData/ScribbleFit-fdogjjubbltqcsctzflnsjbdahon/Build/Products/Debug-iphoneos/PackageFrameworks -F /Users/george.sigalas/Library/Developer/Xcode/DerivedData/ScribbleFit-fdogjjubbltqcsctzflnsjbdahon/Build/Products/Debug-iphoneos/PackageFrameworks -F /Users/george.sigalas/Library/Developer/Xcode/DerivedData/ScribbleFit-fdogjjubbltqcsctzflnsjbdahon/Build/Products/Debug-iphoneos/PackageFrameworks -F /Users/george.sigalas/Library/Developer/Xcode/DerivedData/ScribbleFit-fdogjjubbltqcsctzflnsjbdahon/Build/Products/Debug-iphoneos/PackageFrameworks -F /Users/george.sigalas/Library/Developer/Xcode/DerivedData/ScribbleFit-fdogjjubbltqcsctzflnsjbdahon/Build/Products/Debug-iphoneos/PackageFrameworks -F /Users/george.sigalas/Library/Developer/Xcode/DerivedData/ScribbleFit-fdogjjubbltqcsctzflnsjbdahon/Build/Products/Debug-iphoneos/PackageFrameworks -F /Users/george.sigalas/Library/Developer/Xcode/DerivedData/ScribbleFit-fdogjjubbltqcsctzflnsjbdahon/Build/Products/Debug-iphoneos/PackageFrameworks -F /Users/george.sigalas/Library/Developer/Xcode/DerivedData/ScribbleFit-fdogjjubbltqcsctzflnsjbdahon/Build/Products/Debug-iphoneos/PackageFrameworks -F /Users/george.sigalas/Library/Developer/Xcode/DerivedData/ScribbleFit-fdogjjubbltqcsctzflnsjbdahon/Build/Products/Debug-iphoneos/PackageFrameworks -F /Users/george.sigalas/Library/Developer/Xcode/DerivedData/ScribbleFit-fdogjjubbltqcsctzflnsjbdahon/Build/Products/Debug-iphoneos/PackageFrameworks -F /Users/george.sigalas/Library/Developer/Xcode/DerivedData/ScribbleFit-fdogjjubbltqcsctzflnsjbdahon/Build/Products/Debug-iphoneos/PackageFrameworks -F /Users/george.sigalas/Library/Developer/Xcode/DerivedData/ScribbleFit-fdogjjubbltqcsctzflnsjbdahon/Build/Products/Debug-iphoneos/PackageFrameworks -F /Users/george.sigalas/Library/Developer/Xcode/DerivedData/ScribbleFit-fdogjjubbltqcsctzflnsjbdahon/Build/Products/Debug-iphoneos/PackageFrameworks -F /Users/george.sigalas/Library/Developer/Xcode/DerivedData/ScribbleFit-fdogjjubbltqcsctzflnsjbdahon/Build/Products/Debug-iphoneos/PackageFrameworks -F /Users/george.sigalas/Library/Developer/Xcode/DerivedData/ScribbleFit-fdogjjubbltqcsctzflnsjbdahon/Build/Products/Debug-iphoneos/PackageFrameworks -F /Users/george.sigalas/Library/Developer/Xcode/DerivedData/ScribbleFit-fdogjjubbltqcsctzflnsjbdahon/Build/Products/Debug-iphoneos/PackageFrameworks -F /Users/george.sigalas/Library/Developer/Xcode/DerivedData/ScribbleFit-fdogjjubbltqcsctzflnsjbdahon/Build/Products/Debug-iphoneos/PackageFrameworks -F /Users/george.sigalas/Library/Developer/Xcode/DerivedData/ScribbleFit-fdogjjubbltqcsctzflnsjbdahon/Build/Products/Debug-iphoneos/PackageFrameworks -F /Users/george.sigalas/Library/Developer/Xcode/DerivedData/ScribbleFit-fdogjjubbltqcsctzflnsjbdahon/Build/Products/Debug-iphoneos/PackageFrameworks -F /Users/george.sigalas/Library/Developer/Xcode/DerivedData/ScribbleFit-fdogjjubbltqcsctzflnsjbdahon/Build/Products/Debug-iphoneos/PackageFrameworks -F /Users/george.sigalas/Library/Developer/Xcode/DerivedData/ScribbleFit-fdogjjubbltqcsctzflnsjbdahon/Build/Products/Debug-iphoneos/PackageFrameworks -F /Users/george.sigalas/Library/Developer/Xcode/DerivedData/ScribbleFit-fdogjjubbltqcsctzflnsjbdahon/Build/Products/Debug-iphoneos/PackageFrameworks -F /Users/george.sigalas/Library/Developer/Xcode/DerivedData/ScribbleFit-fdogjjubbltqcsctzflnsjbdahon/Build/Products/Debug-iphoneos/PackageFrameworks -F /Users/george.sigalas/Library/Developer/Xcode/DerivedData/ScribbleFit-fdogjjubbltqcsctzflnsjbdahon/Build/Products/Debug-iphoneos/PackageFrameworks -F /Users/george.sigalas/Library/Developer/Xcode/DerivedData/ScribbleFit-fdogjjubbltqcsctzflnsjbdahon/Build/Products/Debug-iphoneos -F /Applications/Xcode.app/Contents/Developer/Platforms/iPhoneOS.platform/Developer/Library/Frameworks -F /Applications/Xcode.app/Contents/Developer/Platforms/iPhoneOS.platform/Developer/SDKs/iPhoneOS26.4.sdk/Developer/Library/Frameworks -c -j14 -enable-batch-mode -incremental -Xcc -ivfsstatcache -Xcc /Users/george.sigalas/Library/Developer/Xcode/DerivedData/SDKStatCaches.noindex/iphoneos26.4-23E252-68a138bb55de9ba35ce6c8c40d12849e.sdkstatcache -output-file-map /Users/george.sigalas/Library/Developer/Xcode/DerivedData/ScribbleFit-fdogjjubbltqcsctzflnsjbdahon/Build/Intermediates.noindex/FeatureScribble.build/Debug-iphoneos/FeatureScribble.build/Objects-normal/arm64/FeatureScribble-OutputFileMap.json -use-frontend-parseable-output -save-temps -no-color-diagnostics -explicit-module-build -module-cache-path /Users/george.sigalas/Library/Developer/Xcode/DerivedData/ScribbleFit-fdogjjubbltqcsctzflnsjbdahon/Build/Intermediates.noindex/SwiftExplicitPrecompiledModules -clang-scanner-module-cache-path /Users/george.sigalas/Library/Developer/Xcode/DerivedData/ModuleCache.noindex -sdk-module-cache-path /Users/george.sigalas/Library/Developer/Xcode/DerivedData/ModuleCache.noindex -serialize-diagnostics -emit-dependencies -emit-module -emit-module-path /Users/george.sigalas/Library/Developer/Xcode/DerivedData/ScribbleFit-fdogjjubbltqcsctzflnsjbdahon/Build/Intermediates.noindex/FeatureScribble.build/Debug-iphoneos/FeatureScribble.build/Objects-normal/arm64/FeatureScribble.swiftmodule -validate-clang-modules-once -clang-build-session-file /Users/george.sigalas/Library/Developer/Xcode/DerivedData/ModuleCache.noindex/Session.modulevalidation -package-name featurescribble -Xcc -I/Users/george.sigalas/Library/Developer/Xcode/DerivedData/ScribbleFit-fdogjjubbltqcsctzflnsjbdahon/Build/Intermediates.noindex/FeatureScribble.build/Debug-iphoneos/FeatureScribble.build/swift-overrides.hmap -emit-const-values -Xfrontend -const-gather-protocols-file -Xfrontend /Users/george.sigalas/Library/Developer/Xcode/DerivedData/ScribbleFit-fdogjjubbltqcsctzflnsjbdahon/Build/Intermediates.noindex/FeatureScribble.build/Debug-iphoneos/FeatureScribble.build/Objects-normal/arm64/FeatureScribble_const_extract_protocols.json -Xcc -I/Users/george.sigalas/Library/Developer/Xcode/DerivedData/ScribbleFit-fdogjjubbltqcsctzflnsjbdahon/SourcePackages/checkouts/promises/Sources/FBLPromises/include -Xcc -I/Users/george.sigalas/Library/Developer/Xcode/DerivedData/ScribbleFit-fdogjjubbltqcsctzflnsjbdahon/SourcePackages/checkouts/app-check/AppCheckCore/Sources/Public -Xcc -I/Users/george.sigalas/Library/Developer/Xcode/DerivedData/ScribbleFit-fdogjjubbltqcsctzflnsjbdahon/SourcePackages/checkouts/GoogleUtilities/GoogleUtilities/UserDefaults/Public -Xcc -I/Users/george.sigalas/Library/Developer/Xcode/DerivedData/ScribbleFit-fdogjjubbltqcsctzflnsjbdahon/SourcePackages/checkouts/firebase-ios-sdk/FirebaseAppCheck/Sources/Public -Xcc -I/Users/george.sigalas/Library/Developer/Xcode/DerivedData/ScribbleFit-fdogjjubbltqcsctzflnsjbdahon/SourcePackages/checkouts/interop-ios-for-google-sdks/RecaptchaEnterprise/RecaptchaInterop/Public -Xcc -I/Users/george.sigalas/Library/Developer/Xcode/DerivedData/ScribbleFit-fdogjjubbltqcsctzflnsjbdahon/SourcePackages/checkouts/GoogleUtilities/GoogleUtilities/Network/Public -Xcc -I/Users/george.sigalas/Library/Developer/Xcode/DerivedData/ScribbleFit-fdogjjubbltqcsctzflnsjbdahon/SourcePackages/checkouts/GoogleUtilities/GoogleUtilities/Reachability/Public -Xcc -I/Users/george.sigalas/Library/Developer/Xcode/DerivedData/ScribbleFit-fdogjjubbltqcsctzflnsjbdahon/SourcePackages/checkouts/GoogleUtilities/GoogleUtilities/AppDelegateSwizzler/Public -Xcc -I/Users/george.sigalas/Library/Developer/Xcode/DerivedData/ScribbleFit-fdogjjubbltqcsctzflnsjbdahon/SourcePackages/checkouts/gtm-session-fetcher/Sources/Core/Public -Xcc -I/Users/george.sigalas/Library/Developer/Xcode/DerivedData/ScribbleFit-fdogjjubbltqcsctzflnsjbdahon/SourcePackages/checkouts/firebase-ios-sdk/FirebaseAuth/Sources/Public -Xcc -I/Users/george.sigalas/Library/Developer/Xcode/DerivedData/ScribbleFit-fdogjjubbltqcsctzflnsjbdahon/SourcePackages/checkouts/GoogleUtilities/GoogleUtilities/NSData+zlib/Public -Xcc -I/Users/george.sigalas/Library/Developer/Xcode/DerivedData/ScribbleFit-fdogjjubbltqcsctzflnsjbdahon/SourcePackages/checkouts/GoogleUtilities/GoogleUtilities/Environment/Public -Xcc -I/Users/george.sigalas/Library/Developer/Xcode/DerivedData/ScribbleFit-fdogjjubbltqcsctzflnsjbdahon/SourcePackages/checkouts/GoogleUtilities/third_party/IsAppEncrypted/Public -Xcc -I/Users/george.sigalas/Library/Developer/Xcode/DerivedData/ScribbleFit-fdogjjubbltqcsctzflnsjbdahon/SourcePackages/checkouts/GoogleUtilities/GoogleUtilities/Logger/Public -Xcc -I/Users/george.sigalas/Library/Developer/Xcode/DerivedData/ScribbleFit-fdogjjubbltqcsctzflnsjbdahon/SourcePackages/checkouts/firebase-ios-sdk/FirebaseCore/Extension -Xcc -I/Users/george.sigalas/Library/Developer/Xcode/DerivedData/ScribbleFit-fdogjjubbltqcsctzflnsjbdahon/SourcePackages/checkouts/firebase-ios-sdk/FirebaseCore/Sources/Public -Xcc -I/Users/george.sigalas/Library/Developer/Xcode/DerivedData/ScribbleFit-fdogjjubbltqcsctzflnsjbdahon/SourcePackages/checkouts/firebase-ios-sdk/CoreOnly/Sources -Xcc -I/Users/george.sigalas/Library/Developer/Xcode/DerivedData/ScribbleFit-fdogjjubbltqcsctzflnsjbdahon/SourcePackages/checkouts/firebase-ios-sdk/FirebaseAuth/Interop/Public -Xcc -I/Users/george.sigalas/Library/Developer/Xcode/DerivedData/ScribbleFit-fdogjjubbltqcsctzflnsjbdahon/SourcePackages/checkouts/firebase-ios-sdk/FirebaseAppCheck/Interop/Public -Xcc -I/Users/george.sigalas/Library/Developer/Xcode/DerivedData/ScribbleFit-fdogjjubbltqcsctzflnsjbdahon/Build/Products/Debug-iphoneos/include -Xcc -I/Users/george.sigalas/Library/Developer/Xcode/DerivedData/ScribbleFit-fdogjjubbltqcsctzflnsjbdahon/Build/Intermediates.noindex/FeatureScribble.build/Debug-iphoneos/FeatureScribble.build/DerivedSources-normal/arm64 -Xcc -I/Users/george.sigalas/Library/Developer/Xcode/DerivedData/ScribbleFit-fdogjjubbltqcsctzflnsjbdahon/Build/Intermediates.noindex/FeatureScribble.build/Debug-iphoneos/FeatureScribble.build/DerivedSources/arm64 -Xcc -I/Users/george.sigalas/Library/Developer/Xcode/DerivedData/ScribbleFit-fdogjjubbltqcsctzflnsjbdahon/Build/Intermediates.noindex/FeatureScribble.build/Debug-iphoneos/FeatureScribble.build/DerivedSources -Xcc -DSWIFT_PACKAGE -Xcc -DDEBUG\=1 -emit-objc-header -emit-objc-header-path /Users/george.sigalas/Library/Developer/Xcode/DerivedData/ScribbleFit-fdogjjubbltqcsctzflnsjbdahon/Build/Intermediates.noindex/FeatureScribble.build/Debug-iphoneos/FeatureScribble.build/Objects-normal/arm64/FeatureScribble-Swift.h -working-directory /Users/george.sigalas/AndroidStudioProjects/scribblefit/apps/ios/ScribbleFit/ScribbleFit.xcodeproj -experimental-emit-module-separately -disable-cmo

Ld /Users/george.sigalas/Library/Developer/Xcode/DerivedData/ScribbleFit-fdogjjubbltqcsctzflnsjbdahon/Build/Products/Debug-iphoneos/GoogleUtilities-NSData.o normal (in target 'GoogleUtilities-NSData' from project 'GoogleUtilities')
    cd /Users/george.sigalas/Library/Developer/Xcode/DerivedData/ScribbleFit-fdogjjubbltqcsctzflnsjbdahon/SourcePackages/checkouts/GoogleUtilities
    /Applications/Xcode.app/Contents/Developer/Toolchains/XcodeDefault.xctoolchain/usr/bin/clang -Xlinker -reproducible -target arm64-apple-ios12.0 -r -isysroot /Applications/Xcode.app/Contents/Developer/Platforms/iPhoneOS.platform/Developer/SDKs/iPhoneOS26.4.sdk -O0 -w -F/Users/george.sigalas/Library/Developer/Xcode/DerivedData/ScribbleFit-fdogjjubbltqcsctzflnsjbdahon/Build/Intermediates.noindex/EagerLinkingTBDs/Debug-iphoneos -F/Users/george.sigalas/Library/Developer/Xcode/DerivedData/ScribbleFit-fdogjjubbltqcsctzflnsjbdahon/Build/Products/Debug-iphoneos -iframework /Applications/Xcode.app/Contents/Developer/Platforms/iPhoneOS.platform/Developer/Library/Frameworks -iframework /Applications/Xcode.app/Contents/Developer/Platforms/iPhoneOS.platform/Developer/SDKs/iPhoneOS26.4.sdk/Developer/Library/Frameworks -filelist /Users/george.sigalas/Library/Developer/Xcode/DerivedData/ScribbleFit-fdogjjubbltqcsctzflnsjbdahon/Build/Intermediates.noindex/GoogleUtilities.build/Debug-iphoneos/GoogleUtilities-NSData.build/Objects-normal/arm64/GoogleUtilities-NSData.LinkFileList -nostdlib -Xlinker -object_path_lto -Xlinker /Users/george.sigalas/Library/Developer/Xcode/DerivedData/ScribbleFit-fdogjjubbltqcsctzflnsjbdahon/Build/Intermediates.noindex/GoogleUtilities.build/Debug-iphoneos/GoogleUtilities-NSData.build/Objects-normal/arm64/GoogleUtilities-NSData_lto.o -Xlinker -no_deduplicate -Xlinker -debug_variant -Xlinker -dependency_info -Xlinker /Users/george.sigalas/Library/Developer/Xcode/DerivedData/ScribbleFit-fdogjjubbltqcsctzflnsjbdahon/Build/Intermediates.noindex/GoogleUtilities.build/Debug-iphoneos/GoogleUtilities-NSData.build/Objects-normal/arm64/GoogleUtilities-NSData_dependency_info.dat -fobjc-arc -fobjc-link-runtime -o /Users/george.sigalas/Library/Developer/Xcode/DerivedData/ScribbleFit-fdogjjubbltqcsctzflnsjbdahon/Build/Products/Debug-iphoneos/GoogleUtilities-NSData.o

Ld /Users/george.sigalas/Library/Developer/Xcode/DerivedData/ScribbleFit-fdogjjubbltqcsctzflnsjbdahon/Build/Products/Debug-iphoneos/CoreModel.o normal (in target 'CoreModel' from project 'CoreModel')
    cd /Users/george.sigalas/AndroidStudioProjects/scribblefit/apps/ios/ScribbleFit/LocalPackages/Core/CoreModel
    /Applications/Xcode.app/Contents/Developer/Toolchains/XcodeDefault.xctoolchain/usr/bin/clang -Xlinker -reproducible -target arm64-apple-ios17.0 -r -isysroot /Applications/Xcode.app/Contents/Developer/Platforms/iPhoneOS.platform/Developer/SDKs/iPhoneOS26.4.sdk -O0 -w -F/Users/george.sigalas/Library/Developer/Xcode/DerivedData/ScribbleFit-fdogjjubbltqcsctzflnsjbdahon/Build/Intermediates.noindex/EagerLinkingTBDs/Debug-iphoneos -F/Users/george.sigalas/Library/Developer/Xcode/DerivedData/ScribbleFit-fdogjjubbltqcsctzflnsjbdahon/Build/Products/Debug-iphoneos -iframework /Applications/Xcode.app/Contents/Developer/Platforms/iPhoneOS.platform/Developer/Library/Frameworks -iframework /Applications/Xcode.app/Contents/Developer/Platforms/iPhoneOS.platform/Developer/SDKs/iPhoneOS26.4.sdk/Developer/Library/Frameworks -filelist /Users/george.sigalas/Library/Developer/Xcode/DerivedData/ScribbleFit-fdogjjubbltqcsctzflnsjbdahon/Build/Intermediates.noindex/CoreModel.build/Debug-iphoneos/CoreModel.build/Objects-normal/arm64/CoreModel.LinkFileList -nostdlib -Xlinker -object_path_lto -Xlinker /Users/george.sigalas/Library/Developer/Xcode/DerivedData/ScribbleFit-fdogjjubbltqcsctzflnsjbdahon/Build/Intermediates.noindex/CoreModel.build/Debug-iphoneos/CoreModel.build/Objects-normal/arm64/CoreModel_lto.o -Xlinker -no_deduplicate -Xlinker -debug_variant -Xlinker -dependency_info -Xlinker /Users/george.sigalas/Library/Developer/Xcode/DerivedData/ScribbleFit-fdogjjubbltqcsctzflnsjbdahon/Build/Intermediates.noindex/CoreModel.build/Debug-iphoneos/CoreModel.build/Objects-normal/arm64/CoreModel_dependency_info.dat -fobjc-link-runtime -L/Applications/Xcode.app/Contents/Developer/Toolchains/XcodeDefault.xctoolchain/usr/lib/swift/iphoneos -L/usr/lib/swift -Xlinker -add_ast_path -Xlinker /Users/george.sigalas/Library/Developer/Xcode/DerivedData/ScribbleFit-fdogjjubbltqcsctzflnsjbdahon/Build/Intermediates.noindex/CoreModel.build/Debug-iphoneos/CoreModel.build/Objects-normal/arm64/CoreModel.swiftmodule @/Users/george.sigalas/Library/Developer/Xcode/DerivedData/ScribbleFit-fdogjjubbltqcsctzflnsjbdahon/Build/Intermediates.noindex/CoreModel.build/Debug-iphoneos/CoreModel.build/Objects-normal/arm64/CoreModel-linker-args.resp -o /Users/george.sigalas/Library/Developer/Xcode/DerivedData/ScribbleFit-fdogjjubbltqcsctzflnsjbdahon/Build/Products/Debug-iphoneos/CoreModel.o

Ld /Users/george.sigalas/Library/Developer/Xcode/DerivedData/ScribbleFit-fdogjjubbltqcsctzflnsjbdahon/Build/Products/Debug-iphoneos/CoreCommon.o normal (in target 'CoreCommon' from project 'CoreCommon')
    cd /Users/george.sigalas/AndroidStudioProjects/scribblefit/apps/ios/ScribbleFit/LocalPackages/Core/CoreCommon
    /Applications/Xcode.app/Contents/Developer/Toolchains/XcodeDefault.xctoolchain/usr/bin/clang -Xlinker -reproducible -target arm64-apple-ios17.0 -r -isysroot /Applications/Xcode.app/Contents/Developer/Platforms/iPhoneOS.platform/Developer/SDKs/iPhoneOS26.4.sdk -O0 -w -F/Users/george.sigalas/Library/Developer/Xcode/DerivedData/ScribbleFit-fdogjjubbltqcsctzflnsjbdahon/Build/Intermediates.noindex/EagerLinkingTBDs/Debug-iphoneos -F/Users/george.sigalas/Library/Developer/Xcode/DerivedData/ScribbleFit-fdogjjubbltqcsctzflnsjbdahon/Build/Products/Debug-iphoneos -iframework /Applications/Xcode.app/Contents/Developer/Platforms/iPhoneOS.platform/Developer/Library/Frameworks -iframework /Applications/Xcode.app/Contents/Developer/Platforms/iPhoneOS.platform/Developer/SDKs/iPhoneOS26.4.sdk/Developer/Library/Frameworks -filelist /Users/george.sigalas/Library/Developer/Xcode/DerivedData/ScribbleFit-fdogjjubbltqcsctzflnsjbdahon/Build/Intermediates.noindex/CoreCommon.build/Debug-iphoneos/CoreCommon.build/Objects-normal/arm64/CoreCommon.LinkFileList -nostdlib -Xlinker -object_path_lto -Xlinker /Users/george.sigalas/Library/Developer/Xcode/DerivedData/ScribbleFit-fdogjjubbltqcsctzflnsjbdahon/Build/Intermediates.noindex/CoreCommon.build/Debug-iphoneos/CoreCommon.build/Objects-normal/arm64/CoreCommon_lto.o -Xlinker -no_deduplicate -Xlinker -debug_variant -Xlinker -dependency_info -Xlinker /Users/george.sigalas/Library/Developer/Xcode/DerivedData/ScribbleFit-fdogjjubbltqcsctzflnsjbdahon/Build/Intermediates.noindex/CoreCommon.build/Debug-iphoneos/CoreCommon.build/Objects-normal/arm64/CoreCommon_dependency_info.dat -fobjc-link-runtime -L/Applications/Xcode.app/Contents/Developer/Toolchains/XcodeDefault.xctoolchain/usr/lib/swift/iphoneos -L/usr/lib/swift -Xlinker -add_ast_path -Xlinker /Users/george.sigalas/Library/Developer/Xcode/DerivedData/ScribbleFit-fdogjjubbltqcsctzflnsjbdahon/Build/Intermediates.noindex/CoreCommon.build/Debug-iphoneos/CoreCommon.build/Objects-normal/arm64/CoreCommon.swiftmodule @/Users/george.sigalas/Library/Developer/Xcode/DerivedData/ScribbleFit-fdogjjubbltqcsctzflnsjbdahon/Build/Intermediates.noindex/CoreCommon.build/Debug-iphoneos/CoreCommon.build/Objects-normal/arm64/CoreCommon-linker-args.resp -o /Users/george.sigalas/Library/Developer/Xcode/DerivedData/ScribbleFit-fdogjjubbltqcsctzflnsjbdahon/Build/Products/Debug-iphoneos/CoreCommon.o

ProcessInfoPlistFile /Users/george.sigalas/Library/Developer/Xcode/DerivedData/ScribbleFit-fdogjjubbltqcsctzflnsjbdahon/Build/Products/Debug-iphoneos/Firebase_FirebaseCoreInternal.bundle/Info.plist /Users/george.sigalas/Library/Developer/Xcode/DerivedData/ScribbleFit-fdogjjubbltqcsctzflnsjbdahon/Build/Intermediates.noindex/Firebase.build/Debug-iphoneos/Firebase_FirebaseCoreInternal.build/empty-Firebase_FirebaseCoreInternal.plist (in target 'Firebase_FirebaseCoreInternal' from project 'Firebase')
    cd /Users/george.sigalas/Library/Developer/Xcode/DerivedData/ScribbleFit-fdogjjubbltqcsctzflnsjbdahon/SourcePackages/checkouts/firebase-ios-sdk
    builtin-infoPlistUtility /Users/george.sigalas/Library/Developer/Xcode/DerivedData/ScribbleFit-fdogjjubbltqcsctzflnsjbdahon/Build/Intermediates.noindex/Firebase.build/Debug-iphoneos/Firebase_FirebaseCoreInternal.build/empty-Firebase_FirebaseCoreInternal.plist -producttype com.apple.product-type.bundle -expandbuildsettings -format binary -platform iphoneos -requiredArchitecture arm64 -o /Users/george.sigalas/Library/Developer/Xcode/DerivedData/ScribbleFit-fdogjjubbltqcsctzflnsjbdahon/Build/Products/Debug-iphoneos/Firebase_FirebaseCoreInternal.bundle/Info.plist

ProcessInfoPlistFile /Users/george.sigalas/Library/Developer/Xcode/DerivedData/ScribbleFit-fdogjjubbltqcsctzflnsjbdahon/Build/Products/Debug-iphoneos/Firebase_FirebaseCoreExtension.bundle/Info.plist /Users/george.sigalas/Library/Developer/Xcode/DerivedData/ScribbleFit-fdogjjubbltqcsctzflnsjbdahon/Build/Intermediates.noindex/Firebase.build/Debug-iphoneos/Firebase_FirebaseCoreExtension.build/empty-Firebase_FirebaseCoreExtension.plist (in target 'Firebase_FirebaseCoreExtension' from project 'Firebase')
    cd /Users/george.sigalas/Library/Developer/Xcode/DerivedData/ScribbleFit-fdogjjubbltqcsctzflnsjbdahon/SourcePackages/checkouts/firebase-ios-sdk
    builtin-infoPlistUtility /Users/george.sigalas/Library/Developer/Xcode/DerivedData/ScribbleFit-fdogjjubbltqcsctzflnsjbdahon/Build/Intermediates.noindex/Firebase.build/Debug-iphoneos/Firebase_FirebaseCoreExtension.build/empty-Firebase_FirebaseCoreExtension.plist -producttype com.apple.product-type.bundle -expandbuildsettings -format binary -platform iphoneos -requiredArchitecture arm64 -o /Users/george.sigalas/Library/Developer/Xcode/DerivedData/ScribbleFit-fdogjjubbltqcsctzflnsjbdahon/Build/Products/Debug-iphoneos/Firebase_FirebaseCoreExtension.bundle/Info.plist

CompileAssetCatalogVariant thinned /Users/george.sigalas/Library/Developer/Xcode/DerivedData/ScribbleFit-fdogjjubbltqcsctzflnsjbdahon/Build/Products/Debug-iphoneos/CoreDesignSystem_CoreDesignSystem.bundle /Users/george.sigalas/AndroidStudioProjects/scribblefit/apps/ios/ScribbleFit/LocalPackages/Core/CoreDesignSystem/Sources/CoreDesignSystem/Resources/Assets.xcassets (in target 'CoreDesignSystem_CoreDesignSystem' from project 'CoreDesignSystem')
    cd /Users/george.sigalas/AndroidStudioProjects/scribblefit/apps/ios/ScribbleFit/LocalPackages/Core/CoreDesignSystem
    /Applications/Xcode.app/Contents/Developer/usr/bin/actool /Users/george.sigalas/AndroidStudioProjects/scribblefit/apps/ios/ScribbleFit/LocalPackages/Core/CoreDesignSystem/Sources/CoreDesignSystem/Resources/Assets.xcassets --compile /Users/george.sigalas/Library/Developer/Xcode/DerivedData/ScribbleFit-fdogjjubbltqcsctzflnsjbdahon/Build/Intermediates.noindex/CoreDesignSystem.build/Debug-iphoneos/CoreDesignSystem_CoreDesignSystem.build/assetcatalog_output/thinned --output-format human-readable-text --notices --warnings --export-dependency-info /Users/george.sigalas/Library/Developer/Xcode/DerivedData/ScribbleFit-fdogjjubbltqcsctzflnsjbdahon/Build/Intermediates.noindex/CoreDesignSystem.build/Debug-iphoneos/CoreDesignSystem_CoreDesignSystem.build/assetcatalog_dependencies_thinned --output-partial-info-plist /Users/george.sigalas/Library/Developer/Xcode/DerivedData/ScribbleFit-fdogjjubbltqcsctzflnsjbdahon/Build/Intermediates.noindex/CoreDesignSystem.build/Debug-iphoneos/CoreDesignSystem_CoreDesignSystem.build/assetcatalog_generated_info.plist_thinned --compress-pngs --enable-on-demand-resources NO --development-region en --target-device iphone --target-device ipad --minimum-deployment-target 17.0 --platform iphoneos
CoreGraphics PDF has logged an error. Set environment variable "CG_PDF_VERBOSE" to learn more.
/* com.apple.actool.document.warnings */
/Users/george.sigalas/AndroidStudioProjects/scribblefit/apps/ios/ScribbleFit/LocalPackages/Core/CoreDesignSystem/Sources/CoreDesignSystem/Resources/Assets.xcassets:./AppIcon.appiconset/[ios][universal][1024x1024][][][][][][][]: warning: The app icon set "AppIcon" references a file "appicon.svg", but that file does not have a valid extension.
/Users/george.sigalas/AndroidStudioProjects/scribblefit/apps/ios/ScribbleFit/LocalPackages/Core/CoreDesignSystem/Sources/CoreDesignSystem/Resources/Assets.xcassets:./AppIcon.appiconset/[ios][universal][1024x1024][][][][][][][]: warning: The app icon set "AppIcon" references a file "appicon.svg", but that file does not have a valid extension.
/* com.apple.actool.compilation-results */
/Users/george.sigalas/Library/Developer/Xcode/DerivedData/ScribbleFit-fdogjjubbltqcsctzflnsjbdahon/Build/Intermediates.noindex/CoreDesignSystem.build/Debug-iphoneos/CoreDesignSystem_CoreDesignSystem.build/assetcatalog_generated_info.plist_thinned
/Users/george.sigalas/Library/Developer/Xcode/DerivedData/ScribbleFit-fdogjjubbltqcsctzflnsjbdahon/Build/Intermediates.noindex/CoreDesignSystem.build/Debug-iphoneos/CoreDesignSystem_CoreDesignSystem.build/assetcatalog_output/thinned/Assets.car


Ld /Users/george.sigalas/Library/Developer/Xcode/DerivedData/ScribbleFit-fdogjjubbltqcsctzflnsjbdahon/Build/Products/Debug-iphoneos/FBLPromises.o normal (in target 'FBLPromises' from project 'Promises')
    cd /Users/george.sigalas/Library/Developer/Xcode/DerivedData/ScribbleFit-fdogjjubbltqcsctzflnsjbdahon/SourcePackages/checkouts/promises
    /Applications/Xcode.app/Contents/Developer/Toolchains/XcodeDefault.xctoolchain/usr/bin/clang -Xlinker -reproducible -target arm64-apple-ios12.0 -r -isysroot /Applications/Xcode.app/Contents/Developer/Platforms/iPhoneOS.platform/Developer/SDKs/iPhoneOS26.4.sdk -O0 -w -F/Users/george.sigalas/Library/Developer/Xcode/DerivedData/ScribbleFit-fdogjjubbltqcsctzflnsjbdahon/Build/Intermediates.noindex/EagerLinkingTBDs/Debug-iphoneos -F/Users/george.sigalas/Library/Developer/Xcode/DerivedData/ScribbleFit-fdogjjubbltqcsctzflnsjbdahon/Build/Products/Debug-iphoneos -iframework /Applications/Xcode.app/Contents/Developer/Platforms/iPhoneOS.platform/Developer/Library/Frameworks -iframework /Applications/Xcode.app/Contents/Developer/Platforms/iPhoneOS.platform/Developer/SDKs/iPhoneOS26.4.sdk/Developer/Library/Frameworks -filelist /Users/george.sigalas/Library/Developer/Xcode/DerivedData/ScribbleFit-fdogjjubbltqcsctzflnsjbdahon/Build/Intermediates.noindex/Promises.build/Debug-iphoneos/FBLPromises.build/Objects-normal/arm64/FBLPromises.LinkFileList -nostdlib -Xlinker -object_path_lto -Xlinker /Users/george.sigalas/Library/Developer/Xcode/DerivedData/ScribbleFit-fdogjjubbltqcsctzflnsjbdahon/Build/Intermediates.noindex/Promises.build/Debug-iphoneos/FBLPromises.build/Objects-normal/arm64/FBLPromises_lto.o -Xlinker -no_deduplicate -Xlinker -debug_variant -Xlinker -dependency_info -Xlinker /Users/george.sigalas/Library/Developer/Xcode/DerivedData/ScribbleFit-fdogjjubbltqcsctzflnsjbdahon/Build/Intermediates.noindex/Promises.build/Debug-iphoneos/FBLPromises.build/Objects-normal/arm64/FBLPromises_dependency_info.dat -fobjc-arc -fobjc-link-runtime -o /Users/george.sigalas/Library/Developer/Xcode/DerivedData/ScribbleFit-fdogjjubbltqcsctzflnsjbdahon/Build/Products/Debug-iphoneos/FBLPromises.o

Ld /Users/george.sigalas/Library/Developer/Xcode/DerivedData/ScribbleFit-fdogjjubbltqcsctzflnsjbdahon/Build/Products/Debug-iphoneos/FirebaseCoreExtension.o normal (in target 'FirebaseCoreExtension' from project 'Firebase')
    cd /Users/george.sigalas/Library/Developer/Xcode/DerivedData/ScribbleFit-fdogjjubbltqcsctzflnsjbdahon/SourcePackages/checkouts/firebase-ios-sdk
    /Applications/Xcode.app/Contents/Developer/Toolchains/XcodeDefault.xctoolchain/usr/bin/clang -Xlinker -reproducible -target arm64-apple-ios15.0 -r -isysroot /Applications/Xcode.app/Contents/Developer/Platforms/iPhoneOS.platform/Developer/SDKs/iPhoneOS26.4.sdk -O0 -w -F/Users/george.sigalas/Library/Developer/Xcode/DerivedData/ScribbleFit-fdogjjubbltqcsctzflnsjbdahon/Build/Intermediates.noindex/EagerLinkingTBDs/Debug-iphoneos -F/Users/george.sigalas/Library/Developer/Xcode/DerivedData/ScribbleFit-fdogjjubbltqcsctzflnsjbdahon/Build/Products/Debug-iphoneos -iframework /Applications/Xcode.app/Contents/Developer/Platforms/iPhoneOS.platform/Developer/Library/Frameworks -iframework /Applications/Xcode.app/Contents/Developer/Platforms/iPhoneOS.platform/Developer/SDKs/iPhoneOS26.4.sdk/Developer/Library/Frameworks -filelist /Users/george.sigalas/Library/Developer/Xcode/DerivedData/ScribbleFit-fdogjjubbltqcsctzflnsjbdahon/Build/Intermediates.noindex/Firebase.build/Debug-iphoneos/FirebaseCoreExtension.build/Objects-normal/arm64/FirebaseCoreExtension.LinkFileList -nostdlib -Xlinker -object_path_lto -Xlinker /Users/george.sigalas/Library/Developer/Xcode/DerivedData/ScribbleFit-fdogjjubbltqcsctzflnsjbdahon/Build/Intermediates.noindex/Firebase.build/Debug-iphoneos/FirebaseCoreExtension.build/Objects-normal/arm64/FirebaseCoreExtension_lto.o -Xlinker -no_deduplicate -Xlinker -debug_variant -Xlinker -dependency_info -Xlinker /Users/george.sigalas/Library/Developer/Xcode/DerivedData/ScribbleFit-fdogjjubbltqcsctzflnsjbdahon/Build/Intermediates.noindex/Firebase.build/Debug-iphoneos/FirebaseCoreExtension.build/Objects-normal/arm64/FirebaseCoreExtension_dependency_info.dat -fobjc-arc -fobjc-link-runtime -o /Users/george.sigalas/Library/Developer/Xcode/DerivedData/ScribbleFit-fdogjjubbltqcsctzflnsjbdahon/Build/Products/Debug-iphoneos/FirebaseCoreExtension.o

RegisterExecutionPolicyException /Users/george.sigalas/Library/Developer/Xcode/DerivedData/ScribbleFit-fdogjjubbltqcsctzflnsjbdahon/Build/Products/Debug-iphoneos/RecaptchaInterop.o (in target 'RecaptchaInterop' from project 'InteropForGoogle')
    cd /Users/george.sigalas/Library/Developer/Xcode/DerivedData/ScribbleFit-fdogjjubbltqcsctzflnsjbdahon/SourcePackages/checkouts/interop-ios-for-google-sdks
    builtin-RegisterExecutionPolicyException /Users/george.sigalas/Library/Developer/Xcode/DerivedData/ScribbleFit-fdogjjubbltqcsctzflnsjbdahon/Build/Products/Debug-iphoneos/RecaptchaInterop.o

RegisterExecutionPolicyException /Users/george.sigalas/Library/Developer/Xcode/DerivedData/ScribbleFit-fdogjjubbltqcsctzflnsjbdahon/Build/Products/Debug-iphoneos/third-party-IsAppEncrypted.o (in target 'third-party-IsAppEncrypted' from project 'GoogleUtilities')
    cd /Users/george.sigalas/Library/Developer/Xcode/DerivedData/ScribbleFit-fdogjjubbltqcsctzflnsjbdahon/SourcePackages/checkouts/GoogleUtilities
    builtin-RegisterExecutionPolicyException /Users/george.sigalas/Library/Developer/Xcode/DerivedData/ScribbleFit-fdogjjubbltqcsctzflnsjbdahon/Build/Products/Debug-iphoneos/third-party-IsAppEncrypted.o

Ld /Users/george.sigalas/Library/Developer/Xcode/DerivedData/ScribbleFit-fdogjjubbltqcsctzflnsjbdahon/Build/Products/Debug-iphoneos/FirebaseAuthInternal.o normal (in target 'FirebaseAuthInternal' from project 'Firebase')
    cd /Users/george.sigalas/Library/Developer/Xcode/DerivedData/ScribbleFit-fdogjjubbltqcsctzflnsjbdahon/SourcePackages/checkouts/firebase-ios-sdk
    /Applications/Xcode.app/Contents/Developer/Toolchains/XcodeDefault.xctoolchain/usr/bin/clang -Xlinker -reproducible -target arm64-apple-ios15.0 -r -isysroot /Applications/Xcode.app/Contents/Developer/Platforms/iPhoneOS.platform/Developer/SDKs/iPhoneOS26.4.sdk -O0 -w -F/Users/george.sigalas/Library/Developer/Xcode/DerivedData/ScribbleFit-fdogjjubbltqcsctzflnsjbdahon/Build/Intermediates.noindex/EagerLinkingTBDs/Debug-iphoneos -F/Users/george.sigalas/Library/Developer/Xcode/DerivedData/ScribbleFit-fdogjjubbltqcsctzflnsjbdahon/Build/Products/Debug-iphoneos/PackageFrameworks -F/Users/george.sigalas/Library/Developer/Xcode/DerivedData/ScribbleFit-fdogjjubbltqcsctzflnsjbdahon/Build/Products/Debug-iphoneos -iframework /Applications/Xcode.app/Contents/Developer/Platforms/iPhoneOS.platform/Developer/Library/Frameworks -iframework /Applications/Xcode.app/Contents/Developer/Platforms/iPhoneOS.platform/Developer/SDKs/iPhoneOS26.4.sdk/Developer/Library/Frameworks -filelist /Users/george.sigalas/Library/Developer/Xcode/DerivedData/ScribbleFit-fdogjjubbltqcsctzflnsjbdahon/Build/Intermediates.noindex/Firebase.build/Debug-iphoneos/FirebaseAuthInternal.build/Objects-normal/arm64/FirebaseAuthInternal.LinkFileList -nostdlib -Xlinker -object_path_lto -Xlinker /Users/george.sigalas/Library/Developer/Xcode/DerivedData/ScribbleFit-fdogjjubbltqcsctzflnsjbdahon/Build/Intermediates.noindex/Firebase.build/Debug-iphoneos/FirebaseAuthInternal.build/Objects-normal/arm64/FirebaseAuthInternal_lto.o -Xlinker -no_deduplicate -Xlinker -debug_variant -Xlinker -dependency_info -Xlinker /Users/george.sigalas/Library/Developer/Xcode/DerivedData/ScribbleFit-fdogjjubbltqcsctzflnsjbdahon/Build/Intermediates.noindex/Firebase.build/Debug-iphoneos/FirebaseAuthInternal.build/Objects-normal/arm64/FirebaseAuthInternal_dependency_info.dat -fobjc-arc -fobjc-link-runtime -o /Users/george.sigalas/Library/Developer/Xcode/DerivedData/ScribbleFit-fdogjjubbltqcsctzflnsjbdahon/Build/Products/Debug-iphoneos/FirebaseAuthInternal.o

Ld /Users/george.sigalas/Library/Developer/Xcode/DerivedData/ScribbleFit-fdogjjubbltqcsctzflnsjbdahon/Build/Products/Debug-iphoneos/GoogleUtilities-Environment.o normal (in target 'GoogleUtilities-Environment' from project 'GoogleUtilities')
    cd /Users/george.sigalas/Library/Developer/Xcode/DerivedData/ScribbleFit-fdogjjubbltqcsctzflnsjbdahon/SourcePackages/checkouts/GoogleUtilities
    /Applications/Xcode.app/Contents/Developer/Toolchains/XcodeDefault.xctoolchain/usr/bin/clang -Xlinker -reproducible -target arm64-apple-ios12.0 -r -isysroot /Applications/Xcode.app/Contents/Developer/Platforms/iPhoneOS.platform/Developer/SDKs/iPhoneOS26.4.sdk -O0 -w -F/Users/george.sigalas/Library/Developer/Xcode/DerivedData/ScribbleFit-fdogjjubbltqcsctzflnsjbdahon/Build/Intermediates.noindex/EagerLinkingTBDs/Debug-iphoneos -F/Users/george.sigalas/Library/Developer/Xcode/DerivedData/ScribbleFit-fdogjjubbltqcsctzflnsjbdahon/Build/Products/Debug-iphoneos/PackageFrameworks -F/Users/george.sigalas/Library/Developer/Xcode/DerivedData/ScribbleFit-fdogjjubbltqcsctzflnsjbdahon/Build/Products/Debug-iphoneos -iframework /Applications/Xcode.app/Contents/Developer/Platforms/iPhoneOS.platform/Developer/Library/Frameworks -iframework /Applications/Xcode.app/Contents/Developer/Platforms/iPhoneOS.platform/Developer/SDKs/iPhoneOS26.4.sdk/Developer/Library/Frameworks -filelist /Users/george.sigalas/Library/Developer/Xcode/DerivedData/ScribbleFit-fdogjjubbltqcsctzflnsjbdahon/Build/Intermediates.noindex/GoogleUtilities.build/Debug-iphoneos/GoogleUtilities-Environment.build/Objects-normal/arm64/GoogleUtilities-Environment.LinkFileList -nostdlib -Xlinker -object_path_lto -Xlinker /Users/george.sigalas/Library/Developer/Xcode/DerivedData/ScribbleFit-fdogjjubbltqcsctzflnsjbdahon/Build/Intermediates.noindex/GoogleUtilities.build/Debug-iphoneos/GoogleUtilities-Environment.build/Objects-normal/arm64/GoogleUtilities-Environment_lto.o -Xlinker -no_deduplicate -Xlinker -debug_variant -Xlinker -dependency_info -Xlinker /Users/george.sigalas/Library/Developer/Xcode/DerivedData/ScribbleFit-fdogjjubbltqcsctzflnsjbdahon/Build/Intermediates.noindex/GoogleUtilities.build/Debug-iphoneos/GoogleUtilities-Environment.build/Objects-normal/arm64/GoogleUtilities-Environment_dependency_info.dat -fobjc-arc -fobjc-link-runtime -o /Users/george.sigalas/Library/Developer/Xcode/DerivedData/ScribbleFit-fdogjjubbltqcsctzflnsjbdahon/Build/Products/Debug-iphoneos/GoogleUtilities-Environment.o

RegisterExecutionPolicyException /Users/george.sigalas/Library/Developer/Xcode/DerivedData/ScribbleFit-fdogjjubbltqcsctzflnsjbdahon/Build/Products/Debug-iphoneos/FirebaseAppCheckInterop.o (in target 'FirebaseAppCheckInterop' from project 'Firebase')
    cd /Users/george.sigalas/Library/Developer/Xcode/DerivedData/ScribbleFit-fdogjjubbltqcsctzflnsjbdahon/SourcePackages/checkouts/firebase-ios-sdk
    builtin-RegisterExecutionPolicyException /Users/george.sigalas/Library/Developer/Xcode/DerivedData/ScribbleFit-fdogjjubbltqcsctzflnsjbdahon/Build/Products/Debug-iphoneos/FirebaseAppCheckInterop.o

RegisterExecutionPolicyException /Users/george.sigalas/Library/Developer/Xcode/DerivedData/ScribbleFit-fdogjjubbltqcsctzflnsjbdahon/Build/Products/Debug-iphoneos/Firebase.o (in target 'Firebase' from project 'Firebase')
    cd /Users/george.sigalas/Library/Developer/Xcode/DerivedData/ScribbleFit-fdogjjubbltqcsctzflnsjbdahon/SourcePackages/checkouts/firebase-ios-sdk
    builtin-RegisterExecutionPolicyException /Users/george.sigalas/Library/Developer/Xcode/DerivedData/ScribbleFit-fdogjjubbltqcsctzflnsjbdahon/Build/Products/Debug-iphoneos/Firebase.o

RegisterExecutionPolicyException /Users/george.sigalas/Library/Developer/Xcode/DerivedData/ScribbleFit-fdogjjubbltqcsctzflnsjbdahon/Build/Products/Debug-iphoneos/FirebaseAuthInterop.o (in target 'FirebaseAuthInterop' from project 'Firebase')
    cd /Users/george.sigalas/Library/Developer/Xcode/DerivedData/ScribbleFit-fdogjjubbltqcsctzflnsjbdahon/SourcePackages/checkouts/firebase-ios-sdk
    builtin-RegisterExecutionPolicyException /Users/george.sigalas/Library/Developer/Xcode/DerivedData/ScribbleFit-fdogjjubbltqcsctzflnsjbdahon/Build/Products/Debug-iphoneos/FirebaseAuthInterop.o

RegisterExecutionPolicyException /Users/george.sigalas/Library/Developer/Xcode/DerivedData/ScribbleFit-fdogjjubbltqcsctzflnsjbdahon/Build/Products/Debug-iphoneos/GoogleUtilities-NSData.o (in target 'GoogleUtilities-NSData' from project 'GoogleUtilities')
    cd /Users/george.sigalas/Library/Developer/Xcode/DerivedData/ScribbleFit-fdogjjubbltqcsctzflnsjbdahon/SourcePackages/checkouts/GoogleUtilities
    builtin-RegisterExecutionPolicyException /Users/george.sigalas/Library/Developer/Xcode/DerivedData/ScribbleFit-fdogjjubbltqcsctzflnsjbdahon/Build/Products/Debug-iphoneos/GoogleUtilities-NSData.o

ExtractAppIntentsMetadata (in target 'CoreCommon' from project 'CoreCommon')
    cd /Users/george.sigalas/AndroidStudioProjects/scribblefit/apps/ios/ScribbleFit/LocalPackages/Core/CoreCommon
    /Applications/Xcode.app/Contents/Developer/Toolchains/XcodeDefault.xctoolchain/usr/bin/appintentsmetadataprocessor --toolchain-dir /Applications/Xcode.app/Contents/Developer/Toolchains/XcodeDefault.xctoolchain --module-name CoreCommon --sdk-root /Applications/Xcode.app/Contents/Developer/Platforms/iPhoneOS.platform/Developer/SDKs/iPhoneOS26.4.sdk --xcode-version 17E202 --platform-family iOS --deployment-target 17.0 --bundle-identifier corecommon.CoreCommon --output /Users/george.sigalas/Library/Developer/Xcode/DerivedData/ScribbleFit-fdogjjubbltqcsctzflnsjbdahon/Build/Products/Debug-iphoneos/CoreCommon.appintents --target-triple arm64-apple-ios17.0 --binary-file /Users/george.sigalas/Library/Developer/Xcode/DerivedData/ScribbleFit-fdogjjubbltqcsctzflnsjbdahon/Build/Products/Debug-iphoneos/CoreCommon.o --dependency-file /Users/george.sigalas/Library/Developer/Xcode/DerivedData/ScribbleFit-fdogjjubbltqcsctzflnsjbdahon/Build/Intermediates.noindex/CoreCommon.build/Debug-iphoneos/CoreCommon.build/Objects-normal/arm64/CoreCommon_dependency_info.dat --stringsdata-file /Users/george.sigalas/Library/Developer/Xcode/DerivedData/ScribbleFit-fdogjjubbltqcsctzflnsjbdahon/Build/Intermediates.noindex/CoreCommon.build/Debug-iphoneos/CoreCommon.build/Objects-normal/arm64/ExtractedAppShortcutsMetadata.stringsdata --source-file-list /Users/george.sigalas/Library/Developer/Xcode/DerivedData/ScribbleFit-fdogjjubbltqcsctzflnsjbdahon/Build/Intermediates.noindex/CoreCommon.build/Debug-iphoneos/CoreCommon.build/Objects-normal/arm64/CoreCommon.SwiftFileList --metadata-file-list /Users/george.sigalas/Library/Developer/Xcode/DerivedData/ScribbleFit-fdogjjubbltqcsctzflnsjbdahon/Build/Intermediates.noindex/CoreCommon.build/Debug-iphoneos/CoreCommon.build/CoreCommon.DependencyMetadataFileList --static-metadata-file-list /Users/george.sigalas/Library/Developer/Xcode/DerivedData/ScribbleFit-fdogjjubbltqcsctzflnsjbdahon/Build/Intermediates.noindex/CoreCommon.build/Debug-iphoneos/CoreCommon.build/CoreCommon.DependencyStaticMetadataFileList --swift-const-vals-list /Users/george.sigalas/Library/Developer/Xcode/DerivedData/ScribbleFit-fdogjjubbltqcsctzflnsjbdahon/Build/Intermediates.noindex/CoreCommon.build/Debug-iphoneos/CoreCommon.build/Objects-normal/arm64/CoreCommon.SwiftConstValuesFileList --force --compile-time-extraction --deployment-aware-processing --validate-assistant-intents --no-app-shortcuts-localization
2026-04-20 13:52:53.174 appintentsmetadataprocessor[66304:42950587] Starting appintentsmetadataprocessor export
2026-04-20 13:52:53.197 appintentsmetadataprocessor[66304:42950587] Extracted no relevant App Intents symbols, skipping writing output

Ld /Users/george.sigalas/Library/Developer/Xcode/DerivedData/ScribbleFit-fdogjjubbltqcsctzflnsjbdahon/Build/Products/Debug-iphoneos/FirebaseCoreInternal.o normal (in target 'FirebaseCoreInternal' from project 'Firebase')
    cd /Users/george.sigalas/Library/Developer/Xcode/DerivedData/ScribbleFit-fdogjjubbltqcsctzflnsjbdahon/SourcePackages/checkouts/firebase-ios-sdk
    /Applications/Xcode.app/Contents/Developer/Toolchains/XcodeDefault.xctoolchain/usr/bin/clang -Xlinker -reproducible -target arm64-apple-ios15.0 -r -isysroot /Applications/Xcode.app/Contents/Developer/Platforms/iPhoneOS.platform/Developer/SDKs/iPhoneOS26.4.sdk -O0 -w -F/Users/george.sigalas/Library/Developer/Xcode/DerivedData/ScribbleFit-fdogjjubbltqcsctzflnsjbdahon/Build/Intermediates.noindex/EagerLinkingTBDs/Debug-iphoneos -F/Users/george.sigalas/Library/Developer/Xcode/DerivedData/ScribbleFit-fdogjjubbltqcsctzflnsjbdahon/Build/Products/Debug-iphoneos/PackageFrameworks -F/Users/george.sigalas/Library/Developer/Xcode/DerivedData/ScribbleFit-fdogjjubbltqcsctzflnsjbdahon/Build/Products/Debug-iphoneos -iframework /Applications/Xcode.app/Contents/Developer/Platforms/iPhoneOS.platform/Developer/Library/Frameworks -iframework /Applications/Xcode.app/Contents/Developer/Platforms/iPhoneOS.platform/Developer/SDKs/iPhoneOS26.4.sdk/Developer/Library/Frameworks -filelist /Users/george.sigalas/Library/Developer/Xcode/DerivedData/ScribbleFit-fdogjjubbltqcsctzflnsjbdahon/Build/Intermediates.noindex/Firebase.build/Debug-iphoneos/FirebaseCoreInternal.build/Objects-normal/arm64/FirebaseCoreInternal.LinkFileList -nostdlib -Xlinker -object_path_lto -Xlinker /Users/george.sigalas/Library/Developer/Xcode/DerivedData/ScribbleFit-fdogjjubbltqcsctzflnsjbdahon/Build/Intermediates.noindex/Firebase.build/Debug-iphoneos/FirebaseCoreInternal.build/Objects-normal/arm64/FirebaseCoreInternal_lto.o -Xlinker -no_deduplicate -Xlinker -debug_variant -Xlinker -dependency_info -Xlinker /Users/george.sigalas/Library/Developer/Xcode/DerivedData/ScribbleFit-fdogjjubbltqcsctzflnsjbdahon/Build/Intermediates.noindex/Firebase.build/Debug-iphoneos/FirebaseCoreInternal.build/Objects-normal/arm64/FirebaseCoreInternal_dependency_info.dat -fobjc-link-runtime -L/Applications/Xcode.app/Contents/Developer/Toolchains/XcodeDefault.xctoolchain/usr/lib/swift/iphoneos -L/usr/lib/swift -Xlinker -add_ast_path -Xlinker /Users/george.sigalas/Library/Developer/Xcode/DerivedData/ScribbleFit-fdogjjubbltqcsctzflnsjbdahon/Build/Intermediates.noindex/Firebase.build/Debug-iphoneos/FirebaseCoreInternal.build/Objects-normal/arm64/FirebaseCoreInternal.swiftmodule @/Users/george.sigalas/Library/Developer/Xcode/DerivedData/ScribbleFit-fdogjjubbltqcsctzflnsjbdahon/Build/Intermediates.noindex/Firebase.build/Debug-iphoneos/FirebaseCoreInternal.build/Objects-normal/arm64/FirebaseCoreInternal-linker-args.resp -o /Users/george.sigalas/Library/Developer/Xcode/DerivedData/ScribbleFit-fdogjjubbltqcsctzflnsjbdahon/Build/Products/Debug-iphoneos/FirebaseCoreInternal.o

RegisterExecutionPolicyException /Users/george.sigalas/Library/Developer/Xcode/DerivedData/ScribbleFit-fdogjjubbltqcsctzflnsjbdahon/Build/Products/Debug-iphoneos/GTMSessionFetcherCore.o (in target 'GTMSessionFetcherCore' from project 'GTMSessionFetcher')
    cd /Users/george.sigalas/Library/Developer/Xcode/DerivedData/ScribbleFit-fdogjjubbltqcsctzflnsjbdahon/SourcePackages/checkouts/gtm-session-fetcher
    builtin-RegisterExecutionPolicyException /Users/george.sigalas/Library/Developer/Xcode/DerivedData/ScribbleFit-fdogjjubbltqcsctzflnsjbdahon/Build/Products/Debug-iphoneos/GTMSessionFetcherCore.o

ExtractAppIntentsMetadata (in target 'CoreModel' from project 'CoreModel')
    cd /Users/george.sigalas/AndroidStudioProjects/scribblefit/apps/ios/ScribbleFit/LocalPackages/Core/CoreModel
    /Applications/Xcode.app/Contents/Developer/Toolchains/XcodeDefault.xctoolchain/usr/bin/appintentsmetadataprocessor --toolchain-dir /Applications/Xcode.app/Contents/Developer/Toolchains/XcodeDefault.xctoolchain --module-name CoreModel --sdk-root /Applications/Xcode.app/Contents/Developer/Platforms/iPhoneOS.platform/Developer/SDKs/iPhoneOS26.4.sdk --xcode-version 17E202 --platform-family iOS --deployment-target 17.0 --bundle-identifier coremodel.CoreModel --output /Users/george.sigalas/Library/Developer/Xcode/DerivedData/ScribbleFit-fdogjjubbltqcsctzflnsjbdahon/Build/Products/Debug-iphoneos/CoreModel.appintents --target-triple arm64-apple-ios17.0 --binary-file /Users/george.sigalas/Library/Developer/Xcode/DerivedData/ScribbleFit-fdogjjubbltqcsctzflnsjbdahon/Build/Products/Debug-iphoneos/CoreModel.o --dependency-file /Users/george.sigalas/Library/Developer/Xcode/DerivedData/ScribbleFit-fdogjjubbltqcsctzflnsjbdahon/Build/Intermediates.noindex/CoreModel.build/Debug-iphoneos/CoreModel.build/Objects-normal/arm64/CoreModel_dependency_info.dat --stringsdata-file /Users/george.sigalas/Library/Developer/Xcode/DerivedData/ScribbleFit-fdogjjubbltqcsctzflnsjbdahon/Build/Intermediates.noindex/CoreModel.build/Debug-iphoneos/CoreModel.build/Objects-normal/arm64/ExtractedAppShortcutsMetadata.stringsdata --source-file-list /Users/george.sigalas/Library/Developer/Xcode/DerivedData/ScribbleFit-fdogjjubbltqcsctzflnsjbdahon/Build/Intermediates.noindex/CoreModel.build/Debug-iphoneos/CoreModel.build/Objects-normal/arm64/CoreModel.SwiftFileList --metadata-file-list /Users/george.sigalas/Library/Developer/Xcode/DerivedData/ScribbleFit-fdogjjubbltqcsctzflnsjbdahon/Build/Intermediates.noindex/CoreModel.build/Debug-iphoneos/CoreModel.build/CoreModel.DependencyMetadataFileList --static-metadata-file-list /Users/george.sigalas/Library/Developer/Xcode/DerivedData/ScribbleFit-fdogjjubbltqcsctzflnsjbdahon/Build/Intermediates.noindex/CoreModel.build/Debug-iphoneos/CoreModel.build/CoreModel.DependencyStaticMetadataFileList --swift-const-vals-list /Users/george.sigalas/Library/Developer/Xcode/DerivedData/ScribbleFit-fdogjjubbltqcsctzflnsjbdahon/Build/Intermediates.noindex/CoreModel.build/Debug-iphoneos/CoreModel.build/Objects-normal/arm64/CoreModel.SwiftConstValuesFileList --force --compile-time-extraction --deployment-aware-processing --validate-assistant-intents --no-app-shortcuts-localization
2026-04-20 13:52:53.175 appintentsmetadataprocessor[66306:42950615] Starting appintentsmetadataprocessor export
2026-04-20 13:52:53.197 appintentsmetadataprocessor[66306:42950615] Extracted no relevant App Intents symbols, skipping writing output

RegisterExecutionPolicyException /Users/george.sigalas/Library/Developer/Xcode/DerivedData/ScribbleFit-fdogjjubbltqcsctzflnsjbdahon/Build/Products/Debug-iphoneos/FBLPromises.o (in target 'FBLPromises' from project 'Promises')
    cd /Users/george.sigalas/Library/Developer/Xcode/DerivedData/ScribbleFit-fdogjjubbltqcsctzflnsjbdahon/SourcePackages/checkouts/promises
    builtin-RegisterExecutionPolicyException /Users/george.sigalas/Library/Developer/Xcode/DerivedData/ScribbleFit-fdogjjubbltqcsctzflnsjbdahon/Build/Products/Debug-iphoneos/FBLPromises.o

RegisterExecutionPolicyException /Users/george.sigalas/Library/Developer/Xcode/DerivedData/ScribbleFit-fdogjjubbltqcsctzflnsjbdahon/Build/Products/Debug-iphoneos/FirebaseAuthInternal.o (in target 'FirebaseAuthInternal' from project 'Firebase')
    cd /Users/george.sigalas/Library/Developer/Xcode/DerivedData/ScribbleFit-fdogjjubbltqcsctzflnsjbdahon/SourcePackages/checkouts/firebase-ios-sdk
    builtin-RegisterExecutionPolicyException /Users/george.sigalas/Library/Developer/Xcode/DerivedData/ScribbleFit-fdogjjubbltqcsctzflnsjbdahon/Build/Products/Debug-iphoneos/FirebaseAuthInternal.o

RegisterExecutionPolicyException /Users/george.sigalas/Library/Developer/Xcode/DerivedData/ScribbleFit-fdogjjubbltqcsctzflnsjbdahon/Build/Products/Debug-iphoneos/GoogleUtilities-Environment.o (in target 'GoogleUtilities-Environment' from project 'GoogleUtilities')
    cd /Users/george.sigalas/Library/Developer/Xcode/DerivedData/ScribbleFit-fdogjjubbltqcsctzflnsjbdahon/SourcePackages/checkouts/GoogleUtilities
    builtin-RegisterExecutionPolicyException /Users/george.sigalas/Library/Developer/Xcode/DerivedData/ScribbleFit-fdogjjubbltqcsctzflnsjbdahon/Build/Products/Debug-iphoneos/GoogleUtilities-Environment.o

Ld /Users/george.sigalas/Library/Developer/Xcode/DerivedData/ScribbleFit-fdogjjubbltqcsctzflnsjbdahon/Build/Products/Debug-iphoneos/GoogleUtilities-Logger.o normal (in target 'GoogleUtilities-Logger' from project 'GoogleUtilities')
    cd /Users/george.sigalas/Library/Developer/Xcode/DerivedData/ScribbleFit-fdogjjubbltqcsctzflnsjbdahon/SourcePackages/checkouts/GoogleUtilities
    /Applications/Xcode.app/Contents/Developer/Toolchains/XcodeDefault.xctoolchain/usr/bin/clang -Xlinker -reproducible -target arm64-apple-ios12.0 -r -isysroot /Applications/Xcode.app/Contents/Developer/Platforms/iPhoneOS.platform/Developer/SDKs/iPhoneOS26.4.sdk -O0 -w -F/Users/george.sigalas/Library/Developer/Xcode/DerivedData/ScribbleFit-fdogjjubbltqcsctzflnsjbdahon/Build/Intermediates.noindex/EagerLinkingTBDs/Debug-iphoneos -F/Users/george.sigalas/Library/Developer/Xcode/DerivedData/ScribbleFit-fdogjjubbltqcsctzflnsjbdahon/Build/Products/Debug-iphoneos/PackageFrameworks -F/Users/george.sigalas/Library/Developer/Xcode/DerivedData/ScribbleFit-fdogjjubbltqcsctzflnsjbdahon/Build/Products/Debug-iphoneos/PackageFrameworks -F/Users/george.sigalas/Library/Developer/Xcode/DerivedData/ScribbleFit-fdogjjubbltqcsctzflnsjbdahon/Build/Products/Debug-iphoneos -iframework /Applications/Xcode.app/Contents/Developer/Platforms/iPhoneOS.platform/Developer/Library/Frameworks -iframework /Applications/Xcode.app/Contents/Developer/Platforms/iPhoneOS.platform/Developer/SDKs/iPhoneOS26.4.sdk/Developer/Library/Frameworks -filelist /Users/george.sigalas/Library/Developer/Xcode/DerivedData/ScribbleFit-fdogjjubbltqcsctzflnsjbdahon/Build/Intermediates.noindex/GoogleUtilities.build/Debug-iphoneos/GoogleUtilities-Logger.build/Objects-normal/arm64/GoogleUtilities-Logger.LinkFileList -nostdlib -Xlinker -object_path_lto -Xlinker /Users/george.sigalas/Library/Developer/Xcode/DerivedData/ScribbleFit-fdogjjubbltqcsctzflnsjbdahon/Build/Intermediates.noindex/GoogleUtilities.build/Debug-iphoneos/GoogleUtilities-Logger.build/Objects-normal/arm64/GoogleUtilities-Logger_lto.o -Xlinker -no_deduplicate -Xlinker -debug_variant -Xlinker -dependency_info -Xlinker /Users/george.sigalas/Library/Developer/Xcode/DerivedData/ScribbleFit-fdogjjubbltqcsctzflnsjbdahon/Build/Intermediates.noindex/GoogleUtilities.build/Debug-iphoneos/GoogleUtilities-Logger.build/Objects-normal/arm64/GoogleUtilities-Logger_dependency_info.dat -fobjc-arc -fobjc-link-runtime -o /Users/george.sigalas/Library/Developer/Xcode/DerivedData/ScribbleFit-fdogjjubbltqcsctzflnsjbdahon/Build/Products/Debug-iphoneos/GoogleUtilities-Logger.o

ExtractAppIntentsMetadata (in target 'FirebaseCoreInternal' from project 'Firebase')
    cd /Users/george.sigalas/Library/Developer/Xcode/DerivedData/ScribbleFit-fdogjjubbltqcsctzflnsjbdahon/SourcePackages/checkouts/firebase-ios-sdk
    /Applications/Xcode.app/Contents/Developer/Toolchains/XcodeDefault.xctoolchain/usr/bin/appintentsmetadataprocessor --toolchain-dir /Applications/Xcode.app/Contents/Developer/Toolchains/XcodeDefault.xctoolchain --module-name FirebaseCoreInternal --sdk-root /Applications/Xcode.app/Contents/Developer/Platforms/iPhoneOS.platform/Developer/SDKs/iPhoneOS26.4.sdk --xcode-version 17E202 --platform-family iOS --deployment-target 15.0 --bundle-identifier firebase-ios-sdk.FirebaseCoreInternal --output /Users/george.sigalas/Library/Developer/Xcode/DerivedData/ScribbleFit-fdogjjubbltqcsctzflnsjbdahon/Build/Products/Debug-iphoneos/FirebaseCoreInternal.appintents --target-triple arm64-apple-ios15.0 --binary-file /Users/george.sigalas/Library/Developer/Xcode/DerivedData/ScribbleFit-fdogjjubbltqcsctzflnsjbdahon/Build/Products/Debug-iphoneos/FirebaseCoreInternal.o --dependency-file /Users/george.sigalas/Library/Developer/Xcode/DerivedData/ScribbleFit-fdogjjubbltqcsctzflnsjbdahon/Build/Intermediates.noindex/Firebase.build/Debug-iphoneos/FirebaseCoreInternal.build/Objects-normal/arm64/FirebaseCoreInternal_dependency_info.dat --stringsdata-file /Users/george.sigalas/Library/Developer/Xcode/DerivedData/ScribbleFit-fdogjjubbltqcsctzflnsjbdahon/Build/Intermediates.noindex/Firebase.build/Debug-iphoneos/FirebaseCoreInternal.build/Objects-normal/arm64/ExtractedAppShortcutsMetadata.stringsdata --source-file-list /Users/george.sigalas/Library/Developer/Xcode/DerivedData/ScribbleFit-fdogjjubbltqcsctzflnsjbdahon/Build/Intermediates.noindex/Firebase.build/Debug-iphoneos/FirebaseCoreInternal.build/Objects-normal/arm64/FirebaseCoreInternal.SwiftFileList --metadata-file-list /Users/george.sigalas/Library/Developer/Xcode/DerivedData/ScribbleFit-fdogjjubbltqcsctzflnsjbdahon/Build/Intermediates.noindex/Firebase.build/Debug-iphoneos/FirebaseCoreInternal.build/FirebaseCoreInternal.DependencyMetadataFileList --static-metadata-file-list /Users/george.sigalas/Library/Developer/Xcode/DerivedData/ScribbleFit-fdogjjubbltqcsctzflnsjbdahon/Build/Intermediates.noindex/Firebase.build/Debug-iphoneos/FirebaseCoreInternal.build/FirebaseCoreInternal.DependencyStaticMetadataFileList --swift-const-vals-list /Users/george.sigalas/Library/Developer/Xcode/DerivedData/ScribbleFit-fdogjjubbltqcsctzflnsjbdahon/Build/Intermediates.noindex/Firebase.build/Debug-iphoneos/FirebaseCoreInternal.build/Objects-normal/arm64/FirebaseCoreInternal.SwiftConstValuesFileList --force --compile-time-extraction --deployment-aware-processing --validate-assistant-intents --no-app-shortcuts-localization
2026-04-20 13:52:53.219 appintentsmetadataprocessor[66312:42950640] Starting appintentsmetadataprocessor export
2026-04-20 13:52:53.233 appintentsmetadataprocessor[66312:42950640] Extracted no relevant App Intents symbols, skipping writing output

RegisterExecutionPolicyException /Users/george.sigalas/Library/Developer/Xcode/DerivedData/ScribbleFit-fdogjjubbltqcsctzflnsjbdahon/Build/Products/Debug-iphoneos/CoreModel.o (in target 'CoreModel' from project 'CoreModel')
    cd /Users/george.sigalas/AndroidStudioProjects/scribblefit/apps/ios/ScribbleFit/LocalPackages/Core/CoreModel
    builtin-RegisterExecutionPolicyException /Users/george.sigalas/Library/Developer/Xcode/DerivedData/ScribbleFit-fdogjjubbltqcsctzflnsjbdahon/Build/Products/Debug-iphoneos/CoreModel.o

RegisterExecutionPolicyException /Users/george.sigalas/Library/Developer/Xcode/DerivedData/ScribbleFit-fdogjjubbltqcsctzflnsjbdahon/Build/Products/Debug-iphoneos/CoreCommon.o (in target 'CoreCommon' from project 'CoreCommon')
    cd /Users/george.sigalas/AndroidStudioProjects/scribblefit/apps/ios/ScribbleFit/LocalPackages/Core/CoreCommon
    builtin-RegisterExecutionPolicyException /Users/george.sigalas/Library/Developer/Xcode/DerivedData/ScribbleFit-fdogjjubbltqcsctzflnsjbdahon/Build/Products/Debug-iphoneos/CoreCommon.o

Ld /Users/george.sigalas/Library/Developer/Xcode/DerivedData/ScribbleFit-fdogjjubbltqcsctzflnsjbdahon/Build/Products/Debug-iphoneos/FeatureSets.o normal (in target 'FeatureSets' from project 'FeatureSets')
    cd /Users/george.sigalas/AndroidStudioProjects/scribblefit/apps/ios/ScribbleFit/LocalPackages/Features/FeatureSets
    /Applications/Xcode.app/Contents/Developer/Toolchains/XcodeDefault.xctoolchain/usr/bin/clang -Xlinker -reproducible -target arm64-apple-ios17.0 -r -isysroot /Applications/Xcode.app/Contents/Developer/Platforms/iPhoneOS.platform/Developer/SDKs/iPhoneOS26.4.sdk -O0 -w -F/Users/george.sigalas/Library/Developer/Xcode/DerivedData/ScribbleFit-fdogjjubbltqcsctzflnsjbdahon/Build/Intermediates.noindex/EagerLinkingTBDs/Debug-iphoneos -F/Users/george.sigalas/Library/Developer/Xcode/DerivedData/ScribbleFit-fdogjjubbltqcsctzflnsjbdahon/Build/Products/Debug-iphoneos/PackageFrameworks -F/Users/george.sigalas/Library/Developer/Xcode/DerivedData/ScribbleFit-fdogjjubbltqcsctzflnsjbdahon/Build/Products/Debug-iphoneos -iframework /Applications/Xcode.app/Contents/Developer/Platforms/iPhoneOS.platform/Developer/Library/Frameworks -iframework /Applications/Xcode.app/Contents/Developer/Platforms/iPhoneOS.platform/Developer/SDKs/iPhoneOS26.4.sdk/Developer/Library/Frameworks -filelist /Users/george.sigalas/Library/Developer/Xcode/DerivedData/ScribbleFit-fdogjjubbltqcsctzflnsjbdahon/Build/Intermediates.noindex/FeatureSets.build/Debug-iphoneos/FeatureSets.build/Objects-normal/arm64/FeatureSets.LinkFileList -nostdlib -Xlinker -object_path_lto -Xlinker /Users/george.sigalas/Library/Developer/Xcode/DerivedData/ScribbleFit-fdogjjubbltqcsctzflnsjbdahon/Build/Intermediates.noindex/FeatureSets.build/Debug-iphoneos/FeatureSets.build/Objects-normal/arm64/FeatureSets_lto.o -Xlinker -no_deduplicate -Xlinker -debug_variant -Xlinker -dependency_info -Xlinker /Users/george.sigalas/Library/Developer/Xcode/DerivedData/ScribbleFit-fdogjjubbltqcsctzflnsjbdahon/Build/Intermediates.noindex/FeatureSets.build/Debug-iphoneos/FeatureSets.build/Objects-normal/arm64/FeatureSets_dependency_info.dat -fobjc-link-runtime -L/Applications/Xcode.app/Contents/Developer/Toolchains/XcodeDefault.xctoolchain/usr/lib/swift/iphoneos -L/usr/lib/swift -Xlinker -add_ast_path -Xlinker /Users/george.sigalas/Library/Developer/Xcode/DerivedData/ScribbleFit-fdogjjubbltqcsctzflnsjbdahon/Build/Intermediates.noindex/FeatureSets.build/Debug-iphoneos/FeatureSets.build/Objects-normal/arm64/FeatureSets.swiftmodule @/Users/george.sigalas/Library/Developer/Xcode/DerivedData/ScribbleFit-fdogjjubbltqcsctzflnsjbdahon/Build/Intermediates.noindex/FeatureSets.build/Debug-iphoneos/FeatureSets.build/Objects-normal/arm64/FeatureSets-linker-args.resp -o /Users/george.sigalas/Library/Developer/Xcode/DerivedData/ScribbleFit-fdogjjubbltqcsctzflnsjbdahon/Build/Products/Debug-iphoneos/FeatureSets.o

Ld /Users/george.sigalas/Library/Developer/Xcode/DerivedData/ScribbleFit-fdogjjubbltqcsctzflnsjbdahon/Build/Products/Debug-iphoneos/CoreDatabase.o normal (in target 'CoreDatabase' from project 'CoreDatabase')
    cd /Users/george.sigalas/AndroidStudioProjects/scribblefit/apps/ios/ScribbleFit/LocalPackages/Core/CoreDatabase
    /Applications/Xcode.app/Contents/Developer/Toolchains/XcodeDefault.xctoolchain/usr/bin/clang -Xlinker -reproducible -target arm64-apple-ios17.0 -r -isysroot /Applications/Xcode.app/Contents/Developer/Platforms/iPhoneOS.platform/Developer/SDKs/iPhoneOS26.4.sdk -O0 -w -F/Users/george.sigalas/Library/Developer/Xcode/DerivedData/ScribbleFit-fdogjjubbltqcsctzflnsjbdahon/Build/Intermediates.noindex/EagerLinkingTBDs/Debug-iphoneos -F/Users/george.sigalas/Library/Developer/Xcode/DerivedData/ScribbleFit-fdogjjubbltqcsctzflnsjbdahon/Build/Products/Debug-iphoneos/PackageFrameworks -F/Users/george.sigalas/Library/Developer/Xcode/DerivedData/ScribbleFit-fdogjjubbltqcsctzflnsjbdahon/Build/Products/Debug-iphoneos -iframework /Applications/Xcode.app/Contents/Developer/Platforms/iPhoneOS.platform/Developer/Library/Frameworks -iframework /Applications/Xcode.app/Contents/Developer/Platforms/iPhoneOS.platform/Developer/SDKs/iPhoneOS26.4.sdk/Developer/Library/Frameworks -filelist /Users/george.sigalas/Library/Developer/Xcode/DerivedData/ScribbleFit-fdogjjubbltqcsctzflnsjbdahon/Build/Intermediates.noindex/CoreDatabase.build/Debug-iphoneos/CoreDatabase.build/Objects-normal/arm64/CoreDatabase.LinkFileList -nostdlib -Xlinker -object_path_lto -Xlinker /Users/george.sigalas/Library/Developer/Xcode/DerivedData/ScribbleFit-fdogjjubbltqcsctzflnsjbdahon/Build/Intermediates.noindex/CoreDatabase.build/Debug-iphoneos/CoreDatabase.build/Objects-normal/arm64/CoreDatabase_lto.o -Xlinker -no_deduplicate -Xlinker -debug_variant -Xlinker -dependency_info -Xlinker /Users/george.sigalas/Library/Developer/Xcode/DerivedData/ScribbleFit-fdogjjubbltqcsctzflnsjbdahon/Build/Intermediates.noindex/CoreDatabase.build/Debug-iphoneos/CoreDatabase.build/Objects-normal/arm64/CoreDatabase_dependency_info.dat -fobjc-link-runtime -L/Applications/Xcode.app/Contents/Developer/Toolchains/XcodeDefault.xctoolchain/usr/lib/swift/iphoneos -L/usr/lib/swift -Xlinker -add_ast_path -Xlinker /Users/george.sigalas/Library/Developer/Xcode/DerivedData/ScribbleFit-fdogjjubbltqcsctzflnsjbdahon/Build/Intermediates.noindex/CoreDatabase.build/Debug-iphoneos/CoreDatabase.build/Objects-normal/arm64/CoreDatabase.swiftmodule @/Users/george.sigalas/Library/Developer/Xcode/DerivedData/ScribbleFit-fdogjjubbltqcsctzflnsjbdahon/Build/Intermediates.noindex/CoreDatabase.build/Debug-iphoneos/CoreDatabase.build/Objects-normal/arm64/CoreDatabase-linker-args.resp -o /Users/george.sigalas/Library/Developer/Xcode/DerivedData/ScribbleFit-fdogjjubbltqcsctzflnsjbdahon/Build/Products/Debug-iphoneos/CoreDatabase.o

Ld /Users/george.sigalas/Library/Developer/Xcode/DerivedData/ScribbleFit-fdogjjubbltqcsctzflnsjbdahon/Build/Products/Debug-iphoneos/FeatureConfig.o normal (in target 'FeatureConfig' from project 'FeatureConfig')
    cd /Users/george.sigalas/AndroidStudioProjects/scribblefit/apps/ios/ScribbleFit/LocalPackages/Features/FeatureConfig
    /Applications/Xcode.app/Contents/Developer/Toolchains/XcodeDefault.xctoolchain/usr/bin/clang -Xlinker -reproducible -target arm64-apple-ios17.0 -r -isysroot /Applications/Xcode.app/Contents/Developer/Platforms/iPhoneOS.platform/Developer/SDKs/iPhoneOS26.4.sdk -O0 -w -F/Users/george.sigalas/Library/Developer/Xcode/DerivedData/ScribbleFit-fdogjjubbltqcsctzflnsjbdahon/Build/Intermediates.noindex/EagerLinkingTBDs/Debug-iphoneos -F/Users/george.sigalas/Library/Developer/Xcode/DerivedData/ScribbleFit-fdogjjubbltqcsctzflnsjbdahon/Build/Products/Debug-iphoneos/PackageFrameworks -F/Users/george.sigalas/Library/Developer/Xcode/DerivedData/ScribbleFit-fdogjjubbltqcsctzflnsjbdahon/Build/Products/Debug-iphoneos -iframework /Applications/Xcode.app/Contents/Developer/Platforms/iPhoneOS.platform/Developer/Library/Frameworks -iframework /Applications/Xcode.app/Contents/Developer/Platforms/iPhoneOS.platform/Developer/SDKs/iPhoneOS26.4.sdk/Developer/Library/Frameworks -filelist /Users/george.sigalas/Library/Developer/Xcode/DerivedData/ScribbleFit-fdogjjubbltqcsctzflnsjbdahon/Build/Intermediates.noindex/FeatureConfig.build/Debug-iphoneos/FeatureConfig.build/Objects-normal/arm64/FeatureConfig.LinkFileList -nostdlib -Xlinker -object_path_lto -Xlinker /Users/george.sigalas/Library/Developer/Xcode/DerivedData/ScribbleFit-fdogjjubbltqcsctzflnsjbdahon/Build/Intermediates.noindex/FeatureConfig.build/Debug-iphoneos/FeatureConfig.build/Objects-normal/arm64/FeatureConfig_lto.o -Xlinker -no_deduplicate -Xlinker -debug_variant -Xlinker -dependency_info -Xlinker /Users/george.sigalas/Library/Developer/Xcode/DerivedData/ScribbleFit-fdogjjubbltqcsctzflnsjbdahon/Build/Intermediates.noindex/FeatureConfig.build/Debug-iphoneos/FeatureConfig.build/Objects-normal/arm64/FeatureConfig_dependency_info.dat -fobjc-link-runtime -L/Applications/Xcode.app/Contents/Developer/Toolchains/XcodeDefault.xctoolchain/usr/lib/swift/iphoneos -L/usr/lib/swift -Xlinker -add_ast_path -Xlinker /Users/george.sigalas/Library/Developer/Xcode/DerivedData/ScribbleFit-fdogjjubbltqcsctzflnsjbdahon/Build/Intermediates.noindex/FeatureConfig.build/Debug-iphoneos/FeatureConfig.build/Objects-normal/arm64/FeatureConfig.swiftmodule @/Users/george.sigalas/Library/Developer/Xcode/DerivedData/ScribbleFit-fdogjjubbltqcsctzflnsjbdahon/Build/Intermediates.noindex/FeatureConfig.build/Debug-iphoneos/FeatureConfig.build/Objects-normal/arm64/FeatureConfig-linker-args.resp -o /Users/george.sigalas/Library/Developer/Xcode/DerivedData/ScribbleFit-fdogjjubbltqcsctzflnsjbdahon/Build/Products/Debug-iphoneos/FeatureConfig.o

SwiftEmitModule normal arm64 Emitting\ module\ for\ FeatureWorkouts (in target 'FeatureWorkouts' from project 'FeatureWorkouts')

EmitSwiftModule normal arm64 (in target 'FeatureWorkouts' from project 'FeatureWorkouts')
    cd /Users/george.sigalas/AndroidStudioProjects/scribblefit/apps/ios/ScribbleFit/ScribbleFit.xcodeproj
    

SwiftCompile normal arm64 Compiling\ WorkoutRepositoryImpl.swift /Users/george.sigalas/AndroidStudioProjects/scribblefit/apps/ios/ScribbleFit/LocalPackages/Features/FeatureWorkouts/Sources/FeatureWorkouts/Data/WorkoutRepositoryImpl.swift (in target 'FeatureWorkouts' from project 'FeatureWorkouts')

SwiftCompile normal arm64 /Users/george.sigalas/AndroidStudioProjects/scribblefit/apps/ios/ScribbleFit/LocalPackages/Features/FeatureWorkouts/Sources/FeatureWorkouts/Data/WorkoutRepositoryImpl.swift (in target 'FeatureWorkouts' from project 'FeatureWorkouts')
    cd /Users/george.sigalas/AndroidStudioProjects/scribblefit/apps/ios/ScribbleFit/ScribbleFit.xcodeproj
    

SwiftEmitModule normal arm64 Emitting\ module\ for\ FeatureScribble (in target 'FeatureScribble' from project 'FeatureScribble')

EmitSwiftModule normal arm64 (in target 'FeatureScribble' from project 'FeatureScribble')
    cd /Users/george.sigalas/AndroidStudioProjects/scribblefit/apps/ios/ScribbleFit/ScribbleFit.xcodeproj
    

SwiftCompile normal arm64 Compiling\ ScribbleRepositoryImpl.swift /Users/george.sigalas/AndroidStudioProjects/scribblefit/apps/ios/ScribbleFit/LocalPackages/Features/FeatureScribble/Sources/FeatureScribble/Data/ScribbleRepositoryImpl.swift (in target 'FeatureScribble' from project 'FeatureScribble')

SwiftCompile normal arm64 /Users/george.sigalas/AndroidStudioProjects/scribblefit/apps/ios/ScribbleFit/LocalPackages/Features/FeatureScribble/Sources/FeatureScribble/Data/ScribbleRepositoryImpl.swift (in target 'FeatureScribble' from project 'FeatureScribble')
    cd /Users/george.sigalas/AndroidStudioProjects/scribblefit/apps/ios/ScribbleFit/ScribbleFit.xcodeproj
    

RegisterExecutionPolicyException /Users/george.sigalas/Library/Developer/Xcode/DerivedData/ScribbleFit-fdogjjubbltqcsctzflnsjbdahon/Build/Products/Debug-iphoneos/FirebaseCoreInternal.o (in target 'FirebaseCoreInternal' from project 'Firebase')
    cd /Users/george.sigalas/Library/Developer/Xcode/DerivedData/ScribbleFit-fdogjjubbltqcsctzflnsjbdahon/SourcePackages/checkouts/firebase-ios-sdk
    builtin-RegisterExecutionPolicyException /Users/george.sigalas/Library/Developer/Xcode/DerivedData/ScribbleFit-fdogjjubbltqcsctzflnsjbdahon/Build/Products/Debug-iphoneos/FirebaseCoreInternal.o

RegisterExecutionPolicyException /Users/george.sigalas/Library/Developer/Xcode/DerivedData/ScribbleFit-fdogjjubbltqcsctzflnsjbdahon/Build/Products/Debug-iphoneos/GoogleUtilities-Logger.o (in target 'GoogleUtilities-Logger' from project 'GoogleUtilities')
    cd /Users/george.sigalas/Library/Developer/Xcode/DerivedData/ScribbleFit-fdogjjubbltqcsctzflnsjbdahon/SourcePackages/checkouts/GoogleUtilities
    builtin-RegisterExecutionPolicyException /Users/george.sigalas/Library/Developer/Xcode/DerivedData/ScribbleFit-fdogjjubbltqcsctzflnsjbdahon/Build/Products/Debug-iphoneos/GoogleUtilities-Logger.o

Ld /Users/george.sigalas/Library/Developer/Xcode/DerivedData/ScribbleFit-fdogjjubbltqcsctzflnsjbdahon/Build/Products/Debug-iphoneos/GoogleUtilities-UserDefaults.o normal (in target 'GoogleUtilities-UserDefaults' from project 'GoogleUtilities')
    cd /Users/george.sigalas/Library/Developer/Xcode/DerivedData/ScribbleFit-fdogjjubbltqcsctzflnsjbdahon/SourcePackages/checkouts/GoogleUtilities
    /Applications/Xcode.app/Contents/Developer/Toolchains/XcodeDefault.xctoolchain/usr/bin/clang -Xlinker -reproducible -target arm64-apple-ios12.0 -r -isysroot /Applications/Xcode.app/Contents/Developer/Platforms/iPhoneOS.platform/Developer/SDKs/iPhoneOS26.4.sdk -O0 -w -F/Users/george.sigalas/Library/Developer/Xcode/DerivedData/ScribbleFit-fdogjjubbltqcsctzflnsjbdahon/Build/Intermediates.noindex/EagerLinkingTBDs/Debug-iphoneos -F/Users/george.sigalas/Library/Developer/Xcode/DerivedData/ScribbleFit-fdogjjubbltqcsctzflnsjbdahon/Build/Products/Debug-iphoneos/PackageFrameworks -F/Users/george.sigalas/Library/Developer/Xcode/DerivedData/ScribbleFit-fdogjjubbltqcsctzflnsjbdahon/Build/Products/Debug-iphoneos/PackageFrameworks -F/Users/george.sigalas/Library/Developer/Xcode/DerivedData/ScribbleFit-fdogjjubbltqcsctzflnsjbdahon/Build/Products/Debug-iphoneos/PackageFrameworks -F/Users/george.sigalas/Library/Developer/Xcode/DerivedData/ScribbleFit-fdogjjubbltqcsctzflnsjbdahon/Build/Products/Debug-iphoneos -iframework /Applications/Xcode.app/Contents/Developer/Platforms/iPhoneOS.platform/Developer/Library/Frameworks -iframework /Applications/Xcode.app/Contents/Developer/Platforms/iPhoneOS.platform/Developer/SDKs/iPhoneOS26.4.sdk/Developer/Library/Frameworks -filelist /Users/george.sigalas/Library/Developer/Xcode/DerivedData/ScribbleFit-fdogjjubbltqcsctzflnsjbdahon/Build/Intermediates.noindex/GoogleUtilities.build/Debug-iphoneos/GoogleUtilities-UserDefaults.build/Objects-normal/arm64/GoogleUtilities-UserDefaults.LinkFileList -nostdlib -Xlinker -object_path_lto -Xlinker /Users/george.sigalas/Library/Developer/Xcode/DerivedData/ScribbleFit-fdogjjubbltqcsctzflnsjbdahon/Build/Intermediates.noindex/GoogleUtilities.build/Debug-iphoneos/GoogleUtilities-UserDefaults.build/Objects-normal/arm64/GoogleUtilities-UserDefaults_lto.o -Xlinker -no_deduplicate -Xlinker -debug_variant -Xlinker -dependency_info -Xlinker /Users/george.sigalas/Library/Developer/Xcode/DerivedData/ScribbleFit-fdogjjubbltqcsctzflnsjbdahon/Build/Intermediates.noindex/GoogleUtilities.build/Debug-iphoneos/GoogleUtilities-UserDefaults.build/Objects-normal/arm64/GoogleUtilities-UserDefaults_dependency_info.dat -fobjc-arc -fobjc-link-runtime -o /Users/george.sigalas/Library/Developer/Xcode/DerivedData/ScribbleFit-fdogjjubbltqcsctzflnsjbdahon/Build/Products/Debug-iphoneos/GoogleUtilities-UserDefaults.o

Ld /Users/george.sigalas/Library/Developer/Xcode/DerivedData/ScribbleFit-fdogjjubbltqcsctzflnsjbdahon/Build/Products/Debug-iphoneos/GoogleUtilities-Reachability.o normal (in target 'GoogleUtilities-Reachability' from project 'GoogleUtilities')
    cd /Users/george.sigalas/Library/Developer/Xcode/DerivedData/ScribbleFit-fdogjjubbltqcsctzflnsjbdahon/SourcePackages/checkouts/GoogleUtilities
    /Applications/Xcode.app/Contents/Developer/Toolchains/XcodeDefault.xctoolchain/usr/bin/clang -Xlinker -reproducible -target arm64-apple-ios12.0 -r -isysroot /Applications/Xcode.app/Contents/Developer/Platforms/iPhoneOS.platform/Developer/SDKs/iPhoneOS26.4.sdk -O0 -w -F/Users/george.sigalas/Library/Developer/Xcode/DerivedData/ScribbleFit-fdogjjubbltqcsctzflnsjbdahon/Build/Intermediates.noindex/EagerLinkingTBDs/Debug-iphoneos -F/Users/george.sigalas/Library/Developer/Xcode/DerivedData/ScribbleFit-fdogjjubbltqcsctzflnsjbdahon/Build/Products/Debug-iphoneos/PackageFrameworks -F/Users/george.sigalas/Library/Developer/Xcode/DerivedData/ScribbleFit-fdogjjubbltqcsctzflnsjbdahon/Build/Products/Debug-iphoneos/PackageFrameworks -F/Users/george.sigalas/Library/Developer/Xcode/DerivedData/ScribbleFit-fdogjjubbltqcsctzflnsjbdahon/Build/Products/Debug-iphoneos/PackageFrameworks -F/Users/george.sigalas/Library/Developer/Xcode/DerivedData/ScribbleFit-fdogjjubbltqcsctzflnsjbdahon/Build/Products/Debug-iphoneos -iframework /Applications/Xcode.app/Contents/Developer/Platforms/iPhoneOS.platform/Developer/Library/Frameworks -iframework /Applications/Xcode.app/Contents/Developer/Platforms/iPhoneOS.platform/Developer/SDKs/iPhoneOS26.4.sdk/Developer/Library/Frameworks -filelist /Users/george.sigalas/Library/Developer/Xcode/DerivedData/ScribbleFit-fdogjjubbltqcsctzflnsjbdahon/Build/Intermediates.noindex/GoogleUtilities.build/Debug-iphoneos/GoogleUtilities-Reachability.build/Objects-normal/arm64/GoogleUtilities-Reachability.LinkFileList -nostdlib -Xlinker -object_path_lto -Xlinker /Users/george.sigalas/Library/Developer/Xcode/DerivedData/ScribbleFit-fdogjjubbltqcsctzflnsjbdahon/Build/Intermediates.noindex/GoogleUtilities.build/Debug-iphoneos/GoogleUtilities-Reachability.build/Objects-normal/arm64/GoogleUtilities-Reachability_lto.o -Xlinker -no_deduplicate -Xlinker -debug_variant -Xlinker -dependency_info -Xlinker /Users/george.sigalas/Library/Developer/Xcode/DerivedData/ScribbleFit-fdogjjubbltqcsctzflnsjbdahon/Build/Intermediates.noindex/GoogleUtilities.build/Debug-iphoneos/GoogleUtilities-Reachability.build/Objects-normal/arm64/GoogleUtilities-Reachability_dependency_info.dat -fobjc-arc -fobjc-link-runtime -o /Users/george.sigalas/Library/Developer/Xcode/DerivedData/ScribbleFit-fdogjjubbltqcsctzflnsjbdahon/Build/Products/Debug-iphoneos/GoogleUtilities-Reachability.o

Ld /Users/george.sigalas/Library/Developer/Xcode/DerivedData/ScribbleFit-fdogjjubbltqcsctzflnsjbdahon/Build/Products/Debug-iphoneos/FirebaseCore.o normal (in target 'FirebaseCore' from project 'Firebase')
    cd /Users/george.sigalas/Library/Developer/Xcode/DerivedData/ScribbleFit-fdogjjubbltqcsctzflnsjbdahon/SourcePackages/checkouts/firebase-ios-sdk
    /Applications/Xcode.app/Contents/Developer/Toolchains/XcodeDefault.xctoolchain/usr/bin/clang -Xlinker -reproducible -target arm64-apple-ios15.0 -r -isysroot /Applications/Xcode.app/Contents/Developer/Platforms/iPhoneOS.platform/Developer/SDKs/iPhoneOS26.4.sdk -O0 -w -F/Users/george.sigalas/Library/Developer/Xcode/DerivedData/ScribbleFit-fdogjjubbltqcsctzflnsjbdahon/Build/Intermediates.noindex/EagerLinkingTBDs/Debug-iphoneos -F/Users/george.sigalas/Library/Developer/Xcode/DerivedData/ScribbleFit-fdogjjubbltqcsctzflnsjbdahon/Build/Products/Debug-iphoneos/PackageFrameworks -F/Users/george.sigalas/Library/Developer/Xcode/DerivedData/ScribbleFit-fdogjjubbltqcsctzflnsjbdahon/Build/Products/Debug-iphoneos/PackageFrameworks -F/Users/george.sigalas/Library/Developer/Xcode/DerivedData/ScribbleFit-fdogjjubbltqcsctzflnsjbdahon/Build/Products/Debug-iphoneos/PackageFrameworks -F/Users/george.sigalas/Library/Developer/Xcode/DerivedData/ScribbleFit-fdogjjubbltqcsctzflnsjbdahon/Build/Products/Debug-iphoneos/PackageFrameworks -F/Users/george.sigalas/Library/Developer/Xcode/DerivedData/ScribbleFit-fdogjjubbltqcsctzflnsjbdahon/Build/Products/Debug-iphoneos/PackageFrameworks -F/Users/george.sigalas/Library/Developer/Xcode/DerivedData/ScribbleFit-fdogjjubbltqcsctzflnsjbdahon/Build/Products/Debug-iphoneos/PackageFrameworks -F/Users/george.sigalas/Library/Developer/Xcode/DerivedData/ScribbleFit-fdogjjubbltqcsctzflnsjbdahon/Build/Products/Debug-iphoneos -iframework /Applications/Xcode.app/Contents/Developer/Platforms/iPhoneOS.platform/Developer/Library/Frameworks -iframework /Applications/Xcode.app/Contents/Developer/Platforms/iPhoneOS.platform/Developer/SDKs/iPhoneOS26.4.sdk/Developer/Library/Frameworks -filelist /Users/george.sigalas/Library/Developer/Xcode/DerivedData/ScribbleFit-fdogjjubbltqcsctzflnsjbdahon/Build/Intermediates.noindex/Firebase.build/Debug-iphoneos/FirebaseCore.build/Objects-normal/arm64/FirebaseCore.LinkFileList -nostdlib -Xlinker -object_path_lto -Xlinker /Users/george.sigalas/Library/Developer/Xcode/DerivedData/ScribbleFit-fdogjjubbltqcsctzflnsjbdahon/Build/Intermediates.noindex/Firebase.build/Debug-iphoneos/FirebaseCore.build/Objects-normal/arm64/FirebaseCore_lto.o -Xlinker -no_deduplicate -Xlinker -debug_variant -Xlinker -dependency_info -Xlinker /Users/george.sigalas/Library/Developer/Xcode/DerivedData/ScribbleFit-fdogjjubbltqcsctzflnsjbdahon/Build/Intermediates.noindex/Firebase.build/Debug-iphoneos/FirebaseCore.build/Objects-normal/arm64/FirebaseCore_dependency_info.dat -fobjc-arc -fobjc-link-runtime -o /Users/george.sigalas/Library/Developer/Xcode/DerivedData/ScribbleFit-fdogjjubbltqcsctzflnsjbdahon/Build/Products/Debug-iphoneos/FirebaseCore.o

ExtractAppIntentsMetadata (in target 'CoreDatabase' from project 'CoreDatabase')
    cd /Users/george.sigalas/AndroidStudioProjects/scribblefit/apps/ios/ScribbleFit/LocalPackages/Core/CoreDatabase
    /Applications/Xcode.app/Contents/Developer/Toolchains/XcodeDefault.xctoolchain/usr/bin/appintentsmetadataprocessor --toolchain-dir /Applications/Xcode.app/Contents/Developer/Toolchains/XcodeDefault.xctoolchain --module-name CoreDatabase --sdk-root /Applications/Xcode.app/Contents/Developer/Platforms/iPhoneOS.platform/Developer/SDKs/iPhoneOS26.4.sdk --xcode-version 17E202 --platform-family iOS --deployment-target 17.0 --bundle-identifier coredatabase.CoreDatabase --output /Users/george.sigalas/Library/Developer/Xcode/DerivedData/ScribbleFit-fdogjjubbltqcsctzflnsjbdahon/Build/Products/Debug-iphoneos/CoreDatabase.appintents --target-triple arm64-apple-ios17.0 --binary-file /Users/george.sigalas/Library/Developer/Xcode/DerivedData/ScribbleFit-fdogjjubbltqcsctzflnsjbdahon/Build/Products/Debug-iphoneos/CoreDatabase.o --dependency-file /Users/george.sigalas/Library/Developer/Xcode/DerivedData/ScribbleFit-fdogjjubbltqcsctzflnsjbdahon/Build/Intermediates.noindex/CoreDatabase.build/Debug-iphoneos/CoreDatabase.build/Objects-normal/arm64/CoreDatabase_dependency_info.dat --stringsdata-file /Users/george.sigalas/Library/Developer/Xcode/DerivedData/ScribbleFit-fdogjjubbltqcsctzflnsjbdahon/Build/Intermediates.noindex/CoreDatabase.build/Debug-iphoneos/CoreDatabase.build/Objects-normal/arm64/ExtractedAppShortcutsMetadata.stringsdata --source-file-list /Users/george.sigalas/Library/Developer/Xcode/DerivedData/ScribbleFit-fdogjjubbltqcsctzflnsjbdahon/Build/Intermediates.noindex/CoreDatabase.build/Debug-iphoneos/CoreDatabase.build/Objects-normal/arm64/CoreDatabase.SwiftFileList --metadata-file-list /Users/george.sigalas/Library/Developer/Xcode/DerivedData/ScribbleFit-fdogjjubbltqcsctzflnsjbdahon/Build/Intermediates.noindex/CoreDatabase.build/Debug-iphoneos/CoreDatabase.build/CoreDatabase.DependencyMetadataFileList --static-metadata-file-list /Users/george.sigalas/Library/Developer/Xcode/DerivedData/ScribbleFit-fdogjjubbltqcsctzflnsjbdahon/Build/Intermediates.noindex/CoreDatabase.build/Debug-iphoneos/CoreDatabase.build/CoreDatabase.DependencyStaticMetadataFileList --swift-const-vals-list /Users/george.sigalas/Library/Developer/Xcode/DerivedData/ScribbleFit-fdogjjubbltqcsctzflnsjbdahon/Build/Intermediates.noindex/CoreDatabase.build/Debug-iphoneos/CoreDatabase.build/Objects-normal/arm64/CoreDatabase.SwiftConstValuesFileList --force --compile-time-extraction --deployment-aware-processing --validate-assistant-intents --no-app-shortcuts-localization
2026-04-20 13:52:53.319 appintentsmetadataprocessor[66329:42950697] Starting appintentsmetadataprocessor export
2026-04-20 13:52:53.330 appintentsmetadataprocessor[66329:42950697] Extracted no relevant App Intents symbols, skipping writing output

ExtractAppIntentsMetadata (in target 'FeatureSets' from project 'FeatureSets')
    cd /Users/george.sigalas/AndroidStudioProjects/scribblefit/apps/ios/ScribbleFit/LocalPackages/Features/FeatureSets
    /Applications/Xcode.app/Contents/Developer/Toolchains/XcodeDefault.xctoolchain/usr/bin/appintentsmetadataprocessor --toolchain-dir /Applications/Xcode.app/Contents/Developer/Toolchains/XcodeDefault.xctoolchain --module-name FeatureSets --sdk-root /Applications/Xcode.app/Contents/Developer/Platforms/iPhoneOS.platform/Developer/SDKs/iPhoneOS26.4.sdk --xcode-version 17E202 --platform-family iOS --deployment-target 17.0 --bundle-identifier featuresets.FeatureSets --output /Users/george.sigalas/Library/Developer/Xcode/DerivedData/ScribbleFit-fdogjjubbltqcsctzflnsjbdahon/Build/Products/Debug-iphoneos/FeatureSets.appintents --target-triple arm64-apple-ios17.0 --binary-file /Users/george.sigalas/Library/Developer/Xcode/DerivedData/ScribbleFit-fdogjjubbltqcsctzflnsjbdahon/Build/Products/Debug-iphoneos/FeatureSets.o --dependency-file /Users/george.sigalas/Library/Developer/Xcode/DerivedData/ScribbleFit-fdogjjubbltqcsctzflnsjbdahon/Build/Intermediates.noindex/FeatureSets.build/Debug-iphoneos/FeatureSets.build/Objects-normal/arm64/FeatureSets_dependency_info.dat --stringsdata-file /Users/george.sigalas/Library/Developer/Xcode/DerivedData/ScribbleFit-fdogjjubbltqcsctzflnsjbdahon/Build/Intermediates.noindex/FeatureSets.build/Debug-iphoneos/FeatureSets.build/Objects-normal/arm64/ExtractedAppShortcutsMetadata.stringsdata --source-file-list /Users/george.sigalas/Library/Developer/Xcode/DerivedData/ScribbleFit-fdogjjubbltqcsctzflnsjbdahon/Build/Intermediates.noindex/FeatureSets.build/Debug-iphoneos/FeatureSets.build/Objects-normal/arm64/FeatureSets.SwiftFileList --metadata-file-list /Users/george.sigalas/Library/Developer/Xcode/DerivedData/ScribbleFit-fdogjjubbltqcsctzflnsjbdahon/Build/Intermediates.noindex/FeatureSets.build/Debug-iphoneos/FeatureSets.build/FeatureSets.DependencyMetadataFileList --static-metadata-file-list /Users/george.sigalas/Library/Developer/Xcode/DerivedData/ScribbleFit-fdogjjubbltqcsctzflnsjbdahon/Build/Intermediates.noindex/FeatureSets.build/Debug-iphoneos/FeatureSets.build/FeatureSets.DependencyStaticMetadataFileList --swift-const-vals-list /Users/george.sigalas/Library/Developer/Xcode/DerivedData/ScribbleFit-fdogjjubbltqcsctzflnsjbdahon/Build/Intermediates.noindex/FeatureSets.build/Debug-iphoneos/FeatureSets.build/Objects-normal/arm64/FeatureSets.SwiftConstValuesFileList --force --compile-time-extraction --deployment-aware-processing --validate-assistant-intents --no-app-shortcuts-localization
2026-04-20 13:52:53.359 appintentsmetadataprocessor[66330:42950711] Starting appintentsmetadataprocessor export
2026-04-20 13:52:53.380 appintentsmetadataprocessor[66330:42950711] Extracted no relevant App Intents symbols, skipping writing output

ExtractAppIntentsMetadata (in target 'FeatureConfig' from project 'FeatureConfig')
    cd /Users/george.sigalas/AndroidStudioProjects/scribblefit/apps/ios/ScribbleFit/LocalPackages/Features/FeatureConfig
    /Applications/Xcode.app/Contents/Developer/Toolchains/XcodeDefault.xctoolchain/usr/bin/appintentsmetadataprocessor --toolchain-dir /Applications/Xcode.app/Contents/Developer/Toolchains/XcodeDefault.xctoolchain --module-name FeatureConfig --sdk-root /Applications/Xcode.app/Contents/Developer/Platforms/iPhoneOS.platform/Developer/SDKs/iPhoneOS26.4.sdk --xcode-version 17E202 --platform-family iOS --deployment-target 17.0 --bundle-identifier featureconfig.FeatureConfig --output /Users/george.sigalas/Library/Developer/Xcode/DerivedData/ScribbleFit-fdogjjubbltqcsctzflnsjbdahon/Build/Products/Debug-iphoneos/FeatureConfig.appintents --target-triple arm64-apple-ios17.0 --binary-file /Users/george.sigalas/Library/Developer/Xcode/DerivedData/ScribbleFit-fdogjjubbltqcsctzflnsjbdahon/Build/Products/Debug-iphoneos/FeatureConfig.o --dependency-file /Users/george.sigalas/Library/Developer/Xcode/DerivedData/ScribbleFit-fdogjjubbltqcsctzflnsjbdahon/Build/Intermediates.noindex/FeatureConfig.build/Debug-iphoneos/FeatureConfig.build/Objects-normal/arm64/FeatureConfig_dependency_info.dat --stringsdata-file /Users/george.sigalas/Library/Developer/Xcode/DerivedData/ScribbleFit-fdogjjubbltqcsctzflnsjbdahon/Build/Intermediates.noindex/FeatureConfig.build/Debug-iphoneos/FeatureConfig.build/Objects-normal/arm64/ExtractedAppShortcutsMetadata.stringsdata --source-file-list /Users/george.sigalas/Library/Developer/Xcode/DerivedData/ScribbleFit-fdogjjubbltqcsctzflnsjbdahon/Build/Intermediates.noindex/FeatureConfig.build/Debug-iphoneos/FeatureConfig.build/Objects-normal/arm64/FeatureConfig.SwiftFileList --metadata-file-list /Users/george.sigalas/Library/Developer/Xcode/DerivedData/ScribbleFit-fdogjjubbltqcsctzflnsjbdahon/Build/Intermediates.noindex/FeatureConfig.build/Debug-iphoneos/FeatureConfig.build/FeatureConfig.DependencyMetadataFileList --static-metadata-file-list /Users/george.sigalas/Library/Developer/Xcode/DerivedData/ScribbleFit-fdogjjubbltqcsctzflnsjbdahon/Build/Intermediates.noindex/FeatureConfig.build/Debug-iphoneos/FeatureConfig.build/FeatureConfig.DependencyStaticMetadataFileList --swift-const-vals-list /Users/george.sigalas/Library/Developer/Xcode/DerivedData/ScribbleFit-fdogjjubbltqcsctzflnsjbdahon/Build/Intermediates.noindex/FeatureConfig.build/Debug-iphoneos/FeatureConfig.build/Objects-normal/arm64/FeatureConfig.SwiftConstValuesFileList --force --compile-time-extraction --deployment-aware-processing --validate-assistant-intents --no-app-shortcuts-localization
2026-04-20 13:52:53.373 appintentsmetadataprocessor[66332:42950729] Starting appintentsmetadataprocessor export
2026-04-20 13:52:53.388 appintentsmetadataprocessor[66332:42950729] Extracted no relevant App Intents symbols, skipping writing output

RegisterExecutionPolicyException /Users/george.sigalas/Library/Developer/Xcode/DerivedData/ScribbleFit-fdogjjubbltqcsctzflnsjbdahon/Build/Products/Debug-iphoneos/CoreDatabase.o (in target 'CoreDatabase' from project 'CoreDatabase')
    cd /Users/george.sigalas/AndroidStudioProjects/scribblefit/apps/ios/ScribbleFit/LocalPackages/Core/CoreDatabase
    builtin-RegisterExecutionPolicyException /Users/george.sigalas/Library/Developer/Xcode/DerivedData/ScribbleFit-fdogjjubbltqcsctzflnsjbdahon/Build/Products/Debug-iphoneos/CoreDatabase.o

RegisterExecutionPolicyException /Users/george.sigalas/Library/Developer/Xcode/DerivedData/ScribbleFit-fdogjjubbltqcsctzflnsjbdahon/Build/Products/Debug-iphoneos/GoogleUtilities-UserDefaults.o (in target 'GoogleUtilities-UserDefaults' from project 'GoogleUtilities')
    cd /Users/george.sigalas/Library/Developer/Xcode/DerivedData/ScribbleFit-fdogjjubbltqcsctzflnsjbdahon/SourcePackages/checkouts/GoogleUtilities
    builtin-RegisterExecutionPolicyException /Users/george.sigalas/Library/Developer/Xcode/DerivedData/ScribbleFit-fdogjjubbltqcsctzflnsjbdahon/Build/Products/Debug-iphoneos/GoogleUtilities-UserDefaults.o

RegisterExecutionPolicyException /Users/george.sigalas/Library/Developer/Xcode/DerivedData/ScribbleFit-fdogjjubbltqcsctzflnsjbdahon/Build/Products/Debug-iphoneos/FeatureSets.o (in target 'FeatureSets' from project 'FeatureSets')
    cd /Users/george.sigalas/AndroidStudioProjects/scribblefit/apps/ios/ScribbleFit/LocalPackages/Features/FeatureSets
    builtin-RegisterExecutionPolicyException /Users/george.sigalas/Library/Developer/Xcode/DerivedData/ScribbleFit-fdogjjubbltqcsctzflnsjbdahon/Build/Products/Debug-iphoneos/FeatureSets.o

RegisterExecutionPolicyException /Users/george.sigalas/Library/Developer/Xcode/DerivedData/ScribbleFit-fdogjjubbltqcsctzflnsjbdahon/Build/Products/Debug-iphoneos/GoogleUtilities-Reachability.o (in target 'GoogleUtilities-Reachability' from project 'GoogleUtilities')
    cd /Users/george.sigalas/Library/Developer/Xcode/DerivedData/ScribbleFit-fdogjjubbltqcsctzflnsjbdahon/SourcePackages/checkouts/GoogleUtilities
    builtin-RegisterExecutionPolicyException /Users/george.sigalas/Library/Developer/Xcode/DerivedData/ScribbleFit-fdogjjubbltqcsctzflnsjbdahon/Build/Products/Debug-iphoneos/GoogleUtilities-Reachability.o

RegisterExecutionPolicyException /Users/george.sigalas/Library/Developer/Xcode/DerivedData/ScribbleFit-fdogjjubbltqcsctzflnsjbdahon/Build/Products/Debug-iphoneos/FeatureConfig.o (in target 'FeatureConfig' from project 'FeatureConfig')
    cd /Users/george.sigalas/AndroidStudioProjects/scribblefit/apps/ios/ScribbleFit/LocalPackages/Features/FeatureConfig
    builtin-RegisterExecutionPolicyException /Users/george.sigalas/Library/Developer/Xcode/DerivedData/ScribbleFit-fdogjjubbltqcsctzflnsjbdahon/Build/Products/Debug-iphoneos/FeatureConfig.o

Ld /Users/george.sigalas/Library/Developer/Xcode/DerivedData/ScribbleFit-fdogjjubbltqcsctzflnsjbdahon/Build/Products/Debug-iphoneos/AppCheckCore.o normal (in target 'AppCheckCore' from project 'AppCheck')
    cd /Users/george.sigalas/Library/Developer/Xcode/DerivedData/ScribbleFit-fdogjjubbltqcsctzflnsjbdahon/SourcePackages/checkouts/app-check
    /Applications/Xcode.app/Contents/Developer/Toolchains/XcodeDefault.xctoolchain/usr/bin/clang -Xlinker -reproducible -target arm64-apple-ios12.0 -r -isysroot /Applications/Xcode.app/Contents/Developer/Platforms/iPhoneOS.platform/Developer/SDKs/iPhoneOS26.4.sdk -O0 -w -F/Users/george.sigalas/Library/Developer/Xcode/DerivedData/ScribbleFit-fdogjjubbltqcsctzflnsjbdahon/Build/Intermediates.noindex/EagerLinkingTBDs/Debug-iphoneos -F/Users/george.sigalas/Library/Developer/Xcode/DerivedData/ScribbleFit-fdogjjubbltqcsctzflnsjbdahon/Build/Products/Debug-iphoneos/PackageFrameworks -F/Users/george.sigalas/Library/Developer/Xcode/DerivedData/ScribbleFit-fdogjjubbltqcsctzflnsjbdahon/Build/Products/Debug-iphoneos/PackageFrameworks -F/Users/george.sigalas/Library/Developer/Xcode/DerivedData/ScribbleFit-fdogjjubbltqcsctzflnsjbdahon/Build/Products/Debug-iphoneos/PackageFrameworks -F/Users/george.sigalas/Library/Developer/Xcode/DerivedData/ScribbleFit-fdogjjubbltqcsctzflnsjbdahon/Build/Products/Debug-iphoneos/PackageFrameworks -F/Users/george.sigalas/Library/Developer/Xcode/DerivedData/ScribbleFit-fdogjjubbltqcsctzflnsjbdahon/Build/Products/Debug-iphoneos/PackageFrameworks -F/Users/george.sigalas/Library/Developer/Xcode/DerivedData/ScribbleFit-fdogjjubbltqcsctzflnsjbdahon/Build/Products/Debug-iphoneos -iframework /Applications/Xcode.app/Contents/Developer/Platforms/iPhoneOS.platform/Developer/Library/Frameworks -iframework /Applications/Xcode.app/Contents/Developer/Platforms/iPhoneOS.platform/Developer/SDKs/iPhoneOS26.4.sdk/Developer/Library/Frameworks -filelist /Users/george.sigalas/Library/Developer/Xcode/DerivedData/ScribbleFit-fdogjjubbltqcsctzflnsjbdahon/Build/Intermediates.noindex/AppCheck.build/Debug-iphoneos/AppCheckCore.build/Objects-normal/arm64/AppCheckCore.LinkFileList -nostdlib -Xlinker -object_path_lto -Xlinker /Users/george.sigalas/Library/Developer/Xcode/DerivedData/ScribbleFit-fdogjjubbltqcsctzflnsjbdahon/Build/Intermediates.noindex/AppCheck.build/Debug-iphoneos/AppCheckCore.build/Objects-normal/arm64/AppCheckCore_lto.o -Xlinker -no_deduplicate -Xlinker -debug_variant -Xlinker -dependency_info -Xlinker /Users/george.sigalas/Library/Developer/Xcode/DerivedData/ScribbleFit-fdogjjubbltqcsctzflnsjbdahon/Build/Intermediates.noindex/AppCheck.build/Debug-iphoneos/AppCheckCore.build/Objects-normal/arm64/AppCheckCore_dependency_info.dat -fobjc-arc -fobjc-link-runtime -o /Users/george.sigalas/Library/Developer/Xcode/DerivedData/ScribbleFit-fdogjjubbltqcsctzflnsjbdahon/Build/Products/Debug-iphoneos/AppCheckCore.o

RegisterExecutionPolicyException /Users/george.sigalas/Library/Developer/Xcode/DerivedData/ScribbleFit-fdogjjubbltqcsctzflnsjbdahon/Build/Products/Debug-iphoneos/FirebaseCore.o (in target 'FirebaseCore' from project 'Firebase')
    cd /Users/george.sigalas/Library/Developer/Xcode/DerivedData/ScribbleFit-fdogjjubbltqcsctzflnsjbdahon/SourcePackages/checkouts/firebase-ios-sdk
    builtin-RegisterExecutionPolicyException /Users/george.sigalas/Library/Developer/Xcode/DerivedData/ScribbleFit-fdogjjubbltqcsctzflnsjbdahon/Build/Products/Debug-iphoneos/FirebaseCore.o

Ld /Users/george.sigalas/Library/Developer/Xcode/DerivedData/ScribbleFit-fdogjjubbltqcsctzflnsjbdahon/Build/Products/Debug-iphoneos/GoogleUtilities-Network.o normal (in target 'GoogleUtilities-Network' from project 'GoogleUtilities')
    cd /Users/george.sigalas/Library/Developer/Xcode/DerivedData/ScribbleFit-fdogjjubbltqcsctzflnsjbdahon/SourcePackages/checkouts/GoogleUtilities
    /Applications/Xcode.app/Contents/Developer/Toolchains/XcodeDefault.xctoolchain/usr/bin/clang -Xlinker -reproducible -target arm64-apple-ios12.0 -r -isysroot /Applications/Xcode.app/Contents/Developer/Platforms/iPhoneOS.platform/Developer/SDKs/iPhoneOS26.4.sdk -O0 -w -F/Users/george.sigalas/Library/Developer/Xcode/DerivedData/ScribbleFit-fdogjjubbltqcsctzflnsjbdahon/Build/Intermediates.noindex/EagerLinkingTBDs/Debug-iphoneos -F/Users/george.sigalas/Library/Developer/Xcode/DerivedData/ScribbleFit-fdogjjubbltqcsctzflnsjbdahon/Build/Products/Debug-iphoneos/PackageFrameworks -F/Users/george.sigalas/Library/Developer/Xcode/DerivedData/ScribbleFit-fdogjjubbltqcsctzflnsjbdahon/Build/Products/Debug-iphoneos/PackageFrameworks -F/Users/george.sigalas/Library/Developer/Xcode/DerivedData/ScribbleFit-fdogjjubbltqcsctzflnsjbdahon/Build/Products/Debug-iphoneos/PackageFrameworks -F/Users/george.sigalas/Library/Developer/Xcode/DerivedData/ScribbleFit-fdogjjubbltqcsctzflnsjbdahon/Build/Products/Debug-iphoneos/PackageFrameworks -F/Users/george.sigalas/Library/Developer/Xcode/DerivedData/ScribbleFit-fdogjjubbltqcsctzflnsjbdahon/Build/Products/Debug-iphoneos/PackageFrameworks -F/Users/george.sigalas/Library/Developer/Xcode/DerivedData/ScribbleFit-fdogjjubbltqcsctzflnsjbdahon/Build/Products/Debug-iphoneos -iframework /Applications/Xcode.app/Contents/Developer/Platforms/iPhoneOS.platform/Developer/Library/Frameworks -iframework /Applications/Xcode.app/Contents/Developer/Platforms/iPhoneOS.platform/Developer/SDKs/iPhoneOS26.4.sdk/Developer/Library/Frameworks -filelist /Users/george.sigalas/Library/Developer/Xcode/DerivedData/ScribbleFit-fdogjjubbltqcsctzflnsjbdahon/Build/Intermediates.noindex/GoogleUtilities.build/Debug-iphoneos/GoogleUtilities-Network.build/Objects-normal/arm64/GoogleUtilities-Network.LinkFileList -nostdlib -Xlinker -object_path_lto -Xlinker /Users/george.sigalas/Library/Developer/Xcode/DerivedData/ScribbleFit-fdogjjubbltqcsctzflnsjbdahon/Build/Intermediates.noindex/GoogleUtilities.build/Debug-iphoneos/GoogleUtilities-Network.build/Objects-normal/arm64/GoogleUtilities-Network_lto.o -Xlinker -no_deduplicate -Xlinker -debug_variant -Xlinker -dependency_info -Xlinker /Users/george.sigalas/Library/Developer/Xcode/DerivedData/ScribbleFit-fdogjjubbltqcsctzflnsjbdahon/Build/Intermediates.noindex/GoogleUtilities.build/Debug-iphoneos/GoogleUtilities-Network.build/Objects-normal/arm64/GoogleUtilities-Network_dependency_info.dat -fobjc-arc -fobjc-link-runtime -o /Users/george.sigalas/Library/Developer/Xcode/DerivedData/ScribbleFit-fdogjjubbltqcsctzflnsjbdahon/Build/Products/Debug-iphoneos/GoogleUtilities-Network.o

RegisterExecutionPolicyException /Users/george.sigalas/Library/Developer/Xcode/DerivedData/ScribbleFit-fdogjjubbltqcsctzflnsjbdahon/Build/Products/Debug-iphoneos/FirebaseCoreExtension.o (in target 'FirebaseCoreExtension' from project 'Firebase')
    cd /Users/george.sigalas/Library/Developer/Xcode/DerivedData/ScribbleFit-fdogjjubbltqcsctzflnsjbdahon/SourcePackages/checkouts/firebase-ios-sdk
    builtin-RegisterExecutionPolicyException /Users/george.sigalas/Library/Developer/Xcode/DerivedData/ScribbleFit-fdogjjubbltqcsctzflnsjbdahon/Build/Products/Debug-iphoneos/FirebaseCoreExtension.o

Ld /Users/george.sigalas/Library/Developer/Xcode/DerivedData/ScribbleFit-fdogjjubbltqcsctzflnsjbdahon/Build/Products/Debug-iphoneos/FirebaseAILogic.o normal (in target 'FirebaseAILogic' from project 'Firebase')
    cd /Users/george.sigalas/Library/Developer/Xcode/DerivedData/ScribbleFit-fdogjjubbltqcsctzflnsjbdahon/SourcePackages/checkouts/firebase-ios-sdk
    /Applications/Xcode.app/Contents/Developer/Toolchains/XcodeDefault.xctoolchain/usr/bin/clang -Xlinker -reproducible -target arm64-apple-ios15.0 -r -isysroot /Applications/Xcode.app/Contents/Developer/Platforms/iPhoneOS.platform/Developer/SDKs/iPhoneOS26.4.sdk -O0 -w -F/Users/george.sigalas/Library/Developer/Xcode/DerivedData/ScribbleFit-fdogjjubbltqcsctzflnsjbdahon/Build/Intermediates.noindex/EagerLinkingTBDs/Debug-iphoneos -F/Users/george.sigalas/Library/Developer/Xcode/DerivedData/ScribbleFit-fdogjjubbltqcsctzflnsjbdahon/Build/Products/Debug-iphoneos/PackageFrameworks -F/Users/george.sigalas/Library/Developer/Xcode/DerivedData/ScribbleFit-fdogjjubbltqcsctzflnsjbdahon/Build/Products/Debug-iphoneos/PackageFrameworks -F/Users/george.sigalas/Library/Developer/Xcode/DerivedData/ScribbleFit-fdogjjubbltqcsctzflnsjbdahon/Build/Products/Debug-iphoneos/PackageFrameworks -F/Users/george.sigalas/Library/Developer/Xcode/DerivedData/ScribbleFit-fdogjjubbltqcsctzflnsjbdahon/Build/Products/Debug-iphoneos/PackageFrameworks -F/Users/george.sigalas/Library/Developer/Xcode/DerivedData/ScribbleFit-fdogjjubbltqcsctzflnsjbdahon/Build/Products/Debug-iphoneos/PackageFrameworks -F/Users/george.sigalas/Library/Developer/Xcode/DerivedData/ScribbleFit-fdogjjubbltqcsctzflnsjbdahon/Build/Products/Debug-iphoneos/PackageFrameworks -F/Users/george.sigalas/Library/Developer/Xcode/DerivedData/ScribbleFit-fdogjjubbltqcsctzflnsjbdahon/Build/Products/Debug-iphoneos/PackageFrameworks -F/Users/george.sigalas/Library/Developer/Xcode/DerivedData/ScribbleFit-fdogjjubbltqcsctzflnsjbdahon/Build/Products/Debug-iphoneos/PackageFrameworks -F/Users/george.sigalas/Library/Developer/Xcode/DerivedData/ScribbleFit-fdogjjubbltqcsctzflnsjbdahon/Build/Products/Debug-iphoneos/PackageFrameworks -F/Users/george.sigalas/Library/Developer/Xcode/DerivedData/ScribbleFit-fdogjjubbltqcsctzflnsjbdahon/Build/Products/Debug-iphoneos/PackageFrameworks -F/Users/george.sigalas/Library/Developer/Xcode/DerivedData/ScribbleFit-fdogjjubbltqcsctzflnsjbdahon/Build/Products/Debug-iphoneos -iframework /Applications/Xcode.app/Contents/Developer/Platforms/iPhoneOS.platform/Developer/Library/Frameworks -iframework /Applications/Xcode.app/Contents/Developer/Platforms/iPhoneOS.platform/Developer/SDKs/iPhoneOS26.4.sdk/Developer/Library/Frameworks -filelist /Users/george.sigalas/Library/Developer/Xcode/DerivedData/ScribbleFit-fdogjjubbltqcsctzflnsjbdahon/Build/Intermediates.noindex/Firebase.build/Debug-iphoneos/FirebaseAILogic.build/Objects-normal/arm64/FirebaseAILogic.LinkFileList -nostdlib -Xlinker -object_path_lto -Xlinker /Users/george.sigalas/Library/Developer/Xcode/DerivedData/ScribbleFit-fdogjjubbltqcsctzflnsjbdahon/Build/Intermediates.noindex/Firebase.build/Debug-iphoneos/FirebaseAILogic.build/Objects-normal/arm64/FirebaseAILogic_lto.o -Xlinker -no_deduplicate -Xlinker -debug_variant -Xlinker -dependency_info -Xlinker /Users/george.sigalas/Library/Developer/Xcode/DerivedData/ScribbleFit-fdogjjubbltqcsctzflnsjbdahon/Build/Intermediates.noindex/Firebase.build/Debug-iphoneos/FirebaseAILogic.build/Objects-normal/arm64/FirebaseAILogic_dependency_info.dat -fobjc-link-runtime -L/Applications/Xcode.app/Contents/Developer/Toolchains/XcodeDefault.xctoolchain/usr/lib/swift/iphoneos -L/usr/lib/swift -Xlinker -add_ast_path -Xlinker /Users/george.sigalas/Library/Developer/Xcode/DerivedData/ScribbleFit-fdogjjubbltqcsctzflnsjbdahon/Build/Intermediates.noindex/Firebase.build/Debug-iphoneos/FirebaseAILogic.build/Objects-normal/arm64/FirebaseAILogic.swiftmodule @/Users/george.sigalas/Library/Developer/Xcode/DerivedData/ScribbleFit-fdogjjubbltqcsctzflnsjbdahon/Build/Intermediates.noindex/Firebase.build/Debug-iphoneos/FirebaseAILogic.build/Objects-normal/arm64/FirebaseAILogic-linker-args.resp -o /Users/george.sigalas/Library/Developer/Xcode/DerivedData/ScribbleFit-fdogjjubbltqcsctzflnsjbdahon/Build/Products/Debug-iphoneos/FirebaseAILogic.o

RegisterExecutionPolicyException /Users/george.sigalas/Library/Developer/Xcode/DerivedData/ScribbleFit-fdogjjubbltqcsctzflnsjbdahon/Build/Products/Debug-iphoneos/AppCheckCore.o (in target 'AppCheckCore' from project 'AppCheck')
    cd /Users/george.sigalas/Library/Developer/Xcode/DerivedData/ScribbleFit-fdogjjubbltqcsctzflnsjbdahon/SourcePackages/checkouts/app-check
    builtin-RegisterExecutionPolicyException /Users/george.sigalas/Library/Developer/Xcode/DerivedData/ScribbleFit-fdogjjubbltqcsctzflnsjbdahon/Build/Products/Debug-iphoneos/AppCheckCore.o

RegisterExecutionPolicyException /Users/george.sigalas/Library/Developer/Xcode/DerivedData/ScribbleFit-fdogjjubbltqcsctzflnsjbdahon/Build/Products/Debug-iphoneos/GoogleUtilities-Network.o (in target 'GoogleUtilities-Network' from project 'GoogleUtilities')
    cd /Users/george.sigalas/Library/Developer/Xcode/DerivedData/ScribbleFit-fdogjjubbltqcsctzflnsjbdahon/SourcePackages/checkouts/GoogleUtilities
    builtin-RegisterExecutionPolicyException /Users/george.sigalas/Library/Developer/Xcode/DerivedData/ScribbleFit-fdogjjubbltqcsctzflnsjbdahon/Build/Products/Debug-iphoneos/GoogleUtilities-Network.o

Ld /Users/george.sigalas/Library/Developer/Xcode/DerivedData/ScribbleFit-fdogjjubbltqcsctzflnsjbdahon/Build/Products/Debug-iphoneos/FirebaseAppCheck.o normal (in target 'FirebaseAppCheck' from project 'Firebase')
    cd /Users/george.sigalas/Library/Developer/Xcode/DerivedData/ScribbleFit-fdogjjubbltqcsctzflnsjbdahon/SourcePackages/checkouts/firebase-ios-sdk
    /Applications/Xcode.app/Contents/Developer/Toolchains/XcodeDefault.xctoolchain/usr/bin/clang -Xlinker -reproducible -target arm64-apple-ios15.0 -r -isysroot /Applications/Xcode.app/Contents/Developer/Platforms/iPhoneOS.platform/Developer/SDKs/iPhoneOS26.4.sdk -O0 -w -F/Users/george.sigalas/Library/Developer/Xcode/DerivedData/ScribbleFit-fdogjjubbltqcsctzflnsjbdahon/Build/Intermediates.noindex/EagerLinkingTBDs/Debug-iphoneos -F/Users/george.sigalas/Library/Developer/Xcode/DerivedData/ScribbleFit-fdogjjubbltqcsctzflnsjbdahon/Build/Products/Debug-iphoneos/PackageFrameworks -F/Users/george.sigalas/Library/Developer/Xcode/DerivedData/ScribbleFit-fdogjjubbltqcsctzflnsjbdahon/Build/Products/Debug-iphoneos/PackageFrameworks -F/Users/george.sigalas/Library/Developer/Xcode/DerivedData/ScribbleFit-fdogjjubbltqcsctzflnsjbdahon/Build/Products/Debug-iphoneos/PackageFrameworks -F/Users/george.sigalas/Library/Developer/Xcode/DerivedData/ScribbleFit-fdogjjubbltqcsctzflnsjbdahon/Build/Products/Debug-iphoneos/PackageFrameworks -F/Users/george.sigalas/Library/Developer/Xcode/DerivedData/ScribbleFit-fdogjjubbltqcsctzflnsjbdahon/Build/Products/Debug-iphoneos/PackageFrameworks -F/Users/george.sigalas/Library/Developer/Xcode/DerivedData/ScribbleFit-fdogjjubbltqcsctzflnsjbdahon/Build/Products/Debug-iphoneos/PackageFrameworks -F/Users/george.sigalas/Library/Developer/Xcode/DerivedData/ScribbleFit-fdogjjubbltqcsctzflnsjbdahon/Build/Products/Debug-iphoneos/PackageFrameworks -F/Users/george.sigalas/Library/Developer/Xcode/DerivedData/ScribbleFit-fdogjjubbltqcsctzflnsjbdahon/Build/Products/Debug-iphoneos/PackageFrameworks -F/Users/george.sigalas/Library/Developer/Xcode/DerivedData/ScribbleFit-fdogjjubbltqcsctzflnsjbdahon/Build/Products/Debug-iphoneos/PackageFrameworks -F/Users/george.sigalas/Library/Developer/Xcode/DerivedData/ScribbleFit-fdogjjubbltqcsctzflnsjbdahon/Build/Products/Debug-iphoneos/PackageFrameworks -F/Users/george.sigalas/Library/Developer/Xcode/DerivedData/ScribbleFit-fdogjjubbltqcsctzflnsjbdahon/Build/Products/Debug-iphoneos/PackageFrameworks -F/Users/george.sigalas/Library/Developer/Xcode/DerivedData/ScribbleFit-fdogjjubbltqcsctzflnsjbdahon/Build/Products/Debug-iphoneos -iframework /Applications/Xcode.app/Contents/Developer/Platforms/iPhoneOS.platform/Developer/Library/Frameworks -iframework /Applications/Xcode.app/Contents/Developer/Platforms/iPhoneOS.platform/Developer/SDKs/iPhoneOS26.4.sdk/Developer/Library/Frameworks -filelist /Users/george.sigalas/Library/Developer/Xcode/DerivedData/ScribbleFit-fdogjjubbltqcsctzflnsjbdahon/Build/Intermediates.noindex/Firebase.build/Debug-iphoneos/FirebaseAppCheck.build/Objects-normal/arm64/FirebaseAppCheck.LinkFileList -nostdlib -Xlinker -object_path_lto -Xlinker /Users/george.sigalas/Library/Developer/Xcode/DerivedData/ScribbleFit-fdogjjubbltqcsctzflnsjbdahon/Build/Intermediates.noindex/Firebase.build/Debug-iphoneos/FirebaseAppCheck.build/Objects-normal/arm64/FirebaseAppCheck_lto.o -Xlinker -no_deduplicate -Xlinker -debug_variant -Xlinker -dependency_info -Xlinker /Users/george.sigalas/Library/Developer/Xcode/DerivedData/ScribbleFit-fdogjjubbltqcsctzflnsjbdahon/Build/Intermediates.noindex/Firebase.build/Debug-iphoneos/FirebaseAppCheck.build/Objects-normal/arm64/FirebaseAppCheck_dependency_info.dat -fobjc-arc -fobjc-link-runtime -o /Users/george.sigalas/Library/Developer/Xcode/DerivedData/ScribbleFit-fdogjjubbltqcsctzflnsjbdahon/Build/Products/Debug-iphoneos/FirebaseAppCheck.o

SwiftDriverJobDiscovery normal arm64 Emitting module for FeatureWorkouts (in target 'FeatureWorkouts' from project 'FeatureWorkouts')

SwiftDriverJobDiscovery normal arm64 Emitting module for FeatureScribble (in target 'FeatureScribble' from project 'FeatureScribble')

SwiftDriver\ Compilation\ Requirements FeatureWorkouts normal arm64 com.apple.xcode.tools.swift.compiler (in target 'FeatureWorkouts' from project 'FeatureWorkouts')
    cd /Users/george.sigalas/AndroidStudioProjects/scribblefit/apps/ios/ScribbleFit/ScribbleFit.xcodeproj
    builtin-Swift-Compilation-Requirements -- /Applications/Xcode.app/Contents/Developer/Toolchains/XcodeDefault.xctoolchain/usr/bin/swiftc -module-name FeatureWorkouts -Onone @/Users/george.sigalas/Library/Developer/Xcode/DerivedData/ScribbleFit-fdogjjubbltqcsctzflnsjbdahon/Build/Intermediates.noindex/FeatureWorkouts.build/Debug-iphoneos/FeatureWorkouts.build/Objects-normal/arm64/FeatureWorkouts.SwiftFileList -DSWIFT_PACKAGE -DDEBUG -DSWIFT_MODULE_RESOURCE_BUNDLE_UNAVAILABLE -DXcode -plugin-path /Applications/Xcode.app/Contents/Developer/Toolchains/XcodeDefault.xctoolchain/usr/lib/swift/host/plugins/testing -enable-experimental-feature DebugDescriptionMacro -sdk /Applications/Xcode.app/Contents/Developer/Platforms/iPhoneOS.platform/Developer/SDKs/iPhoneOS26.4.sdk -target arm64-apple-ios17.0 -g -module-cache-path /Users/george.sigalas/Library/Developer/Xcode/DerivedData/ModuleCache.noindex -Xfrontend -serialize-debugging-options -profile-coverage-mapping -profile-generate -enable-testing -suppress-warnings -index-store-path /Users/george.sigalas/Library/Developer/Xcode/DerivedData/ScribbleFit-fdogjjubbltqcsctzflnsjbdahon/Index.noindex/DataStore -Xcc -D_LIBCPP_HARDENING_MODE\=_LIBCPP_HARDENING_MODE_DEBUG -swift-version 6 -I /Users/george.sigalas/Library/Developer/Xcode/DerivedData/ScribbleFit-fdogjjubbltqcsctzflnsjbdahon/Build/Products/Debug-iphoneos -Isystem /Applications/Xcode.app/Contents/Developer/Platforms/iPhoneOS.platform/Developer/usr/lib -F /Users/george.sigalas/Library/Developer/Xcode/DerivedData/ScribbleFit-fdogjjubbltqcsctzflnsjbdahon/Build/Products/Debug-iphoneos/PackageFrameworks -F /Users/george.sigalas/Library/Developer/Xcode/DerivedData/ScribbleFit-fdogjjubbltqcsctzflnsjbdahon/Build/Products/Debug-iphoneos/PackageFrameworks -F /Users/george.sigalas/Library/Developer/Xcode/DerivedData/ScribbleFit-fdogjjubbltqcsctzflnsjbdahon/Build/Products/Debug-iphoneos -F /Applications/Xcode.app/Contents/Developer/Platforms/iPhoneOS.platform/Developer/Library/Frameworks -F /Applications/Xcode.app/Contents/Developer/Platforms/iPhoneOS.platform/Developer/SDKs/iPhoneOS26.4.sdk/Developer/Library/Frameworks -c -j14 -enable-batch-mode -incremental -Xcc -ivfsstatcache -Xcc /Users/george.sigalas/Library/Developer/Xcode/DerivedData/SDKStatCaches.noindex/iphoneos26.4-23E252-68a138bb55de9ba35ce6c8c40d12849e.sdkstatcache -output-file-map /Users/george.sigalas/Library/Developer/Xcode/DerivedData/ScribbleFit-fdogjjubbltqcsctzflnsjbdahon/Build/Intermediates.noindex/FeatureWorkouts.build/Debug-iphoneos/FeatureWorkouts.build/Objects-normal/arm64/FeatureWorkouts-OutputFileMap.json -use-frontend-parseable-output -save-temps -no-color-diagnostics -explicit-module-build -module-cache-path /Users/george.sigalas/Library/Developer/Xcode/DerivedData/ScribbleFit-fdogjjubbltqcsctzflnsjbdahon/Build/Intermediates.noindex/SwiftExplicitPrecompiledModules -clang-scanner-module-cache-path /Users/george.sigalas/Library/Developer/Xcode/DerivedData/ModuleCache.noindex -sdk-module-cache-path /Users/george.sigalas/Library/Developer/Xcode/DerivedData/ModuleCache.noindex -serialize-diagnostics -emit-dependencies -emit-module -emit-module-path /Users/george.sigalas/Library/Developer/Xcode/DerivedData/ScribbleFit-fdogjjubbltqcsctzflnsjbdahon/Build/Intermediates.noindex/FeatureWorkouts.build/Debug-iphoneos/FeatureWorkouts.build/Objects-normal/arm64/FeatureWorkouts.swiftmodule -validate-clang-modules-once -clang-build-session-file /Users/george.sigalas/Library/Developer/Xcode/DerivedData/ModuleCache.noindex/Session.modulevalidation -package-name featureworkouts -Xcc -I/Users/george.sigalas/Library/Developer/Xcode/DerivedData/ScribbleFit-fdogjjubbltqcsctzflnsjbdahon/Build/Intermediates.noindex/FeatureWorkouts.build/Debug-iphoneos/FeatureWorkouts.build/swift-overrides.hmap -emit-const-values -Xfrontend -const-gather-protocols-file -Xfrontend /Users/george.sigalas/Library/Developer/Xcode/DerivedData/ScribbleFit-fdogjjubbltqcsctzflnsjbdahon/Build/Intermediates.noindex/FeatureWorkouts.build/Debug-iphoneos/FeatureWorkouts.build/Objects-normal/arm64/FeatureWorkouts_const_extract_protocols.json -Xcc -I/Users/george.sigalas/Library/Developer/Xcode/DerivedData/ScribbleFit-fdogjjubbltqcsctzflnsjbdahon/Build/Products/Debug-iphoneos/include -Xcc -I/Users/george.sigalas/Library/Developer/Xcode/DerivedData/ScribbleFit-fdogjjubbltqcsctzflnsjbdahon/Build/Intermediates.noindex/FeatureWorkouts.build/Debug-iphoneos/FeatureWorkouts.build/DerivedSources-normal/arm64 -Xcc -I/Users/george.sigalas/Library/Developer/Xcode/DerivedData/ScribbleFit-fdogjjubbltqcsctzflnsjbdahon/Build/Intermediates.noindex/FeatureWorkouts.build/Debug-iphoneos/FeatureWorkouts.build/DerivedSources/arm64 -Xcc -I/Users/george.sigalas/Library/Developer/Xcode/DerivedData/ScribbleFit-fdogjjubbltqcsctzflnsjbdahon/Build/Intermediates.noindex/FeatureWorkouts.build/Debug-iphoneos/FeatureWorkouts.build/DerivedSources -Xcc -DSWIFT_PACKAGE -Xcc -DDEBUG\=1 -emit-objc-header -emit-objc-header-path /Users/george.sigalas/Library/Developer/Xcode/DerivedData/ScribbleFit-fdogjjubbltqcsctzflnsjbdahon/Build/Intermediates.noindex/FeatureWorkouts.build/Debug-iphoneos/FeatureWorkouts.build/Objects-normal/arm64/FeatureWorkouts-Swift.h -working-directory /Users/george.sigalas/AndroidStudioProjects/scribblefit/apps/ios/ScribbleFit/ScribbleFit.xcodeproj -experimental-emit-module-separately -disable-cmo

SwiftDriver\ Compilation\ Requirements FeatureScribble normal arm64 com.apple.xcode.tools.swift.compiler (in target 'FeatureScribble' from project 'FeatureScribble')
    cd /Users/george.sigalas/AndroidStudioProjects/scribblefit/apps/ios/ScribbleFit/ScribbleFit.xcodeproj
    builtin-Swift-Compilation-Requirements -- /Applications/Xcode.app/Contents/Developer/Toolchains/XcodeDefault.xctoolchain/usr/bin/swiftc -module-name FeatureScribble -Onone @/Users/george.sigalas/Library/Developer/Xcode/DerivedData/ScribbleFit-fdogjjubbltqcsctzflnsjbdahon/Build/Intermediates.noindex/FeatureScribble.build/Debug-iphoneos/FeatureScribble.build/Objects-normal/arm64/FeatureScribble.SwiftFileList -DSWIFT_PACKAGE -DDEBUG -DSWIFT_MODULE_RESOURCE_BUNDLE_UNAVAILABLE -Xcc -fmodule-map-file\=/Users/george.sigalas/Library/Developer/Xcode/DerivedData/ScribbleFit-fdogjjubbltqcsctzflnsjbdahon/Build/Intermediates.noindex/GeneratedModuleMaps-iphoneos/AppCheckCore.modulemap -Xcc -fmodule-map-file\=/Users/george.sigalas/Library/Developer/Xcode/DerivedData/ScribbleFit-fdogjjubbltqcsctzflnsjbdahon/Build/Intermediates.noindex/GeneratedModuleMaps-iphoneos/GoogleUtilities-UserDefaults.modulemap -Xcc -fmodule-map-file\=/Users/george.sigalas/Library/Developer/Xcode/DerivedData/ScribbleFit-fdogjjubbltqcsctzflnsjbdahon/Build/Intermediates.noindex/GeneratedModuleMaps-iphoneos/FirebaseAppCheck.modulemap -Xcc -fmodule-map-file\=/Users/george.sigalas/Library/Developer/Xcode/DerivedData/ScribbleFit-fdogjjubbltqcsctzflnsjbdahon/Build/Intermediates.noindex/GeneratedModuleMaps-iphoneos/RecaptchaInterop.modulemap -Xcc -fmodule-map-file\=/Users/george.sigalas/Library/Developer/Xcode/DerivedData/ScribbleFit-fdogjjubbltqcsctzflnsjbdahon/Build/Intermediates.noindex/GeneratedModuleMaps-iphoneos/GoogleUtilities-Network.modulemap -Xcc -fmodule-map-file\=/Users/george.sigalas/Library/Developer/Xcode/DerivedData/ScribbleFit-fdogjjubbltqcsctzflnsjbdahon/Build/Intermediates.noindex/GeneratedModuleMaps-iphoneos/GoogleUtilities-Reachability.modulemap -Xcc -fmodule-map-file\=/Users/george.sigalas/Library/Developer/Xcode/DerivedData/ScribbleFit-fdogjjubbltqcsctzflnsjbdahon/Build/Intermediates.noindex/GeneratedModuleMaps-iphoneos/GoogleUtilities-AppDelegateSwizzler.modulemap -Xcc -fmodule-map-file\=/Users/george.sigalas/Library/Developer/Xcode/DerivedData/ScribbleFit-fdogjjubbltqcsctzflnsjbdahon/Build/Intermediates.noindex/GeneratedModuleMaps-iphoneos/GTMSessionFetcherCore.modulemap -Xcc -fmodule-map-file\=/Users/george.sigalas/Library/Developer/Xcode/DerivedData/ScribbleFit-fdogjjubbltqcsctzflnsjbdahon/Build/Intermediates.noindex/GeneratedModuleMaps-iphoneos/FirebaseAuthInternal.modulemap -Xcc -fmodule-map-file\=/Users/george.sigalas/Library/Developer/Xcode/DerivedData/ScribbleFit-fdogjjubbltqcsctzflnsjbdahon/Build/Intermediates.noindex/GeneratedModuleMaps-iphoneos/GoogleUtilities-NSData.modulemap -Xcc -fmodule-map-file\=/Users/george.sigalas/Library/Developer/Xcode/DerivedData/ScribbleFit-fdogjjubbltqcsctzflnsjbdahon/Build/Intermediates.noindex/GeneratedModuleMaps-iphoneos/GoogleUtilities-Environment.modulemap -Xcc -fmodule-map-file\=/Users/george.sigalas/Library/Developer/Xcode/DerivedData/ScribbleFit-fdogjjubbltqcsctzflnsjbdahon/Build/Intermediates.noindex/GeneratedModuleMaps-iphoneos/third-party-IsAppEncrypted.modulemap -Xcc -fmodule-map-file\=/Users/george.sigalas/Library/Developer/Xcode/DerivedData/ScribbleFit-fdogjjubbltqcsctzflnsjbdahon/Build/Intermediates.noindex/GeneratedModuleMaps-iphoneos/GoogleUtilities-Logger.modulemap -Xcc -fmodule-map-file\=/Users/george.sigalas/Library/Developer/Xcode/DerivedData/ScribbleFit-fdogjjubbltqcsctzflnsjbdahon/Build/Intermediates.noindex/GeneratedModuleMaps-iphoneos/FirebaseCoreExtension.modulemap -Xcc -fmodule-map-file\=/Users/george.sigalas/Library/Developer/Xcode/DerivedData/ScribbleFit-fdogjjubbltqcsctzflnsjbdahon/Build/Intermediates.noindex/GeneratedModuleMaps-iphoneos/FirebaseCore.modulemap -Xcc -fmodule-map-file\=/Users/george.sigalas/Library/Developer/Xcode/DerivedData/ScribbleFit-fdogjjubbltqcsctzflnsjbdahon/Build/Intermediates.noindex/GeneratedModuleMaps-iphoneos/FirebaseAuthInterop.modulemap -Xcc -fmodule-map-file\=/Users/george.sigalas/Library/Developer/Xcode/DerivedData/ScribbleFit-fdogjjubbltqcsctzflnsjbdahon/Build/Intermediates.noindex/GeneratedModuleMaps-iphoneos/FirebaseAppCheckInterop.modulemap -DXcode -plugin-path /Applications/Xcode.app/Contents/Developer/Toolchains/XcodeDefault.xctoolchain/usr/lib/swift/host/plugins/testing -enable-experimental-feature DebugDescriptionMacro -sdk /Applications/Xcode.app/Contents/Developer/Platforms/iPhoneOS.platform/Developer/SDKs/iPhoneOS26.4.sdk -target arm64-apple-ios17.0 -g -module-cache-path /Users/george.sigalas/Library/Developer/Xcode/DerivedData/ModuleCache.noindex -Xfrontend -serialize-debugging-options -profile-coverage-mapping -profile-generate -enable-testing -suppress-warnings -index-store-path /Users/george.sigalas/Library/Developer/Xcode/DerivedData/ScribbleFit-fdogjjubbltqcsctzflnsjbdahon/Index.noindex/DataStore -Xcc -D_LIBCPP_HARDENING_MODE\=_LIBCPP_HARDENING_MODE_DEBUG -swift-version 6 -I /Users/george.sigalas/Library/Developer/Xcode/DerivedData/ScribbleFit-fdogjjubbltqcsctzflnsjbdahon/Build/Products/Debug-iphoneos -Isystem /Applications/Xcode.app/Contents/Developer/Platforms/iPhoneOS.platform/Developer/usr/lib -F /Users/george.sigalas/Library/Developer/Xcode/DerivedData/ScribbleFit-fdogjjubbltqcsctzflnsjbdahon/Build/Products/Debug-iphoneos/PackageFrameworks -F /Users/george.sigalas/Library/Developer/Xcode/DerivedData/ScribbleFit-fdogjjubbltqcsctzflnsjbdahon/Build/Products/Debug-iphoneos/PackageFrameworks -F /Users/george.sigalas/Library/Developer/Xcode/DerivedData/ScribbleFit-fdogjjubbltqcsctzflnsjbdahon/Build/Products/Debug-iphoneos/PackageFrameworks -F /Users/george.sigalas/Library/Developer/Xcode/DerivedData/ScribbleFit-fdogjjubbltqcsctzflnsjbdahon/Build/Products/Debug-iphoneos/PackageFrameworks -F /Users/george.sigalas/Library/Developer/Xcode/DerivedData/ScribbleFit-fdogjjubbltqcsctzflnsjbdahon/Build/Products/Debug-iphoneos/PackageFrameworks -F /Users/george.sigalas/Library/Developer/Xcode/DerivedData/ScribbleFit-fdogjjubbltqcsctzflnsjbdahon/Build/Products/Debug-iphoneos/PackageFrameworks -F /Users/george.sigalas/Library/Developer/Xcode/DerivedData/ScribbleFit-fdogjjubbltqcsctzflnsjbdahon/Build/Products/Debug-iphoneos/PackageFrameworks -F /Users/george.sigalas/Library/Developer/Xcode/DerivedData/ScribbleFit-fdogjjubbltqcsctzflnsjbdahon/Build/Products/Debug-iphoneos/PackageFrameworks -F /Users/george.sigalas/Library/Developer/Xcode/DerivedData/ScribbleFit-fdogjjubbltqcsctzflnsjbdahon/Build/Products/Debug-iphoneos/PackageFrameworks -F /Users/george.sigalas/Library/Developer/Xcode/DerivedData/ScribbleFit-fdogjjubbltqcsctzflnsjbdahon/Build/Products/Debug-iphoneos/PackageFrameworks -F /Users/george.sigalas/Library/Developer/Xcode/DerivedData/ScribbleFit-fdogjjubbltqcsctzflnsjbdahon/Build/Products/Debug-iphoneos/PackageFrameworks -F /Users/george.sigalas/Library/Developer/Xcode/DerivedData/ScribbleFit-fdogjjubbltqcsctzflnsjbdahon/Build/Products/Debug-iphoneos/PackageFrameworks -F /Users/george.sigalas/Library/Developer/Xcode/DerivedData/ScribbleFit-fdogjjubbltqcsctzflnsjbdahon/Build/Products/Debug-iphoneos/PackageFrameworks -F /Users/george.sigalas/Library/Developer/Xcode/DerivedData/ScribbleFit-fdogjjubbltqcsctzflnsjbdahon/Build/Products/Debug-iphoneos/PackageFrameworks -F /Users/george.sigalas/Library/Developer/Xcode/DerivedData/ScribbleFit-fdogjjubbltqcsctzflnsjbdahon/Build/Products/Debug-iphoneos/PackageFrameworks -F /Users/george.sigalas/Library/Developer/Xcode/DerivedData/ScribbleFit-fdogjjubbltqcsctzflnsjbdahon/Build/Products/Debug-iphoneos/PackageFrameworks -F /Users/george.sigalas/Library/Developer/Xcode/DerivedData/ScribbleFit-fdogjjubbltqcsctzflnsjbdahon/Build/Products/Debug-iphoneos/PackageFrameworks -F /Users/george.sigalas/Library/Developer/Xcode/DerivedData/ScribbleFit-fdogjjubbltqcsctzflnsjbdahon/Build/Products/Debug-iphoneos/PackageFrameworks -F /Users/george.sigalas/Library/Developer/Xcode/DerivedData/ScribbleFit-fdogjjubbltqcsctzflnsjbdahon/Build/Products/Debug-iphoneos/PackageFrameworks -F /Users/george.sigalas/Library/Developer/Xcode/DerivedData/ScribbleFit-fdogjjubbltqcsctzflnsjbdahon/Build/Products/Debug-iphoneos/PackageFrameworks -F /Users/george.sigalas/Library/Developer/Xcode/DerivedData/ScribbleFit-fdogjjubbltqcsctzflnsjbdahon/Build/Products/Debug-iphoneos/PackageFrameworks -F /Users/george.sigalas/Library/Developer/Xcode/DerivedData/ScribbleFit-fdogjjubbltqcsctzflnsjbdahon/Build/Products/Debug-iphoneos/PackageFrameworks -F /Users/george.sigalas/Library/Developer/Xcode/DerivedData/ScribbleFit-fdogjjubbltqcsctzflnsjbdahon/Build/Products/Debug-iphoneos/PackageFrameworks -F /Users/george.sigalas/Library/Developer/Xcode/DerivedData/ScribbleFit-fdogjjubbltqcsctzflnsjbdahon/Build/Products/Debug-iphoneos/PackageFrameworks -F /Users/george.sigalas/Library/Developer/Xcode/DerivedData/ScribbleFit-fdogjjubbltqcsctzflnsjbdahon/Build/Products/Debug-iphoneos/PackageFrameworks -F /Users/george.sigalas/Library/Developer/Xcode/DerivedData/ScribbleFit-fdogjjubbltqcsctzflnsjbdahon/Build/Products/Debug-iphoneos/PackageFrameworks -F /Users/george.sigalas/Library/Developer/Xcode/DerivedData/ScribbleFit-fdogjjubbltqcsctzflnsjbdahon/Build/Products/Debug-iphoneos/PackageFrameworks -F /Users/george.sigalas/Library/Developer/Xcode/DerivedData/ScribbleFit-fdogjjubbltqcsctzflnsjbdahon/Build/Products/Debug-iphoneos/PackageFrameworks -F /Users/george.sigalas/Library/Developer/Xcode/DerivedData/ScribbleFit-fdogjjubbltqcsctzflnsjbdahon/Build/Products/Debug-iphoneos -F /Applications/Xcode.app/Contents/Developer/Platforms/iPhoneOS.platform/Developer/Library/Frameworks -F /Applications/Xcode.app/Contents/Developer/Platforms/iPhoneOS.platform/Developer/SDKs/iPhoneOS26.4.sdk/Developer/Library/Frameworks -c -j14 -enable-batch-mode -incremental -Xcc -ivfsstatcache -Xcc /Users/george.sigalas/Library/Developer/Xcode/DerivedData/SDKStatCaches.noindex/iphoneos26.4-23E252-68a138bb55de9ba35ce6c8c40d12849e.sdkstatcache -output-file-map /Users/george.sigalas/Library/Developer/Xcode/DerivedData/ScribbleFit-fdogjjubbltqcsctzflnsjbdahon/Build/Intermediates.noindex/FeatureScribble.build/Debug-iphoneos/FeatureScribble.build/Objects-normal/arm64/FeatureScribble-OutputFileMap.json -use-frontend-parseable-output -save-temps -no-color-diagnostics -explicit-module-build -module-cache-path /Users/george.sigalas/Library/Developer/Xcode/DerivedData/ScribbleFit-fdogjjubbltqcsctzflnsjbdahon/Build/Intermediates.noindex/SwiftExplicitPrecompiledModules -clang-scanner-module-cache-path /Users/george.sigalas/Library/Developer/Xcode/DerivedData/ModuleCache.noindex -sdk-module-cache-path /Users/george.sigalas/Library/Developer/Xcode/DerivedData/ModuleCache.noindex -serialize-diagnostics -emit-dependencies -emit-module -emit-module-path /Users/george.sigalas/Library/Developer/Xcode/DerivedData/ScribbleFit-fdogjjubbltqcsctzflnsjbdahon/Build/Intermediates.noindex/FeatureScribble.build/Debug-iphoneos/FeatureScribble.build/Objects-normal/arm64/FeatureScribble.swiftmodule -validate-clang-modules-once -clang-build-session-file /Users/george.sigalas/Library/Developer/Xcode/DerivedData/ModuleCache.noindex/Session.modulevalidation -package-name featurescribble -Xcc -I/Users/george.sigalas/Library/Developer/Xcode/DerivedData/ScribbleFit-fdogjjubbltqcsctzflnsjbdahon/Build/Intermediates.noindex/FeatureScribble.build/Debug-iphoneos/FeatureScribble.build/swift-overrides.hmap -emit-const-values -Xfrontend -const-gather-protocols-file -Xfrontend /Users/george.sigalas/Library/Developer/Xcode/DerivedData/ScribbleFit-fdogjjubbltqcsctzflnsjbdahon/Build/Intermediates.noindex/FeatureScribble.build/Debug-iphoneos/FeatureScribble.build/Objects-normal/arm64/FeatureScribble_const_extract_protocols.json -Xcc -I/Users/george.sigalas/Library/Developer/Xcode/DerivedData/ScribbleFit-fdogjjubbltqcsctzflnsjbdahon/SourcePackages/checkouts/promises/Sources/FBLPromises/include -Xcc -I/Users/george.sigalas/Library/Developer/Xcode/DerivedData/ScribbleFit-fdogjjubbltqcsctzflnsjbdahon/SourcePackages/checkouts/app-check/AppCheckCore/Sources/Public -Xcc -I/Users/george.sigalas/Library/Developer/Xcode/DerivedData/ScribbleFit-fdogjjubbltqcsctzflnsjbdahon/SourcePackages/checkouts/GoogleUtilities/GoogleUtilities/UserDefaults/Public -Xcc -I/Users/george.sigalas/Library/Developer/Xcode/DerivedData/ScribbleFit-fdogjjubbltqcsctzflnsjbdahon/SourcePackages/checkouts/firebase-ios-sdk/FirebaseAppCheck/Sources/Public -Xcc -I/Users/george.sigalas/Library/Developer/Xcode/DerivedData/ScribbleFit-fdogjjubbltqcsctzflnsjbdahon/SourcePackages/checkouts/interop-ios-for-google-sdks/RecaptchaEnterprise/RecaptchaInterop/Public -Xcc -I/Users/george.sigalas/Library/Developer/Xcode/DerivedData/ScribbleFit-fdogjjubbltqcsctzflnsjbdahon/SourcePackages/checkouts/GoogleUtilities/GoogleUtilities/Network/Public -Xcc -I/Users/george.sigalas/Library/Developer/Xcode/DerivedData/ScribbleFit-fdogjjubbltqcsctzflnsjbdahon/SourcePackages/checkouts/GoogleUtilities/GoogleUtilities/Reachability/Public -Xcc -I/Users/george.sigalas/Library/Developer/Xcode/DerivedData/ScribbleFit-fdogjjubbltqcsctzflnsjbdahon/SourcePackages/checkouts/GoogleUtilities/GoogleUtilities/AppDelegateSwizzler/Public -Xcc -I/Users/george.sigalas/Library/Developer/Xcode/DerivedData/ScribbleFit-fdogjjubbltqcsctzflnsjbdahon/SourcePackages/checkouts/gtm-session-fetcher/Sources/Core/Public -Xcc -I/Users/george.sigalas/Library/Developer/Xcode/DerivedData/ScribbleFit-fdogjjubbltqcsctzflnsjbdahon/SourcePackages/checkouts/firebase-ios-sdk/FirebaseAuth/Sources/Public -Xcc -I/Users/george.sigalas/Library/Developer/Xcode/DerivedData/ScribbleFit-fdogjjubbltqcsctzflnsjbdahon/SourcePackages/checkouts/GoogleUtilities/GoogleUtilities/NSData+zlib/Public -Xcc -I/Users/george.sigalas/Library/Developer/Xcode/DerivedData/ScribbleFit-fdogjjubbltqcsctzflnsjbdahon/SourcePackages/checkouts/GoogleUtilities/GoogleUtilities/Environment/Public -Xcc -I/Users/george.sigalas/Library/Developer/Xcode/DerivedData/ScribbleFit-fdogjjubbltqcsctzflnsjbdahon/SourcePackages/checkouts/GoogleUtilities/third_party/IsAppEncrypted/Public -Xcc -I/Users/george.sigalas/Library/Developer/Xcode/DerivedData/ScribbleFit-fdogjjubbltqcsctzflnsjbdahon/SourcePackages/checkouts/GoogleUtilities/GoogleUtilities/Logger/Public -Xcc -I/Users/george.sigalas/Library/Developer/Xcode/DerivedData/ScribbleFit-fdogjjubbltqcsctzflnsjbdahon/SourcePackages/checkouts/firebase-ios-sdk/FirebaseCore/Extension -Xcc -I/Users/george.sigalas/Library/Developer/Xcode/DerivedData/ScribbleFit-fdogjjubbltqcsctzflnsjbdahon/SourcePackages/checkouts/firebase-ios-sdk/FirebaseCore/Sources/Public -Xcc -I/Users/george.sigalas/Library/Developer/Xcode/DerivedData/ScribbleFit-fdogjjubbltqcsctzflnsjbdahon/SourcePackages/checkouts/firebase-ios-sdk/CoreOnly/Sources -Xcc -I/Users/george.sigalas/Library/Developer/Xcode/DerivedData/ScribbleFit-fdogjjubbltqcsctzflnsjbdahon/SourcePackages/checkouts/firebase-ios-sdk/FirebaseAuth/Interop/Public -Xcc -I/Users/george.sigalas/Library/Developer/Xcode/DerivedData/ScribbleFit-fdogjjubbltqcsctzflnsjbdahon/SourcePackages/checkouts/firebase-ios-sdk/FirebaseAppCheck/Interop/Public -Xcc -I/Users/george.sigalas/Library/Developer/Xcode/DerivedData/ScribbleFit-fdogjjubbltqcsctzflnsjbdahon/Build/Products/Debug-iphoneos/include -Xcc -I/Users/george.sigalas/Library/Developer/Xcode/DerivedData/ScribbleFit-fdogjjubbltqcsctzflnsjbdahon/Build/Intermediates.noindex/FeatureScribble.build/Debug-iphoneos/FeatureScribble.build/DerivedSources-normal/arm64 -Xcc -I/Users/george.sigalas/Library/Developer/Xcode/DerivedData/ScribbleFit-fdogjjubbltqcsctzflnsjbdahon/Build/Intermediates.noindex/FeatureScribble.build/Debug-iphoneos/FeatureScribble.build/DerivedSources/arm64 -Xcc -I/Users/george.sigalas/Library/Developer/Xcode/DerivedData/ScribbleFit-fdogjjubbltqcsctzflnsjbdahon/Build/Intermediates.noindex/FeatureScribble.build/Debug-iphoneos/FeatureScribble.build/DerivedSources -Xcc -DSWIFT_PACKAGE -Xcc -DDEBUG\=1 -emit-objc-header -emit-objc-header-path /Users/george.sigalas/Library/Developer/Xcode/DerivedData/ScribbleFit-fdogjjubbltqcsctzflnsjbdahon/Build/Intermediates.noindex/FeatureScribble.build/Debug-iphoneos/FeatureScribble.build/Objects-normal/arm64/FeatureScribble-Swift.h -working-directory /Users/george.sigalas/AndroidStudioProjects/scribblefit/apps/ios/ScribbleFit/ScribbleFit.xcodeproj -experimental-emit-module-separately -disable-cmo

Copy /Users/george.sigalas/Library/Developer/Xcode/DerivedData/ScribbleFit-fdogjjubbltqcsctzflnsjbdahon/Build/Products/Debug-iphoneos/FeatureWorkouts.swiftmodule/Project/arm64-apple-ios.swiftsourceinfo /Users/george.sigalas/Library/Developer/Xcode/DerivedData/ScribbleFit-fdogjjubbltqcsctzflnsjbdahon/Build/Intermediates.noindex/FeatureWorkouts.build/Debug-iphoneos/FeatureWorkouts.build/Objects-normal/arm64/FeatureWorkouts.swiftsourceinfo (in target 'FeatureWorkouts' from project 'FeatureWorkouts')
    cd /Users/george.sigalas/AndroidStudioProjects/scribblefit/apps/ios/ScribbleFit/LocalPackages/Features/FeatureWorkouts
    builtin-copy -exclude .DS_Store -exclude CVS -exclude .svn -exclude .git -exclude .hg -resolve-src-symlinks -rename /Users/george.sigalas/Library/Developer/Xcode/DerivedData/ScribbleFit-fdogjjubbltqcsctzflnsjbdahon/Build/Intermediates.noindex/FeatureWorkouts.build/Debug-iphoneos/FeatureWorkouts.build/Objects-normal/arm64/FeatureWorkouts.swiftsourceinfo /Users/george.sigalas/Library/Developer/Xcode/DerivedData/ScribbleFit-fdogjjubbltqcsctzflnsjbdahon/Build/Products/Debug-iphoneos/FeatureWorkouts.swiftmodule/Project/arm64-apple-ios.swiftsourceinfo

Copy /Users/george.sigalas/Library/Developer/Xcode/DerivedData/ScribbleFit-fdogjjubbltqcsctzflnsjbdahon/Build/Products/Debug-iphoneos/FeatureScribble.swiftmodule/Project/arm64-apple-ios.swiftsourceinfo /Users/george.sigalas/Library/Developer/Xcode/DerivedData/ScribbleFit-fdogjjubbltqcsctzflnsjbdahon/Build/Intermediates.noindex/FeatureScribble.build/Debug-iphoneos/FeatureScribble.build/Objects-normal/arm64/FeatureScribble.swiftsourceinfo (in target 'FeatureScribble' from project 'FeatureScribble')
    cd /Users/george.sigalas/AndroidStudioProjects/scribblefit/apps/ios/ScribbleFit/LocalPackages/Features/FeatureScribble
    builtin-copy -exclude .DS_Store -exclude CVS -exclude .svn -exclude .git -exclude .hg -resolve-src-symlinks -rename /Users/george.sigalas/Library/Developer/Xcode/DerivedData/ScribbleFit-fdogjjubbltqcsctzflnsjbdahon/Build/Intermediates.noindex/FeatureScribble.build/Debug-iphoneos/FeatureScribble.build/Objects-normal/arm64/FeatureScribble.swiftsourceinfo /Users/george.sigalas/Library/Developer/Xcode/DerivedData/ScribbleFit-fdogjjubbltqcsctzflnsjbdahon/Build/Products/Debug-iphoneos/FeatureScribble.swiftmodule/Project/arm64-apple-ios.swiftsourceinfo

Ld /Users/george.sigalas/Library/Developer/Xcode/DerivedData/ScribbleFit-fdogjjubbltqcsctzflnsjbdahon/Build/Products/Debug-iphoneos/GoogleUtilities-AppDelegateSwizzler.o normal (in target 'GoogleUtilities-AppDelegateSwizzler' from project 'GoogleUtilities')
    cd /Users/george.sigalas/Library/Developer/Xcode/DerivedData/ScribbleFit-fdogjjubbltqcsctzflnsjbdahon/SourcePackages/checkouts/GoogleUtilities
    /Applications/Xcode.app/Contents/Developer/Toolchains/XcodeDefault.xctoolchain/usr/bin/clang -Xlinker -reproducible -target arm64-apple-ios12.0 -r -isysroot /Applications/Xcode.app/Contents/Developer/Platforms/iPhoneOS.platform/Developer/SDKs/iPhoneOS26.4.sdk -O0 -w -F/Users/george.sigalas/Library/Developer/Xcode/DerivedData/ScribbleFit-fdogjjubbltqcsctzflnsjbdahon/Build/Intermediates.noindex/EagerLinkingTBDs/Debug-iphoneos -F/Users/george.sigalas/Library/Developer/Xcode/DerivedData/ScribbleFit-fdogjjubbltqcsctzflnsjbdahon/Build/Products/Debug-iphoneos/PackageFrameworks -F/Users/george.sigalas/Library/Developer/Xcode/DerivedData/ScribbleFit-fdogjjubbltqcsctzflnsjbdahon/Build/Products/Debug-iphoneos/PackageFrameworks -F/Users/george.sigalas/Library/Developer/Xcode/DerivedData/ScribbleFit-fdogjjubbltqcsctzflnsjbdahon/Build/Products/Debug-iphoneos/PackageFrameworks -F/Users/george.sigalas/Library/Developer/Xcode/DerivedData/ScribbleFit-fdogjjubbltqcsctzflnsjbdahon/Build/Products/Debug-iphoneos/PackageFrameworks -F/Users/george.sigalas/Library/Developer/Xcode/DerivedData/ScribbleFit-fdogjjubbltqcsctzflnsjbdahon/Build/Products/Debug-iphoneos/PackageFrameworks -F/Users/george.sigalas/Library/Developer/Xcode/DerivedData/ScribbleFit-fdogjjubbltqcsctzflnsjbdahon/Build/Products/Debug-iphoneos/PackageFrameworks -F/Users/george.sigalas/Library/Developer/Xcode/DerivedData/ScribbleFit-fdogjjubbltqcsctzflnsjbdahon/Build/Products/Debug-iphoneos -iframework /Applications/Xcode.app/Contents/Developer/Platforms/iPhoneOS.platform/Developer/Library/Frameworks -iframework /Applications/Xcode.app/Contents/Developer/Platforms/iPhoneOS.platform/Developer/SDKs/iPhoneOS26.4.sdk/Developer/Library/Frameworks -filelist /Users/george.sigalas/Library/Developer/Xcode/DerivedData/ScribbleFit-fdogjjubbltqcsctzflnsjbdahon/Build/Intermediates.noindex/GoogleUtilities.build/Debug-iphoneos/GoogleUtilities-AppDelegateSwizzler.build/Objects-normal/arm64/GoogleUtilities-AppDelegateSwizzler.LinkFileList -nostdlib -Xlinker -object_path_lto -Xlinker /Users/george.sigalas/Library/Developer/Xcode/DerivedData/ScribbleFit-fdogjjubbltqcsctzflnsjbdahon/Build/Intermediates.noindex/GoogleUtilities.build/Debug-iphoneos/GoogleUtilities-AppDelegateSwizzler.build/Objects-normal/arm64/GoogleUtilities-AppDelegateSwizzler_lto.o -Xlinker -no_deduplicate -Xlinker -debug_variant -Xlinker -dependency_info -Xlinker /Users/george.sigalas/Library/Developer/Xcode/DerivedData/ScribbleFit-fdogjjubbltqcsctzflnsjbdahon/Build/Intermediates.noindex/GoogleUtilities.build/Debug-iphoneos/GoogleUtilities-AppDelegateSwizzler.build/Objects-normal/arm64/GoogleUtilities-AppDelegateSwizzler_dependency_info.dat -fobjc-arc -fobjc-link-runtime -o /Users/george.sigalas/Library/Developer/Xcode/DerivedData/ScribbleFit-fdogjjubbltqcsctzflnsjbdahon/Build/Products/Debug-iphoneos/GoogleUtilities-AppDelegateSwizzler.o

Copy /Users/george.sigalas/Library/Developer/Xcode/DerivedData/ScribbleFit-fdogjjubbltqcsctzflnsjbdahon/Build/Products/Debug-iphoneos/FeatureWorkouts.swiftmodule/arm64-apple-ios.swiftmodule /Users/george.sigalas/Library/Developer/Xcode/DerivedData/ScribbleFit-fdogjjubbltqcsctzflnsjbdahon/Build/Intermediates.noindex/FeatureWorkouts.build/Debug-iphoneos/FeatureWorkouts.build/Objects-normal/arm64/FeatureWorkouts.swiftmodule (in target 'FeatureWorkouts' from project 'FeatureWorkouts')
    cd /Users/george.sigalas/AndroidStudioProjects/scribblefit/apps/ios/ScribbleFit/LocalPackages/Features/FeatureWorkouts
    builtin-copy -exclude .DS_Store -exclude CVS -exclude .svn -exclude .git -exclude .hg -resolve-src-symlinks -rename /Users/george.sigalas/Library/Developer/Xcode/DerivedData/ScribbleFit-fdogjjubbltqcsctzflnsjbdahon/Build/Intermediates.noindex/FeatureWorkouts.build/Debug-iphoneos/FeatureWorkouts.build/Objects-normal/arm64/FeatureWorkouts.swiftmodule /Users/george.sigalas/Library/Developer/Xcode/DerivedData/ScribbleFit-fdogjjubbltqcsctzflnsjbdahon/Build/Products/Debug-iphoneos/FeatureWorkouts.swiftmodule/arm64-apple-ios.swiftmodule

Copy /Users/george.sigalas/Library/Developer/Xcode/DerivedData/ScribbleFit-fdogjjubbltqcsctzflnsjbdahon/Build/Products/Debug-iphoneos/FeatureWorkouts.swiftmodule/arm64-apple-ios.abi.json /Users/george.sigalas/Library/Developer/Xcode/DerivedData/ScribbleFit-fdogjjubbltqcsctzflnsjbdahon/Build/Intermediates.noindex/FeatureWorkouts.build/Debug-iphoneos/FeatureWorkouts.build/Objects-normal/arm64/FeatureWorkouts.abi.json (in target 'FeatureWorkouts' from project 'FeatureWorkouts')
    cd /Users/george.sigalas/AndroidStudioProjects/scribblefit/apps/ios/ScribbleFit/LocalPackages/Features/FeatureWorkouts
    builtin-copy -exclude .DS_Store -exclude CVS -exclude .svn -exclude .git -exclude .hg -resolve-src-symlinks -rename /Users/george.sigalas/Library/Developer/Xcode/DerivedData/ScribbleFit-fdogjjubbltqcsctzflnsjbdahon/Build/Intermediates.noindex/FeatureWorkouts.build/Debug-iphoneos/FeatureWorkouts.build/Objects-normal/arm64/FeatureWorkouts.abi.json /Users/george.sigalas/Library/Developer/Xcode/DerivedData/ScribbleFit-fdogjjubbltqcsctzflnsjbdahon/Build/Products/Debug-iphoneos/FeatureWorkouts.swiftmodule/arm64-apple-ios.abi.json

Copy /Users/george.sigalas/Library/Developer/Xcode/DerivedData/ScribbleFit-fdogjjubbltqcsctzflnsjbdahon/Build/Products/Debug-iphoneos/FeatureScribble.swiftmodule/arm64-apple-ios.swiftmodule /Users/george.sigalas/Library/Developer/Xcode/DerivedData/ScribbleFit-fdogjjubbltqcsctzflnsjbdahon/Build/Intermediates.noindex/FeatureScribble.build/Debug-iphoneos/FeatureScribble.build/Objects-normal/arm64/FeatureScribble.swiftmodule (in target 'FeatureScribble' from project 'FeatureScribble')
    cd /Users/george.sigalas/AndroidStudioProjects/scribblefit/apps/ios/ScribbleFit/LocalPackages/Features/FeatureScribble
    builtin-copy -exclude .DS_Store -exclude CVS -exclude .svn -exclude .git -exclude .hg -resolve-src-symlinks -rename /Users/george.sigalas/Library/Developer/Xcode/DerivedData/ScribbleFit-fdogjjubbltqcsctzflnsjbdahon/Build/Intermediates.noindex/FeatureScribble.build/Debug-iphoneos/FeatureScribble.build/Objects-normal/arm64/FeatureScribble.swiftmodule /Users/george.sigalas/Library/Developer/Xcode/DerivedData/ScribbleFit-fdogjjubbltqcsctzflnsjbdahon/Build/Products/Debug-iphoneos/FeatureScribble.swiftmodule/arm64-apple-ios.swiftmodule

Copy /Users/george.sigalas/Library/Developer/Xcode/DerivedData/ScribbleFit-fdogjjubbltqcsctzflnsjbdahon/Build/Products/Debug-iphoneos/FeatureScribble.swiftmodule/arm64-apple-ios.abi.json /Users/george.sigalas/Library/Developer/Xcode/DerivedData/ScribbleFit-fdogjjubbltqcsctzflnsjbdahon/Build/Intermediates.noindex/FeatureScribble.build/Debug-iphoneos/FeatureScribble.build/Objects-normal/arm64/FeatureScribble.abi.json (in target 'FeatureScribble' from project 'FeatureScribble')
    cd /Users/george.sigalas/AndroidStudioProjects/scribblefit/apps/ios/ScribbleFit/LocalPackages/Features/FeatureScribble
    builtin-copy -exclude .DS_Store -exclude CVS -exclude .svn -exclude .git -exclude .hg -resolve-src-symlinks -rename /Users/george.sigalas/Library/Developer/Xcode/DerivedData/ScribbleFit-fdogjjubbltqcsctzflnsjbdahon/Build/Intermediates.noindex/FeatureScribble.build/Debug-iphoneos/FeatureScribble.build/Objects-normal/arm64/FeatureScribble.abi.json /Users/george.sigalas/Library/Developer/Xcode/DerivedData/ScribbleFit-fdogjjubbltqcsctzflnsjbdahon/Build/Products/Debug-iphoneos/FeatureScribble.swiftmodule/arm64-apple-ios.abi.json

SwiftDriver FeatureCanvas normal arm64 com.apple.xcode.tools.swift.compiler (in target 'FeatureCanvas' from project 'FeatureCanvas')
    cd /Users/george.sigalas/AndroidStudioProjects/scribblefit/apps/ios/ScribbleFit/ScribbleFit.xcodeproj
    builtin-SwiftDriver -- /Applications/Xcode.app/Contents/Developer/Toolchains/XcodeDefault.xctoolchain/usr/bin/swiftc -module-name FeatureCanvas -Onone @/Users/george.sigalas/Library/Developer/Xcode/DerivedData/ScribbleFit-fdogjjubbltqcsctzflnsjbdahon/Build/Intermediates.noindex/FeatureCanvas.build/Debug-iphoneos/FeatureCanvas.build/Objects-normal/arm64/FeatureCanvas.SwiftFileList -DSWIFT_PACKAGE -DDEBUG -DSWIFT_MODULE_RESOURCE_BUNDLE_UNAVAILABLE -Xcc -fmodule-map-file\=/Users/george.sigalas/Library/Developer/Xcode/DerivedData/ScribbleFit-fdogjjubbltqcsctzflnsjbdahon/Build/Intermediates.noindex/GeneratedModuleMaps-iphoneos/AppCheckCore.modulemap -Xcc -fmodule-map-file\=/Users/george.sigalas/Library/Developer/Xcode/DerivedData/ScribbleFit-fdogjjubbltqcsctzflnsjbdahon/Build/Intermediates.noindex/GeneratedModuleMaps-iphoneos/GoogleUtilities-UserDefaults.modulemap -Xcc -fmodule-map-file\=/Users/george.sigalas/Library/Developer/Xcode/DerivedData/ScribbleFit-fdogjjubbltqcsctzflnsjbdahon/Build/Intermediates.noindex/GeneratedModuleMaps-iphoneos/FirebaseAppCheck.modulemap -Xcc -fmodule-map-file\=/Users/george.sigalas/Library/Developer/Xcode/DerivedData/ScribbleFit-fdogjjubbltqcsctzflnsjbdahon/Build/Intermediates.noindex/GeneratedModuleMaps-iphoneos/RecaptchaInterop.modulemap -Xcc -fmodule-map-file\=/Users/george.sigalas/Library/Developer/Xcode/DerivedData/ScribbleFit-fdogjjubbltqcsctzflnsjbdahon/Build/Intermediates.noindex/GeneratedModuleMaps-iphoneos/GoogleUtilities-Network.modulemap -Xcc -fmodule-map-file\=/Users/george.sigalas/Library/Developer/Xcode/DerivedData/ScribbleFit-fdogjjubbltqcsctzflnsjbdahon/Build/Intermediates.noindex/GeneratedModuleMaps-iphoneos/GoogleUtilities-Reachability.modulemap -Xcc -fmodule-map-file\=/Users/george.sigalas/Library/Developer/Xcode/DerivedData/ScribbleFit-fdogjjubbltqcsctzflnsjbdahon/Build/Intermediates.noindex/GeneratedModuleMaps-iphoneos/GoogleUtilities-AppDelegateSwizzler.modulemap -Xcc -fmodule-map-file\=/Users/george.sigalas/Library/Developer/Xcode/DerivedData/ScribbleFit-fdogjjubbltqcsctzflnsjbdahon/Build/Intermediates.noindex/GeneratedModuleMaps-iphoneos/GTMSessionFetcherCore.modulemap -Xcc -fmodule-map-file\=/Users/george.sigalas/Library/Developer/Xcode/DerivedData/ScribbleFit-fdogjjubbltqcsctzflnsjbdahon/Build/Intermediates.noindex/GeneratedModuleMaps-iphoneos/FirebaseAuthInternal.modulemap -Xcc -fmodule-map-file\=/Users/george.sigalas/Library/Developer/Xcode/DerivedData/ScribbleFit-fdogjjubbltqcsctzflnsjbdahon/Build/Intermediates.noindex/GeneratedModuleMaps-iphoneos/GoogleUtilities-NSData.modulemap -Xcc -fmodule-map-file\=/Users/george.sigalas/Library/Developer/Xcode/DerivedData/ScribbleFit-fdogjjubbltqcsctzflnsjbdahon/Build/Intermediates.noindex/GeneratedModuleMaps-iphoneos/GoogleUtilities-Environment.modulemap -Xcc -fmodule-map-file\=/Users/george.sigalas/Library/Developer/Xcode/DerivedData/ScribbleFit-fdogjjubbltqcsctzflnsjbdahon/Build/Intermediates.noindex/GeneratedModuleMaps-iphoneos/third-party-IsAppEncrypted.modulemap -Xcc -fmodule-map-file\=/Users/george.sigalas/Library/Developer/Xcode/DerivedData/ScribbleFit-fdogjjubbltqcsctzflnsjbdahon/Build/Intermediates.noindex/GeneratedModuleMaps-iphoneos/GoogleUtilities-Logger.modulemap -Xcc -fmodule-map-file\=/Users/george.sigalas/Library/Developer/Xcode/DerivedData/ScribbleFit-fdogjjubbltqcsctzflnsjbdahon/Build/Intermediates.noindex/GeneratedModuleMaps-iphoneos/FirebaseCoreExtension.modulemap -Xcc -fmodule-map-file\=/Users/george.sigalas/Library/Developer/Xcode/DerivedData/ScribbleFit-fdogjjubbltqcsctzflnsjbdahon/Build/Intermediates.noindex/GeneratedModuleMaps-iphoneos/FirebaseCore.modulemap -Xcc -fmodule-map-file\=/Users/george.sigalas/Library/Developer/Xcode/DerivedData/ScribbleFit-fdogjjubbltqcsctzflnsjbdahon/Build/Intermediates.noindex/GeneratedModuleMaps-iphoneos/FirebaseAuthInterop.modulemap -Xcc -fmodule-map-file\=/Users/george.sigalas/Library/Developer/Xcode/DerivedData/ScribbleFit-fdogjjubbltqcsctzflnsjbdahon/Build/Intermediates.noindex/GeneratedModuleMaps-iphoneos/FirebaseAppCheckInterop.modulemap -DXcode -plugin-path /Applications/Xcode.app/Contents/Developer/Toolchains/XcodeDefault.xctoolchain/usr/lib/swift/host/plugins/testing -enable-experimental-feature DebugDescriptionMacro -sdk /Applications/Xcode.app/Contents/Developer/Platforms/iPhoneOS.platform/Developer/SDKs/iPhoneOS26.4.sdk -target arm64-apple-ios17.0 -g -module-cache-path /Users/george.sigalas/Library/Developer/Xcode/DerivedData/ModuleCache.noindex -Xfrontend -serialize-debugging-options -profile-coverage-mapping -profile-generate -enable-testing -suppress-warnings -index-store-path /Users/george.sigalas/Library/Developer/Xcode/DerivedData/ScribbleFit-fdogjjubbltqcsctzflnsjbdahon/Index.noindex/DataStore -Xcc -D_LIBCPP_HARDENING_MODE\=_LIBCPP_HARDENING_MODE_DEBUG -swift-version 6 -I /Users/george.sigalas/Library/Developer/Xcode/DerivedData/ScribbleFit-fdogjjubbltqcsctzflnsjbdahon/Build/Products/Debug-iphoneos -Isystem /Applications/Xcode.app/Contents/Developer/Platforms/iPhoneOS.platform/Developer/usr/lib -F /Users/george.sigalas/Library/Developer/Xcode/DerivedData/ScribbleFit-fdogjjubbltqcsctzflnsjbdahon/Build/Products/Debug-iphoneos/PackageFrameworks -F /Users/george.sigalas/Library/Developer/Xcode/DerivedData/ScribbleFit-fdogjjubbltqcsctzflnsjbdahon/Build/Products/Debug-iphoneos/PackageFrameworks -F /Users/george.sigalas/Library/Developer/Xcode/DerivedData/ScribbleFit-fdogjjubbltqcsctzflnsjbdahon/Build/Products/Debug-iphoneos/PackageFrameworks -F /Users/george.sigalas/Library/Developer/Xcode/DerivedData/ScribbleFit-fdogjjubbltqcsctzflnsjbdahon/Build/Products/Debug-iphoneos/PackageFrameworks -F /Users/george.sigalas/Library/Developer/Xcode/DerivedData/ScribbleFit-fdogjjubbltqcsctzflnsjbdahon/Build/Products/Debug-iphoneos/PackageFrameworks -F /Users/george.sigalas/Library/Developer/Xcode/DerivedData/ScribbleFit-fdogjjubbltqcsctzflnsjbdahon/Build/Products/Debug-iphoneos/PackageFrameworks -F /Users/george.sigalas/Library/Developer/Xcode/DerivedData/ScribbleFit-fdogjjubbltqcsctzflnsjbdahon/Build/Products/Debug-iphoneos/PackageFrameworks -F /Users/george.sigalas/Library/Developer/Xcode/DerivedData/ScribbleFit-fdogjjubbltqcsctzflnsjbdahon/Build/Products/Debug-iphoneos/PackageFrameworks -F /Users/george.sigalas/Library/Developer/Xcode/DerivedData/ScribbleFit-fdogjjubbltqcsctzflnsjbdahon/Build/Products/Debug-iphoneos/PackageFrameworks -F /Users/george.sigalas/Library/Developer/Xcode/DerivedData/ScribbleFit-fdogjjubbltqcsctzflnsjbdahon/Build/Products/Debug-iphoneos/PackageFrameworks -F /Users/george.sigalas/Library/Developer/Xcode/DerivedData/ScribbleFit-fdogjjubbltqcsctzflnsjbdahon/Build/Products/Debug-iphoneos/PackageFrameworks -F /Users/george.sigalas/Library/Developer/Xcode/DerivedData/ScribbleFit-fdogjjubbltqcsctzflnsjbdahon/Build/Products/Debug-iphoneos/PackageFrameworks -F /Users/george.sigalas/Library/Developer/Xcode/DerivedData/ScribbleFit-fdogjjubbltqcsctzflnsjbdahon/Build/Products/Debug-iphoneos/PackageFrameworks -F /Users/george.sigalas/Library/Developer/Xcode/DerivedData/ScribbleFit-fdogjjubbltqcsctzflnsjbdahon/Build/Products/Debug-iphoneos/PackageFrameworks -F /Users/george.sigalas/Library/Developer/Xcode/DerivedData/ScribbleFit-fdogjjubbltqcsctzflnsjbdahon/Build/Products/Debug-iphoneos/PackageFrameworks -F /Users/george.sigalas/Library/Developer/Xcode/DerivedData/ScribbleFit-fdogjjubbltqcsctzflnsjbdahon/Build/Products/Debug-iphoneos/PackageFrameworks -F /Users/george.sigalas/Library/Developer/Xcode/DerivedData/ScribbleFit-fdogjjubbltqcsctzflnsjbdahon/Build/Products/Debug-iphoneos/PackageFrameworks -F /Users/george.sigalas/Library/Developer/Xcode/DerivedData/ScribbleFit-fdogjjubbltqcsctzflnsjbdahon/Build/Products/Debug-iphoneos/PackageFrameworks -F /Users/george.sigalas/Library/Developer/Xcode/DerivedData/ScribbleFit-fdogjjubbltqcsctzflnsjbdahon/Build/Products/Debug-iphoneos/PackageFrameworks -F /Users/george.sigalas/Library/Developer/Xcode/DerivedData/ScribbleFit-fdogjjubbltqcsctzflnsjbdahon/Build/Products/Debug-iphoneos/PackageFrameworks -F /Users/george.sigalas/Library/Developer/Xcode/DerivedData/ScribbleFit-fdogjjubbltqcsctzflnsjbdahon/Build/Products/Debug-iphoneos/PackageFrameworks -F /Users/george.sigalas/Library/Developer/Xcode/DerivedData/ScribbleFit-fdogjjubbltqcsctzflnsjbdahon/Build/Products/Debug-iphoneos/PackageFrameworks -F /Users/george.sigalas/Library/Developer/Xcode/DerivedData/ScribbleFit-fdogjjubbltqcsctzflnsjbdahon/Build/Products/Debug-iphoneos/PackageFrameworks -F /Users/george.sigalas/Library/Developer/Xcode/DerivedData/ScribbleFit-fdogjjubbltqcsctzflnsjbdahon/Build/Products/Debug-iphoneos/PackageFrameworks -F /Users/george.sigalas/Library/Developer/Xcode/DerivedData/ScribbleFit-fdogjjubbltqcsctzflnsjbdahon/Build/Products/Debug-iphoneos/PackageFrameworks -F /Users/george.sigalas/Library/Developer/Xcode/DerivedData/ScribbleFit-fdogjjubbltqcsctzflnsjbdahon/Build/Products/Debug-iphoneos/PackageFrameworks -F /Users/george.sigalas/Library/Developer/Xcode/DerivedData/ScribbleFit-fdogjjubbltqcsctzflnsjbdahon/Build/Products/Debug-iphoneos/PackageFrameworks -F /Users/george.sigalas/Library/Developer/Xcode/DerivedData/ScribbleFit-fdogjjubbltqcsctzflnsjbdahon/Build/Products/Debug-iphoneos/PackageFrameworks -F /Users/george.sigalas/Library/Developer/Xcode/DerivedData/ScribbleFit-fdogjjubbltqcsctzflnsjbdahon/Build/Products/Debug-iphoneos/PackageFrameworks -F /Users/george.sigalas/Library/Developer/Xcode/DerivedData/ScribbleFit-fdogjjubbltqcsctzflnsjbdahon/Build/Products/Debug-iphoneos/PackageFrameworks -F /Users/george.sigalas/Library/Developer/Xcode/DerivedData/ScribbleFit-fdogjjubbltqcsctzflnsjbdahon/Build/Products/Debug-iphoneos/PackageFrameworks -F /Users/george.sigalas/Library/Developer/Xcode/DerivedData/ScribbleFit-fdogjjubbltqcsctzflnsjbdahon/Build/Products/Debug-iphoneos/PackageFrameworks -F /Users/george.sigalas/Library/Developer/Xcode/DerivedData/ScribbleFit-fdogjjubbltqcsctzflnsjbdahon/Build/Products/Debug-iphoneos/PackageFrameworks -F /Users/george.sigalas/Library/Developer/Xcode/DerivedData/ScribbleFit-fdogjjubbltqcsctzflnsjbdahon/Build/Products/Debug-iphoneos/PackageFrameworks -F /Users/george.sigalas/Library/Developer/Xcode/DerivedData/ScribbleFit-fdogjjubbltqcsctzflnsjbdahon/Build/Products/Debug-iphoneos/PackageFrameworks -F /Users/george.sigalas/Library/Developer/Xcode/DerivedData/ScribbleFit-fdogjjubbltqcsctzflnsjbdahon/Build/Products/Debug-iphoneos/PackageFrameworks -F /Users/george.sigalas/Library/Developer/Xcode/DerivedData/ScribbleFit-fdogjjubbltqcsctzflnsjbdahon/Build/Products/Debug-iphoneos -F /Applications/Xcode.app/Contents/Developer/Platforms/iPhoneOS.platform/Developer/Library/Frameworks -F /Applications/Xcode.app/Contents/Developer/Platforms/iPhoneOS.platform/Developer/SDKs/iPhoneOS26.4.sdk/Developer/Library/Frameworks -c -j14 -enable-batch-mode -incremental -Xcc -ivfsstatcache -Xcc /Users/george.sigalas/Library/Developer/Xcode/DerivedData/SDKStatCaches.noindex/iphoneos26.4-23E252-68a138bb55de9ba35ce6c8c40d12849e.sdkstatcache -output-file-map /Users/george.sigalas/Library/Developer/Xcode/DerivedData/ScribbleFit-fdogjjubbltqcsctzflnsjbdahon/Build/Intermediates.noindex/FeatureCanvas.build/Debug-iphoneos/FeatureCanvas.build/Objects-normal/arm64/FeatureCanvas-OutputFileMap.json -use-frontend-parseable-output -save-temps -no-color-diagnostics -explicit-module-build -module-cache-path /Users/george.sigalas/Library/Developer/Xcode/DerivedData/ScribbleFit-fdogjjubbltqcsctzflnsjbdahon/Build/Intermediates.noindex/SwiftExplicitPrecompiledModules -clang-scanner-module-cache-path /Users/george.sigalas/Library/Developer/Xcode/DerivedData/ModuleCache.noindex -sdk-module-cache-path /Users/george.sigalas/Library/Developer/Xcode/DerivedData/ModuleCache.noindex -serialize-diagnostics -emit-dependencies -emit-module -emit-module-path /Users/george.sigalas/Library/Developer/Xcode/DerivedData/ScribbleFit-fdogjjubbltqcsctzflnsjbdahon/Build/Intermediates.noindex/FeatureCanvas.build/Debug-iphoneos/FeatureCanvas.build/Objects-normal/arm64/FeatureCanvas.swiftmodule -validate-clang-modules-once -clang-build-session-file /Users/george.sigalas/Library/Developer/Xcode/DerivedData/ModuleCache.noindex/Session.modulevalidation -package-name featurecanvas -Xcc -I/Users/george.sigalas/Library/Developer/Xcode/DerivedData/ScribbleFit-fdogjjubbltqcsctzflnsjbdahon/Build/Intermediates.noindex/FeatureCanvas.build/Debug-iphoneos/FeatureCanvas.build/swift-overrides.hmap -emit-const-values -Xfrontend -const-gather-protocols-file -Xfrontend /Users/george.sigalas/Library/Developer/Xcode/DerivedData/ScribbleFit-fdogjjubbltqcsctzflnsjbdahon/Build/Intermediates.noindex/FeatureCanvas.build/Debug-iphoneos/FeatureCanvas.build/Objects-normal/arm64/FeatureCanvas_const_extract_protocols.json -Xcc -I/Users/george.sigalas/Library/Developer/Xcode/DerivedData/ScribbleFit-fdogjjubbltqcsctzflnsjbdahon/SourcePackages/checkouts/promises/Sources/FBLPromises/include -Xcc -I/Users/george.sigalas/Library/Developer/Xcode/DerivedData/ScribbleFit-fdogjjubbltqcsctzflnsjbdahon/SourcePackages/checkouts/app-check/AppCheckCore/Sources/Public -Xcc -I/Users/george.sigalas/Library/Developer/Xcode/DerivedData/ScribbleFit-fdogjjubbltqcsctzflnsjbdahon/SourcePackages/checkouts/GoogleUtilities/GoogleUtilities/UserDefaults/Public -Xcc -I/Users/george.sigalas/Library/Developer/Xcode/DerivedData/ScribbleFit-fdogjjubbltqcsctzflnsjbdahon/SourcePackages/checkouts/firebase-ios-sdk/FirebaseAppCheck/Sources/Public -Xcc -I/Users/george.sigalas/Library/Developer/Xcode/DerivedData/ScribbleFit-fdogjjubbltqcsctzflnsjbdahon/SourcePackages/checkouts/interop-ios-for-google-sdks/RecaptchaEnterprise/RecaptchaInterop/Public -Xcc -I/Users/george.sigalas/Library/Developer/Xcode/DerivedData/ScribbleFit-fdogjjubbltqcsctzflnsjbdahon/SourcePackages/checkouts/GoogleUtilities/GoogleUtilities/Network/Public -Xcc -I/Users/george.sigalas/Library/Developer/Xcode/DerivedData/ScribbleFit-fdogjjubbltqcsctzflnsjbdahon/SourcePackages/checkouts/GoogleUtilities/GoogleUtilities/Reachability/Public -Xcc -I/Users/george.sigalas/Library/Developer/Xcode/DerivedData/ScribbleFit-fdogjjubbltqcsctzflnsjbdahon/SourcePackages/checkouts/GoogleUtilities/GoogleUtilities/AppDelegateSwizzler/Public -Xcc -I/Users/george.sigalas/Library/Developer/Xcode/DerivedData/ScribbleFit-fdogjjubbltqcsctzflnsjbdahon/SourcePackages/checkouts/gtm-session-fetcher/Sources/Core/Public -Xcc -I/Users/george.sigalas/Library/Developer/Xcode/DerivedData/ScribbleFit-fdogjjubbltqcsctzflnsjbdahon/SourcePackages/checkouts/firebase-ios-sdk/FirebaseAuth/Sources/Public -Xcc -I/Users/george.sigalas/Library/Developer/Xcode/DerivedData/ScribbleFit-fdogjjubbltqcsctzflnsjbdahon/SourcePackages/checkouts/GoogleUtilities/GoogleUtilities/NSData+zlib/Public -Xcc -I/Users/george.sigalas/Library/Developer/Xcode/DerivedData/ScribbleFit-fdogjjubbltqcsctzflnsjbdahon/SourcePackages/checkouts/GoogleUtilities/GoogleUtilities/Environment/Public -Xcc -I/Users/george.sigalas/Library/Developer/Xcode/DerivedData/ScribbleFit-fdogjjubbltqcsctzflnsjbdahon/SourcePackages/checkouts/GoogleUtilities/third_party/IsAppEncrypted/Public -Xcc -I/Users/george.sigalas/Library/Developer/Xcode/DerivedData/ScribbleFit-fdogjjubbltqcsctzflnsjbdahon/SourcePackages/checkouts/GoogleUtilities/GoogleUtilities/Logger/Public -Xcc -I/Users/george.sigalas/Library/Developer/Xcode/DerivedData/ScribbleFit-fdogjjubbltqcsctzflnsjbdahon/SourcePackages/checkouts/firebase-ios-sdk/FirebaseCore/Extension -Xcc -I/Users/george.sigalas/Library/Developer/Xcode/DerivedData/ScribbleFit-fdogjjubbltqcsctzflnsjbdahon/SourcePackages/checkouts/firebase-ios-sdk/FirebaseCore/Sources/Public -Xcc -I/Users/george.sigalas/Library/Developer/Xcode/DerivedData/ScribbleFit-fdogjjubbltqcsctzflnsjbdahon/SourcePackages/checkouts/firebase-ios-sdk/CoreOnly/Sources -Xcc -I/Users/george.sigalas/Library/Developer/Xcode/DerivedData/ScribbleFit-fdogjjubbltqcsctzflnsjbdahon/SourcePackages/checkouts/firebase-ios-sdk/FirebaseAuth/Interop/Public -Xcc -I/Users/george.sigalas/Library/Developer/Xcode/DerivedData/ScribbleFit-fdogjjubbltqcsctzflnsjbdahon/SourcePackages/checkouts/firebase-ios-sdk/FirebaseAppCheck/Interop/Public -Xcc -I/Users/george.sigalas/Library/Developer/Xcode/DerivedData/ScribbleFit-fdogjjubbltqcsctzflnsjbdahon/Build/Products/Debug-iphoneos/include -Xcc -I/Users/george.sigalas/Library/Developer/Xcode/DerivedData/ScribbleFit-fdogjjubbltqcsctzflnsjbdahon/Build/Intermediates.noindex/FeatureCanvas.build/Debug-iphoneos/FeatureCanvas.build/DerivedSources-normal/arm64 -Xcc -I/Users/george.sigalas/Library/Developer/Xcode/DerivedData/ScribbleFit-fdogjjubbltqcsctzflnsjbdahon/Build/Intermediates.noindex/FeatureCanvas.build/Debug-iphoneos/FeatureCanvas.build/DerivedSources/arm64 -Xcc -I/Users/george.sigalas/Library/Developer/Xcode/DerivedData/ScribbleFit-fdogjjubbltqcsctzflnsjbdahon/Build/Intermediates.noindex/FeatureCanvas.build/Debug-iphoneos/FeatureCanvas.build/DerivedSources -Xcc -DSWIFT_PACKAGE -Xcc -DDEBUG\=1 -emit-objc-header -emit-objc-header-path /Users/george.sigalas/Library/Developer/Xcode/DerivedData/ScribbleFit-fdogjjubbltqcsctzflnsjbdahon/Build/Intermediates.noindex/FeatureCanvas.build/Debug-iphoneos/FeatureCanvas.build/Objects-normal/arm64/FeatureCanvas-Swift.h -working-directory /Users/george.sigalas/AndroidStudioProjects/scribblefit/apps/ios/ScribbleFit/ScribbleFit.xcodeproj -experimental-emit-module-separately -disable-cmo

RegisterExecutionPolicyException /Users/george.sigalas/Library/Developer/Xcode/DerivedData/ScribbleFit-fdogjjubbltqcsctzflnsjbdahon/Build/Products/Debug-iphoneos/FirebaseAppCheck.o (in target 'FirebaseAppCheck' from project 'Firebase')
    cd /Users/george.sigalas/Library/Developer/Xcode/DerivedData/ScribbleFit-fdogjjubbltqcsctzflnsjbdahon/SourcePackages/checkouts/firebase-ios-sdk
    builtin-RegisterExecutionPolicyException /Users/george.sigalas/Library/Developer/Xcode/DerivedData/ScribbleFit-fdogjjubbltqcsctzflnsjbdahon/Build/Products/Debug-iphoneos/FirebaseAppCheck.o

RegisterExecutionPolicyException /Users/george.sigalas/Library/Developer/Xcode/DerivedData/ScribbleFit-fdogjjubbltqcsctzflnsjbdahon/Build/Products/Debug-iphoneos/GoogleUtilities-AppDelegateSwizzler.o (in target 'GoogleUtilities-AppDelegateSwizzler' from project 'GoogleUtilities')
    cd /Users/george.sigalas/Library/Developer/Xcode/DerivedData/ScribbleFit-fdogjjubbltqcsctzflnsjbdahon/SourcePackages/checkouts/GoogleUtilities
    builtin-RegisterExecutionPolicyException /Users/george.sigalas/Library/Developer/Xcode/DerivedData/ScribbleFit-fdogjjubbltqcsctzflnsjbdahon/Build/Products/Debug-iphoneos/GoogleUtilities-AppDelegateSwizzler.o

ExtractAppIntentsMetadata (in target 'FirebaseAILogic' from project 'Firebase')
    cd /Users/george.sigalas/Library/Developer/Xcode/DerivedData/ScribbleFit-fdogjjubbltqcsctzflnsjbdahon/SourcePackages/checkouts/firebase-ios-sdk
    /Applications/Xcode.app/Contents/Developer/Toolchains/XcodeDefault.xctoolchain/usr/bin/appintentsmetadataprocessor --toolchain-dir /Applications/Xcode.app/Contents/Developer/Toolchains/XcodeDefault.xctoolchain --module-name FirebaseAILogic --sdk-root /Applications/Xcode.app/Contents/Developer/Platforms/iPhoneOS.platform/Developer/SDKs/iPhoneOS26.4.sdk --xcode-version 17E202 --platform-family iOS --deployment-target 15.0 --bundle-identifier firebase-ios-sdk.FirebaseAILogic --output /Users/george.sigalas/Library/Developer/Xcode/DerivedData/ScribbleFit-fdogjjubbltqcsctzflnsjbdahon/Build/Products/Debug-iphoneos/FirebaseAILogic.appintents --target-triple arm64-apple-ios15.0 --binary-file /Users/george.sigalas/Library/Developer/Xcode/DerivedData/ScribbleFit-fdogjjubbltqcsctzflnsjbdahon/Build/Products/Debug-iphoneos/FirebaseAILogic.o --dependency-file /Users/george.sigalas/Library/Developer/Xcode/DerivedData/ScribbleFit-fdogjjubbltqcsctzflnsjbdahon/Build/Intermediates.noindex/Firebase.build/Debug-iphoneos/FirebaseAILogic.build/Objects-normal/arm64/FirebaseAILogic_dependency_info.dat --stringsdata-file /Users/george.sigalas/Library/Developer/Xcode/DerivedData/ScribbleFit-fdogjjubbltqcsctzflnsjbdahon/Build/Intermediates.noindex/Firebase.build/Debug-iphoneos/FirebaseAILogic.build/Objects-normal/arm64/ExtractedAppShortcutsMetadata.stringsdata --source-file-list /Users/george.sigalas/Library/Developer/Xcode/DerivedData/ScribbleFit-fdogjjubbltqcsctzflnsjbdahon/Build/Intermediates.noindex/Firebase.build/Debug-iphoneos/FirebaseAILogic.build/Objects-normal/arm64/FirebaseAILogic.SwiftFileList --metadata-file-list /Users/george.sigalas/Library/Developer/Xcode/DerivedData/ScribbleFit-fdogjjubbltqcsctzflnsjbdahon/Build/Intermediates.noindex/Firebase.build/Debug-iphoneos/FirebaseAILogic.build/FirebaseAILogic.DependencyMetadataFileList --static-metadata-file-list /Users/george.sigalas/Library/Developer/Xcode/DerivedData/ScribbleFit-fdogjjubbltqcsctzflnsjbdahon/Build/Intermediates.noindex/Firebase.build/Debug-iphoneos/FirebaseAILogic.build/FirebaseAILogic.DependencyStaticMetadataFileList --swift-const-vals-list /Users/george.sigalas/Library/Developer/Xcode/DerivedData/ScribbleFit-fdogjjubbltqcsctzflnsjbdahon/Build/Intermediates.noindex/Firebase.build/Debug-iphoneos/FirebaseAILogic.build/Objects-normal/arm64/FirebaseAILogic.SwiftConstValuesFileList --force --compile-time-extraction --deployment-aware-processing --validate-assistant-intents --no-app-shortcuts-localization
2026-04-20 13:52:53.582 appintentsmetadataprocessor[66348:42950888] Starting appintentsmetadataprocessor export
2026-04-20 13:52:53.624 appintentsmetadataprocessor[66348:42950888] Extracted no relevant App Intents symbols, skipping writing output

Ld /Users/george.sigalas/Library/Developer/Xcode/DerivedData/ScribbleFit-fdogjjubbltqcsctzflnsjbdahon/Build/Products/Debug-iphoneos/FirebaseAuth.o normal (in target 'FirebaseAuth' from project 'Firebase')
    cd /Users/george.sigalas/Library/Developer/Xcode/DerivedData/ScribbleFit-fdogjjubbltqcsctzflnsjbdahon/SourcePackages/checkouts/firebase-ios-sdk
    /Applications/Xcode.app/Contents/Developer/Toolchains/XcodeDefault.xctoolchain/usr/bin/clang -Xlinker -reproducible -target arm64-apple-ios15.0 -r -isysroot /Applications/Xcode.app/Contents/Developer/Platforms/iPhoneOS.platform/Developer/SDKs/iPhoneOS26.4.sdk -O0 -w -F/Users/george.sigalas/Library/Developer/Xcode/DerivedData/ScribbleFit-fdogjjubbltqcsctzflnsjbdahon/Build/Intermediates.noindex/EagerLinkingTBDs/Debug-iphoneos -F/Users/george.sigalas/Library/Developer/Xcode/DerivedData/ScribbleFit-fdogjjubbltqcsctzflnsjbdahon/Build/Products/Debug-iphoneos/PackageFrameworks -F/Users/george.sigalas/Library/Developer/Xcode/DerivedData/ScribbleFit-fdogjjubbltqcsctzflnsjbdahon/Build/Products/Debug-iphoneos/PackageFrameworks -F/Users/george.sigalas/Library/Developer/Xcode/DerivedData/ScribbleFit-fdogjjubbltqcsctzflnsjbdahon/Build/Products/Debug-iphoneos/PackageFrameworks -F/Users/george.sigalas/Library/Developer/Xcode/DerivedData/ScribbleFit-fdogjjubbltqcsctzflnsjbdahon/Build/Products/Debug-iphoneos/PackageFrameworks -F/Users/george.sigalas/Library/Developer/Xcode/DerivedData/ScribbleFit-fdogjjubbltqcsctzflnsjbdahon/Build/Products/Debug-iphoneos/PackageFrameworks -F/Users/george.sigalas/Library/Developer/Xcode/DerivedData/ScribbleFit-fdogjjubbltqcsctzflnsjbdahon/Build/Products/Debug-iphoneos/PackageFrameworks -F/Users/george.sigalas/Library/Developer/Xcode/DerivedData/ScribbleFit-fdogjjubbltqcsctzflnsjbdahon/Build/Products/Debug-iphoneos/PackageFrameworks -F/Users/george.sigalas/Library/Developer/Xcode/DerivedData/ScribbleFit-fdogjjubbltqcsctzflnsjbdahon/Build/Products/Debug-iphoneos/PackageFrameworks -F/Users/george.sigalas/Library/Developer/Xcode/DerivedData/ScribbleFit-fdogjjubbltqcsctzflnsjbdahon/Build/Products/Debug-iphoneos/PackageFrameworks -F/Users/george.sigalas/Library/Developer/Xcode/DerivedData/ScribbleFit-fdogjjubbltqcsctzflnsjbdahon/Build/Products/Debug-iphoneos/PackageFrameworks -F/Users/george.sigalas/Library/Developer/Xcode/DerivedData/ScribbleFit-fdogjjubbltqcsctzflnsjbdahon/Build/Products/Debug-iphoneos/PackageFrameworks -F/Users/george.sigalas/Library/Developer/Xcode/DerivedData/ScribbleFit-fdogjjubbltqcsctzflnsjbdahon/Build/Products/Debug-iphoneos/PackageFrameworks -F/Users/george.sigalas/Library/Developer/Xcode/DerivedData/ScribbleFit-fdogjjubbltqcsctzflnsjbdahon/Build/Products/Debug-iphoneos/PackageFrameworks -F/Users/george.sigalas/Library/Developer/Xcode/DerivedData/ScribbleFit-fdogjjubbltqcsctzflnsjbdahon/Build/Products/Debug-iphoneos/PackageFrameworks -F/Users/george.sigalas/Library/Developer/Xcode/DerivedData/ScribbleFit-fdogjjubbltqcsctzflnsjbdahon/Build/Products/Debug-iphoneos/PackageFrameworks -F/Users/george.sigalas/Library/Developer/Xcode/DerivedData/ScribbleFit-fdogjjubbltqcsctzflnsjbdahon/Build/Products/Debug-iphoneos/PackageFrameworks -F/Users/george.sigalas/Library/Developer/Xcode/DerivedData/ScribbleFit-fdogjjubbltqcsctzflnsjbdahon/Build/Products/Debug-iphoneos -iframework /Applications/Xcode.app/Contents/Developer/Platforms/iPhoneOS.platform/Developer/Library/Frameworks -iframework /Applications/Xcode.app/Contents/Developer/Platforms/iPhoneOS.platform/Developer/SDKs/iPhoneOS26.4.sdk/Developer/Library/Frameworks -filelist /Users/george.sigalas/Library/Developer/Xcode/DerivedData/ScribbleFit-fdogjjubbltqcsctzflnsjbdahon/Build/Intermediates.noindex/Firebase.build/Debug-iphoneos/FirebaseAuth.build/Objects-normal/arm64/FirebaseAuth.LinkFileList -nostdlib -Xlinker -object_path_lto -Xlinker /Users/george.sigalas/Library/Developer/Xcode/DerivedData/ScribbleFit-fdogjjubbltqcsctzflnsjbdahon/Build/Intermediates.noindex/Firebase.build/Debug-iphoneos/FirebaseAuth.build/Objects-normal/arm64/FirebaseAuth_lto.o -Xlinker -no_deduplicate -Xlinker -debug_variant -Xlinker -dependency_info -Xlinker /Users/george.sigalas/Library/Developer/Xcode/DerivedData/ScribbleFit-fdogjjubbltqcsctzflnsjbdahon/Build/Intermediates.noindex/Firebase.build/Debug-iphoneos/FirebaseAuth.build/Objects-normal/arm64/FirebaseAuth_dependency_info.dat -fobjc-link-runtime -L/Applications/Xcode.app/Contents/Developer/Toolchains/XcodeDefault.xctoolchain/usr/lib/swift/iphoneos -L/usr/lib/swift -Xlinker -add_ast_path -Xlinker /Users/george.sigalas/Library/Developer/Xcode/DerivedData/ScribbleFit-fdogjjubbltqcsctzflnsjbdahon/Build/Intermediates.noindex/Firebase.build/Debug-iphoneos/FirebaseAuth.build/Objects-normal/arm64/FirebaseAuth.swiftmodule @/Users/george.sigalas/Library/Developer/Xcode/DerivedData/ScribbleFit-fdogjjubbltqcsctzflnsjbdahon/Build/Intermediates.noindex/Firebase.build/Debug-iphoneos/FirebaseAuth.build/Objects-normal/arm64/FirebaseAuth-linker-args.resp -o /Users/george.sigalas/Library/Developer/Xcode/DerivedData/ScribbleFit-fdogjjubbltqcsctzflnsjbdahon/Build/Products/Debug-iphoneos/FirebaseAuth.o

RegisterExecutionPolicyException /Users/george.sigalas/Library/Developer/Xcode/DerivedData/ScribbleFit-fdogjjubbltqcsctzflnsjbdahon/Build/Products/Debug-iphoneos/FirebaseAILogic.o (in target 'FirebaseAILogic' from project 'Firebase')
    cd /Users/george.sigalas/Library/Developer/Xcode/DerivedData/ScribbleFit-fdogjjubbltqcsctzflnsjbdahon/SourcePackages/checkouts/firebase-ios-sdk
    builtin-RegisterExecutionPolicyException /Users/george.sigalas/Library/Developer/Xcode/DerivedData/ScribbleFit-fdogjjubbltqcsctzflnsjbdahon/Build/Products/Debug-iphoneos/FirebaseAILogic.o

Ld /Users/george.sigalas/Library/Developer/Xcode/DerivedData/ScribbleFit-fdogjjubbltqcsctzflnsjbdahon/Build/Products/Debug-iphoneos/FirebaseAI.o normal (in target 'FirebaseAI' from project 'Firebase')
    cd /Users/george.sigalas/Library/Developer/Xcode/DerivedData/ScribbleFit-fdogjjubbltqcsctzflnsjbdahon/SourcePackages/checkouts/firebase-ios-sdk
    /Applications/Xcode.app/Contents/Developer/Toolchains/XcodeDefault.xctoolchain/usr/bin/clang -Xlinker -reproducible -target arm64-apple-ios15.0 -r -isysroot /Applications/Xcode.app/Contents/Developer/Platforms/iPhoneOS.platform/Developer/SDKs/iPhoneOS26.4.sdk -O0 -w -F/Users/george.sigalas/Library/Developer/Xcode/DerivedData/ScribbleFit-fdogjjubbltqcsctzflnsjbdahon/Build/Intermediates.noindex/EagerLinkingTBDs/Debug-iphoneos -F/Users/george.sigalas/Library/Developer/Xcode/DerivedData/ScribbleFit-fdogjjubbltqcsctzflnsjbdahon/Build/Products/Debug-iphoneos/PackageFrameworks -F/Users/george.sigalas/Library/Developer/Xcode/DerivedData/ScribbleFit-fdogjjubbltqcsctzflnsjbdahon/Build/Products/Debug-iphoneos/PackageFrameworks -F/Users/george.sigalas/Library/Developer/Xcode/DerivedData/ScribbleFit-fdogjjubbltqcsctzflnsjbdahon/Build/Products/Debug-iphoneos/PackageFrameworks -F/Users/george.sigalas/Library/Developer/Xcode/DerivedData/ScribbleFit-fdogjjubbltqcsctzflnsjbdahon/Build/Products/Debug-iphoneos/PackageFrameworks -F/Users/george.sigalas/Library/Developer/Xcode/DerivedData/ScribbleFit-fdogjjubbltqcsctzflnsjbdahon/Build/Products/Debug-iphoneos/PackageFrameworks -F/Users/george.sigalas/Library/Developer/Xcode/DerivedData/ScribbleFit-fdogjjubbltqcsctzflnsjbdahon/Build/Products/Debug-iphoneos/PackageFrameworks -F/Users/george.sigalas/Library/Developer/Xcode/DerivedData/ScribbleFit-fdogjjubbltqcsctzflnsjbdahon/Build/Products/Debug-iphoneos/PackageFrameworks -F/Users/george.sigalas/Library/Developer/Xcode/DerivedData/ScribbleFit-fdogjjubbltqcsctzflnsjbdahon/Build/Products/Debug-iphoneos/PackageFrameworks -F/Users/george.sigalas/Library/Developer/Xcode/DerivedData/ScribbleFit-fdogjjubbltqcsctzflnsjbdahon/Build/Products/Debug-iphoneos/PackageFrameworks -F/Users/george.sigalas/Library/Developer/Xcode/DerivedData/ScribbleFit-fdogjjubbltqcsctzflnsjbdahon/Build/Products/Debug-iphoneos/PackageFrameworks -F/Users/george.sigalas/Library/Developer/Xcode/DerivedData/ScribbleFit-fdogjjubbltqcsctzflnsjbdahon/Build/Products/Debug-iphoneos/PackageFrameworks -F/Users/george.sigalas/Library/Developer/Xcode/DerivedData/ScribbleFit-fdogjjubbltqcsctzflnsjbdahon/Build/Products/Debug-iphoneos -iframework /Applications/Xcode.app/Contents/Developer/Platforms/iPhoneOS.platform/Developer/Library/Frameworks -iframework /Applications/Xcode.app/Contents/Developer/Platforms/iPhoneOS.platform/Developer/SDKs/iPhoneOS26.4.sdk/Developer/Library/Frameworks -filelist /Users/george.sigalas/Library/Developer/Xcode/DerivedData/ScribbleFit-fdogjjubbltqcsctzflnsjbdahon/Build/Intermediates.noindex/Firebase.build/Debug-iphoneos/FirebaseAI.build/Objects-normal/arm64/FirebaseAI.LinkFileList -nostdlib -Xlinker -object_path_lto -Xlinker /Users/george.sigalas/Library/Developer/Xcode/DerivedData/ScribbleFit-fdogjjubbltqcsctzflnsjbdahon/Build/Intermediates.noindex/Firebase.build/Debug-iphoneos/FirebaseAI.build/Objects-normal/arm64/FirebaseAI_lto.o -Xlinker -no_deduplicate -Xlinker -debug_variant -Xlinker -dependency_info -Xlinker /Users/george.sigalas/Library/Developer/Xcode/DerivedData/ScribbleFit-fdogjjubbltqcsctzflnsjbdahon/Build/Intermediates.noindex/Firebase.build/Debug-iphoneos/FirebaseAI.build/Objects-normal/arm64/FirebaseAI_dependency_info.dat -fobjc-link-runtime -L/Applications/Xcode.app/Contents/Developer/Toolchains/XcodeDefault.xctoolchain/usr/lib/swift/iphoneos -L/usr/lib/swift -Xlinker -add_ast_path -Xlinker /Users/george.sigalas/Library/Developer/Xcode/DerivedData/ScribbleFit-fdogjjubbltqcsctzflnsjbdahon/Build/Intermediates.noindex/Firebase.build/Debug-iphoneos/FirebaseAI.build/Objects-normal/arm64/FirebaseAI.swiftmodule @/Users/george.sigalas/Library/Developer/Xcode/DerivedData/ScribbleFit-fdogjjubbltqcsctzflnsjbdahon/Build/Intermediates.noindex/Firebase.build/Debug-iphoneos/FirebaseAI.build/Objects-normal/arm64/FirebaseAI-linker-args.resp -o /Users/george.sigalas/Library/Developer/Xcode/DerivedData/ScribbleFit-fdogjjubbltqcsctzflnsjbdahon/Build/Products/Debug-iphoneos/FirebaseAI.o

ExtractAppIntentsMetadata (in target 'FirebaseAuth' from project 'Firebase')
    cd /Users/george.sigalas/Library/Developer/Xcode/DerivedData/ScribbleFit-fdogjjubbltqcsctzflnsjbdahon/SourcePackages/checkouts/firebase-ios-sdk
    /Applications/Xcode.app/Contents/Developer/Toolchains/XcodeDefault.xctoolchain/usr/bin/appintentsmetadataprocessor --toolchain-dir /Applications/Xcode.app/Contents/Developer/Toolchains/XcodeDefault.xctoolchain --module-name FirebaseAuth --sdk-root /Applications/Xcode.app/Contents/Developer/Platforms/iPhoneOS.platform/Developer/SDKs/iPhoneOS26.4.sdk --xcode-version 17E202 --platform-family iOS --deployment-target 15.0 --bundle-identifier firebase-ios-sdk.FirebaseAuth --output /Users/george.sigalas/Library/Developer/Xcode/DerivedData/ScribbleFit-fdogjjubbltqcsctzflnsjbdahon/Build/Products/Debug-iphoneos/FirebaseAuth.appintents --target-triple arm64-apple-ios15.0 --binary-file /Users/george.sigalas/Library/Developer/Xcode/DerivedData/ScribbleFit-fdogjjubbltqcsctzflnsjbdahon/Build/Products/Debug-iphoneos/FirebaseAuth.o --dependency-file /Users/george.sigalas/Library/Developer/Xcode/DerivedData/ScribbleFit-fdogjjubbltqcsctzflnsjbdahon/Build/Intermediates.noindex/Firebase.build/Debug-iphoneos/FirebaseAuth.build/Objects-normal/arm64/FirebaseAuth_dependency_info.dat --stringsdata-file /Users/george.sigalas/Library/Developer/Xcode/DerivedData/ScribbleFit-fdogjjubbltqcsctzflnsjbdahon/Build/Intermediates.noindex/Firebase.build/Debug-iphoneos/FirebaseAuth.build/Objects-normal/arm64/ExtractedAppShortcutsMetadata.stringsdata --source-file-list /Users/george.sigalas/Library/Developer/Xcode/DerivedData/ScribbleFit-fdogjjubbltqcsctzflnsjbdahon/Build/Intermediates.noindex/Firebase.build/Debug-iphoneos/FirebaseAuth.build/Objects-normal/arm64/FirebaseAuth.SwiftFileList --metadata-file-list /Users/george.sigalas/Library/Developer/Xcode/DerivedData/ScribbleFit-fdogjjubbltqcsctzflnsjbdahon/Build/Intermediates.noindex/Firebase.build/Debug-iphoneos/FirebaseAuth.build/FirebaseAuth.DependencyMetadataFileList --static-metadata-file-list /Users/george.sigalas/Library/Developer/Xcode/DerivedData/ScribbleFit-fdogjjubbltqcsctzflnsjbdahon/Build/Intermediates.noindex/Firebase.build/Debug-iphoneos/FirebaseAuth.build/FirebaseAuth.DependencyStaticMetadataFileList --swift-const-vals-list /Users/george.sigalas/Library/Developer/Xcode/DerivedData/ScribbleFit-fdogjjubbltqcsctzflnsjbdahon/Build/Intermediates.noindex/Firebase.build/Debug-iphoneos/FirebaseAuth.build/Objects-normal/arm64/FirebaseAuth.SwiftConstValuesFileList --force --compile-time-extraction --deployment-aware-processing --validate-assistant-intents --no-app-shortcuts-localization
2026-04-20 13:52:53.722 appintentsmetadataprocessor[66353:42950915] Starting appintentsmetadataprocessor export
2026-04-20 13:52:53.794 appintentsmetadataprocessor[66353:42950915] Extracted no relevant App Intents symbols, skipping writing output

ExtractAppIntentsMetadata (in target 'FirebaseAI' from project 'Firebase')
    cd /Users/george.sigalas/Library/Developer/Xcode/DerivedData/ScribbleFit-fdogjjubbltqcsctzflnsjbdahon/SourcePackages/checkouts/firebase-ios-sdk
    /Applications/Xcode.app/Contents/Developer/Toolchains/XcodeDefault.xctoolchain/usr/bin/appintentsmetadataprocessor --toolchain-dir /Applications/Xcode.app/Contents/Developer/Toolchains/XcodeDefault.xctoolchain --module-name FirebaseAI --sdk-root /Applications/Xcode.app/Contents/Developer/Platforms/iPhoneOS.platform/Developer/SDKs/iPhoneOS26.4.sdk --xcode-version 17E202 --platform-family iOS --deployment-target 15.0 --bundle-identifier firebase-ios-sdk.FirebaseAI --output /Users/george.sigalas/Library/Developer/Xcode/DerivedData/ScribbleFit-fdogjjubbltqcsctzflnsjbdahon/Build/Products/Debug-iphoneos/FirebaseAI.appintents --target-triple arm64-apple-ios15.0 --binary-file /Users/george.sigalas/Library/Developer/Xcode/DerivedData/ScribbleFit-fdogjjubbltqcsctzflnsjbdahon/Build/Products/Debug-iphoneos/FirebaseAI.o --dependency-file /Users/george.sigalas/Library/Developer/Xcode/DerivedData/ScribbleFit-fdogjjubbltqcsctzflnsjbdahon/Build/Intermediates.noindex/Firebase.build/Debug-iphoneos/FirebaseAI.build/Objects-normal/arm64/FirebaseAI_dependency_info.dat --stringsdata-file /Users/george.sigalas/Library/Developer/Xcode/DerivedData/ScribbleFit-fdogjjubbltqcsctzflnsjbdahon/Build/Intermediates.noindex/Firebase.build/Debug-iphoneos/FirebaseAI.build/Objects-normal/arm64/ExtractedAppShortcutsMetadata.stringsdata --source-file-list /Users/george.sigalas/Library/Developer/Xcode/DerivedData/ScribbleFit-fdogjjubbltqcsctzflnsjbdahon/Build/Intermediates.noindex/Firebase.build/Debug-iphoneos/FirebaseAI.build/Objects-normal/arm64/FirebaseAI.SwiftFileList --metadata-file-list /Users/george.sigalas/Library/Developer/Xcode/DerivedData/ScribbleFit-fdogjjubbltqcsctzflnsjbdahon/Build/Intermediates.noindex/Firebase.build/Debug-iphoneos/FirebaseAI.build/FirebaseAI.DependencyMetadataFileList --static-metadata-file-list /Users/george.sigalas/Library/Developer/Xcode/DerivedData/ScribbleFit-fdogjjubbltqcsctzflnsjbdahon/Build/Intermediates.noindex/Firebase.build/Debug-iphoneos/FirebaseAI.build/FirebaseAI.DependencyStaticMetadataFileList --swift-const-vals-list /Users/george.sigalas/Library/Developer/Xcode/DerivedData/ScribbleFit-fdogjjubbltqcsctzflnsjbdahon/Build/Intermediates.noindex/Firebase.build/Debug-iphoneos/FirebaseAI.build/Objects-normal/arm64/FirebaseAI.SwiftConstValuesFileList --force --compile-time-extraction --deployment-aware-processing --validate-assistant-intents --no-app-shortcuts-localization
2026-04-20 13:52:53.729 appintentsmetadataprocessor[66354:42950930] Starting appintentsmetadataprocessor export
2026-04-20 13:52:53.758 appintentsmetadataprocessor[66354:42950930] Extracted no relevant App Intents symbols, skipping writing output

RegisterExecutionPolicyException /Users/george.sigalas/Library/Developer/Xcode/DerivedData/ScribbleFit-fdogjjubbltqcsctzflnsjbdahon/Build/Products/Debug-iphoneos/FirebaseAI.o (in target 'FirebaseAI' from project 'Firebase')
    cd /Users/george.sigalas/Library/Developer/Xcode/DerivedData/ScribbleFit-fdogjjubbltqcsctzflnsjbdahon/SourcePackages/checkouts/firebase-ios-sdk
    builtin-RegisterExecutionPolicyException /Users/george.sigalas/Library/Developer/Xcode/DerivedData/ScribbleFit-fdogjjubbltqcsctzflnsjbdahon/Build/Products/Debug-iphoneos/FirebaseAI.o

RegisterExecutionPolicyException /Users/george.sigalas/Library/Developer/Xcode/DerivedData/ScribbleFit-fdogjjubbltqcsctzflnsjbdahon/Build/Products/Debug-iphoneos/FirebaseAuth.o (in target 'FirebaseAuth' from project 'Firebase')
    cd /Users/george.sigalas/Library/Developer/Xcode/DerivedData/ScribbleFit-fdogjjubbltqcsctzflnsjbdahon/SourcePackages/checkouts/firebase-ios-sdk
    builtin-RegisterExecutionPolicyException /Users/george.sigalas/Library/Developer/Xcode/DerivedData/ScribbleFit-fdogjjubbltqcsctzflnsjbdahon/Build/Products/Debug-iphoneos/FirebaseAuth.o

Ld /Users/george.sigalas/Library/Developer/Xcode/DerivedData/ScribbleFit-fdogjjubbltqcsctzflnsjbdahon/Build/Products/Debug-iphoneos/CoreFirebase.o normal (in target 'CoreFirebase' from project 'CoreFirebase')
    cd /Users/george.sigalas/AndroidStudioProjects/scribblefit/apps/ios/ScribbleFit/LocalPackages/Core/CoreFirebase
    /Applications/Xcode.app/Contents/Developer/Toolchains/XcodeDefault.xctoolchain/usr/bin/clang -Xlinker -reproducible -target arm64-apple-ios17.0 -r -isysroot /Applications/Xcode.app/Contents/Developer/Platforms/iPhoneOS.platform/Developer/SDKs/iPhoneOS26.4.sdk -O0 -w -F/Users/george.sigalas/Library/Developer/Xcode/DerivedData/ScribbleFit-fdogjjubbltqcsctzflnsjbdahon/Build/Intermediates.noindex/EagerLinkingTBDs/Debug-iphoneos -F/Users/george.sigalas/Library/Developer/Xcode/DerivedData/ScribbleFit-fdogjjubbltqcsctzflnsjbdahon/Build/Products/Debug-iphoneos/PackageFrameworks -F/Users/george.sigalas/Library/Developer/Xcode/DerivedData/ScribbleFit-fdogjjubbltqcsctzflnsjbdahon/Build/Products/Debug-iphoneos/PackageFrameworks -F/Users/george.sigalas/Library/Developer/Xcode/DerivedData/ScribbleFit-fdogjjubbltqcsctzflnsjbdahon/Build/Products/Debug-iphoneos/PackageFrameworks -F/Users/george.sigalas/Library/Developer/Xcode/DerivedData/ScribbleFit-fdogjjubbltqcsctzflnsjbdahon/Build/Products/Debug-iphoneos/PackageFrameworks -F/Users/george.sigalas/Library/Developer/Xcode/DerivedData/ScribbleFit-fdogjjubbltqcsctzflnsjbdahon/Build/Products/Debug-iphoneos/PackageFrameworks -F/Users/george.sigalas/Library/Developer/Xcode/DerivedData/ScribbleFit-fdogjjubbltqcsctzflnsjbdahon/Build/Products/Debug-iphoneos/PackageFrameworks -F/Users/george.sigalas/Library/Developer/Xcode/DerivedData/ScribbleFit-fdogjjubbltqcsctzflnsjbdahon/Build/Products/Debug-iphoneos/PackageFrameworks -F/Users/george.sigalas/Library/Developer/Xcode/DerivedData/ScribbleFit-fdogjjubbltqcsctzflnsjbdahon/Build/Products/Debug-iphoneos/PackageFrameworks -F/Users/george.sigalas/Library/Developer/Xcode/DerivedData/ScribbleFit-fdogjjubbltqcsctzflnsjbdahon/Build/Products/Debug-iphoneos/PackageFrameworks -F/Users/george.sigalas/Library/Developer/Xcode/DerivedData/ScribbleFit-fdogjjubbltqcsctzflnsjbdahon/Build/Products/Debug-iphoneos/PackageFrameworks -F/Users/george.sigalas/Library/Developer/Xcode/DerivedData/ScribbleFit-fdogjjubbltqcsctzflnsjbdahon/Build/Products/Debug-iphoneos/PackageFrameworks -F/Users/george.sigalas/Library/Developer/Xcode/DerivedData/ScribbleFit-fdogjjubbltqcsctzflnsjbdahon/Build/Products/Debug-iphoneos/PackageFrameworks -F/Users/george.sigalas/Library/Developer/Xcode/DerivedData/ScribbleFit-fdogjjubbltqcsctzflnsjbdahon/Build/Products/Debug-iphoneos/PackageFrameworks -F/Users/george.sigalas/Library/Developer/Xcode/DerivedData/ScribbleFit-fdogjjubbltqcsctzflnsjbdahon/Build/Products/Debug-iphoneos/PackageFrameworks -F/Users/george.sigalas/Library/Developer/Xcode/DerivedData/ScribbleFit-fdogjjubbltqcsctzflnsjbdahon/Build/Products/Debug-iphoneos/PackageFrameworks -F/Users/george.sigalas/Library/Developer/Xcode/DerivedData/ScribbleFit-fdogjjubbltqcsctzflnsjbdahon/Build/Products/Debug-iphoneos/PackageFrameworks -F/Users/george.sigalas/Library/Developer/Xcode/DerivedData/ScribbleFit-fdogjjubbltqcsctzflnsjbdahon/Build/Products/Debug-iphoneos/PackageFrameworks -F/Users/george.sigalas/Library/Developer/Xcode/DerivedData/ScribbleFit-fdogjjubbltqcsctzflnsjbdahon/Build/Products/Debug-iphoneos/PackageFrameworks -F/Users/george.sigalas/Library/Developer/Xcode/DerivedData/ScribbleFit-fdogjjubbltqcsctzflnsjbdahon/Build/Products/Debug-iphoneos/PackageFrameworks -F/Users/george.sigalas/Library/Developer/Xcode/DerivedData/ScribbleFit-fdogjjubbltqcsctzflnsjbdahon/Build/Products/Debug-iphoneos/PackageFrameworks -F/Users/george.sigalas/Library/Developer/Xcode/DerivedData/ScribbleFit-fdogjjubbltqcsctzflnsjbdahon/Build/Products/Debug-iphoneos/PackageFrameworks -F/Users/george.sigalas/Library/Developer/Xcode/DerivedData/ScribbleFit-fdogjjubbltqcsctzflnsjbdahon/Build/Products/Debug-iphoneos/PackageFrameworks -F/Users/george.sigalas/Library/Developer/Xcode/DerivedData/ScribbleFit-fdogjjubbltqcsctzflnsjbdahon/Build/Products/Debug-iphoneos/PackageFrameworks -F/Users/george.sigalas/Library/Developer/Xcode/DerivedData/ScribbleFit-fdogjjubbltqcsctzflnsjbdahon/Build/Products/Debug-iphoneos -iframework /Applications/Xcode.app/Contents/Developer/Platforms/iPhoneOS.platform/Developer/Library/Frameworks -iframework /Applications/Xcode.app/Contents/Developer/Platforms/iPhoneOS.platform/Developer/SDKs/iPhoneOS26.4.sdk/Developer/Library/Frameworks -filelist /Users/george.sigalas/Library/Developer/Xcode/DerivedData/ScribbleFit-fdogjjubbltqcsctzflnsjbdahon/Build/Intermediates.noindex/CoreFirebase.build/Debug-iphoneos/CoreFirebase.build/Objects-normal/arm64/CoreFirebase.LinkFileList -nostdlib -Xlinker -object_path_lto -Xlinker /Users/george.sigalas/Library/Developer/Xcode/DerivedData/ScribbleFit-fdogjjubbltqcsctzflnsjbdahon/Build/Intermediates.noindex/CoreFirebase.build/Debug-iphoneos/CoreFirebase.build/Objects-normal/arm64/CoreFirebase_lto.o -Xlinker -no_deduplicate -Xlinker -debug_variant -Xlinker -dependency_info -Xlinker /Users/george.sigalas/Library/Developer/Xcode/DerivedData/ScribbleFit-fdogjjubbltqcsctzflnsjbdahon/Build/Intermediates.noindex/CoreFirebase.build/Debug-iphoneos/CoreFirebase.build/Objects-normal/arm64/CoreFirebase_dependency_info.dat -fobjc-link-runtime -L/Applications/Xcode.app/Contents/Developer/Toolchains/XcodeDefault.xctoolchain/usr/lib/swift/iphoneos -L/usr/lib/swift -Xlinker -add_ast_path -Xlinker /Users/george.sigalas/Library/Developer/Xcode/DerivedData/ScribbleFit-fdogjjubbltqcsctzflnsjbdahon/Build/Intermediates.noindex/CoreFirebase.build/Debug-iphoneos/CoreFirebase.build/Objects-normal/arm64/CoreFirebase.swiftmodule @/Users/george.sigalas/Library/Developer/Xcode/DerivedData/ScribbleFit-fdogjjubbltqcsctzflnsjbdahon/Build/Intermediates.noindex/CoreFirebase.build/Debug-iphoneos/CoreFirebase.build/Objects-normal/arm64/CoreFirebase-linker-args.resp -o /Users/george.sigalas/Library/Developer/Xcode/DerivedData/ScribbleFit-fdogjjubbltqcsctzflnsjbdahon/Build/Products/Debug-iphoneos/CoreFirebase.o

SwiftDriverJobDiscovery normal arm64 Compiling WorkoutRepositoryImpl.swift (in target 'FeatureWorkouts' from project 'FeatureWorkouts')

SwiftDriver\ Compilation FeatureWorkouts normal arm64 com.apple.xcode.tools.swift.compiler (in target 'FeatureWorkouts' from project 'FeatureWorkouts')
    cd /Users/george.sigalas/AndroidStudioProjects/scribblefit/apps/ios/ScribbleFit/ScribbleFit.xcodeproj
    builtin-Swift-Compilation -- /Applications/Xcode.app/Contents/Developer/Toolchains/XcodeDefault.xctoolchain/usr/bin/swiftc -module-name FeatureWorkouts -Onone @/Users/george.sigalas/Library/Developer/Xcode/DerivedData/ScribbleFit-fdogjjubbltqcsctzflnsjbdahon/Build/Intermediates.noindex/FeatureWorkouts.build/Debug-iphoneos/FeatureWorkouts.build/Objects-normal/arm64/FeatureWorkouts.SwiftFileList -DSWIFT_PACKAGE -DDEBUG -DSWIFT_MODULE_RESOURCE_BUNDLE_UNAVAILABLE -DXcode -plugin-path /Applications/Xcode.app/Contents/Developer/Toolchains/XcodeDefault.xctoolchain/usr/lib/swift/host/plugins/testing -enable-experimental-feature DebugDescriptionMacro -sdk /Applications/Xcode.app/Contents/Developer/Platforms/iPhoneOS.platform/Developer/SDKs/iPhoneOS26.4.sdk -target arm64-apple-ios17.0 -g -module-cache-path /Users/george.sigalas/Library/Developer/Xcode/DerivedData/ModuleCache.noindex -Xfrontend -serialize-debugging-options -profile-coverage-mapping -profile-generate -enable-testing -suppress-warnings -index-store-path /Users/george.sigalas/Library/Developer/Xcode/DerivedData/ScribbleFit-fdogjjubbltqcsctzflnsjbdahon/Index.noindex/DataStore -Xcc -D_LIBCPP_HARDENING_MODE\=_LIBCPP_HARDENING_MODE_DEBUG -swift-version 6 -I /Users/george.sigalas/Library/Developer/Xcode/DerivedData/ScribbleFit-fdogjjubbltqcsctzflnsjbdahon/Build/Products/Debug-iphoneos -Isystem /Applications/Xcode.app/Contents/Developer/Platforms/iPhoneOS.platform/Developer/usr/lib -F /Users/george.sigalas/Library/Developer/Xcode/DerivedData/ScribbleFit-fdogjjubbltqcsctzflnsjbdahon/Build/Products/Debug-iphoneos/PackageFrameworks -F /Users/george.sigalas/Library/Developer/Xcode/DerivedData/ScribbleFit-fdogjjubbltqcsctzflnsjbdahon/Build/Products/Debug-iphoneos/PackageFrameworks -F /Users/george.sigalas/Library/Developer/Xcode/DerivedData/ScribbleFit-fdogjjubbltqcsctzflnsjbdahon/Build/Products/Debug-iphoneos -F /Applications/Xcode.app/Contents/Developer/Platforms/iPhoneOS.platform/Developer/Library/Frameworks -F /Applications/Xcode.app/Contents/Developer/Platforms/iPhoneOS.platform/Developer/SDKs/iPhoneOS26.4.sdk/Developer/Library/Frameworks -c -j14 -enable-batch-mode -incremental -Xcc -ivfsstatcache -Xcc /Users/george.sigalas/Library/Developer/Xcode/DerivedData/SDKStatCaches.noindex/iphoneos26.4-23E252-68a138bb55de9ba35ce6c8c40d12849e.sdkstatcache -output-file-map /Users/george.sigalas/Library/Developer/Xcode/DerivedData/ScribbleFit-fdogjjubbltqcsctzflnsjbdahon/Build/Intermediates.noindex/FeatureWorkouts.build/Debug-iphoneos/FeatureWorkouts.build/Objects-normal/arm64/FeatureWorkouts-OutputFileMap.json -use-frontend-parseable-output -save-temps -no-color-diagnostics -explicit-module-build -module-cache-path /Users/george.sigalas/Library/Developer/Xcode/DerivedData/ScribbleFit-fdogjjubbltqcsctzflnsjbdahon/Build/Intermediates.noindex/SwiftExplicitPrecompiledModules -clang-scanner-module-cache-path /Users/george.sigalas/Library/Developer/Xcode/DerivedData/ModuleCache.noindex -sdk-module-cache-path /Users/george.sigalas/Library/Developer/Xcode/DerivedData/ModuleCache.noindex -serialize-diagnostics -emit-dependencies -emit-module -emit-module-path /Users/george.sigalas/Library/Developer/Xcode/DerivedData/ScribbleFit-fdogjjubbltqcsctzflnsjbdahon/Build/Intermediates.noindex/FeatureWorkouts.build/Debug-iphoneos/FeatureWorkouts.build/Objects-normal/arm64/FeatureWorkouts.swiftmodule -validate-clang-modules-once -clang-build-session-file /Users/george.sigalas/Library/Developer/Xcode/DerivedData/ModuleCache.noindex/Session.modulevalidation -package-name featureworkouts -Xcc -I/Users/george.sigalas/Library/Developer/Xcode/DerivedData/ScribbleFit-fdogjjubbltqcsctzflnsjbdahon/Build/Intermediates.noindex/FeatureWorkouts.build/Debug-iphoneos/FeatureWorkouts.build/swift-overrides.hmap -emit-const-values -Xfrontend -const-gather-protocols-file -Xfrontend /Users/george.sigalas/Library/Developer/Xcode/DerivedData/ScribbleFit-fdogjjubbltqcsctzflnsjbdahon/Build/Intermediates.noindex/FeatureWorkouts.build/Debug-iphoneos/FeatureWorkouts.build/Objects-normal/arm64/FeatureWorkouts_const_extract_protocols.json -Xcc -I/Users/george.sigalas/Library/Developer/Xcode/DerivedData/ScribbleFit-fdogjjubbltqcsctzflnsjbdahon/Build/Products/Debug-iphoneos/include -Xcc -I/Users/george.sigalas/Library/Developer/Xcode/DerivedData/ScribbleFit-fdogjjubbltqcsctzflnsjbdahon/Build/Intermediates.noindex/FeatureWorkouts.build/Debug-iphoneos/FeatureWorkouts.build/DerivedSources-normal/arm64 -Xcc -I/Users/george.sigalas/Library/Developer/Xcode/DerivedData/ScribbleFit-fdogjjubbltqcsctzflnsjbdahon/Build/Intermediates.noindex/FeatureWorkouts.build/Debug-iphoneos/FeatureWorkouts.build/DerivedSources/arm64 -Xcc -I/Users/george.sigalas/Library/Developer/Xcode/DerivedData/ScribbleFit-fdogjjubbltqcsctzflnsjbdahon/Build/Intermediates.noindex/FeatureWorkouts.build/Debug-iphoneos/FeatureWorkouts.build/DerivedSources -Xcc -DSWIFT_PACKAGE -Xcc -DDEBUG\=1 -emit-objc-header -emit-objc-header-path /Users/george.sigalas/Library/Developer/Xcode/DerivedData/ScribbleFit-fdogjjubbltqcsctzflnsjbdahon/Build/Intermediates.noindex/FeatureWorkouts.build/Debug-iphoneos/FeatureWorkouts.build/Objects-normal/arm64/FeatureWorkouts-Swift.h -working-directory /Users/george.sigalas/AndroidStudioProjects/scribblefit/apps/ios/ScribbleFit/ScribbleFit.xcodeproj -experimental-emit-module-separately -disable-cmo

Ld /Users/george.sigalas/Library/Developer/Xcode/DerivedData/ScribbleFit-fdogjjubbltqcsctzflnsjbdahon/Build/Products/Debug-iphoneos/FeatureWorkouts.o normal (in target 'FeatureWorkouts' from project 'FeatureWorkouts')
    cd /Users/george.sigalas/AndroidStudioProjects/scribblefit/apps/ios/ScribbleFit/LocalPackages/Features/FeatureWorkouts
    /Applications/Xcode.app/Contents/Developer/Toolchains/XcodeDefault.xctoolchain/usr/bin/clang -Xlinker -reproducible -target arm64-apple-ios17.0 -r -isysroot /Applications/Xcode.app/Contents/Developer/Platforms/iPhoneOS.platform/Developer/SDKs/iPhoneOS26.4.sdk -O0 -w -F/Users/george.sigalas/Library/Developer/Xcode/DerivedData/ScribbleFit-fdogjjubbltqcsctzflnsjbdahon/Build/Intermediates.noindex/EagerLinkingTBDs/Debug-iphoneos -F/Users/george.sigalas/Library/Developer/Xcode/DerivedData/ScribbleFit-fdogjjubbltqcsctzflnsjbdahon/Build/Products/Debug-iphoneos/PackageFrameworks -F/Users/george.sigalas/Library/Developer/Xcode/DerivedData/ScribbleFit-fdogjjubbltqcsctzflnsjbdahon/Build/Products/Debug-iphoneos/PackageFrameworks -F/Users/george.sigalas/Library/Developer/Xcode/DerivedData/ScribbleFit-fdogjjubbltqcsctzflnsjbdahon/Build/Products/Debug-iphoneos -iframework /Applications/Xcode.app/Contents/Developer/Platforms/iPhoneOS.platform/Developer/Library/Frameworks -iframework /Applications/Xcode.app/Contents/Developer/Platforms/iPhoneOS.platform/Developer/SDKs/iPhoneOS26.4.sdk/Developer/Library/Frameworks -filelist /Users/george.sigalas/Library/Developer/Xcode/DerivedData/ScribbleFit-fdogjjubbltqcsctzflnsjbdahon/Build/Intermediates.noindex/FeatureWorkouts.build/Debug-iphoneos/FeatureWorkouts.build/Objects-normal/arm64/FeatureWorkouts.LinkFileList -nostdlib -Xlinker -object_path_lto -Xlinker /Users/george.sigalas/Library/Developer/Xcode/DerivedData/ScribbleFit-fdogjjubbltqcsctzflnsjbdahon/Build/Intermediates.noindex/FeatureWorkouts.build/Debug-iphoneos/FeatureWorkouts.build/Objects-normal/arm64/FeatureWorkouts_lto.o -Xlinker -no_deduplicate -Xlinker -debug_variant -Xlinker -dependency_info -Xlinker /Users/george.sigalas/Library/Developer/Xcode/DerivedData/ScribbleFit-fdogjjubbltqcsctzflnsjbdahon/Build/Intermediates.noindex/FeatureWorkouts.build/Debug-iphoneos/FeatureWorkouts.build/Objects-normal/arm64/FeatureWorkouts_dependency_info.dat -fobjc-link-runtime -L/Applications/Xcode.app/Contents/Developer/Toolchains/XcodeDefault.xctoolchain/usr/lib/swift/iphoneos -L/usr/lib/swift -Xlinker -add_ast_path -Xlinker /Users/george.sigalas/Library/Developer/Xcode/DerivedData/ScribbleFit-fdogjjubbltqcsctzflnsjbdahon/Build/Intermediates.noindex/FeatureWorkouts.build/Debug-iphoneos/FeatureWorkouts.build/Objects-normal/arm64/FeatureWorkouts.swiftmodule @/Users/george.sigalas/Library/Developer/Xcode/DerivedData/ScribbleFit-fdogjjubbltqcsctzflnsjbdahon/Build/Intermediates.noindex/FeatureWorkouts.build/Debug-iphoneos/FeatureWorkouts.build/Objects-normal/arm64/FeatureWorkouts-linker-args.resp -o /Users/george.sigalas/Library/Developer/Xcode/DerivedData/ScribbleFit-fdogjjubbltqcsctzflnsjbdahon/Build/Products/Debug-iphoneos/FeatureWorkouts.o

SwiftDriverJobDiscovery normal arm64 Compiling ScribbleRepositoryImpl.swift (in target 'FeatureScribble' from project 'FeatureScribble')

SwiftDriver\ Compilation FeatureScribble normal arm64 com.apple.xcode.tools.swift.compiler (in target 'FeatureScribble' from project 'FeatureScribble')
    cd /Users/george.sigalas/AndroidStudioProjects/scribblefit/apps/ios/ScribbleFit/ScribbleFit.xcodeproj
    builtin-Swift-Compilation -- /Applications/Xcode.app/Contents/Developer/Toolchains/XcodeDefault.xctoolchain/usr/bin/swiftc -module-name FeatureScribble -Onone @/Users/george.sigalas/Library/Developer/Xcode/DerivedData/ScribbleFit-fdogjjubbltqcsctzflnsjbdahon/Build/Intermediates.noindex/FeatureScribble.build/Debug-iphoneos/FeatureScribble.build/Objects-normal/arm64/FeatureScribble.SwiftFileList -DSWIFT_PACKAGE -DDEBUG -DSWIFT_MODULE_RESOURCE_BUNDLE_UNAVAILABLE -Xcc -fmodule-map-file\=/Users/george.sigalas/Library/Developer/Xcode/DerivedData/ScribbleFit-fdogjjubbltqcsctzflnsjbdahon/Build/Intermediates.noindex/GeneratedModuleMaps-iphoneos/AppCheckCore.modulemap -Xcc -fmodule-map-file\=/Users/george.sigalas/Library/Developer/Xcode/DerivedData/ScribbleFit-fdogjjubbltqcsctzflnsjbdahon/Build/Intermediates.noindex/GeneratedModuleMaps-iphoneos/GoogleUtilities-UserDefaults.modulemap -Xcc -fmodule-map-file\=/Users/george.sigalas/Library/Developer/Xcode/DerivedData/ScribbleFit-fdogjjubbltqcsctzflnsjbdahon/Build/Intermediates.noindex/GeneratedModuleMaps-iphoneos/FirebaseAppCheck.modulemap -Xcc -fmodule-map-file\=/Users/george.sigalas/Library/Developer/Xcode/DerivedData/ScribbleFit-fdogjjubbltqcsctzflnsjbdahon/Build/Intermediates.noindex/GeneratedModuleMaps-iphoneos/RecaptchaInterop.modulemap -Xcc -fmodule-map-file\=/Users/george.sigalas/Library/Developer/Xcode/DerivedData/ScribbleFit-fdogjjubbltqcsctzflnsjbdahon/Build/Intermediates.noindex/GeneratedModuleMaps-iphoneos/GoogleUtilities-Network.modulemap -Xcc -fmodule-map-file\=/Users/george.sigalas/Library/Developer/Xcode/DerivedData/ScribbleFit-fdogjjubbltqcsctzflnsjbdahon/Build/Intermediates.noindex/GeneratedModuleMaps-iphoneos/GoogleUtilities-Reachability.modulemap -Xcc -fmodule-map-file\=/Users/george.sigalas/Library/Developer/Xcode/DerivedData/ScribbleFit-fdogjjubbltqcsctzflnsjbdahon/Build/Intermediates.noindex/GeneratedModuleMaps-iphoneos/GoogleUtilities-AppDelegateSwizzler.modulemap -Xcc -fmodule-map-file\=/Users/george.sigalas/Library/Developer/Xcode/DerivedData/ScribbleFit-fdogjjubbltqcsctzflnsjbdahon/Build/Intermediates.noindex/GeneratedModuleMaps-iphoneos/GTMSessionFetcherCore.modulemap -Xcc -fmodule-map-file\=/Users/george.sigalas/Library/Developer/Xcode/DerivedData/ScribbleFit-fdogjjubbltqcsctzflnsjbdahon/Build/Intermediates.noindex/GeneratedModuleMaps-iphoneos/FirebaseAuthInternal.modulemap -Xcc -fmodule-map-file\=/Users/george.sigalas/Library/Developer/Xcode/DerivedData/ScribbleFit-fdogjjubbltqcsctzflnsjbdahon/Build/Intermediates.noindex/GeneratedModuleMaps-iphoneos/GoogleUtilities-NSData.modulemap -Xcc -fmodule-map-file\=/Users/george.sigalas/Library/Developer/Xcode/DerivedData/ScribbleFit-fdogjjubbltqcsctzflnsjbdahon/Build/Intermediates.noindex/GeneratedModuleMaps-iphoneos/GoogleUtilities-Environment.modulemap -Xcc -fmodule-map-file\=/Users/george.sigalas/Library/Developer/Xcode/DerivedData/ScribbleFit-fdogjjubbltqcsctzflnsjbdahon/Build/Intermediates.noindex/GeneratedModuleMaps-iphoneos/third-party-IsAppEncrypted.modulemap -Xcc -fmodule-map-file\=/Users/george.sigalas/Library/Developer/Xcode/DerivedData/ScribbleFit-fdogjjubbltqcsctzflnsjbdahon/Build/Intermediates.noindex/GeneratedModuleMaps-iphoneos/GoogleUtilities-Logger.modulemap -Xcc -fmodule-map-file\=/Users/george.sigalas/Library/Developer/Xcode/DerivedData/ScribbleFit-fdogjjubbltqcsctzflnsjbdahon/Build/Intermediates.noindex/GeneratedModuleMaps-iphoneos/FirebaseCoreExtension.modulemap -Xcc -fmodule-map-file\=/Users/george.sigalas/Library/Developer/Xcode/DerivedData/ScribbleFit-fdogjjubbltqcsctzflnsjbdahon/Build/Intermediates.noindex/GeneratedModuleMaps-iphoneos/FirebaseCore.modulemap -Xcc -fmodule-map-file\=/Users/george.sigalas/Library/Developer/Xcode/DerivedData/ScribbleFit-fdogjjubbltqcsctzflnsjbdahon/Build/Intermediates.noindex/GeneratedModuleMaps-iphoneos/FirebaseAuthInterop.modulemap -Xcc -fmodule-map-file\=/Users/george.sigalas/Library/Developer/Xcode/DerivedData/ScribbleFit-fdogjjubbltqcsctzflnsjbdahon/Build/Intermediates.noindex/GeneratedModuleMaps-iphoneos/FirebaseAppCheckInterop.modulemap -DXcode -plugin-path /Applications/Xcode.app/Contents/Developer/Toolchains/XcodeDefault.xctoolchain/usr/lib/swift/host/plugins/testing -enable-experimental-feature DebugDescriptionMacro -sdk /Applications/Xcode.app/Contents/Developer/Platforms/iPhoneOS.platform/Developer/SDKs/iPhoneOS26.4.sdk -target arm64-apple-ios17.0 -g -module-cache-path /Users/george.sigalas/Library/Developer/Xcode/DerivedData/ModuleCache.noindex -Xfrontend -serialize-debugging-options -profile-coverage-mapping -profile-generate -enable-testing -suppress-warnings -index-store-path /Users/george.sigalas/Library/Developer/Xcode/DerivedData/ScribbleFit-fdogjjubbltqcsctzflnsjbdahon/Index.noindex/DataStore -Xcc -D_LIBCPP_HARDENING_MODE\=_LIBCPP_HARDENING_MODE_DEBUG -swift-version 6 -I /Users/george.sigalas/Library/Developer/Xcode/DerivedData/ScribbleFit-fdogjjubbltqcsctzflnsjbdahon/Build/Products/Debug-iphoneos -Isystem /Applications/Xcode.app/Contents/Developer/Platforms/iPhoneOS.platform/Developer/usr/lib -F /Users/george.sigalas/Library/Developer/Xcode/DerivedData/ScribbleFit-fdogjjubbltqcsctzflnsjbdahon/Build/Products/Debug-iphoneos/PackageFrameworks -F /Users/george.sigalas/Library/Developer/Xcode/DerivedData/ScribbleFit-fdogjjubbltqcsctzflnsjbdahon/Build/Products/Debug-iphoneos/PackageFrameworks -F /Users/george.sigalas/Library/Developer/Xcode/DerivedData/ScribbleFit-fdogjjubbltqcsctzflnsjbdahon/Build/Products/Debug-iphoneos/PackageFrameworks -F /Users/george.sigalas/Library/Developer/Xcode/DerivedData/ScribbleFit-fdogjjubbltqcsctzflnsjbdahon/Build/Products/Debug-iphoneos/PackageFrameworks -F /Users/george.sigalas/Library/Developer/Xcode/DerivedData/ScribbleFit-fdogjjubbltqcsctzflnsjbdahon/Build/Products/Debug-iphoneos/PackageFrameworks -F /Users/george.sigalas/Library/Developer/Xcode/DerivedData/ScribbleFit-fdogjjubbltqcsctzflnsjbdahon/Build/Products/Debug-iphoneos/PackageFrameworks -F /Users/george.sigalas/Library/Developer/Xcode/DerivedData/ScribbleFit-fdogjjubbltqcsctzflnsjbdahon/Build/Products/Debug-iphoneos/PackageFrameworks -F /Users/george.sigalas/Library/Developer/Xcode/DerivedData/ScribbleFit-fdogjjubbltqcsctzflnsjbdahon/Build/Products/Debug-iphoneos/PackageFrameworks -F /Users/george.sigalas/Library/Developer/Xcode/DerivedData/ScribbleFit-fdogjjubbltqcsctzflnsjbdahon/Build/Products/Debug-iphoneos/PackageFrameworks -F /Users/george.sigalas/Library/Developer/Xcode/DerivedData/ScribbleFit-fdogjjubbltqcsctzflnsjbdahon/Build/Products/Debug-iphoneos/PackageFrameworks -F /Users/george.sigalas/Library/Developer/Xcode/DerivedData/ScribbleFit-fdogjjubbltqcsctzflnsjbdahon/Build/Products/Debug-iphoneos/PackageFrameworks -F /Users/george.sigalas/Library/Developer/Xcode/DerivedData/ScribbleFit-fdogjjubbltqcsctzflnsjbdahon/Build/Products/Debug-iphoneos/PackageFrameworks -F /Users/george.sigalas/Library/Developer/Xcode/DerivedData/ScribbleFit-fdogjjubbltqcsctzflnsjbdahon/Build/Products/Debug-iphoneos/PackageFrameworks -F /Users/george.sigalas/Library/Developer/Xcode/DerivedData/ScribbleFit-fdogjjubbltqcsctzflnsjbdahon/Build/Products/Debug-iphoneos/PackageFrameworks -F /Users/george.sigalas/Library/Developer/Xcode/DerivedData/ScribbleFit-fdogjjubbltqcsctzflnsjbdahon/Build/Products/Debug-iphoneos/PackageFrameworks -F /Users/george.sigalas/Library/Developer/Xcode/DerivedData/ScribbleFit-fdogjjubbltqcsctzflnsjbdahon/Build/Products/Debug-iphoneos/PackageFrameworks -F /Users/george.sigalas/Library/Developer/Xcode/DerivedData/ScribbleFit-fdogjjubbltqcsctzflnsjbdahon/Build/Products/Debug-iphoneos/PackageFrameworks -F /Users/george.sigalas/Library/Developer/Xcode/DerivedData/ScribbleFit-fdogjjubbltqcsctzflnsjbdahon/Build/Products/Debug-iphoneos/PackageFrameworks -F /Users/george.sigalas/Library/Developer/Xcode/DerivedData/ScribbleFit-fdogjjubbltqcsctzflnsjbdahon/Build/Products/Debug-iphoneos/PackageFrameworks -F /Users/george.sigalas/Library/Developer/Xcode/DerivedData/ScribbleFit-fdogjjubbltqcsctzflnsjbdahon/Build/Products/Debug-iphoneos/PackageFrameworks -F /Users/george.sigalas/Library/Developer/Xcode/DerivedData/ScribbleFit-fdogjjubbltqcsctzflnsjbdahon/Build/Products/Debug-iphoneos/PackageFrameworks -F /Users/george.sigalas/Library/Developer/Xcode/DerivedData/ScribbleFit-fdogjjubbltqcsctzflnsjbdahon/Build/Products/Debug-iphoneos/PackageFrameworks -F /Users/george.sigalas/Library/Developer/Xcode/DerivedData/ScribbleFit-fdogjjubbltqcsctzflnsjbdahon/Build/Products/Debug-iphoneos/PackageFrameworks -F /Users/george.sigalas/Library/Developer/Xcode/DerivedData/ScribbleFit-fdogjjubbltqcsctzflnsjbdahon/Build/Products/Debug-iphoneos/PackageFrameworks -F /Users/george.sigalas/Library/Developer/Xcode/DerivedData/ScribbleFit-fdogjjubbltqcsctzflnsjbdahon/Build/Products/Debug-iphoneos/PackageFrameworks -F /Users/george.sigalas/Library/Developer/Xcode/DerivedData/ScribbleFit-fdogjjubbltqcsctzflnsjbdahon/Build/Products/Debug-iphoneos/PackageFrameworks -F /Users/george.sigalas/Library/Developer/Xcode/DerivedData/ScribbleFit-fdogjjubbltqcsctzflnsjbdahon/Build/Products/Debug-iphoneos/PackageFrameworks -F /Users/george.sigalas/Library/Developer/Xcode/DerivedData/ScribbleFit-fdogjjubbltqcsctzflnsjbdahon/Build/Products/Debug-iphoneos/PackageFrameworks -F /Users/george.sigalas/Library/Developer/Xcode/DerivedData/ScribbleFit-fdogjjubbltqcsctzflnsjbdahon/Build/Products/Debug-iphoneos -F /Applications/Xcode.app/Contents/Developer/Platforms/iPhoneOS.platform/Developer/Library/Frameworks -F /Applications/Xcode.app/Contents/Developer/Platforms/iPhoneOS.platform/Developer/SDKs/iPhoneOS26.4.sdk/Developer/Library/Frameworks -c -j14 -enable-batch-mode -incremental -Xcc -ivfsstatcache -Xcc /Users/george.sigalas/Library/Developer/Xcode/DerivedData/SDKStatCaches.noindex/iphoneos26.4-23E252-68a138bb55de9ba35ce6c8c40d12849e.sdkstatcache -output-file-map /Users/george.sigalas/Library/Developer/Xcode/DerivedData/ScribbleFit-fdogjjubbltqcsctzflnsjbdahon/Build/Intermediates.noindex/FeatureScribble.build/Debug-iphoneos/FeatureScribble.build/Objects-normal/arm64/FeatureScribble-OutputFileMap.json -use-frontend-parseable-output -save-temps -no-color-diagnostics -explicit-module-build -module-cache-path /Users/george.sigalas/Library/Developer/Xcode/DerivedData/ScribbleFit-fdogjjubbltqcsctzflnsjbdahon/Build/Intermediates.noindex/SwiftExplicitPrecompiledModules -clang-scanner-module-cache-path /Users/george.sigalas/Library/Developer/Xcode/DerivedData/ModuleCache.noindex -sdk-module-cache-path /Users/george.sigalas/Library/Developer/Xcode/DerivedData/ModuleCache.noindex -serialize-diagnostics -emit-dependencies -emit-module -emit-module-path /Users/george.sigalas/Library/Developer/Xcode/DerivedData/ScribbleFit-fdogjjubbltqcsctzflnsjbdahon/Build/Intermediates.noindex/FeatureScribble.build/Debug-iphoneos/FeatureScribble.build/Objects-normal/arm64/FeatureScribble.swiftmodule -validate-clang-modules-once -clang-build-session-file /Users/george.sigalas/Library/Developer/Xcode/DerivedData/ModuleCache.noindex/Session.modulevalidation -package-name featurescribble -Xcc -I/Users/george.sigalas/Library/Developer/Xcode/DerivedData/ScribbleFit-fdogjjubbltqcsctzflnsjbdahon/Build/Intermediates.noindex/FeatureScribble.build/Debug-iphoneos/FeatureScribble.build/swift-overrides.hmap -emit-const-values -Xfrontend -const-gather-protocols-file -Xfrontend /Users/george.sigalas/Library/Developer/Xcode/DerivedData/ScribbleFit-fdogjjubbltqcsctzflnsjbdahon/Build/Intermediates.noindex/FeatureScribble.build/Debug-iphoneos/FeatureScribble.build/Objects-normal/arm64/FeatureScribble_const_extract_protocols.json -Xcc -I/Users/george.sigalas/Library/Developer/Xcode/DerivedData/ScribbleFit-fdogjjubbltqcsctzflnsjbdahon/SourcePackages/checkouts/promises/Sources/FBLPromises/include -Xcc -I/Users/george.sigalas/Library/Developer/Xcode/DerivedData/ScribbleFit-fdogjjubbltqcsctzflnsjbdahon/SourcePackages/checkouts/app-check/AppCheckCore/Sources/Public -Xcc -I/Users/george.sigalas/Library/Developer/Xcode/DerivedData/ScribbleFit-fdogjjubbltqcsctzflnsjbdahon/SourcePackages/checkouts/GoogleUtilities/GoogleUtilities/UserDefaults/Public -Xcc -I/Users/george.sigalas/Library/Developer/Xcode/DerivedData/ScribbleFit-fdogjjubbltqcsctzflnsjbdahon/SourcePackages/checkouts/firebase-ios-sdk/FirebaseAppCheck/Sources/Public -Xcc -I/Users/george.sigalas/Library/Developer/Xcode/DerivedData/ScribbleFit-fdogjjubbltqcsctzflnsjbdahon/SourcePackages/checkouts/interop-ios-for-google-sdks/RecaptchaEnterprise/RecaptchaInterop/Public -Xcc -I/Users/george.sigalas/Library/Developer/Xcode/DerivedData/ScribbleFit-fdogjjubbltqcsctzflnsjbdahon/SourcePackages/checkouts/GoogleUtilities/GoogleUtilities/Network/Public -Xcc -I/Users/george.sigalas/Library/Developer/Xcode/DerivedData/ScribbleFit-fdogjjubbltqcsctzflnsjbdahon/SourcePackages/checkouts/GoogleUtilities/GoogleUtilities/Reachability/Public -Xcc -I/Users/george.sigalas/Library/Developer/Xcode/DerivedData/ScribbleFit-fdogjjubbltqcsctzflnsjbdahon/SourcePackages/checkouts/GoogleUtilities/GoogleUtilities/AppDelegateSwizzler/Public -Xcc -I/Users/george.sigalas/Library/Developer/Xcode/DerivedData/ScribbleFit-fdogjjubbltqcsctzflnsjbdahon/SourcePackages/checkouts/gtm-session-fetcher/Sources/Core/Public -Xcc -I/Users/george.sigalas/Library/Developer/Xcode/DerivedData/ScribbleFit-fdogjjubbltqcsctzflnsjbdahon/SourcePackages/checkouts/firebase-ios-sdk/FirebaseAuth/Sources/Public -Xcc -I/Users/george.sigalas/Library/Developer/Xcode/DerivedData/ScribbleFit-fdogjjubbltqcsctzflnsjbdahon/SourcePackages/checkouts/GoogleUtilities/GoogleUtilities/NSData+zlib/Public -Xcc -I/Users/george.sigalas/Library/Developer/Xcode/DerivedData/ScribbleFit-fdogjjubbltqcsctzflnsjbdahon/SourcePackages/checkouts/GoogleUtilities/GoogleUtilities/Environment/Public -Xcc -I/Users/george.sigalas/Library/Developer/Xcode/DerivedData/ScribbleFit-fdogjjubbltqcsctzflnsjbdahon/SourcePackages/checkouts/GoogleUtilities/third_party/IsAppEncrypted/Public -Xcc -I/Users/george.sigalas/Library/Developer/Xcode/DerivedData/ScribbleFit-fdogjjubbltqcsctzflnsjbdahon/SourcePackages/checkouts/GoogleUtilities/GoogleUtilities/Logger/Public -Xcc -I/Users/george.sigalas/Library/Developer/Xcode/DerivedData/ScribbleFit-fdogjjubbltqcsctzflnsjbdahon/SourcePackages/checkouts/firebase-ios-sdk/FirebaseCore/Extension -Xcc -I/Users/george.sigalas/Library/Developer/Xcode/DerivedData/ScribbleFit-fdogjjubbltqcsctzflnsjbdahon/SourcePackages/checkouts/firebase-ios-sdk/FirebaseCore/Sources/Public -Xcc -I/Users/george.sigalas/Library/Developer/Xcode/DerivedData/ScribbleFit-fdogjjubbltqcsctzflnsjbdahon/SourcePackages/checkouts/firebase-ios-sdk/CoreOnly/Sources -Xcc -I/Users/george.sigalas/Library/Developer/Xcode/DerivedData/ScribbleFit-fdogjjubbltqcsctzflnsjbdahon/SourcePackages/checkouts/firebase-ios-sdk/FirebaseAuth/Interop/Public -Xcc -I/Users/george.sigalas/Library/Developer/Xcode/DerivedData/ScribbleFit-fdogjjubbltqcsctzflnsjbdahon/SourcePackages/checkouts/firebase-ios-sdk/FirebaseAppCheck/Interop/Public -Xcc -I/Users/george.sigalas/Library/Developer/Xcode/DerivedData/ScribbleFit-fdogjjubbltqcsctzflnsjbdahon/Build/Products/Debug-iphoneos/include -Xcc -I/Users/george.sigalas/Library/Developer/Xcode/DerivedData/ScribbleFit-fdogjjubbltqcsctzflnsjbdahon/Build/Intermediates.noindex/FeatureScribble.build/Debug-iphoneos/FeatureScribble.build/DerivedSources-normal/arm64 -Xcc -I/Users/george.sigalas/Library/Developer/Xcode/DerivedData/ScribbleFit-fdogjjubbltqcsctzflnsjbdahon/Build/Intermediates.noindex/FeatureScribble.build/Debug-iphoneos/FeatureScribble.build/DerivedSources/arm64 -Xcc -I/Users/george.sigalas/Library/Developer/Xcode/DerivedData/ScribbleFit-fdogjjubbltqcsctzflnsjbdahon/Build/Intermediates.noindex/FeatureScribble.build/Debug-iphoneos/FeatureScribble.build/DerivedSources -Xcc -DSWIFT_PACKAGE -Xcc -DDEBUG\=1 -emit-objc-header -emit-objc-header-path /Users/george.sigalas/Library/Developer/Xcode/DerivedData/ScribbleFit-fdogjjubbltqcsctzflnsjbdahon/Build/Intermediates.noindex/FeatureScribble.build/Debug-iphoneos/FeatureScribble.build/Objects-normal/arm64/FeatureScribble-Swift.h -working-directory /Users/george.sigalas/AndroidStudioProjects/scribblefit/apps/ios/ScribbleFit/ScribbleFit.xcodeproj -experimental-emit-module-separately -disable-cmo

ExtractAppIntentsMetadata (in target 'CoreFirebase' from project 'CoreFirebase')
    cd /Users/george.sigalas/AndroidStudioProjects/scribblefit/apps/ios/ScribbleFit/LocalPackages/Core/CoreFirebase
    /Applications/Xcode.app/Contents/Developer/Toolchains/XcodeDefault.xctoolchain/usr/bin/appintentsmetadataprocessor --toolchain-dir /Applications/Xcode.app/Contents/Developer/Toolchains/XcodeDefault.xctoolchain --module-name CoreFirebase --sdk-root /Applications/Xcode.app/Contents/Developer/Platforms/iPhoneOS.platform/Developer/SDKs/iPhoneOS26.4.sdk --xcode-version 17E202 --platform-family iOS --deployment-target 17.0 --bundle-identifier corefirebase.CoreFirebase --output /Users/george.sigalas/Library/Developer/Xcode/DerivedData/ScribbleFit-fdogjjubbltqcsctzflnsjbdahon/Build/Products/Debug-iphoneos/CoreFirebase.appintents --target-triple arm64-apple-ios17.0 --binary-file /Users/george.sigalas/Library/Developer/Xcode/DerivedData/ScribbleFit-fdogjjubbltqcsctzflnsjbdahon/Build/Products/Debug-iphoneos/CoreFirebase.o --dependency-file /Users/george.sigalas/Library/Developer/Xcode/DerivedData/ScribbleFit-fdogjjubbltqcsctzflnsjbdahon/Build/Intermediates.noindex/CoreFirebase.build/Debug-iphoneos/CoreFirebase.build/Objects-normal/arm64/CoreFirebase_dependency_info.dat --stringsdata-file /Users/george.sigalas/Library/Developer/Xcode/DerivedData/ScribbleFit-fdogjjubbltqcsctzflnsjbdahon/Build/Intermediates.noindex/CoreFirebase.build/Debug-iphoneos/CoreFirebase.build/Objects-normal/arm64/ExtractedAppShortcutsMetadata.stringsdata --source-file-list /Users/george.sigalas/Library/Developer/Xcode/DerivedData/ScribbleFit-fdogjjubbltqcsctzflnsjbdahon/Build/Intermediates.noindex/CoreFirebase.build/Debug-iphoneos/CoreFirebase.build/Objects-normal/arm64/CoreFirebase.SwiftFileList --metadata-file-list /Users/george.sigalas/Library/Developer/Xcode/DerivedData/ScribbleFit-fdogjjubbltqcsctzflnsjbdahon/Build/Intermediates.noindex/CoreFirebase.build/Debug-iphoneos/CoreFirebase.build/CoreFirebase.DependencyMetadataFileList --static-metadata-file-list /Users/george.sigalas/Library/Developer/Xcode/DerivedData/ScribbleFit-fdogjjubbltqcsctzflnsjbdahon/Build/Intermediates.noindex/CoreFirebase.build/Debug-iphoneos/CoreFirebase.build/CoreFirebase.DependencyStaticMetadataFileList --swift-const-vals-list /Users/george.sigalas/Library/Developer/Xcode/DerivedData/ScribbleFit-fdogjjubbltqcsctzflnsjbdahon/Build/Intermediates.noindex/CoreFirebase.build/Debug-iphoneos/CoreFirebase.build/Objects-normal/arm64/CoreFirebase.SwiftConstValuesFileList --force --compile-time-extraction --deployment-aware-processing --validate-assistant-intents --no-app-shortcuts-localization
2026-04-20 13:52:53.904 appintentsmetadataprocessor[66358:42950953] Starting appintentsmetadataprocessor export
2026-04-20 13:52:53.911 appintentsmetadataprocessor[66358:42950953] Extracted no relevant App Intents symbols, skipping writing output

RegisterExecutionPolicyException /Users/george.sigalas/Library/Developer/Xcode/DerivedData/ScribbleFit-fdogjjubbltqcsctzflnsjbdahon/Build/Products/Debug-iphoneos/CoreFirebase.o (in target 'CoreFirebase' from project 'CoreFirebase')
    cd /Users/george.sigalas/AndroidStudioProjects/scribblefit/apps/ios/ScribbleFit/LocalPackages/Core/CoreFirebase
    builtin-RegisterExecutionPolicyException /Users/george.sigalas/Library/Developer/Xcode/DerivedData/ScribbleFit-fdogjjubbltqcsctzflnsjbdahon/Build/Products/Debug-iphoneos/CoreFirebase.o

Ld /Users/george.sigalas/Library/Developer/Xcode/DerivedData/ScribbleFit-fdogjjubbltqcsctzflnsjbdahon/Build/Products/Debug-iphoneos/FeatureAI.o normal (in target 'FeatureAI' from project 'FeatureAI')
    cd /Users/george.sigalas/AndroidStudioProjects/scribblefit/apps/ios/ScribbleFit/LocalPackages/Features/FeatureAI
    /Applications/Xcode.app/Contents/Developer/Toolchains/XcodeDefault.xctoolchain/usr/bin/clang -Xlinker -reproducible -target arm64-apple-ios17.0 -r -isysroot /Applications/Xcode.app/Contents/Developer/Platforms/iPhoneOS.platform/Developer/SDKs/iPhoneOS26.4.sdk -O0 -w -F/Users/george.sigalas/Library/Developer/Xcode/DerivedData/ScribbleFit-fdogjjubbltqcsctzflnsjbdahon/Build/Intermediates.noindex/EagerLinkingTBDs/Debug-iphoneos -F/Users/george.sigalas/Library/Developer/Xcode/DerivedData/ScribbleFit-fdogjjubbltqcsctzflnsjbdahon/Build/Products/Debug-iphoneos/PackageFrameworks -F/Users/george.sigalas/Library/Developer/Xcode/DerivedData/ScribbleFit-fdogjjubbltqcsctzflnsjbdahon/Build/Products/Debug-iphoneos/PackageFrameworks -F/Users/george.sigalas/Library/Developer/Xcode/DerivedData/ScribbleFit-fdogjjubbltqcsctzflnsjbdahon/Build/Products/Debug-iphoneos/PackageFrameworks -F/Users/george.sigalas/Library/Developer/Xcode/DerivedData/ScribbleFit-fdogjjubbltqcsctzflnsjbdahon/Build/Products/Debug-iphoneos/PackageFrameworks -F/Users/george.sigalas/Library/Developer/Xcode/DerivedData/ScribbleFit-fdogjjubbltqcsctzflnsjbdahon/Build/Products/Debug-iphoneos/PackageFrameworks -F/Users/george.sigalas/Library/Developer/Xcode/DerivedData/ScribbleFit-fdogjjubbltqcsctzflnsjbdahon/Build/Products/Debug-iphoneos/PackageFrameworks -F/Users/george.sigalas/Library/Developer/Xcode/DerivedData/ScribbleFit-fdogjjubbltqcsctzflnsjbdahon/Build/Products/Debug-iphoneos/PackageFrameworks -F/Users/george.sigalas/Library/Developer/Xcode/DerivedData/ScribbleFit-fdogjjubbltqcsctzflnsjbdahon/Build/Products/Debug-iphoneos/PackageFrameworks -F/Users/george.sigalas/Library/Developer/Xcode/DerivedData/ScribbleFit-fdogjjubbltqcsctzflnsjbdahon/Build/Products/Debug-iphoneos/PackageFrameworks -F/Users/george.sigalas/Library/Developer/Xcode/DerivedData/ScribbleFit-fdogjjubbltqcsctzflnsjbdahon/Build/Products/Debug-iphoneos/PackageFrameworks -F/Users/george.sigalas/Library/Developer/Xcode/DerivedData/ScribbleFit-fdogjjubbltqcsctzflnsjbdahon/Build/Products/Debug-iphoneos/PackageFrameworks -F/Users/george.sigalas/Library/Developer/Xcode/DerivedData/ScribbleFit-fdogjjubbltqcsctzflnsjbdahon/Build/Products/Debug-iphoneos/PackageFrameworks -F/Users/george.sigalas/Library/Developer/Xcode/DerivedData/ScribbleFit-fdogjjubbltqcsctzflnsjbdahon/Build/Products/Debug-iphoneos/PackageFrameworks -F/Users/george.sigalas/Library/Developer/Xcode/DerivedData/ScribbleFit-fdogjjubbltqcsctzflnsjbdahon/Build/Products/Debug-iphoneos/PackageFrameworks -F/Users/george.sigalas/Library/Developer/Xcode/DerivedData/ScribbleFit-fdogjjubbltqcsctzflnsjbdahon/Build/Products/Debug-iphoneos/PackageFrameworks -F/Users/george.sigalas/Library/Developer/Xcode/DerivedData/ScribbleFit-fdogjjubbltqcsctzflnsjbdahon/Build/Products/Debug-iphoneos/PackageFrameworks -F/Users/george.sigalas/Library/Developer/Xcode/DerivedData/ScribbleFit-fdogjjubbltqcsctzflnsjbdahon/Build/Products/Debug-iphoneos/PackageFrameworks -F/Users/george.sigalas/Library/Developer/Xcode/DerivedData/ScribbleFit-fdogjjubbltqcsctzflnsjbdahon/Build/Products/Debug-iphoneos/PackageFrameworks -F/Users/george.sigalas/Library/Developer/Xcode/DerivedData/ScribbleFit-fdogjjubbltqcsctzflnsjbdahon/Build/Products/Debug-iphoneos/PackageFrameworks -F/Users/george.sigalas/Library/Developer/Xcode/DerivedData/ScribbleFit-fdogjjubbltqcsctzflnsjbdahon/Build/Products/Debug-iphoneos/PackageFrameworks -F/Users/george.sigalas/Library/Developer/Xcode/DerivedData/ScribbleFit-fdogjjubbltqcsctzflnsjbdahon/Build/Products/Debug-iphoneos/PackageFrameworks -F/Users/george.sigalas/Library/Developer/Xcode/DerivedData/ScribbleFit-fdogjjubbltqcsctzflnsjbdahon/Build/Products/Debug-iphoneos/PackageFrameworks -F/Users/george.sigalas/Library/Developer/Xcode/DerivedData/ScribbleFit-fdogjjubbltqcsctzflnsjbdahon/Build/Products/Debug-iphoneos/PackageFrameworks -F/Users/george.sigalas/Library/Developer/Xcode/DerivedData/ScribbleFit-fdogjjubbltqcsctzflnsjbdahon/Build/Products/Debug-iphoneos/PackageFrameworks -F/Users/george.sigalas/Library/Developer/Xcode/DerivedData/ScribbleFit-fdogjjubbltqcsctzflnsjbdahon/Build/Products/Debug-iphoneos/PackageFrameworks -F/Users/george.sigalas/Library/Developer/Xcode/DerivedData/ScribbleFit-fdogjjubbltqcsctzflnsjbdahon/Build/Products/Debug-iphoneos/PackageFrameworks -F/Users/george.sigalas/Library/Developer/Xcode/DerivedData/ScribbleFit-fdogjjubbltqcsctzflnsjbdahon/Build/Products/Debug-iphoneos -iframework /Applications/Xcode.app/Contents/Developer/Platforms/iPhoneOS.platform/Developer/Library/Frameworks -iframework /Applications/Xcode.app/Contents/Developer/Platforms/iPhoneOS.platform/Developer/SDKs/iPhoneOS26.4.sdk/Developer/Library/Frameworks -filelist /Users/george.sigalas/Library/Developer/Xcode/DerivedData/ScribbleFit-fdogjjubbltqcsctzflnsjbdahon/Build/Intermediates.noindex/FeatureAI.build/Debug-iphoneos/FeatureAI.build/Objects-normal/arm64/FeatureAI.LinkFileList -nostdlib -Xlinker -object_path_lto -Xlinker /Users/george.sigalas/Library/Developer/Xcode/DerivedData/ScribbleFit-fdogjjubbltqcsctzflnsjbdahon/Build/Intermediates.noindex/FeatureAI.build/Debug-iphoneos/FeatureAI.build/Objects-normal/arm64/FeatureAI_lto.o -Xlinker -no_deduplicate -Xlinker -debug_variant -Xlinker -dependency_info -Xlinker /Users/george.sigalas/Library/Developer/Xcode/DerivedData/ScribbleFit-fdogjjubbltqcsctzflnsjbdahon/Build/Intermediates.noindex/FeatureAI.build/Debug-iphoneos/FeatureAI.build/Objects-normal/arm64/FeatureAI_dependency_info.dat -fobjc-link-runtime -L/Applications/Xcode.app/Contents/Developer/Toolchains/XcodeDefault.xctoolchain/usr/lib/swift/iphoneos -L/usr/lib/swift -Xlinker -add_ast_path -Xlinker /Users/george.sigalas/Library/Developer/Xcode/DerivedData/ScribbleFit-fdogjjubbltqcsctzflnsjbdahon/Build/Intermediates.noindex/FeatureAI.build/Debug-iphoneos/FeatureAI.build/Objects-normal/arm64/FeatureAI.swiftmodule @/Users/george.sigalas/Library/Developer/Xcode/DerivedData/ScribbleFit-fdogjjubbltqcsctzflnsjbdahon/Build/Intermediates.noindex/FeatureAI.build/Debug-iphoneos/FeatureAI.build/Objects-normal/arm64/FeatureAI-linker-args.resp -o /Users/george.sigalas/Library/Developer/Xcode/DerivedData/ScribbleFit-fdogjjubbltqcsctzflnsjbdahon/Build/Products/Debug-iphoneos/FeatureAI.o

ExtractAppIntentsMetadata (in target 'FeatureWorkouts' from project 'FeatureWorkouts')
    cd /Users/george.sigalas/AndroidStudioProjects/scribblefit/apps/ios/ScribbleFit/LocalPackages/Features/FeatureWorkouts
    /Applications/Xcode.app/Contents/Developer/Toolchains/XcodeDefault.xctoolchain/usr/bin/appintentsmetadataprocessor --toolchain-dir /Applications/Xcode.app/Contents/Developer/Toolchains/XcodeDefault.xctoolchain --module-name FeatureWorkouts --sdk-root /Applications/Xcode.app/Contents/Developer/Platforms/iPhoneOS.platform/Developer/SDKs/iPhoneOS26.4.sdk --xcode-version 17E202 --platform-family iOS --deployment-target 17.0 --bundle-identifier featureworkouts.FeatureWorkouts --output /Users/george.sigalas/Library/Developer/Xcode/DerivedData/ScribbleFit-fdogjjubbltqcsctzflnsjbdahon/Build/Products/Debug-iphoneos/FeatureWorkouts.appintents --target-triple arm64-apple-ios17.0 --binary-file /Users/george.sigalas/Library/Developer/Xcode/DerivedData/ScribbleFit-fdogjjubbltqcsctzflnsjbdahon/Build/Products/Debug-iphoneos/FeatureWorkouts.o --dependency-file /Users/george.sigalas/Library/Developer/Xcode/DerivedData/ScribbleFit-fdogjjubbltqcsctzflnsjbdahon/Build/Intermediates.noindex/FeatureWorkouts.build/Debug-iphoneos/FeatureWorkouts.build/Objects-normal/arm64/FeatureWorkouts_dependency_info.dat --stringsdata-file /Users/george.sigalas/Library/Developer/Xcode/DerivedData/ScribbleFit-fdogjjubbltqcsctzflnsjbdahon/Build/Intermediates.noindex/FeatureWorkouts.build/Debug-iphoneos/FeatureWorkouts.build/Objects-normal/arm64/ExtractedAppShortcutsMetadata.stringsdata --source-file-list /Users/george.sigalas/Library/Developer/Xcode/DerivedData/ScribbleFit-fdogjjubbltqcsctzflnsjbdahon/Build/Intermediates.noindex/FeatureWorkouts.build/Debug-iphoneos/FeatureWorkouts.build/Objects-normal/arm64/FeatureWorkouts.SwiftFileList --metadata-file-list /Users/george.sigalas/Library/Developer/Xcode/DerivedData/ScribbleFit-fdogjjubbltqcsctzflnsjbdahon/Build/Intermediates.noindex/FeatureWorkouts.build/Debug-iphoneos/FeatureWorkouts.build/FeatureWorkouts.DependencyMetadataFileList --static-metadata-file-list /Users/george.sigalas/Library/Developer/Xcode/DerivedData/ScribbleFit-fdogjjubbltqcsctzflnsjbdahon/Build/Intermediates.noindex/FeatureWorkouts.build/Debug-iphoneos/FeatureWorkouts.build/FeatureWorkouts.DependencyStaticMetadataFileList --swift-const-vals-list /Users/george.sigalas/Library/Developer/Xcode/DerivedData/ScribbleFit-fdogjjubbltqcsctzflnsjbdahon/Build/Intermediates.noindex/FeatureWorkouts.build/Debug-iphoneos/FeatureWorkouts.build/Objects-normal/arm64/FeatureWorkouts.SwiftConstValuesFileList --force --compile-time-extraction --deployment-aware-processing --validate-assistant-intents --no-app-shortcuts-localization
2026-04-20 13:52:53.945 appintentsmetadataprocessor[66361:42950972] Starting appintentsmetadataprocessor export
2026-04-20 13:52:53.954 appintentsmetadataprocessor[66361:42950972] Extracted no relevant App Intents symbols, skipping writing output

RegisterExecutionPolicyException /Users/george.sigalas/Library/Developer/Xcode/DerivedData/ScribbleFit-fdogjjubbltqcsctzflnsjbdahon/Build/Products/Debug-iphoneos/FeatureWorkouts.o (in target 'FeatureWorkouts' from project 'FeatureWorkouts')
    cd /Users/george.sigalas/AndroidStudioProjects/scribblefit/apps/ios/ScribbleFit/LocalPackages/Features/FeatureWorkouts
    builtin-RegisterExecutionPolicyException /Users/george.sigalas/Library/Developer/Xcode/DerivedData/ScribbleFit-fdogjjubbltqcsctzflnsjbdahon/Build/Products/Debug-iphoneos/FeatureWorkouts.o

ExtractAppIntentsMetadata (in target 'FeatureAI' from project 'FeatureAI')
    cd /Users/george.sigalas/AndroidStudioProjects/scribblefit/apps/ios/ScribbleFit/LocalPackages/Features/FeatureAI
    /Applications/Xcode.app/Contents/Developer/Toolchains/XcodeDefault.xctoolchain/usr/bin/appintentsmetadataprocessor --toolchain-dir /Applications/Xcode.app/Contents/Developer/Toolchains/XcodeDefault.xctoolchain --module-name FeatureAI --sdk-root /Applications/Xcode.app/Contents/Developer/Platforms/iPhoneOS.platform/Developer/SDKs/iPhoneOS26.4.sdk --xcode-version 17E202 --platform-family iOS --deployment-target 17.0 --bundle-identifier featureai.FeatureAI --output /Users/george.sigalas/Library/Developer/Xcode/DerivedData/ScribbleFit-fdogjjubbltqcsctzflnsjbdahon/Build/Products/Debug-iphoneos/FeatureAI.appintents --target-triple arm64-apple-ios17.0 --binary-file /Users/george.sigalas/Library/Developer/Xcode/DerivedData/ScribbleFit-fdogjjubbltqcsctzflnsjbdahon/Build/Products/Debug-iphoneos/FeatureAI.o --dependency-file /Users/george.sigalas/Library/Developer/Xcode/DerivedData/ScribbleFit-fdogjjubbltqcsctzflnsjbdahon/Build/Intermediates.noindex/FeatureAI.build/Debug-iphoneos/FeatureAI.build/Objects-normal/arm64/FeatureAI_dependency_info.dat --stringsdata-file /Users/george.sigalas/Library/Developer/Xcode/DerivedData/ScribbleFit-fdogjjubbltqcsctzflnsjbdahon/Build/Intermediates.noindex/FeatureAI.build/Debug-iphoneos/FeatureAI.build/Objects-normal/arm64/ExtractedAppShortcutsMetadata.stringsdata --source-file-list /Users/george.sigalas/Library/Developer/Xcode/DerivedData/ScribbleFit-fdogjjubbltqcsctzflnsjbdahon/Build/Intermediates.noindex/FeatureAI.build/Debug-iphoneos/FeatureAI.build/Objects-normal/arm64/FeatureAI.SwiftFileList --metadata-file-list /Users/george.sigalas/Library/Developer/Xcode/DerivedData/ScribbleFit-fdogjjubbltqcsctzflnsjbdahon/Build/Intermediates.noindex/FeatureAI.build/Debug-iphoneos/FeatureAI.build/FeatureAI.DependencyMetadataFileList --static-metadata-file-list /Users/george.sigalas/Library/Developer/Xcode/DerivedData/ScribbleFit-fdogjjubbltqcsctzflnsjbdahon/Build/Intermediates.noindex/FeatureAI.build/Debug-iphoneos/FeatureAI.build/FeatureAI.DependencyStaticMetadataFileList --swift-const-vals-list /Users/george.sigalas/Library/Developer/Xcode/DerivedData/ScribbleFit-fdogjjubbltqcsctzflnsjbdahon/Build/Intermediates.noindex/FeatureAI.build/Debug-iphoneos/FeatureAI.build/Objects-normal/arm64/FeatureAI.SwiftConstValuesFileList --force --compile-time-extraction --deployment-aware-processing --validate-assistant-intents --no-app-shortcuts-localization
2026-04-20 13:52:54.017 appintentsmetadataprocessor[66363:42950990] Starting appintentsmetadataprocessor export
2026-04-20 13:52:54.026 appintentsmetadataprocessor[66363:42950990] Extracted no relevant App Intents symbols, skipping writing output

RegisterExecutionPolicyException /Users/george.sigalas/Library/Developer/Xcode/DerivedData/ScribbleFit-fdogjjubbltqcsctzflnsjbdahon/Build/Products/Debug-iphoneos/FeatureAI.o (in target 'FeatureAI' from project 'FeatureAI')
    cd /Users/george.sigalas/AndroidStudioProjects/scribblefit/apps/ios/ScribbleFit/LocalPackages/Features/FeatureAI
    builtin-RegisterExecutionPolicyException /Users/george.sigalas/Library/Developer/Xcode/DerivedData/ScribbleFit-fdogjjubbltqcsctzflnsjbdahon/Build/Products/Debug-iphoneos/FeatureAI.o

Ld /Users/george.sigalas/Library/Developer/Xcode/DerivedData/ScribbleFit-fdogjjubbltqcsctzflnsjbdahon/Build/Products/Debug-iphoneos/FeatureScribble.o normal (in target 'FeatureScribble' from project 'FeatureScribble')
    cd /Users/george.sigalas/AndroidStudioProjects/scribblefit/apps/ios/ScribbleFit/LocalPackages/Features/FeatureScribble
    /Applications/Xcode.app/Contents/Developer/Toolchains/XcodeDefault.xctoolchain/usr/bin/clang -Xlinker -reproducible -target arm64-apple-ios17.0 -r -isysroot /Applications/Xcode.app/Contents/Developer/Platforms/iPhoneOS.platform/Developer/SDKs/iPhoneOS26.4.sdk -O0 -w -F/Users/george.sigalas/Library/Developer/Xcode/DerivedData/ScribbleFit-fdogjjubbltqcsctzflnsjbdahon/Build/Intermediates.noindex/EagerLinkingTBDs/Debug-iphoneos -F/Users/george.sigalas/Library/Developer/Xcode/DerivedData/ScribbleFit-fdogjjubbltqcsctzflnsjbdahon/Build/Products/Debug-iphoneos/PackageFrameworks -F/Users/george.sigalas/Library/Developer/Xcode/DerivedData/ScribbleFit-fdogjjubbltqcsctzflnsjbdahon/Build/Products/Debug-iphoneos/PackageFrameworks -F/Users/george.sigalas/Library/Developer/Xcode/DerivedData/ScribbleFit-fdogjjubbltqcsctzflnsjbdahon/Build/Products/Debug-iphoneos/PackageFrameworks -F/Users/george.sigalas/Library/Developer/Xcode/DerivedData/ScribbleFit-fdogjjubbltqcsctzflnsjbdahon/Build/Products/Debug-iphoneos/PackageFrameworks -F/Users/george.sigalas/Library/Developer/Xcode/DerivedData/ScribbleFit-fdogjjubbltqcsctzflnsjbdahon/Build/Products/Debug-iphoneos/PackageFrameworks -F/Users/george.sigalas/Library/Developer/Xcode/DerivedData/ScribbleFit-fdogjjubbltqcsctzflnsjbdahon/Build/Products/Debug-iphoneos/PackageFrameworks -F/Users/george.sigalas/Library/Developer/Xcode/DerivedData/ScribbleFit-fdogjjubbltqcsctzflnsjbdahon/Build/Products/Debug-iphoneos/PackageFrameworks -F/Users/george.sigalas/Library/Developer/Xcode/DerivedData/ScribbleFit-fdogjjubbltqcsctzflnsjbdahon/Build/Products/Debug-iphoneos/PackageFrameworks -F/Users/george.sigalas/Library/Developer/Xcode/DerivedData/ScribbleFit-fdogjjubbltqcsctzflnsjbdahon/Build/Products/Debug-iphoneos/PackageFrameworks -F/Users/george.sigalas/Library/Developer/Xcode/DerivedData/ScribbleFit-fdogjjubbltqcsctzflnsjbdahon/Build/Products/Debug-iphoneos/PackageFrameworks -F/Users/george.sigalas/Library/Developer/Xcode/DerivedData/ScribbleFit-fdogjjubbltqcsctzflnsjbdahon/Build/Products/Debug-iphoneos/PackageFrameworks -F/Users/george.sigalas/Library/Developer/Xcode/DerivedData/ScribbleFit-fdogjjubbltqcsctzflnsjbdahon/Build/Products/Debug-iphoneos/PackageFrameworks -F/Users/george.sigalas/Library/Developer/Xcode/DerivedData/ScribbleFit-fdogjjubbltqcsctzflnsjbdahon/Build/Products/Debug-iphoneos/PackageFrameworks -F/Users/george.sigalas/Library/Developer/Xcode/DerivedData/ScribbleFit-fdogjjubbltqcsctzflnsjbdahon/Build/Products/Debug-iphoneos/PackageFrameworks -F/Users/george.sigalas/Library/Developer/Xcode/DerivedData/ScribbleFit-fdogjjubbltqcsctzflnsjbdahon/Build/Products/Debug-iphoneos/PackageFrameworks -F/Users/george.sigalas/Library/Developer/Xcode/DerivedData/ScribbleFit-fdogjjubbltqcsctzflnsjbdahon/Build/Products/Debug-iphoneos/PackageFrameworks -F/Users/george.sigalas/Library/Developer/Xcode/DerivedData/ScribbleFit-fdogjjubbltqcsctzflnsjbdahon/Build/Products/Debug-iphoneos/PackageFrameworks -F/Users/george.sigalas/Library/Developer/Xcode/DerivedData/ScribbleFit-fdogjjubbltqcsctzflnsjbdahon/Build/Products/Debug-iphoneos/PackageFrameworks -F/Users/george.sigalas/Library/Developer/Xcode/DerivedData/ScribbleFit-fdogjjubbltqcsctzflnsjbdahon/Build/Products/Debug-iphoneos/PackageFrameworks -F/Users/george.sigalas/Library/Developer/Xcode/DerivedData/ScribbleFit-fdogjjubbltqcsctzflnsjbdahon/Build/Products/Debug-iphoneos/PackageFrameworks -F/Users/george.sigalas/Library/Developer/Xcode/DerivedData/ScribbleFit-fdogjjubbltqcsctzflnsjbdahon/Build/Products/Debug-iphoneos/PackageFrameworks -F/Users/george.sigalas/Library/Developer/Xcode/DerivedData/ScribbleFit-fdogjjubbltqcsctzflnsjbdahon/Build/Products/Debug-iphoneos/PackageFrameworks -F/Users/george.sigalas/Library/Developer/Xcode/DerivedData/ScribbleFit-fdogjjubbltqcsctzflnsjbdahon/Build/Products/Debug-iphoneos/PackageFrameworks -F/Users/george.sigalas/Library/Developer/Xcode/DerivedData/ScribbleFit-fdogjjubbltqcsctzflnsjbdahon/Build/Products/Debug-iphoneos/PackageFrameworks -F/Users/george.sigalas/Library/Developer/Xcode/DerivedData/ScribbleFit-fdogjjubbltqcsctzflnsjbdahon/Build/Products/Debug-iphoneos/PackageFrameworks -F/Users/george.sigalas/Library/Developer/Xcode/DerivedData/ScribbleFit-fdogjjubbltqcsctzflnsjbdahon/Build/Products/Debug-iphoneos/PackageFrameworks -F/Users/george.sigalas/Library/Developer/Xcode/DerivedData/ScribbleFit-fdogjjubbltqcsctzflnsjbdahon/Build/Products/Debug-iphoneos/PackageFrameworks -F/Users/george.sigalas/Library/Developer/Xcode/DerivedData/ScribbleFit-fdogjjubbltqcsctzflnsjbdahon/Build/Products/Debug-iphoneos/PackageFrameworks -F/Users/george.sigalas/Library/Developer/Xcode/DerivedData/ScribbleFit-fdogjjubbltqcsctzflnsjbdahon/Build/Products/Debug-iphoneos -iframework /Applications/Xcode.app/Contents/Developer/Platforms/iPhoneOS.platform/Developer/Library/Frameworks -iframework /Applications/Xcode.app/Contents/Developer/Platforms/iPhoneOS.platform/Developer/SDKs/iPhoneOS26.4.sdk/Developer/Library/Frameworks -filelist /Users/george.sigalas/Library/Developer/Xcode/DerivedData/ScribbleFit-fdogjjubbltqcsctzflnsjbdahon/Build/Intermediates.noindex/FeatureScribble.build/Debug-iphoneos/FeatureScribble.build/Objects-normal/arm64/FeatureScribble.LinkFileList -nostdlib -Xlinker -object_path_lto -Xlinker /Users/george.sigalas/Library/Developer/Xcode/DerivedData/ScribbleFit-fdogjjubbltqcsctzflnsjbdahon/Build/Intermediates.noindex/FeatureScribble.build/Debug-iphoneos/FeatureScribble.build/Objects-normal/arm64/FeatureScribble_lto.o -Xlinker -no_deduplicate -Xlinker -debug_variant -Xlinker -dependency_info -Xlinker /Users/george.sigalas/Library/Developer/Xcode/DerivedData/ScribbleFit-fdogjjubbltqcsctzflnsjbdahon/Build/Intermediates.noindex/FeatureScribble.build/Debug-iphoneos/FeatureScribble.build/Objects-normal/arm64/FeatureScribble_dependency_info.dat -fobjc-link-runtime -L/Applications/Xcode.app/Contents/Developer/Toolchains/XcodeDefault.xctoolchain/usr/lib/swift/iphoneos -L/usr/lib/swift -Xlinker -add_ast_path -Xlinker /Users/george.sigalas/Library/Developer/Xcode/DerivedData/ScribbleFit-fdogjjubbltqcsctzflnsjbdahon/Build/Intermediates.noindex/FeatureScribble.build/Debug-iphoneos/FeatureScribble.build/Objects-normal/arm64/FeatureScribble.swiftmodule @/Users/george.sigalas/Library/Developer/Xcode/DerivedData/ScribbleFit-fdogjjubbltqcsctzflnsjbdahon/Build/Intermediates.noindex/FeatureScribble.build/Debug-iphoneos/FeatureScribble.build/Objects-normal/arm64/FeatureScribble-linker-args.resp -o /Users/george.sigalas/Library/Developer/Xcode/DerivedData/ScribbleFit-fdogjjubbltqcsctzflnsjbdahon/Build/Products/Debug-iphoneos/FeatureScribble.o

ExtractAppIntentsMetadata (in target 'FeatureScribble' from project 'FeatureScribble')
    cd /Users/george.sigalas/AndroidStudioProjects/scribblefit/apps/ios/ScribbleFit/LocalPackages/Features/FeatureScribble
    /Applications/Xcode.app/Contents/Developer/Toolchains/XcodeDefault.xctoolchain/usr/bin/appintentsmetadataprocessor --toolchain-dir /Applications/Xcode.app/Contents/Developer/Toolchains/XcodeDefault.xctoolchain --module-name FeatureScribble --sdk-root /Applications/Xcode.app/Contents/Developer/Platforms/iPhoneOS.platform/Developer/SDKs/iPhoneOS26.4.sdk --xcode-version 17E202 --platform-family iOS --deployment-target 17.0 --bundle-identifier featurescribble.FeatureScribble --output /Users/george.sigalas/Library/Developer/Xcode/DerivedData/ScribbleFit-fdogjjubbltqcsctzflnsjbdahon/Build/Products/Debug-iphoneos/FeatureScribble.appintents --target-triple arm64-apple-ios17.0 --binary-file /Users/george.sigalas/Library/Developer/Xcode/DerivedData/ScribbleFit-fdogjjubbltqcsctzflnsjbdahon/Build/Products/Debug-iphoneos/FeatureScribble.o --dependency-file /Users/george.sigalas/Library/Developer/Xcode/DerivedData/ScribbleFit-fdogjjubbltqcsctzflnsjbdahon/Build/Intermediates.noindex/FeatureScribble.build/Debug-iphoneos/FeatureScribble.build/Objects-normal/arm64/FeatureScribble_dependency_info.dat --stringsdata-file /Users/george.sigalas/Library/Developer/Xcode/DerivedData/ScribbleFit-fdogjjubbltqcsctzflnsjbdahon/Build/Intermediates.noindex/FeatureScribble.build/Debug-iphoneos/FeatureScribble.build/Objects-normal/arm64/ExtractedAppShortcutsMetadata.stringsdata --source-file-list /Users/george.sigalas/Library/Developer/Xcode/DerivedData/ScribbleFit-fdogjjubbltqcsctzflnsjbdahon/Build/Intermediates.noindex/FeatureScribble.build/Debug-iphoneos/FeatureScribble.build/Objects-normal/arm64/FeatureScribble.SwiftFileList --metadata-file-list /Users/george.sigalas/Library/Developer/Xcode/DerivedData/ScribbleFit-fdogjjubbltqcsctzflnsjbdahon/Build/Intermediates.noindex/FeatureScribble.build/Debug-iphoneos/FeatureScribble.build/FeatureScribble.DependencyMetadataFileList --static-metadata-file-list /Users/george.sigalas/Library/Developer/Xcode/DerivedData/ScribbleFit-fdogjjubbltqcsctzflnsjbdahon/Build/Intermediates.noindex/FeatureScribble.build/Debug-iphoneos/FeatureScribble.build/FeatureScribble.DependencyStaticMetadataFileList --swift-const-vals-list /Users/george.sigalas/Library/Developer/Xcode/DerivedData/ScribbleFit-fdogjjubbltqcsctzflnsjbdahon/Build/Intermediates.noindex/FeatureScribble.build/Debug-iphoneos/FeatureScribble.build/Objects-normal/arm64/FeatureScribble.SwiftConstValuesFileList --force --compile-time-extraction --deployment-aware-processing --validate-assistant-intents --no-app-shortcuts-localization
2026-04-20 13:52:54.114 appintentsmetadataprocessor[66366:42951009] Starting appintentsmetadataprocessor export
2026-04-20 13:52:54.126 appintentsmetadataprocessor[66366:42951009] Extracted no relevant App Intents symbols, skipping writing output

RegisterExecutionPolicyException /Users/george.sigalas/Library/Developer/Xcode/DerivedData/ScribbleFit-fdogjjubbltqcsctzflnsjbdahon/Build/Products/Debug-iphoneos/FeatureScribble.o (in target 'FeatureScribble' from project 'FeatureScribble')
    cd /Users/george.sigalas/AndroidStudioProjects/scribblefit/apps/ios/ScribbleFit/LocalPackages/Features/FeatureScribble
    builtin-RegisterExecutionPolicyException /Users/george.sigalas/Library/Developer/Xcode/DerivedData/ScribbleFit-fdogjjubbltqcsctzflnsjbdahon/Build/Products/Debug-iphoneos/FeatureScribble.o

SwiftEmitModule normal arm64 Emitting\ module\ for\ FeatureCanvas (in target 'FeatureCanvas' from project 'FeatureCanvas')

EmitSwiftModule normal arm64 (in target 'FeatureCanvas' from project 'FeatureCanvas')
    cd /Users/george.sigalas/AndroidStudioProjects/scribblefit/apps/ios/ScribbleFit/ScribbleFit.xcodeproj
    

SwiftCompile normal arm64 Compiling\ AddRawScribbleUseCase.swift /Users/george.sigalas/AndroidStudioProjects/scribblefit/apps/ios/ScribbleFit/LocalPackages/Features/FeatureCanvas/Sources/FeatureCanvas/Domain/UseCases/AddRawScribbleUseCase.swift (in target 'FeatureCanvas' from project 'FeatureCanvas')

SwiftCompile normal arm64 /Users/george.sigalas/AndroidStudioProjects/scribblefit/apps/ios/ScribbleFit/LocalPackages/Features/FeatureCanvas/Sources/FeatureCanvas/Domain/UseCases/AddRawScribbleUseCase.swift (in target 'FeatureCanvas' from project 'FeatureCanvas')
    cd /Users/george.sigalas/AndroidStudioProjects/scribblefit/apps/ios/ScribbleFit/ScribbleFit.xcodeproj
    

SwiftDriverJobDiscovery normal arm64 Compiling AddRawScribbleUseCase.swift (in target 'FeatureCanvas' from project 'FeatureCanvas')

SwiftDriverJobDiscovery normal arm64 Emitting module for FeatureCanvas (in target 'FeatureCanvas' from project 'FeatureCanvas')

SwiftDriver\ Compilation\ Requirements FeatureCanvas normal arm64 com.apple.xcode.tools.swift.compiler (in target 'FeatureCanvas' from project 'FeatureCanvas')
    cd /Users/george.sigalas/AndroidStudioProjects/scribblefit/apps/ios/ScribbleFit/ScribbleFit.xcodeproj
    builtin-Swift-Compilation-Requirements -- /Applications/Xcode.app/Contents/Developer/Toolchains/XcodeDefault.xctoolchain/usr/bin/swiftc -module-name FeatureCanvas -Onone @/Users/george.sigalas/Library/Developer/Xcode/DerivedData/ScribbleFit-fdogjjubbltqcsctzflnsjbdahon/Build/Intermediates.noindex/FeatureCanvas.build/Debug-iphoneos/FeatureCanvas.build/Objects-normal/arm64/FeatureCanvas.SwiftFileList -DSWIFT_PACKAGE -DDEBUG -DSWIFT_MODULE_RESOURCE_BUNDLE_UNAVAILABLE -Xcc -fmodule-map-file\=/Users/george.sigalas/Library/Developer/Xcode/DerivedData/ScribbleFit-fdogjjubbltqcsctzflnsjbdahon/Build/Intermediates.noindex/GeneratedModuleMaps-iphoneos/AppCheckCore.modulemap -Xcc -fmodule-map-file\=/Users/george.sigalas/Library/Developer/Xcode/DerivedData/ScribbleFit-fdogjjubbltqcsctzflnsjbdahon/Build/Intermediates.noindex/GeneratedModuleMaps-iphoneos/GoogleUtilities-UserDefaults.modulemap -Xcc -fmodule-map-file\=/Users/george.sigalas/Library/Developer/Xcode/DerivedData/ScribbleFit-fdogjjubbltqcsctzflnsjbdahon/Build/Intermediates.noindex/GeneratedModuleMaps-iphoneos/FirebaseAppCheck.modulemap -Xcc -fmodule-map-file\=/Users/george.sigalas/Library/Developer/Xcode/DerivedData/ScribbleFit-fdogjjubbltqcsctzflnsjbdahon/Build/Intermediates.noindex/GeneratedModuleMaps-iphoneos/RecaptchaInterop.modulemap -Xcc -fmodule-map-file\=/Users/george.sigalas/Library/Developer/Xcode/DerivedData/ScribbleFit-fdogjjubbltqcsctzflnsjbdahon/Build/Intermediates.noindex/GeneratedModuleMaps-iphoneos/GoogleUtilities-Network.modulemap -Xcc -fmodule-map-file\=/Users/george.sigalas/Library/Developer/Xcode/DerivedData/ScribbleFit-fdogjjubbltqcsctzflnsjbdahon/Build/Intermediates.noindex/GeneratedModuleMaps-iphoneos/GoogleUtilities-Reachability.modulemap -Xcc -fmodule-map-file\=/Users/george.sigalas/Library/Developer/Xcode/DerivedData/ScribbleFit-fdogjjubbltqcsctzflnsjbdahon/Build/Intermediates.noindex/GeneratedModuleMaps-iphoneos/GoogleUtilities-AppDelegateSwizzler.modulemap -Xcc -fmodule-map-file\=/Users/george.sigalas/Library/Developer/Xcode/DerivedData/ScribbleFit-fdogjjubbltqcsctzflnsjbdahon/Build/Intermediates.noindex/GeneratedModuleMaps-iphoneos/GTMSessionFetcherCore.modulemap -Xcc -fmodule-map-file\=/Users/george.sigalas/Library/Developer/Xcode/DerivedData/ScribbleFit-fdogjjubbltqcsctzflnsjbdahon/Build/Intermediates.noindex/GeneratedModuleMaps-iphoneos/FirebaseAuthInternal.modulemap -Xcc -fmodule-map-file\=/Users/george.sigalas/Library/Developer/Xcode/DerivedData/ScribbleFit-fdogjjubbltqcsctzflnsjbdahon/Build/Intermediates.noindex/GeneratedModuleMaps-iphoneos/GoogleUtilities-NSData.modulemap -Xcc -fmodule-map-file\=/Users/george.sigalas/Library/Developer/Xcode/DerivedData/ScribbleFit-fdogjjubbltqcsctzflnsjbdahon/Build/Intermediates.noindex/GeneratedModuleMaps-iphoneos/GoogleUtilities-Environment.modulemap -Xcc -fmodule-map-file\=/Users/george.sigalas/Library/Developer/Xcode/DerivedData/ScribbleFit-fdogjjubbltqcsctzflnsjbdahon/Build/Intermediates.noindex/GeneratedModuleMaps-iphoneos/third-party-IsAppEncrypted.modulemap -Xcc -fmodule-map-file\=/Users/george.sigalas/Library/Developer/Xcode/DerivedData/ScribbleFit-fdogjjubbltqcsctzflnsjbdahon/Build/Intermediates.noindex/GeneratedModuleMaps-iphoneos/GoogleUtilities-Logger.modulemap -Xcc -fmodule-map-file\=/Users/george.sigalas/Library/Developer/Xcode/DerivedData/ScribbleFit-fdogjjubbltqcsctzflnsjbdahon/Build/Intermediates.noindex/GeneratedModuleMaps-iphoneos/FirebaseCoreExtension.modulemap -Xcc -fmodule-map-file\=/Users/george.sigalas/Library/Developer/Xcode/DerivedData/ScribbleFit-fdogjjubbltqcsctzflnsjbdahon/Build/Intermediates.noindex/GeneratedModuleMaps-iphoneos/FirebaseCore.modulemap -Xcc -fmodule-map-file\=/Users/george.sigalas/Library/Developer/Xcode/DerivedData/ScribbleFit-fdogjjubbltqcsctzflnsjbdahon/Build/Intermediates.noindex/GeneratedModuleMaps-iphoneos/FirebaseAuthInterop.modulemap -Xcc -fmodule-map-file\=/Users/george.sigalas/Library/Developer/Xcode/DerivedData/ScribbleFit-fdogjjubbltqcsctzflnsjbdahon/Build/Intermediates.noindex/GeneratedModuleMaps-iphoneos/FirebaseAppCheckInterop.modulemap -DXcode -plugin-path /Applications/Xcode.app/Contents/Developer/Toolchains/XcodeDefault.xctoolchain/usr/lib/swift/host/plugins/testing -enable-experimental-feature DebugDescriptionMacro -sdk /Applications/Xcode.app/Contents/Developer/Platforms/iPhoneOS.platform/Developer/SDKs/iPhoneOS26.4.sdk -target arm64-apple-ios17.0 -g -module-cache-path /Users/george.sigalas/Library/Developer/Xcode/DerivedData/ModuleCache.noindex -Xfrontend -serialize-debugging-options -profile-coverage-mapping -profile-generate -enable-testing -suppress-warnings -index-store-path /Users/george.sigalas/Library/Developer/Xcode/DerivedData/ScribbleFit-fdogjjubbltqcsctzflnsjbdahon/Index.noindex/DataStore -Xcc -D_LIBCPP_HARDENING_MODE\=_LIBCPP_HARDENING_MODE_DEBUG -swift-version 6 -I /Users/george.sigalas/Library/Developer/Xcode/DerivedData/ScribbleFit-fdogjjubbltqcsctzflnsjbdahon/Build/Products/Debug-iphoneos -Isystem /Applications/Xcode.app/Contents/Developer/Platforms/iPhoneOS.platform/Developer/usr/lib -F /Users/george.sigalas/Library/Developer/Xcode/DerivedData/ScribbleFit-fdogjjubbltqcsctzflnsjbdahon/Build/Products/Debug-iphoneos/PackageFrameworks -F /Users/george.sigalas/Library/Developer/Xcode/DerivedData/ScribbleFit-fdogjjubbltqcsctzflnsjbdahon/Build/Products/Debug-iphoneos/PackageFrameworks -F /Users/george.sigalas/Library/Developer/Xcode/DerivedData/ScribbleFit-fdogjjubbltqcsctzflnsjbdahon/Build/Products/Debug-iphoneos/PackageFrameworks -F /Users/george.sigalas/Library/Developer/Xcode/DerivedData/ScribbleFit-fdogjjubbltqcsctzflnsjbdahon/Build/Products/Debug-iphoneos/PackageFrameworks -F /Users/george.sigalas/Library/Developer/Xcode/DerivedData/ScribbleFit-fdogjjubbltqcsctzflnsjbdahon/Build/Products/Debug-iphoneos/PackageFrameworks -F /Users/george.sigalas/Library/Developer/Xcode/DerivedData/ScribbleFit-fdogjjubbltqcsctzflnsjbdahon/Build/Products/Debug-iphoneos/PackageFrameworks -F /Users/george.sigalas/Library/Developer/Xcode/DerivedData/ScribbleFit-fdogjjubbltqcsctzflnsjbdahon/Build/Products/Debug-iphoneos/PackageFrameworks -F /Users/george.sigalas/Library/Developer/Xcode/DerivedData/ScribbleFit-fdogjjubbltqcsctzflnsjbdahon/Build/Products/Debug-iphoneos/PackageFrameworks -F /Users/george.sigalas/Library/Developer/Xcode/DerivedData/ScribbleFit-fdogjjubbltqcsctzflnsjbdahon/Build/Products/Debug-iphoneos/PackageFrameworks -F /Users/george.sigalas/Library/Developer/Xcode/DerivedData/ScribbleFit-fdogjjubbltqcsctzflnsjbdahon/Build/Products/Debug-iphoneos/PackageFrameworks -F /Users/george.sigalas/Library/Developer/Xcode/DerivedData/ScribbleFit-fdogjjubbltqcsctzflnsjbdahon/Build/Products/Debug-iphoneos/PackageFrameworks -F /Users/george.sigalas/Library/Developer/Xcode/DerivedData/ScribbleFit-fdogjjubbltqcsctzflnsjbdahon/Build/Products/Debug-iphoneos/PackageFrameworks -F /Users/george.sigalas/Library/Developer/Xcode/DerivedData/ScribbleFit-fdogjjubbltqcsctzflnsjbdahon/Build/Products/Debug-iphoneos/PackageFrameworks -F /Users/george.sigalas/Library/Developer/Xcode/DerivedData/ScribbleFit-fdogjjubbltqcsctzflnsjbdahon/Build/Products/Debug-iphoneos/PackageFrameworks -F /Users/george.sigalas/Library/Developer/Xcode/DerivedData/ScribbleFit-fdogjjubbltqcsctzflnsjbdahon/Build/Products/Debug-iphoneos/PackageFrameworks -F /Users/george.sigalas/Library/Developer/Xcode/DerivedData/ScribbleFit-fdogjjubbltqcsctzflnsjbdahon/Build/Products/Debug-iphoneos/PackageFrameworks -F /Users/george.sigalas/Library/Developer/Xcode/DerivedData/ScribbleFit-fdogjjubbltqcsctzflnsjbdahon/Build/Products/Debug-iphoneos/PackageFrameworks -F /Users/george.sigalas/Library/Developer/Xcode/DerivedData/ScribbleFit-fdogjjubbltqcsctzflnsjbdahon/Build/Products/Debug-iphoneos/PackageFrameworks -F /Users/george.sigalas/Library/Developer/Xcode/DerivedData/ScribbleFit-fdogjjubbltqcsctzflnsjbdahon/Build/Products/Debug-iphoneos/PackageFrameworks -F /Users/george.sigalas/Library/Developer/Xcode/DerivedData/ScribbleFit-fdogjjubbltqcsctzflnsjbdahon/Build/Products/Debug-iphoneos/PackageFrameworks -F /Users/george.sigalas/Library/Developer/Xcode/DerivedData/ScribbleFit-fdogjjubbltqcsctzflnsjbdahon/Build/Products/Debug-iphoneos/PackageFrameworks -F /Users/george.sigalas/Library/Developer/Xcode/DerivedData/ScribbleFit-fdogjjubbltqcsctzflnsjbdahon/Build/Products/Debug-iphoneos/PackageFrameworks -F /Users/george.sigalas/Library/Developer/Xcode/DerivedData/ScribbleFit-fdogjjubbltqcsctzflnsjbdahon/Build/Products/Debug-iphoneos/PackageFrameworks -F /Users/george.sigalas/Library/Developer/Xcode/DerivedData/ScribbleFit-fdogjjubbltqcsctzflnsjbdahon/Build/Products/Debug-iphoneos/PackageFrameworks -F /Users/george.sigalas/Library/Developer/Xcode/DerivedData/ScribbleFit-fdogjjubbltqcsctzflnsjbdahon/Build/Products/Debug-iphoneos/PackageFrameworks -F /Users/george.sigalas/Library/Developer/Xcode/DerivedData/ScribbleFit-fdogjjubbltqcsctzflnsjbdahon/Build/Products/Debug-iphoneos/PackageFrameworks -F /Users/george.sigalas/Library/Developer/Xcode/DerivedData/ScribbleFit-fdogjjubbltqcsctzflnsjbdahon/Build/Products/Debug-iphoneos/PackageFrameworks -F /Users/george.sigalas/Library/Developer/Xcode/DerivedData/ScribbleFit-fdogjjubbltqcsctzflnsjbdahon/Build/Products/Debug-iphoneos/PackageFrameworks -F /Users/george.sigalas/Library/Developer/Xcode/DerivedData/ScribbleFit-fdogjjubbltqcsctzflnsjbdahon/Build/Products/Debug-iphoneos/PackageFrameworks -F /Users/george.sigalas/Library/Developer/Xcode/DerivedData/ScribbleFit-fdogjjubbltqcsctzflnsjbdahon/Build/Products/Debug-iphoneos/PackageFrameworks -F /Users/george.sigalas/Library/Developer/Xcode/DerivedData/ScribbleFit-fdogjjubbltqcsctzflnsjbdahon/Build/Products/Debug-iphoneos/PackageFrameworks -F /Users/george.sigalas/Library/Developer/Xcode/DerivedData/ScribbleFit-fdogjjubbltqcsctzflnsjbdahon/Build/Products/Debug-iphoneos/PackageFrameworks -F /Users/george.sigalas/Library/Developer/Xcode/DerivedData/ScribbleFit-fdogjjubbltqcsctzflnsjbdahon/Build/Products/Debug-iphoneos/PackageFrameworks -F /Users/george.sigalas/Library/Developer/Xcode/DerivedData/ScribbleFit-fdogjjubbltqcsctzflnsjbdahon/Build/Products/Debug-iphoneos/PackageFrameworks -F /Users/george.sigalas/Library/Developer/Xcode/DerivedData/ScribbleFit-fdogjjubbltqcsctzflnsjbdahon/Build/Products/Debug-iphoneos/PackageFrameworks -F /Users/george.sigalas/Library/Developer/Xcode/DerivedData/ScribbleFit-fdogjjubbltqcsctzflnsjbdahon/Build/Products/Debug-iphoneos/PackageFrameworks -F /Users/george.sigalas/Library/Developer/Xcode/DerivedData/ScribbleFit-fdogjjubbltqcsctzflnsjbdahon/Build/Products/Debug-iphoneos -F /Applications/Xcode.app/Contents/Developer/Platforms/iPhoneOS.platform/Developer/Library/Frameworks -F /Applications/Xcode.app/Contents/Developer/Platforms/iPhoneOS.platform/Developer/SDKs/iPhoneOS26.4.sdk/Developer/Library/Frameworks -c -j14 -enable-batch-mode -incremental -Xcc -ivfsstatcache -Xcc /Users/george.sigalas/Library/Developer/Xcode/DerivedData/SDKStatCaches.noindex/iphoneos26.4-23E252-68a138bb55de9ba35ce6c8c40d12849e.sdkstatcache -output-file-map /Users/george.sigalas/Library/Developer/Xcode/DerivedData/ScribbleFit-fdogjjubbltqcsctzflnsjbdahon/Build/Intermediates.noindex/FeatureCanvas.build/Debug-iphoneos/FeatureCanvas.build/Objects-normal/arm64/FeatureCanvas-OutputFileMap.json -use-frontend-parseable-output -save-temps -no-color-diagnostics -explicit-module-build -module-cache-path /Users/george.sigalas/Library/Developer/Xcode/DerivedData/ScribbleFit-fdogjjubbltqcsctzflnsjbdahon/Build/Intermediates.noindex/SwiftExplicitPrecompiledModules -clang-scanner-module-cache-path /Users/george.sigalas/Library/Developer/Xcode/DerivedData/ModuleCache.noindex -sdk-module-cache-path /Users/george.sigalas/Library/Developer/Xcode/DerivedData/ModuleCache.noindex -serialize-diagnostics -emit-dependencies -emit-module -emit-module-path /Users/george.sigalas/Library/Developer/Xcode/DerivedData/ScribbleFit-fdogjjubbltqcsctzflnsjbdahon/Build/Intermediates.noindex/FeatureCanvas.build/Debug-iphoneos/FeatureCanvas.build/Objects-normal/arm64/FeatureCanvas.swiftmodule -validate-clang-modules-once -clang-build-session-file /Users/george.sigalas/Library/Developer/Xcode/DerivedData/ModuleCache.noindex/Session.modulevalidation -package-name featurecanvas -Xcc -I/Users/george.sigalas/Library/Developer/Xcode/DerivedData/ScribbleFit-fdogjjubbltqcsctzflnsjbdahon/Build/Intermediates.noindex/FeatureCanvas.build/Debug-iphoneos/FeatureCanvas.build/swift-overrides.hmap -emit-const-values -Xfrontend -const-gather-protocols-file -Xfrontend /Users/george.sigalas/Library/Developer/Xcode/DerivedData/ScribbleFit-fdogjjubbltqcsctzflnsjbdahon/Build/Intermediates.noindex/FeatureCanvas.build/Debug-iphoneos/FeatureCanvas.build/Objects-normal/arm64/FeatureCanvas_const_extract_protocols.json -Xcc -I/Users/george.sigalas/Library/Developer/Xcode/DerivedData/ScribbleFit-fdogjjubbltqcsctzflnsjbdahon/SourcePackages/checkouts/promises/Sources/FBLPromises/include -Xcc -I/Users/george.sigalas/Library/Developer/Xcode/DerivedData/ScribbleFit-fdogjjubbltqcsctzflnsjbdahon/SourcePackages/checkouts/app-check/AppCheckCore/Sources/Public -Xcc -I/Users/george.sigalas/Library/Developer/Xcode/DerivedData/ScribbleFit-fdogjjubbltqcsctzflnsjbdahon/SourcePackages/checkouts/GoogleUtilities/GoogleUtilities/UserDefaults/Public -Xcc -I/Users/george.sigalas/Library/Developer/Xcode/DerivedData/ScribbleFit-fdogjjubbltqcsctzflnsjbdahon/SourcePackages/checkouts/firebase-ios-sdk/FirebaseAppCheck/Sources/Public -Xcc -I/Users/george.sigalas/Library/Developer/Xcode/DerivedData/ScribbleFit-fdogjjubbltqcsctzflnsjbdahon/SourcePackages/checkouts/interop-ios-for-google-sdks/RecaptchaEnterprise/RecaptchaInterop/Public -Xcc -I/Users/george.sigalas/Library/Developer/Xcode/DerivedData/ScribbleFit-fdogjjubbltqcsctzflnsjbdahon/SourcePackages/checkouts/GoogleUtilities/GoogleUtilities/Network/Public -Xcc -I/Users/george.sigalas/Library/Developer/Xcode/DerivedData/ScribbleFit-fdogjjubbltqcsctzflnsjbdahon/SourcePackages/checkouts/GoogleUtilities/GoogleUtilities/Reachability/Public -Xcc -I/Users/george.sigalas/Library/Developer/Xcode/DerivedData/ScribbleFit-fdogjjubbltqcsctzflnsjbdahon/SourcePackages/checkouts/GoogleUtilities/GoogleUtilities/AppDelegateSwizzler/Public -Xcc -I/Users/george.sigalas/Library/Developer/Xcode/DerivedData/ScribbleFit-fdogjjubbltqcsctzflnsjbdahon/SourcePackages/checkouts/gtm-session-fetcher/Sources/Core/Public -Xcc -I/Users/george.sigalas/Library/Developer/Xcode/DerivedData/ScribbleFit-fdogjjubbltqcsctzflnsjbdahon/SourcePackages/checkouts/firebase-ios-sdk/FirebaseAuth/Sources/Public -Xcc -I/Users/george.sigalas/Library/Developer/Xcode/DerivedData/ScribbleFit-fdogjjubbltqcsctzflnsjbdahon/SourcePackages/checkouts/GoogleUtilities/GoogleUtilities/NSData+zlib/Public -Xcc -I/Users/george.sigalas/Library/Developer/Xcode/DerivedData/ScribbleFit-fdogjjubbltqcsctzflnsjbdahon/SourcePackages/checkouts/GoogleUtilities/GoogleUtilities/Environment/Public -Xcc -I/Users/george.sigalas/Library/Developer/Xcode/DerivedData/ScribbleFit-fdogjjubbltqcsctzflnsjbdahon/SourcePackages/checkouts/GoogleUtilities/third_party/IsAppEncrypted/Public -Xcc -I/Users/george.sigalas/Library/Developer/Xcode/DerivedData/ScribbleFit-fdogjjubbltqcsctzflnsjbdahon/SourcePackages/checkouts/GoogleUtilities/GoogleUtilities/Logger/Public -Xcc -I/Users/george.sigalas/Library/Developer/Xcode/DerivedData/ScribbleFit-fdogjjubbltqcsctzflnsjbdahon/SourcePackages/checkouts/firebase-ios-sdk/FirebaseCore/Extension -Xcc -I/Users/george.sigalas/Library/Developer/Xcode/DerivedData/ScribbleFit-fdogjjubbltqcsctzflnsjbdahon/SourcePackages/checkouts/firebase-ios-sdk/FirebaseCore/Sources/Public -Xcc -I/Users/george.sigalas/Library/Developer/Xcode/DerivedData/ScribbleFit-fdogjjubbltqcsctzflnsjbdahon/SourcePackages/checkouts/firebase-ios-sdk/CoreOnly/Sources -Xcc -I/Users/george.sigalas/Library/Developer/Xcode/DerivedData/ScribbleFit-fdogjjubbltqcsctzflnsjbdahon/SourcePackages/checkouts/firebase-ios-sdk/FirebaseAuth/Interop/Public -Xcc -I/Users/george.sigalas/Library/Developer/Xcode/DerivedData/ScribbleFit-fdogjjubbltqcsctzflnsjbdahon/SourcePackages/checkouts/firebase-ios-sdk/FirebaseAppCheck/Interop/Public -Xcc -I/Users/george.sigalas/Library/Developer/Xcode/DerivedData/ScribbleFit-fdogjjubbltqcsctzflnsjbdahon/Build/Products/Debug-iphoneos/include -Xcc -I/Users/george.sigalas/Library/Developer/Xcode/DerivedData/ScribbleFit-fdogjjubbltqcsctzflnsjbdahon/Build/Intermediates.noindex/FeatureCanvas.build/Debug-iphoneos/FeatureCanvas.build/DerivedSources-normal/arm64 -Xcc -I/Users/george.sigalas/Library/Developer/Xcode/DerivedData/ScribbleFit-fdogjjubbltqcsctzflnsjbdahon/Build/Intermediates.noindex/FeatureCanvas.build/Debug-iphoneos/FeatureCanvas.build/DerivedSources/arm64 -Xcc -I/Users/george.sigalas/Library/Developer/Xcode/DerivedData/ScribbleFit-fdogjjubbltqcsctzflnsjbdahon/Build/Intermediates.noindex/FeatureCanvas.build/Debug-iphoneos/FeatureCanvas.build/DerivedSources -Xcc -DSWIFT_PACKAGE -Xcc -DDEBUG\=1 -emit-objc-header -emit-objc-header-path /Users/george.sigalas/Library/Developer/Xcode/DerivedData/ScribbleFit-fdogjjubbltqcsctzflnsjbdahon/Build/Intermediates.noindex/FeatureCanvas.build/Debug-iphoneos/FeatureCanvas.build/Objects-normal/arm64/FeatureCanvas-Swift.h -working-directory /Users/george.sigalas/AndroidStudioProjects/scribblefit/apps/ios/ScribbleFit/ScribbleFit.xcodeproj -experimental-emit-module-separately -disable-cmo

SwiftDriver\ Compilation FeatureCanvas normal arm64 com.apple.xcode.tools.swift.compiler (in target 'FeatureCanvas' from project 'FeatureCanvas')
    cd /Users/george.sigalas/AndroidStudioProjects/scribblefit/apps/ios/ScribbleFit/ScribbleFit.xcodeproj
    builtin-Swift-Compilation -- /Applications/Xcode.app/Contents/Developer/Toolchains/XcodeDefault.xctoolchain/usr/bin/swiftc -module-name FeatureCanvas -Onone @/Users/george.sigalas/Library/Developer/Xcode/DerivedData/ScribbleFit-fdogjjubbltqcsctzflnsjbdahon/Build/Intermediates.noindex/FeatureCanvas.build/Debug-iphoneos/FeatureCanvas.build/Objects-normal/arm64/FeatureCanvas.SwiftFileList -DSWIFT_PACKAGE -DDEBUG -DSWIFT_MODULE_RESOURCE_BUNDLE_UNAVAILABLE -Xcc -fmodule-map-file\=/Users/george.sigalas/Library/Developer/Xcode/DerivedData/ScribbleFit-fdogjjubbltqcsctzflnsjbdahon/Build/Intermediates.noindex/GeneratedModuleMaps-iphoneos/AppCheckCore.modulemap -Xcc -fmodule-map-file\=/Users/george.sigalas/Library/Developer/Xcode/DerivedData/ScribbleFit-fdogjjubbltqcsctzflnsjbdahon/Build/Intermediates.noindex/GeneratedModuleMaps-iphoneos/GoogleUtilities-UserDefaults.modulemap -Xcc -fmodule-map-file\=/Users/george.sigalas/Library/Developer/Xcode/DerivedData/ScribbleFit-fdogjjubbltqcsctzflnsjbdahon/Build/Intermediates.noindex/GeneratedModuleMaps-iphoneos/FirebaseAppCheck.modulemap -Xcc -fmodule-map-file\=/Users/george.sigalas/Library/Developer/Xcode/DerivedData/ScribbleFit-fdogjjubbltqcsctzflnsjbdahon/Build/Intermediates.noindex/GeneratedModuleMaps-iphoneos/RecaptchaInterop.modulemap -Xcc -fmodule-map-file\=/Users/george.sigalas/Library/Developer/Xcode/DerivedData/ScribbleFit-fdogjjubbltqcsctzflnsjbdahon/Build/Intermediates.noindex/GeneratedModuleMaps-iphoneos/GoogleUtilities-Network.modulemap -Xcc -fmodule-map-file\=/Users/george.sigalas/Library/Developer/Xcode/DerivedData/ScribbleFit-fdogjjubbltqcsctzflnsjbdahon/Build/Intermediates.noindex/GeneratedModuleMaps-iphoneos/GoogleUtilities-Reachability.modulemap -Xcc -fmodule-map-file\=/Users/george.sigalas/Library/Developer/Xcode/DerivedData/ScribbleFit-fdogjjubbltqcsctzflnsjbdahon/Build/Intermediates.noindex/GeneratedModuleMaps-iphoneos/GoogleUtilities-AppDelegateSwizzler.modulemap -Xcc -fmodule-map-file\=/Users/george.sigalas/Library/Developer/Xcode/DerivedData/ScribbleFit-fdogjjubbltqcsctzflnsjbdahon/Build/Intermediates.noindex/GeneratedModuleMaps-iphoneos/GTMSessionFetcherCore.modulemap -Xcc -fmodule-map-file\=/Users/george.sigalas/Library/Developer/Xcode/DerivedData/ScribbleFit-fdogjjubbltqcsctzflnsjbdahon/Build/Intermediates.noindex/GeneratedModuleMaps-iphoneos/FirebaseAuthInternal.modulemap -Xcc -fmodule-map-file\=/Users/george.sigalas/Library/Developer/Xcode/DerivedData/ScribbleFit-fdogjjubbltqcsctzflnsjbdahon/Build/Intermediates.noindex/GeneratedModuleMaps-iphoneos/GoogleUtilities-NSData.modulemap -Xcc -fmodule-map-file\=/Users/george.sigalas/Library/Developer/Xcode/DerivedData/ScribbleFit-fdogjjubbltqcsctzflnsjbdahon/Build/Intermediates.noindex/GeneratedModuleMaps-iphoneos/GoogleUtilities-Environment.modulemap -Xcc -fmodule-map-file\=/Users/george.sigalas/Library/Developer/Xcode/DerivedData/ScribbleFit-fdogjjubbltqcsctzflnsjbdahon/Build/Intermediates.noindex/GeneratedModuleMaps-iphoneos/third-party-IsAppEncrypted.modulemap -Xcc -fmodule-map-file\=/Users/george.sigalas/Library/Developer/Xcode/DerivedData/ScribbleFit-fdogjjubbltqcsctzflnsjbdahon/Build/Intermediates.noindex/GeneratedModuleMaps-iphoneos/GoogleUtilities-Logger.modulemap -Xcc -fmodule-map-file\=/Users/george.sigalas/Library/Developer/Xcode/DerivedData/ScribbleFit-fdogjjubbltqcsctzflnsjbdahon/Build/Intermediates.noindex/GeneratedModuleMaps-iphoneos/FirebaseCoreExtension.modulemap -Xcc -fmodule-map-file\=/Users/george.sigalas/Library/Developer/Xcode/DerivedData/ScribbleFit-fdogjjubbltqcsctzflnsjbdahon/Build/Intermediates.noindex/GeneratedModuleMaps-iphoneos/FirebaseCore.modulemap -Xcc -fmodule-map-file\=/Users/george.sigalas/Library/Developer/Xcode/DerivedData/ScribbleFit-fdogjjubbltqcsctzflnsjbdahon/Build/Intermediates.noindex/GeneratedModuleMaps-iphoneos/FirebaseAuthInterop.modulemap -Xcc -fmodule-map-file\=/Users/george.sigalas/Library/Developer/Xcode/DerivedData/ScribbleFit-fdogjjubbltqcsctzflnsjbdahon/Build/Intermediates.noindex/GeneratedModuleMaps-iphoneos/FirebaseAppCheckInterop.modulemap -DXcode -plugin-path /Applications/Xcode.app/Contents/Developer/Toolchains/XcodeDefault.xctoolchain/usr/lib/swift/host/plugins/testing -enable-experimental-feature DebugDescriptionMacro -sdk /Applications/Xcode.app/Contents/Developer/Platforms/iPhoneOS.platform/Developer/SDKs/iPhoneOS26.4.sdk -target arm64-apple-ios17.0 -g -module-cache-path /Users/george.sigalas/Library/Developer/Xcode/DerivedData/ModuleCache.noindex -Xfrontend -serialize-debugging-options -profile-coverage-mapping -profile-generate -enable-testing -suppress-warnings -index-store-path /Users/george.sigalas/Library/Developer/Xcode/DerivedData/ScribbleFit-fdogjjubbltqcsctzflnsjbdahon/Index.noindex/DataStore -Xcc -D_LIBCPP_HARDENING_MODE\=_LIBCPP_HARDENING_MODE_DEBUG -swift-version 6 -I /Users/george.sigalas/Library/Developer/Xcode/DerivedData/ScribbleFit-fdogjjubbltqcsctzflnsjbdahon/Build/Products/Debug-iphoneos -Isystem /Applications/Xcode.app/Contents/Developer/Platforms/iPhoneOS.platform/Developer/usr/lib -F /Users/george.sigalas/Library/Developer/Xcode/DerivedData/ScribbleFit-fdogjjubbltqcsctzflnsjbdahon/Build/Products/Debug-iphoneos/PackageFrameworks -F /Users/george.sigalas/Library/Developer/Xcode/DerivedData/ScribbleFit-fdogjjubbltqcsctzflnsjbdahon/Build/Products/Debug-iphoneos/PackageFrameworks -F /Users/george.sigalas/Library/Developer/Xcode/DerivedData/ScribbleFit-fdogjjubbltqcsctzflnsjbdahon/Build/Products/Debug-iphoneos/PackageFrameworks -F /Users/george.sigalas/Library/Developer/Xcode/DerivedData/ScribbleFit-fdogjjubbltqcsctzflnsjbdahon/Build/Products/Debug-iphoneos/PackageFrameworks -F /Users/george.sigalas/Library/Developer/Xcode/DerivedData/ScribbleFit-fdogjjubbltqcsctzflnsjbdahon/Build/Products/Debug-iphoneos/PackageFrameworks -F /Users/george.sigalas/Library/Developer/Xcode/DerivedData/ScribbleFit-fdogjjubbltqcsctzflnsjbdahon/Build/Products/Debug-iphoneos/PackageFrameworks -F /Users/george.sigalas/Library/Developer/Xcode/DerivedData/ScribbleFit-fdogjjubbltqcsctzflnsjbdahon/Build/Products/Debug-iphoneos/PackageFrameworks -F /Users/george.sigalas/Library/Developer/Xcode/DerivedData/ScribbleFit-fdogjjubbltqcsctzflnsjbdahon/Build/Products/Debug-iphoneos/PackageFrameworks -F /Users/george.sigalas/Library/Developer/Xcode/DerivedData/ScribbleFit-fdogjjubbltqcsctzflnsjbdahon/Build/Products/Debug-iphoneos/PackageFrameworks -F /Users/george.sigalas/Library/Developer/Xcode/DerivedData/ScribbleFit-fdogjjubbltqcsctzflnsjbdahon/Build/Products/Debug-iphoneos/PackageFrameworks -F /Users/george.sigalas/Library/Developer/Xcode/DerivedData/ScribbleFit-fdogjjubbltqcsctzflnsjbdahon/Build/Products/Debug-iphoneos/PackageFrameworks -F /Users/george.sigalas/Library/Developer/Xcode/DerivedData/ScribbleFit-fdogjjubbltqcsctzflnsjbdahon/Build/Products/Debug-iphoneos/PackageFrameworks -F /Users/george.sigalas/Library/Developer/Xcode/DerivedData/ScribbleFit-fdogjjubbltqcsctzflnsjbdahon/Build/Products/Debug-iphoneos/PackageFrameworks -F /Users/george.sigalas/Library/Developer/Xcode/DerivedData/ScribbleFit-fdogjjubbltqcsctzflnsjbdahon/Build/Products/Debug-iphoneos/PackageFrameworks -F /Users/george.sigalas/Library/Developer/Xcode/DerivedData/ScribbleFit-fdogjjubbltqcsctzflnsjbdahon/Build/Products/Debug-iphoneos/PackageFrameworks -F /Users/george.sigalas/Library/Developer/Xcode/DerivedData/ScribbleFit-fdogjjubbltqcsctzflnsjbdahon/Build/Products/Debug-iphoneos/PackageFrameworks -F /Users/george.sigalas/Library/Developer/Xcode/DerivedData/ScribbleFit-fdogjjubbltqcsctzflnsjbdahon/Build/Products/Debug-iphoneos/PackageFrameworks -F /Users/george.sigalas/Library/Developer/Xcode/DerivedData/ScribbleFit-fdogjjubbltqcsctzflnsjbdahon/Build/Products/Debug-iphoneos/PackageFrameworks -F /Users/george.sigalas/Library/Developer/Xcode/DerivedData/ScribbleFit-fdogjjubbltqcsctzflnsjbdahon/Build/Products/Debug-iphoneos/PackageFrameworks -F /Users/george.sigalas/Library/Developer/Xcode/DerivedData/ScribbleFit-fdogjjubbltqcsctzflnsjbdahon/Build/Products/Debug-iphoneos/PackageFrameworks -F /Users/george.sigalas/Library/Developer/Xcode/DerivedData/ScribbleFit-fdogjjubbltqcsctzflnsjbdahon/Build/Products/Debug-iphoneos/PackageFrameworks -F /Users/george.sigalas/Library/Developer/Xcode/DerivedData/ScribbleFit-fdogjjubbltqcsctzflnsjbdahon/Build/Products/Debug-iphoneos/PackageFrameworks -F /Users/george.sigalas/Library/Developer/Xcode/DerivedData/ScribbleFit-fdogjjubbltqcsctzflnsjbdahon/Build/Products/Debug-iphoneos/PackageFrameworks -F /Users/george.sigalas/Library/Developer/Xcode/DerivedData/ScribbleFit-fdogjjubbltqcsctzflnsjbdahon/Build/Products/Debug-iphoneos/PackageFrameworks -F /Users/george.sigalas/Library/Developer/Xcode/DerivedData/ScribbleFit-fdogjjubbltqcsctzflnsjbdahon/Build/Products/Debug-iphoneos/PackageFrameworks -F /Users/george.sigalas/Library/Developer/Xcode/DerivedData/ScribbleFit-fdogjjubbltqcsctzflnsjbdahon/Build/Products/Debug-iphoneos/PackageFrameworks -F /Users/george.sigalas/Library/Developer/Xcode/DerivedData/ScribbleFit-fdogjjubbltqcsctzflnsjbdahon/Build/Products/Debug-iphoneos/PackageFrameworks -F /Users/george.sigalas/Library/Developer/Xcode/DerivedData/ScribbleFit-fdogjjubbltqcsctzflnsjbdahon/Build/Products/Debug-iphoneos/PackageFrameworks -F /Users/george.sigalas/Library/Developer/Xcode/DerivedData/ScribbleFit-fdogjjubbltqcsctzflnsjbdahon/Build/Products/Debug-iphoneos/PackageFrameworks -F /Users/george.sigalas/Library/Developer/Xcode/DerivedData/ScribbleFit-fdogjjubbltqcsctzflnsjbdahon/Build/Products/Debug-iphoneos/PackageFrameworks -F /Users/george.sigalas/Library/Developer/Xcode/DerivedData/ScribbleFit-fdogjjubbltqcsctzflnsjbdahon/Build/Products/Debug-iphoneos/PackageFrameworks -F /Users/george.sigalas/Library/Developer/Xcode/DerivedData/ScribbleFit-fdogjjubbltqcsctzflnsjbdahon/Build/Products/Debug-iphoneos/PackageFrameworks -F /Users/george.sigalas/Library/Developer/Xcode/DerivedData/ScribbleFit-fdogjjubbltqcsctzflnsjbdahon/Build/Products/Debug-iphoneos/PackageFrameworks -F /Users/george.sigalas/Library/Developer/Xcode/DerivedData/ScribbleFit-fdogjjubbltqcsctzflnsjbdahon/Build/Products/Debug-iphoneos/PackageFrameworks -F /Users/george.sigalas/Library/Developer/Xcode/DerivedData/ScribbleFit-fdogjjubbltqcsctzflnsjbdahon/Build/Products/Debug-iphoneos/PackageFrameworks -F /Users/george.sigalas/Library/Developer/Xcode/DerivedData/ScribbleFit-fdogjjubbltqcsctzflnsjbdahon/Build/Products/Debug-iphoneos/PackageFrameworks -F /Users/george.sigalas/Library/Developer/Xcode/DerivedData/ScribbleFit-fdogjjubbltqcsctzflnsjbdahon/Build/Products/Debug-iphoneos -F /Applications/Xcode.app/Contents/Developer/Platforms/iPhoneOS.platform/Developer/Library/Frameworks -F /Applications/Xcode.app/Contents/Developer/Platforms/iPhoneOS.platform/Developer/SDKs/iPhoneOS26.4.sdk/Developer/Library/Frameworks -c -j14 -enable-batch-mode -incremental -Xcc -ivfsstatcache -Xcc /Users/george.sigalas/Library/Developer/Xcode/DerivedData/SDKStatCaches.noindex/iphoneos26.4-23E252-68a138bb55de9ba35ce6c8c40d12849e.sdkstatcache -output-file-map /Users/george.sigalas/Library/Developer/Xcode/DerivedData/ScribbleFit-fdogjjubbltqcsctzflnsjbdahon/Build/Intermediates.noindex/FeatureCanvas.build/Debug-iphoneos/FeatureCanvas.build/Objects-normal/arm64/FeatureCanvas-OutputFileMap.json -use-frontend-parseable-output -save-temps -no-color-diagnostics -explicit-module-build -module-cache-path /Users/george.sigalas/Library/Developer/Xcode/DerivedData/ScribbleFit-fdogjjubbltqcsctzflnsjbdahon/Build/Intermediates.noindex/SwiftExplicitPrecompiledModules -clang-scanner-module-cache-path /Users/george.sigalas/Library/Developer/Xcode/DerivedData/ModuleCache.noindex -sdk-module-cache-path /Users/george.sigalas/Library/Developer/Xcode/DerivedData/ModuleCache.noindex -serialize-diagnostics -emit-dependencies -emit-module -emit-module-path /Users/george.sigalas/Library/Developer/Xcode/DerivedData/ScribbleFit-fdogjjubbltqcsctzflnsjbdahon/Build/Intermediates.noindex/FeatureCanvas.build/Debug-iphoneos/FeatureCanvas.build/Objects-normal/arm64/FeatureCanvas.swiftmodule -validate-clang-modules-once -clang-build-session-file /Users/george.sigalas/Library/Developer/Xcode/DerivedData/ModuleCache.noindex/Session.modulevalidation -package-name featurecanvas -Xcc -I/Users/george.sigalas/Library/Developer/Xcode/DerivedData/ScribbleFit-fdogjjubbltqcsctzflnsjbdahon/Build/Intermediates.noindex/FeatureCanvas.build/Debug-iphoneos/FeatureCanvas.build/swift-overrides.hmap -emit-const-values -Xfrontend -const-gather-protocols-file -Xfrontend /Users/george.sigalas/Library/Developer/Xcode/DerivedData/ScribbleFit-fdogjjubbltqcsctzflnsjbdahon/Build/Intermediates.noindex/FeatureCanvas.build/Debug-iphoneos/FeatureCanvas.build/Objects-normal/arm64/FeatureCanvas_const_extract_protocols.json -Xcc -I/Users/george.sigalas/Library/Developer/Xcode/DerivedData/ScribbleFit-fdogjjubbltqcsctzflnsjbdahon/SourcePackages/checkouts/promises/Sources/FBLPromises/include -Xcc -I/Users/george.sigalas/Library/Developer/Xcode/DerivedData/ScribbleFit-fdogjjubbltqcsctzflnsjbdahon/SourcePackages/checkouts/app-check/AppCheckCore/Sources/Public -Xcc -I/Users/george.sigalas/Library/Developer/Xcode/DerivedData/ScribbleFit-fdogjjubbltqcsctzflnsjbdahon/SourcePackages/checkouts/GoogleUtilities/GoogleUtilities/UserDefaults/Public -Xcc -I/Users/george.sigalas/Library/Developer/Xcode/DerivedData/ScribbleFit-fdogjjubbltqcsctzflnsjbdahon/SourcePackages/checkouts/firebase-ios-sdk/FirebaseAppCheck/Sources/Public -Xcc -I/Users/george.sigalas/Library/Developer/Xcode/DerivedData/ScribbleFit-fdogjjubbltqcsctzflnsjbdahon/SourcePackages/checkouts/interop-ios-for-google-sdks/RecaptchaEnterprise/RecaptchaInterop/Public -Xcc -I/Users/george.sigalas/Library/Developer/Xcode/DerivedData/ScribbleFit-fdogjjubbltqcsctzflnsjbdahon/SourcePackages/checkouts/GoogleUtilities/GoogleUtilities/Network/Public -Xcc -I/Users/george.sigalas/Library/Developer/Xcode/DerivedData/ScribbleFit-fdogjjubbltqcsctzflnsjbdahon/SourcePackages/checkouts/GoogleUtilities/GoogleUtilities/Reachability/Public -Xcc -I/Users/george.sigalas/Library/Developer/Xcode/DerivedData/ScribbleFit-fdogjjubbltqcsctzflnsjbdahon/SourcePackages/checkouts/GoogleUtilities/GoogleUtilities/AppDelegateSwizzler/Public -Xcc -I/Users/george.sigalas/Library/Developer/Xcode/DerivedData/ScribbleFit-fdogjjubbltqcsctzflnsjbdahon/SourcePackages/checkouts/gtm-session-fetcher/Sources/Core/Public -Xcc -I/Users/george.sigalas/Library/Developer/Xcode/DerivedData/ScribbleFit-fdogjjubbltqcsctzflnsjbdahon/SourcePackages/checkouts/firebase-ios-sdk/FirebaseAuth/Sources/Public -Xcc -I/Users/george.sigalas/Library/Developer/Xcode/DerivedData/ScribbleFit-fdogjjubbltqcsctzflnsjbdahon/SourcePackages/checkouts/GoogleUtilities/GoogleUtilities/NSData+zlib/Public -Xcc -I/Users/george.sigalas/Library/Developer/Xcode/DerivedData/ScribbleFit-fdogjjubbltqcsctzflnsjbdahon/SourcePackages/checkouts/GoogleUtilities/GoogleUtilities/Environment/Public -Xcc -I/Users/george.sigalas/Library/Developer/Xcode/DerivedData/ScribbleFit-fdogjjubbltqcsctzflnsjbdahon/SourcePackages/checkouts/GoogleUtilities/third_party/IsAppEncrypted/Public -Xcc -I/Users/george.sigalas/Library/Developer/Xcode/DerivedData/ScribbleFit-fdogjjubbltqcsctzflnsjbdahon/SourcePackages/checkouts/GoogleUtilities/GoogleUtilities/Logger/Public -Xcc -I/Users/george.sigalas/Library/Developer/Xcode/DerivedData/ScribbleFit-fdogjjubbltqcsctzflnsjbdahon/SourcePackages/checkouts/firebase-ios-sdk/FirebaseCore/Extension -Xcc -I/Users/george.sigalas/Library/Developer/Xcode/DerivedData/ScribbleFit-fdogjjubbltqcsctzflnsjbdahon/SourcePackages/checkouts/firebase-ios-sdk/FirebaseCore/Sources/Public -Xcc -I/Users/george.sigalas/Library/Developer/Xcode/DerivedData/ScribbleFit-fdogjjubbltqcsctzflnsjbdahon/SourcePackages/checkouts/firebase-ios-sdk/CoreOnly/Sources -Xcc -I/Users/george.sigalas/Library/Developer/Xcode/DerivedData/ScribbleFit-fdogjjubbltqcsctzflnsjbdahon/SourcePackages/checkouts/firebase-ios-sdk/FirebaseAuth/Interop/Public -Xcc -I/Users/george.sigalas/Library/Developer/Xcode/DerivedData/ScribbleFit-fdogjjubbltqcsctzflnsjbdahon/SourcePackages/checkouts/firebase-ios-sdk/FirebaseAppCheck/Interop/Public -Xcc -I/Users/george.sigalas/Library/Developer/Xcode/DerivedData/ScribbleFit-fdogjjubbltqcsctzflnsjbdahon/Build/Products/Debug-iphoneos/include -Xcc -I/Users/george.sigalas/Library/Developer/Xcode/DerivedData/ScribbleFit-fdogjjubbltqcsctzflnsjbdahon/Build/Intermediates.noindex/FeatureCanvas.build/Debug-iphoneos/FeatureCanvas.build/DerivedSources-normal/arm64 -Xcc -I/Users/george.sigalas/Library/Developer/Xcode/DerivedData/ScribbleFit-fdogjjubbltqcsctzflnsjbdahon/Build/Intermediates.noindex/FeatureCanvas.build/Debug-iphoneos/FeatureCanvas.build/DerivedSources/arm64 -Xcc -I/Users/george.sigalas/Library/Developer/Xcode/DerivedData/ScribbleFit-fdogjjubbltqcsctzflnsjbdahon/Build/Intermediates.noindex/FeatureCanvas.build/Debug-iphoneos/FeatureCanvas.build/DerivedSources -Xcc -DSWIFT_PACKAGE -Xcc -DDEBUG\=1 -emit-objc-header -emit-objc-header-path /Users/george.sigalas/Library/Developer/Xcode/DerivedData/ScribbleFit-fdogjjubbltqcsctzflnsjbdahon/Build/Intermediates.noindex/FeatureCanvas.build/Debug-iphoneos/FeatureCanvas.build/Objects-normal/arm64/FeatureCanvas-Swift.h -working-directory /Users/george.sigalas/AndroidStudioProjects/scribblefit/apps/ios/ScribbleFit/ScribbleFit.xcodeproj -experimental-emit-module-separately -disable-cmo

Copy /Users/george.sigalas/Library/Developer/Xcode/DerivedData/ScribbleFit-fdogjjubbltqcsctzflnsjbdahon/Build/Products/Debug-iphoneos/FeatureCanvas.swiftmodule/Project/arm64-apple-ios.swiftsourceinfo /Users/george.sigalas/Library/Developer/Xcode/DerivedData/ScribbleFit-fdogjjubbltqcsctzflnsjbdahon/Build/Intermediates.noindex/FeatureCanvas.build/Debug-iphoneos/FeatureCanvas.build/Objects-normal/arm64/FeatureCanvas.swiftsourceinfo (in target 'FeatureCanvas' from project 'FeatureCanvas')
    cd /Users/george.sigalas/AndroidStudioProjects/scribblefit/apps/ios/ScribbleFit/LocalPackages/Features/FeatureCanvas
    builtin-copy -exclude .DS_Store -exclude CVS -exclude .svn -exclude .git -exclude .hg -resolve-src-symlinks -rename /Users/george.sigalas/Library/Developer/Xcode/DerivedData/ScribbleFit-fdogjjubbltqcsctzflnsjbdahon/Build/Intermediates.noindex/FeatureCanvas.build/Debug-iphoneos/FeatureCanvas.build/Objects-normal/arm64/FeatureCanvas.swiftsourceinfo /Users/george.sigalas/Library/Developer/Xcode/DerivedData/ScribbleFit-fdogjjubbltqcsctzflnsjbdahon/Build/Products/Debug-iphoneos/FeatureCanvas.swiftmodule/Project/arm64-apple-ios.swiftsourceinfo

Copy /Users/george.sigalas/Library/Developer/Xcode/DerivedData/ScribbleFit-fdogjjubbltqcsctzflnsjbdahon/Build/Products/Debug-iphoneos/FeatureCanvas.swiftmodule/arm64-apple-ios.abi.json /Users/george.sigalas/Library/Developer/Xcode/DerivedData/ScribbleFit-fdogjjubbltqcsctzflnsjbdahon/Build/Intermediates.noindex/FeatureCanvas.build/Debug-iphoneos/FeatureCanvas.build/Objects-normal/arm64/FeatureCanvas.abi.json (in target 'FeatureCanvas' from project 'FeatureCanvas')
    cd /Users/george.sigalas/AndroidStudioProjects/scribblefit/apps/ios/ScribbleFit/LocalPackages/Features/FeatureCanvas
    builtin-copy -exclude .DS_Store -exclude CVS -exclude .svn -exclude .git -exclude .hg -resolve-src-symlinks -rename /Users/george.sigalas/Library/Developer/Xcode/DerivedData/ScribbleFit-fdogjjubbltqcsctzflnsjbdahon/Build/Intermediates.noindex/FeatureCanvas.build/Debug-iphoneos/FeatureCanvas.build/Objects-normal/arm64/FeatureCanvas.abi.json /Users/george.sigalas/Library/Developer/Xcode/DerivedData/ScribbleFit-fdogjjubbltqcsctzflnsjbdahon/Build/Products/Debug-iphoneos/FeatureCanvas.swiftmodule/arm64-apple-ios.abi.json

SwiftDriver ScribbleFit normal arm64 com.apple.xcode.tools.swift.compiler (in target 'ScribbleFit' from project 'ScribbleFit' at path '/Users/george.sigalas/AndroidStudioProjects/scribblefit/apps/ios/ScribbleFit/ScribbleFit.xcodeproj')
    cd /Users/george.sigalas/AndroidStudioProjects/scribblefit/apps/ios/ScribbleFit
    builtin-SwiftDriver -- /Applications/Xcode.app/Contents/Developer/Toolchains/XcodeDefault.xctoolchain/usr/bin/swiftc -module-name ScribbleFit -Onone @/Users/george.sigalas/Library/Developer/Xcode/DerivedData/ScribbleFit-fdogjjubbltqcsctzflnsjbdahon/Build/Intermediates.noindex/ScribbleFit.build/Debug-iphoneos/ScribbleFit.build/Objects-normal/arm64/ScribbleFit.SwiftFileList -DDEBUG -Xcc -fmodule-map-file\=/Users/george.sigalas/Library/Developer/Xcode/DerivedData/ScribbleFit-fdogjjubbltqcsctzflnsjbdahon/Build/Intermediates.noindex/GeneratedModuleMaps-iphoneos/AppCheckCore.modulemap -Xcc -fmodule-map-file\=/Users/george.sigalas/Library/Developer/Xcode/DerivedData/ScribbleFit-fdogjjubbltqcsctzflnsjbdahon/Build/Intermediates.noindex/GeneratedModuleMaps-iphoneos/GoogleUtilities-UserDefaults.modulemap -Xcc -fmodule-map-file\=/Users/george.sigalas/Library/Developer/Xcode/DerivedData/ScribbleFit-fdogjjubbltqcsctzflnsjbdahon/Build/Intermediates.noindex/GeneratedModuleMaps-iphoneos/FirebaseAppCheck.modulemap -Xcc -fmodule-map-file\=/Users/george.sigalas/Library/Developer/Xcode/DerivedData/ScribbleFit-fdogjjubbltqcsctzflnsjbdahon/Build/Intermediates.noindex/GeneratedModuleMaps-iphoneos/RecaptchaInterop.modulemap -Xcc -fmodule-map-file\=/Users/george.sigalas/Library/Developer/Xcode/DerivedData/ScribbleFit-fdogjjubbltqcsctzflnsjbdahon/Build/Intermediates.noindex/GeneratedModuleMaps-iphoneos/GoogleUtilities-Network.modulemap -Xcc -fmodule-map-file\=/Users/george.sigalas/Library/Developer/Xcode/DerivedData/ScribbleFit-fdogjjubbltqcsctzflnsjbdahon/Build/Intermediates.noindex/GeneratedModuleMaps-iphoneos/GoogleUtilities-Reachability.modulemap -Xcc -fmodule-map-file\=/Users/george.sigalas/Library/Developer/Xcode/DerivedData/ScribbleFit-fdogjjubbltqcsctzflnsjbdahon/Build/Intermediates.noindex/GeneratedModuleMaps-iphoneos/GoogleUtilities-AppDelegateSwizzler.modulemap -Xcc -fmodule-map-file\=/Users/george.sigalas/Library/Developer/Xcode/DerivedData/ScribbleFit-fdogjjubbltqcsctzflnsjbdahon/Build/Intermediates.noindex/GeneratedModuleMaps-iphoneos/GTMSessionFetcherCore.modulemap -Xcc -fmodule-map-file\=/Users/george.sigalas/Library/Developer/Xcode/DerivedData/ScribbleFit-fdogjjubbltqcsctzflnsjbdahon/Build/Intermediates.noindex/GeneratedModuleMaps-iphoneos/FirebaseAuthInternal.modulemap -Xcc -fmodule-map-file\=/Users/george.sigalas/Library/Developer/Xcode/DerivedData/ScribbleFit-fdogjjubbltqcsctzflnsjbdahon/Build/Intermediates.noindex/GeneratedModuleMaps-iphoneos/GoogleUtilities-NSData.modulemap -Xcc -fmodule-map-file\=/Users/george.sigalas/Library/Developer/Xcode/DerivedData/ScribbleFit-fdogjjubbltqcsctzflnsjbdahon/Build/Intermediates.noindex/GeneratedModuleMaps-iphoneos/GoogleUtilities-Environment.modulemap -Xcc -fmodule-map-file\=/Users/george.sigalas/Library/Developer/Xcode/DerivedData/ScribbleFit-fdogjjubbltqcsctzflnsjbdahon/Build/Intermediates.noindex/GeneratedModuleMaps-iphoneos/third-party-IsAppEncrypted.modulemap -Xcc -fmodule-map-file\=/Users/george.sigalas/Library/Developer/Xcode/DerivedData/ScribbleFit-fdogjjubbltqcsctzflnsjbdahon/Build/Intermediates.noindex/GeneratedModuleMaps-iphoneos/GoogleUtilities-Logger.modulemap -Xcc -fmodule-map-file\=/Users/george.sigalas/Library/Developer/Xcode/DerivedData/ScribbleFit-fdogjjubbltqcsctzflnsjbdahon/Build/Intermediates.noindex/GeneratedModuleMaps-iphoneos/FirebaseCoreExtension.modulemap -Xcc -fmodule-map-file\=/Users/george.sigalas/Library/Developer/Xcode/DerivedData/ScribbleFit-fdogjjubbltqcsctzflnsjbdahon/Build/Intermediates.noindex/GeneratedModuleMaps-iphoneos/FirebaseCore.modulemap -Xcc -fmodule-map-file\=/Users/george.sigalas/Library/Developer/Xcode/DerivedData/ScribbleFit-fdogjjubbltqcsctzflnsjbdahon/Build/Intermediates.noindex/GeneratedModuleMaps-iphoneos/FirebaseAuthInterop.modulemap -Xcc -fmodule-map-file\=/Users/george.sigalas/Library/Developer/Xcode/DerivedData/ScribbleFit-fdogjjubbltqcsctzflnsjbdahon/Build/Intermediates.noindex/GeneratedModuleMaps-iphoneos/FirebaseAppCheckInterop.modulemap -default-isolation\=MainActor -enable-upcoming-feature MemberImportVisibility -enable-upcoming-feature InferIsolatedConformances -enable-upcoming-feature NonisolatedNonsendingByDefault -enable-experimental-feature DebugDescriptionMacro -sdk /Applications/Xcode.app/Contents/Developer/Platforms/iPhoneOS.platform/Developer/SDKs/iPhoneOS26.4.sdk -target arm64-apple-ios17.0 -g -module-cache-path /Users/george.sigalas/Library/Developer/Xcode/DerivedData/ModuleCache.noindex -Xfrontend -serialize-debugging-options -profile-coverage-mapping -profile-generate -enable-testing -index-store-path /Users/george.sigalas/Library/Developer/Xcode/DerivedData/ScribbleFit-fdogjjubbltqcsctzflnsjbdahon/Index.noindex/DataStore -Xcc -D_LIBCPP_HARDENING_MODE\=_LIBCPP_HARDENING_MODE_DEBUG -swift-version 6 -I /Users/george.sigalas/Library/Developer/Xcode/DerivedData/ScribbleFit-fdogjjubbltqcsctzflnsjbdahon/Build/Products/Debug-iphoneos -F /Users/george.sigalas/Library/Developer/Xcode/DerivedData/ScribbleFit-fdogjjubbltqcsctzflnsjbdahon/Build/Products/Debug-iphoneos/PackageFrameworks -F /Users/george.sigalas/Library/Developer/Xcode/DerivedData/ScribbleFit-fdogjjubbltqcsctzflnsjbdahon/Build/Products/Debug-iphoneos/PackageFrameworks -F /Users/george.sigalas/Library/Developer/Xcode/DerivedData/ScribbleFit-fdogjjubbltqcsctzflnsjbdahon/Build/Products/Debug-iphoneos/PackageFrameworks -F /Users/george.sigalas/Library/Developer/Xcode/DerivedData/ScribbleFit-fdogjjubbltqcsctzflnsjbdahon/Build/Products/Debug-iphoneos/PackageFrameworks -F /Users/george.sigalas/Library/Developer/Xcode/DerivedData/ScribbleFit-fdogjjubbltqcsctzflnsjbdahon/Build/Products/Debug-iphoneos/PackageFrameworks -F /Users/george.sigalas/Library/Developer/Xcode/DerivedData/ScribbleFit-fdogjjubbltqcsctzflnsjbdahon/Build/Products/Debug-iphoneos/PackageFrameworks -F /Users/george.sigalas/Library/Developer/Xcode/DerivedData/ScribbleFit-fdogjjubbltqcsctzflnsjbdahon/Build/Products/Debug-iphoneos/PackageFrameworks -F /Users/george.sigalas/Library/Developer/Xcode/DerivedData/ScribbleFit-fdogjjubbltqcsctzflnsjbdahon/Build/Products/Debug-iphoneos/PackageFrameworks -F /Users/george.sigalas/Library/Developer/Xcode/DerivedData/ScribbleFit-fdogjjubbltqcsctzflnsjbdahon/Build/Products/Debug-iphoneos/PackageFrameworks -F /Users/george.sigalas/Library/Developer/Xcode/DerivedData/ScribbleFit-fdogjjubbltqcsctzflnsjbdahon/Build/Products/Debug-iphoneos/PackageFrameworks -F /Users/george.sigalas/Library/Developer/Xcode/DerivedData/ScribbleFit-fdogjjubbltqcsctzflnsjbdahon/Build/Products/Debug-iphoneos/PackageFrameworks -F /Users/george.sigalas/Library/Developer/Xcode/DerivedData/ScribbleFit-fdogjjubbltqcsctzflnsjbdahon/Build/Products/Debug-iphoneos/PackageFrameworks -F /Users/george.sigalas/Library/Developer/Xcode/DerivedData/ScribbleFit-fdogjjubbltqcsctzflnsjbdahon/Build/Products/Debug-iphoneos/PackageFrameworks -F /Users/george.sigalas/Library/Developer/Xcode/DerivedData/ScribbleFit-fdogjjubbltqcsctzflnsjbdahon/Build/Products/Debug-iphoneos/PackageFrameworks -F /Users/george.sigalas/Library/Developer/Xcode/DerivedData/ScribbleFit-fdogjjubbltqcsctzflnsjbdahon/Build/Products/Debug-iphoneos/PackageFrameworks -F /Users/george.sigalas/Library/Developer/Xcode/DerivedData/ScribbleFit-fdogjjubbltqcsctzflnsjbdahon/Build/Products/Debug-iphoneos/PackageFrameworks -F /Users/george.sigalas/Library/Developer/Xcode/DerivedData/ScribbleFit-fdogjjubbltqcsctzflnsjbdahon/Build/Products/Debug-iphoneos/PackageFrameworks -F /Users/george.sigalas/Library/Developer/Xcode/DerivedData/ScribbleFit-fdogjjubbltqcsctzflnsjbdahon/Build/Products/Debug-iphoneos/PackageFrameworks -F /Users/george.sigalas/Library/Developer/Xcode/DerivedData/ScribbleFit-fdogjjubbltqcsctzflnsjbdahon/Build/Products/Debug-iphoneos/PackageFrameworks -F /Users/george.sigalas/Library/Developer/Xcode/DerivedData/ScribbleFit-fdogjjubbltqcsctzflnsjbdahon/Build/Products/Debug-iphoneos/PackageFrameworks -F /Users/george.sigalas/Library/Developer/Xcode/DerivedData/ScribbleFit-fdogjjubbltqcsctzflnsjbdahon/Build/Products/Debug-iphoneos/PackageFrameworks -F /Users/george.sigalas/Library/Developer/Xcode/DerivedData/ScribbleFit-fdogjjubbltqcsctzflnsjbdahon/Build/Products/Debug-iphoneos/PackageFrameworks -F /Users/george.sigalas/Library/Developer/Xcode/DerivedData/ScribbleFit-fdogjjubbltqcsctzflnsjbdahon/Build/Products/Debug-iphoneos/PackageFrameworks -F /Users/george.sigalas/Library/Developer/Xcode/DerivedData/ScribbleFit-fdogjjubbltqcsctzflnsjbdahon/Build/Products/Debug-iphoneos/PackageFrameworks -F /Users/george.sigalas/Library/Developer/Xcode/DerivedData/ScribbleFit-fdogjjubbltqcsctzflnsjbdahon/Build/Products/Debug-iphoneos/PackageFrameworks -F /Users/george.sigalas/Library/Developer/Xcode/DerivedData/ScribbleFit-fdogjjubbltqcsctzflnsjbdahon/Build/Products/Debug-iphoneos/PackageFrameworks -F /Users/george.sigalas/Library/Developer/Xcode/DerivedData/ScribbleFit-fdogjjubbltqcsctzflnsjbdahon/Build/Products/Debug-iphoneos/PackageFrameworks -F /Users/george.sigalas/Library/Developer/Xcode/DerivedData/ScribbleFit-fdogjjubbltqcsctzflnsjbdahon/Build/Products/Debug-iphoneos/PackageFrameworks -F /Users/george.sigalas/Library/Developer/Xcode/DerivedData/ScribbleFit-fdogjjubbltqcsctzflnsjbdahon/Build/Products/Debug-iphoneos/PackageFrameworks -F /Users/george.sigalas/Library/Developer/Xcode/DerivedData/ScribbleFit-fdogjjubbltqcsctzflnsjbdahon/Build/Products/Debug-iphoneos/PackageFrameworks -F /Users/george.sigalas/Library/Developer/Xcode/DerivedData/ScribbleFit-fdogjjubbltqcsctzflnsjbdahon/Build/Products/Debug-iphoneos/PackageFrameworks -F /Users/george.sigalas/Library/Developer/Xcode/DerivedData/ScribbleFit-fdogjjubbltqcsctzflnsjbdahon/Build/Products/Debug-iphoneos/PackageFrameworks -F /Users/george.sigalas/Library/Developer/Xcode/DerivedData/ScribbleFit-fdogjjubbltqcsctzflnsjbdahon/Build/Products/Debug-iphoneos/PackageFrameworks -F /Users/george.sigalas/Library/Developer/Xcode/DerivedData/ScribbleFit-fdogjjubbltqcsctzflnsjbdahon/Build/Products/Debug-iphoneos/PackageFrameworks -F /Users/george.sigalas/Library/Developer/Xcode/DerivedData/ScribbleFit-fdogjjubbltqcsctzflnsjbdahon/Build/Products/Debug-iphoneos/PackageFrameworks -F /Users/george.sigalas/Library/Developer/Xcode/DerivedData/ScribbleFit-fdogjjubbltqcsctzflnsjbdahon/Build/Products/Debug-iphoneos/PackageFrameworks -F /Users/george.sigalas/Library/Developer/Xcode/DerivedData/ScribbleFit-fdogjjubbltqcsctzflnsjbdahon/Build/Products/Debug-iphoneos/PackageFrameworks -F /Users/george.sigalas/Library/Developer/Xcode/DerivedData/ScribbleFit-fdogjjubbltqcsctzflnsjbdahon/Build/Products/Debug-iphoneos/PackageFrameworks -F /Users/george.sigalas/Library/Developer/Xcode/DerivedData/ScribbleFit-fdogjjubbltqcsctzflnsjbdahon/Build/Products/Debug-iphoneos -emit-localized-strings -emit-localized-strings-path /Users/george.sigalas/Library/Developer/Xcode/DerivedData/ScribbleFit-fdogjjubbltqcsctzflnsjbdahon/Build/Intermediates.noindex/ScribbleFit.build/Debug-iphoneos/ScribbleFit.build/Objects-normal/arm64 -c -j14 -enable-batch-mode -incremental -Xcc -ivfsstatcache -Xcc /Users/george.sigalas/Library/Developer/Xcode/DerivedData/SDKStatCaches.noindex/iphoneos26.4-23E252-68a138bb55de9ba35ce6c8c40d12849e.sdkstatcache -output-file-map /Users/george.sigalas/Library/Developer/Xcode/DerivedData/ScribbleFit-fdogjjubbltqcsctzflnsjbdahon/Build/Intermediates.noindex/ScribbleFit.build/Debug-iphoneos/ScribbleFit.build/Objects-normal/arm64/ScribbleFit-OutputFileMap.json -use-frontend-parseable-output -save-temps -no-color-diagnostics -explicit-module-build -module-cache-path /Users/george.sigalas/Library/Developer/Xcode/DerivedData/ScribbleFit-fdogjjubbltqcsctzflnsjbdahon/Build/Intermediates.noindex/SwiftExplicitPrecompiledModules -clang-scanner-module-cache-path /Users/george.sigalas/Library/Developer/Xcode/DerivedData/ModuleCache.noindex -sdk-module-cache-path /Users/george.sigalas/Library/Developer/Xcode/DerivedData/ModuleCache.noindex -serialize-diagnostics -emit-dependencies -emit-module -emit-module-path /Users/george.sigalas/Library/Developer/Xcode/DerivedData/ScribbleFit-fdogjjubbltqcsctzflnsjbdahon/Build/Intermediates.noindex/ScribbleFit.build/Debug-iphoneos/ScribbleFit.build/Objects-normal/arm64/ScribbleFit.swiftmodule -validate-clang-modules-once -clang-build-session-file /Users/george.sigalas/Library/Developer/Xcode/DerivedData/ModuleCache.noindex/Session.modulevalidation -Xcc -I/Users/george.sigalas/Library/Developer/Xcode/DerivedData/ScribbleFit-fdogjjubbltqcsctzflnsjbdahon/Build/Intermediates.noindex/ScribbleFit.build/Debug-iphoneos/ScribbleFit.build/swift-overrides.hmap -emit-const-values -Xfrontend -const-gather-protocols-file -Xfrontend /Users/george.sigalas/Library/Developer/Xcode/DerivedData/ScribbleFit-fdogjjubbltqcsctzflnsjbdahon/Build/Intermediates.noindex/ScribbleFit.build/Debug-iphoneos/ScribbleFit.build/Objects-normal/arm64/ScribbleFit_const_extract_protocols.json -Xcc -iquote -Xcc /Users/george.sigalas/Library/Developer/Xcode/DerivedData/ScribbleFit-fdogjjubbltqcsctzflnsjbdahon/Build/Intermediates.noindex/ScribbleFit.build/Debug-iphoneos/ScribbleFit.build/ScribbleFit-generated-files.hmap -Xcc -I/Users/george.sigalas/Library/Developer/Xcode/DerivedData/ScribbleFit-fdogjjubbltqcsctzflnsjbdahon/Build/Intermediates.noindex/ScribbleFit.build/Debug-iphoneos/ScribbleFit.build/ScribbleFit-own-target-headers.hmap -Xcc -I/Users/george.sigalas/Library/Developer/Xcode/DerivedData/ScribbleFit-fdogjjubbltqcsctzflnsjbdahon/Build/Intermediates.noindex/ScribbleFit.build/Debug-iphoneos/ScribbleFit.build/ScribbleFit-all-non-framework-target-headers.hmap -Xcc -ivfsoverlay -Xcc /Users/george.sigalas/Library/Developer/Xcode/DerivedData/ScribbleFit-fdogjjubbltqcsctzflnsjbdahon/Build/Intermediates.noindex/ScribbleFit.build/Debug-iphoneos/ScribbleFit-6104b8245b41763a75458a240552316e-VFS-iphoneos/all-product-headers.yaml -Xcc -iquote -Xcc /Users/george.sigalas/Library/Developer/Xcode/DerivedData/ScribbleFit-fdogjjubbltqcsctzflnsjbdahon/Build/Intermediates.noindex/ScribbleFit.build/Debug-iphoneos/ScribbleFit.build/ScribbleFit-project-headers.hmap -Xcc -I/Users/george.sigalas/Library/Developer/Xcode/DerivedData/ScribbleFit-fdogjjubbltqcsctzflnsjbdahon/SourcePackages/checkouts/promises/Sources/FBLPromises/include -Xcc -I/Users/george.sigalas/Library/Developer/Xcode/DerivedData/ScribbleFit-fdogjjubbltqcsctzflnsjbdahon/SourcePackages/checkouts/app-check/AppCheckCore/Sources/Public -Xcc -I/Users/george.sigalas/Library/Developer/Xcode/DerivedData/ScribbleFit-fdogjjubbltqcsctzflnsjbdahon/SourcePackages/checkouts/GoogleUtilities/GoogleUtilities/UserDefaults/Public -Xcc -I/Users/george.sigalas/Library/Developer/Xcode/DerivedData/ScribbleFit-fdogjjubbltqcsctzflnsjbdahon/SourcePackages/checkouts/firebase-ios-sdk/FirebaseAppCheck/Sources/Public -Xcc -I/Users/george.sigalas/Library/Developer/Xcode/DerivedData/ScribbleFit-fdogjjubbltqcsctzflnsjbdahon/SourcePackages/checkouts/interop-ios-for-google-sdks/RecaptchaEnterprise/RecaptchaInterop/Public -Xcc -I/Users/george.sigalas/Library/Developer/Xcode/DerivedData/ScribbleFit-fdogjjubbltqcsctzflnsjbdahon/SourcePackages/checkouts/GoogleUtilities/GoogleUtilities/Network/Public -Xcc -I/Users/george.sigalas/Library/Developer/Xcode/DerivedData/ScribbleFit-fdogjjubbltqcsctzflnsjbdahon/SourcePackages/checkouts/GoogleUtilities/GoogleUtilities/Reachability/Public -Xcc -I/Users/george.sigalas/Library/Developer/Xcode/DerivedData/ScribbleFit-fdogjjubbltqcsctzflnsjbdahon/SourcePackages/checkouts/GoogleUtilities/GoogleUtilities/AppDelegateSwizzler/Public -Xcc -I/Users/george.sigalas/Library/Developer/Xcode/DerivedData/ScribbleFit-fdogjjubbltqcsctzflnsjbdahon/SourcePackages/checkouts/gtm-session-fetcher/Sources/Core/Public -Xcc -I/Users/george.sigalas/Library/Developer/Xcode/DerivedData/ScribbleFit-fdogjjubbltqcsctzflnsjbdahon/SourcePackages/checkouts/firebase-ios-sdk/FirebaseAuth/Sources/Public -Xcc -I/Users/george.sigalas/Library/Developer/Xcode/DerivedData/ScribbleFit-fdogjjubbltqcsctzflnsjbdahon/SourcePackages/checkouts/GoogleUtilities/GoogleUtilities/NSData+zlib/Public -Xcc -I/Users/george.sigalas/Library/Developer/Xcode/DerivedData/ScribbleFit-fdogjjubbltqcsctzflnsjbdahon/SourcePackages/checkouts/GoogleUtilities/GoogleUtilities/Environment/Public -Xcc -I/Users/george.sigalas/Library/Developer/Xcode/DerivedData/ScribbleFit-fdogjjubbltqcsctzflnsjbdahon/SourcePackages/checkouts/GoogleUtilities/third_party/IsAppEncrypted/Public -Xcc -I/Users/george.sigalas/Library/Developer/Xcode/DerivedData/ScribbleFit-fdogjjubbltqcsctzflnsjbdahon/SourcePackages/checkouts/GoogleUtilities/GoogleUtilities/Logger/Public -Xcc -I/Users/george.sigalas/Library/Developer/Xcode/DerivedData/ScribbleFit-fdogjjubbltqcsctzflnsjbdahon/SourcePackages/checkouts/firebase-ios-sdk/FirebaseCore/Extension -Xcc -I/Users/george.sigalas/Library/Developer/Xcode/DerivedData/ScribbleFit-fdogjjubbltqcsctzflnsjbdahon/SourcePackages/checkouts/firebase-ios-sdk/FirebaseCore/Sources/Public -Xcc -I/Users/george.sigalas/Library/Developer/Xcode/DerivedData/ScribbleFit-fdogjjubbltqcsctzflnsjbdahon/SourcePackages/checkouts/firebase-ios-sdk/CoreOnly/Sources -Xcc -I/Users/george.sigalas/Library/Developer/Xcode/DerivedData/ScribbleFit-fdogjjubbltqcsctzflnsjbdahon/SourcePackages/checkouts/firebase-ios-sdk/FirebaseAuth/Interop/Public -Xcc -I/Users/george.sigalas/Library/Developer/Xcode/DerivedData/ScribbleFit-fdogjjubbltqcsctzflnsjbdahon/SourcePackages/checkouts/firebase-ios-sdk/FirebaseAppCheck/Interop/Public -Xcc -I/Users/george.sigalas/Library/Developer/Xcode/DerivedData/ScribbleFit-fdogjjubbltqcsctzflnsjbdahon/Build/Products/Debug-iphoneos/include -Xcc -I/Users/george.sigalas/Library/Developer/Xcode/DerivedData/ScribbleFit-fdogjjubbltqcsctzflnsjbdahon/Build/Intermediates.noindex/ScribbleFit.build/Debug-iphoneos/ScribbleFit.build/DerivedSources-normal/arm64 -Xcc -I/Users/george.sigalas/Library/Developer/Xcode/DerivedData/ScribbleFit-fdogjjubbltqcsctzflnsjbdahon/Build/Intermediates.noindex/ScribbleFit.build/Debug-iphoneos/ScribbleFit.build/DerivedSources/arm64 -Xcc -I/Users/george.sigalas/Library/Developer/Xcode/DerivedData/ScribbleFit-fdogjjubbltqcsctzflnsjbdahon/Build/Intermediates.noindex/ScribbleFit.build/Debug-iphoneos/ScribbleFit.build/DerivedSources -Xcc -DDEBUG\=1 -emit-objc-header -emit-objc-header-path /Users/george.sigalas/Library/Developer/Xcode/DerivedData/ScribbleFit-fdogjjubbltqcsctzflnsjbdahon/Build/Intermediates.noindex/ScribbleFit.build/Debug-iphoneos/ScribbleFit.build/Objects-normal/arm64/ScribbleFit-Swift.h -working-directory /Users/george.sigalas/AndroidStudioProjects/scribblefit/apps/ios/ScribbleFit -experimental-emit-module-separately -disable-cmo

SwiftEmitModule normal arm64 Emitting\ module\ for\ ScribbleFit (in target 'ScribbleFit' from project 'ScribbleFit' at path '/Users/george.sigalas/AndroidStudioProjects/scribblefit/apps/ios/ScribbleFit/ScribbleFit.xcodeproj')
EmitSwiftModule normal arm64 (in target 'ScribbleFit' from project 'ScribbleFit' at path '/Users/george.sigalas/AndroidStudioProjects/scribblefit/apps/ios/ScribbleFit/ScribbleFit.xcodeproj')
    cd /Users/george.sigalas/AndroidStudioProjects/scribblefit/apps/ios/ScribbleFit
    

SwiftCompile normal arm64 Compiling\ ScribbleFitApp.swift /Users/george.sigalas/AndroidStudioProjects/scribblefit/apps/ios/ScribbleFit/Sources/App/ScribbleFitApp.swift (in target 'ScribbleFit' from project 'ScribbleFit' at path '/Users/george.sigalas/AndroidStudioProjects/scribblefit/apps/ios/ScribbleFit/ScribbleFit.xcodeproj')
SwiftCompile normal arm64 /Users/george.sigalas/AndroidStudioProjects/scribblefit/apps/ios/ScribbleFit/Sources/App/ScribbleFitApp.swift (in target 'ScribbleFit' from project 'ScribbleFit' at path '/Users/george.sigalas/AndroidStudioProjects/scribblefit/apps/ios/ScribbleFit/ScribbleFit.xcodeproj')
    cd /Users/george.sigalas/AndroidStudioProjects/scribblefit/apps/ios/ScribbleFit
    

LinkAssetCatalog /Users/george.sigalas/AndroidStudioProjects/scribblefit/apps/ios/ScribbleFit/LocalPackages/Core/CoreDesignSystem/Sources/CoreDesignSystem/Resources/Assets.xcassets (in target 'CoreDesignSystem_CoreDesignSystem' from project 'CoreDesignSystem')
    cd /Users/george.sigalas/AndroidStudioProjects/scribblefit/apps/ios/ScribbleFit/LocalPackages/Core/CoreDesignSystem
    builtin-linkAssetCatalog --thinned /Users/george.sigalas/Library/Developer/Xcode/DerivedData/ScribbleFit-fdogjjubbltqcsctzflnsjbdahon/Build/Intermediates.noindex/CoreDesignSystem.build/Debug-iphoneos/CoreDesignSystem_CoreDesignSystem.build/assetcatalog_output/thinned --thinned-dependencies /Users/george.sigalas/Library/Developer/Xcode/DerivedData/ScribbleFit-fdogjjubbltqcsctzflnsjbdahon/Build/Intermediates.noindex/CoreDesignSystem.build/Debug-iphoneos/CoreDesignSystem_CoreDesignSystem.build/assetcatalog_dependencies_thinned --thinned-info-plist-content /Users/george.sigalas/Library/Developer/Xcode/DerivedData/ScribbleFit-fdogjjubbltqcsctzflnsjbdahon/Build/Intermediates.noindex/CoreDesignSystem.build/Debug-iphoneos/CoreDesignSystem_CoreDesignSystem.build/assetcatalog_generated_info.plist_thinned --unthinned /Users/george.sigalas/Library/Developer/Xcode/DerivedData/ScribbleFit-fdogjjubbltqcsctzflnsjbdahon/Build/Intermediates.noindex/CoreDesignSystem.build/Debug-iphoneos/CoreDesignSystem_CoreDesignSystem.build/assetcatalog_output/unthinned --unthinned-dependencies /Users/george.sigalas/Library/Developer/Xcode/DerivedData/ScribbleFit-fdogjjubbltqcsctzflnsjbdahon/Build/Intermediates.noindex/CoreDesignSystem.build/Debug-iphoneos/CoreDesignSystem_CoreDesignSystem.build/assetcatalog_dependencies_unthinned --unthinned-info-plist-content /Users/george.sigalas/Library/Developer/Xcode/DerivedData/ScribbleFit-fdogjjubbltqcsctzflnsjbdahon/Build/Intermediates.noindex/CoreDesignSystem.build/Debug-iphoneos/CoreDesignSystem_CoreDesignSystem.build/assetcatalog_generated_info.plist_unthinned --output /Users/george.sigalas/Library/Developer/Xcode/DerivedData/ScribbleFit-fdogjjubbltqcsctzflnsjbdahon/Build/Products/Debug-iphoneos/CoreDesignSystem_CoreDesignSystem.bundle --plist-output /Users/george.sigalas/Library/Developer/Xcode/DerivedData/ScribbleFit-fdogjjubbltqcsctzflnsjbdahon/Build/Intermediates.noindex/CoreDesignSystem.build/Debug-iphoneos/CoreDesignSystem_CoreDesignSystem.build/assetcatalog_generated_info.plist
note: Emplaced /Users/george.sigalas/Library/Developer/Xcode/DerivedData/ScribbleFit-fdogjjubbltqcsctzflnsjbdahon/Build/Products/Debug-iphoneos/CoreDesignSystem_CoreDesignSystem.bundle/Assets.car (in target 'CoreDesignSystem_CoreDesignSystem' from project 'CoreDesignSystem')

ProcessInfoPlistFile /Users/george.sigalas/Library/Developer/Xcode/DerivedData/ScribbleFit-fdogjjubbltqcsctzflnsjbdahon/Build/Products/Debug-iphoneos/CoreDesignSystem_CoreDesignSystem.bundle/Info.plist /Users/george.sigalas/Library/Developer/Xcode/DerivedData/ScribbleFit-fdogjjubbltqcsctzflnsjbdahon/Build/Intermediates.noindex/CoreDesignSystem.build/Debug-iphoneos/CoreDesignSystem_CoreDesignSystem.build/empty-CoreDesignSystem_CoreDesignSystem.plist (in target 'CoreDesignSystem_CoreDesignSystem' from project 'CoreDesignSystem')
    cd /Users/george.sigalas/AndroidStudioProjects/scribblefit/apps/ios/ScribbleFit/LocalPackages/Core/CoreDesignSystem
    builtin-infoPlistUtility /Users/george.sigalas/Library/Developer/Xcode/DerivedData/ScribbleFit-fdogjjubbltqcsctzflnsjbdahon/Build/Intermediates.noindex/CoreDesignSystem.build/Debug-iphoneos/CoreDesignSystem_CoreDesignSystem.build/empty-CoreDesignSystem_CoreDesignSystem.plist -producttype com.apple.product-type.bundle -expandbuildsettings -format binary -platform iphoneos -additionalcontentfile /Users/george.sigalas/Library/Developer/Xcode/DerivedData/ScribbleFit-fdogjjubbltqcsctzflnsjbdahon/Build/Intermediates.noindex/CoreDesignSystem.build/Debug-iphoneos/CoreDesignSystem_CoreDesignSystem.build/assetcatalog_generated_info.plist -requiredArchitecture arm64 -o /Users/george.sigalas/Library/Developer/Xcode/DerivedData/ScribbleFit-fdogjjubbltqcsctzflnsjbdahon/Build/Products/Debug-iphoneos/CoreDesignSystem_CoreDesignSystem.bundle/Info.plist

Ld /Users/george.sigalas/Library/Developer/Xcode/DerivedData/ScribbleFit-fdogjjubbltqcsctzflnsjbdahon/Build/Products/Debug-iphoneos/CoreDesignSystem.o normal (in target 'CoreDesignSystem' from project 'CoreDesignSystem')
    cd /Users/george.sigalas/AndroidStudioProjects/scribblefit/apps/ios/ScribbleFit/LocalPackages/Core/CoreDesignSystem
    /Applications/Xcode.app/Contents/Developer/Toolchains/XcodeDefault.xctoolchain/usr/bin/clang -Xlinker -reproducible -target arm64-apple-ios17.0 -r -isysroot /Applications/Xcode.app/Contents/Developer/Platforms/iPhoneOS.platform/Developer/SDKs/iPhoneOS26.4.sdk -O0 -w -F/Users/george.sigalas/Library/Developer/Xcode/DerivedData/ScribbleFit-fdogjjubbltqcsctzflnsjbdahon/Build/Intermediates.noindex/EagerLinkingTBDs/Debug-iphoneos -F/Users/george.sigalas/Library/Developer/Xcode/DerivedData/ScribbleFit-fdogjjubbltqcsctzflnsjbdahon/Build/Products/Debug-iphoneos/PackageFrameworks -F/Users/george.sigalas/Library/Developer/Xcode/DerivedData/ScribbleFit-fdogjjubbltqcsctzflnsjbdahon/Build/Products/Debug-iphoneos -iframework /Applications/Xcode.app/Contents/Developer/Platforms/iPhoneOS.platform/Developer/Library/Frameworks -iframework /Applications/Xcode.app/Contents/Developer/Platforms/iPhoneOS.platform/Developer/SDKs/iPhoneOS26.4.sdk/Developer/Library/Frameworks -filelist /Users/george.sigalas/Library/Developer/Xcode/DerivedData/ScribbleFit-fdogjjubbltqcsctzflnsjbdahon/Build/Intermediates.noindex/CoreDesignSystem.build/Debug-iphoneos/CoreDesignSystem.build/Objects-normal/arm64/CoreDesignSystem.LinkFileList -nostdlib -Xlinker -object_path_lto -Xlinker /Users/george.sigalas/Library/Developer/Xcode/DerivedData/ScribbleFit-fdogjjubbltqcsctzflnsjbdahon/Build/Intermediates.noindex/CoreDesignSystem.build/Debug-iphoneos/CoreDesignSystem.build/Objects-normal/arm64/CoreDesignSystem_lto.o -Xlinker -no_deduplicate -Xlinker -debug_variant -Xlinker -dependency_info -Xlinker /Users/george.sigalas/Library/Developer/Xcode/DerivedData/ScribbleFit-fdogjjubbltqcsctzflnsjbdahon/Build/Intermediates.noindex/CoreDesignSystem.build/Debug-iphoneos/CoreDesignSystem.build/Objects-normal/arm64/CoreDesignSystem_dependency_info.dat -fobjc-link-runtime -L/Applications/Xcode.app/Contents/Developer/Toolchains/XcodeDefault.xctoolchain/usr/lib/swift/iphoneos -L/usr/lib/swift -Xlinker -add_ast_path -Xlinker /Users/george.sigalas/Library/Developer/Xcode/DerivedData/ScribbleFit-fdogjjubbltqcsctzflnsjbdahon/Build/Intermediates.noindex/CoreDesignSystem.build/Debug-iphoneos/CoreDesignSystem.build/Objects-normal/arm64/CoreDesignSystem.swiftmodule @/Users/george.sigalas/Library/Developer/Xcode/DerivedData/ScribbleFit-fdogjjubbltqcsctzflnsjbdahon/Build/Intermediates.noindex/CoreDesignSystem.build/Debug-iphoneos/CoreDesignSystem.build/Objects-normal/arm64/CoreDesignSystem-linker-args.resp -o /Users/george.sigalas/Library/Developer/Xcode/DerivedData/ScribbleFit-fdogjjubbltqcsctzflnsjbdahon/Build/Products/Debug-iphoneos/CoreDesignSystem.o

ExtractAppIntentsMetadata (in target 'CoreDesignSystem' from project 'CoreDesignSystem')
    cd /Users/george.sigalas/AndroidStudioProjects/scribblefit/apps/ios/ScribbleFit/LocalPackages/Core/CoreDesignSystem
    /Applications/Xcode.app/Contents/Developer/Toolchains/XcodeDefault.xctoolchain/usr/bin/appintentsmetadataprocessor --toolchain-dir /Applications/Xcode.app/Contents/Developer/Toolchains/XcodeDefault.xctoolchain --module-name CoreDesignSystem --sdk-root /Applications/Xcode.app/Contents/Developer/Platforms/iPhoneOS.platform/Developer/SDKs/iPhoneOS26.4.sdk --xcode-version 17E202 --platform-family iOS --deployment-target 17.0 --bundle-identifier coredesignsystem.CoreDesignSystem --output /Users/george.sigalas/Library/Developer/Xcode/DerivedData/ScribbleFit-fdogjjubbltqcsctzflnsjbdahon/Build/Products/Debug-iphoneos/CoreDesignSystem.appintents --target-triple arm64-apple-ios17.0 --binary-file /Users/george.sigalas/Library/Developer/Xcode/DerivedData/ScribbleFit-fdogjjubbltqcsctzflnsjbdahon/Build/Products/Debug-iphoneos/CoreDesignSystem.o --dependency-file /Users/george.sigalas/Library/Developer/Xcode/DerivedData/ScribbleFit-fdogjjubbltqcsctzflnsjbdahon/Build/Intermediates.noindex/CoreDesignSystem.build/Debug-iphoneos/CoreDesignSystem.build/Objects-normal/arm64/CoreDesignSystem_dependency_info.dat --stringsdata-file /Users/george.sigalas/Library/Developer/Xcode/DerivedData/ScribbleFit-fdogjjubbltqcsctzflnsjbdahon/Build/Intermediates.noindex/CoreDesignSystem.build/Debug-iphoneos/CoreDesignSystem.build/Objects-normal/arm64/ExtractedAppShortcutsMetadata.stringsdata --source-file-list /Users/george.sigalas/Library/Developer/Xcode/DerivedData/ScribbleFit-fdogjjubbltqcsctzflnsjbdahon/Build/Intermediates.noindex/CoreDesignSystem.build/Debug-iphoneos/CoreDesignSystem.build/Objects-normal/arm64/CoreDesignSystem.SwiftFileList --metadata-file-list /Users/george.sigalas/Library/Developer/Xcode/DerivedData/ScribbleFit-fdogjjubbltqcsctzflnsjbdahon/Build/Intermediates.noindex/CoreDesignSystem.build/Debug-iphoneos/CoreDesignSystem.build/CoreDesignSystem.DependencyMetadataFileList --static-metadata-file-list /Users/george.sigalas/Library/Developer/Xcode/DerivedData/ScribbleFit-fdogjjubbltqcsctzflnsjbdahon/Build/Intermediates.noindex/CoreDesignSystem.build/Debug-iphoneos/CoreDesignSystem.build/CoreDesignSystem.DependencyStaticMetadataFileList --swift-const-vals-list /Users/george.sigalas/Library/Developer/Xcode/DerivedData/ScribbleFit-fdogjjubbltqcsctzflnsjbdahon/Build/Intermediates.noindex/CoreDesignSystem.build/Debug-iphoneos/CoreDesignSystem.build/Objects-normal/arm64/CoreDesignSystem.SwiftConstValuesFileList --force --compile-time-extraction --deployment-aware-processing --validate-assistant-intents --no-app-shortcuts-localization
2026-04-20 13:52:55.927 appintentsmetadataprocessor[66397:42951173] Starting appintentsmetadataprocessor export
2026-04-20 13:52:55.936 appintentsmetadataprocessor[66397:42951173] Extracted no relevant App Intents symbols, skipping writing output

SwiftDriverJobDiscovery normal arm64 Emitting module for ScribbleFit (in target 'ScribbleFit' from project 'ScribbleFit' at path '/Users/george.sigalas/AndroidStudioProjects/scribblefit/apps/ios/ScribbleFit/ScribbleFit.xcodeproj')

SwiftDriver\ Compilation\ Requirements ScribbleFit normal arm64 com.apple.xcode.tools.swift.compiler (in target 'ScribbleFit' from project 'ScribbleFit' at path '/Users/george.sigalas/AndroidStudioProjects/scribblefit/apps/ios/ScribbleFit/ScribbleFit.xcodeproj')
    cd /Users/george.sigalas/AndroidStudioProjects/scribblefit/apps/ios/ScribbleFit
    builtin-Swift-Compilation-Requirements -- /Applications/Xcode.app/Contents/Developer/Toolchains/XcodeDefault.xctoolchain/usr/bin/swiftc -module-name ScribbleFit -Onone @/Users/george.sigalas/Library/Developer/Xcode/DerivedData/ScribbleFit-fdogjjubbltqcsctzflnsjbdahon/Build/Intermediates.noindex/ScribbleFit.build/Debug-iphoneos/ScribbleFit.build/Objects-normal/arm64/ScribbleFit.SwiftFileList -DDEBUG -Xcc -fmodule-map-file\=/Users/george.sigalas/Library/Developer/Xcode/DerivedData/ScribbleFit-fdogjjubbltqcsctzflnsjbdahon/Build/Intermediates.noindex/GeneratedModuleMaps-iphoneos/AppCheckCore.modulemap -Xcc -fmodule-map-file\=/Users/george.sigalas/Library/Developer/Xcode/DerivedData/ScribbleFit-fdogjjubbltqcsctzflnsjbdahon/Build/Intermediates.noindex/GeneratedModuleMaps-iphoneos/GoogleUtilities-UserDefaults.modulemap -Xcc -fmodule-map-file\=/Users/george.sigalas/Library/Developer/Xcode/DerivedData/ScribbleFit-fdogjjubbltqcsctzflnsjbdahon/Build/Intermediates.noindex/GeneratedModuleMaps-iphoneos/FirebaseAppCheck.modulemap -Xcc -fmodule-map-file\=/Users/george.sigalas/Library/Developer/Xcode/DerivedData/ScribbleFit-fdogjjubbltqcsctzflnsjbdahon/Build/Intermediates.noindex/GeneratedModuleMaps-iphoneos/RecaptchaInterop.modulemap -Xcc -fmodule-map-file\=/Users/george.sigalas/Library/Developer/Xcode/DerivedData/ScribbleFit-fdogjjubbltqcsctzflnsjbdahon/Build/Intermediates.noindex/GeneratedModuleMaps-iphoneos/GoogleUtilities-Network.modulemap -Xcc -fmodule-map-file\=/Users/george.sigalas/Library/Developer/Xcode/DerivedData/ScribbleFit-fdogjjubbltqcsctzflnsjbdahon/Build/Intermediates.noindex/GeneratedModuleMaps-iphoneos/GoogleUtilities-Reachability.modulemap -Xcc -fmodule-map-file\=/Users/george.sigalas/Library/Developer/Xcode/DerivedData/ScribbleFit-fdogjjubbltqcsctzflnsjbdahon/Build/Intermediates.noindex/GeneratedModuleMaps-iphoneos/GoogleUtilities-AppDelegateSwizzler.modulemap -Xcc -fmodule-map-file\=/Users/george.sigalas/Library/Developer/Xcode/DerivedData/ScribbleFit-fdogjjubbltqcsctzflnsjbdahon/Build/Intermediates.noindex/GeneratedModuleMaps-iphoneos/GTMSessionFetcherCore.modulemap -Xcc -fmodule-map-file\=/Users/george.sigalas/Library/Developer/Xcode/DerivedData/ScribbleFit-fdogjjubbltqcsctzflnsjbdahon/Build/Intermediates.noindex/GeneratedModuleMaps-iphoneos/FirebaseAuthInternal.modulemap -Xcc -fmodule-map-file\=/Users/george.sigalas/Library/Developer/Xcode/DerivedData/ScribbleFit-fdogjjubbltqcsctzflnsjbdahon/Build/Intermediates.noindex/GeneratedModuleMaps-iphoneos/GoogleUtilities-NSData.modulemap -Xcc -fmodule-map-file\=/Users/george.sigalas/Library/Developer/Xcode/DerivedData/ScribbleFit-fdogjjubbltqcsctzflnsjbdahon/Build/Intermediates.noindex/GeneratedModuleMaps-iphoneos/GoogleUtilities-Environment.modulemap -Xcc -fmodule-map-file\=/Users/george.sigalas/Library/Developer/Xcode/DerivedData/ScribbleFit-fdogjjubbltqcsctzflnsjbdahon/Build/Intermediates.noindex/GeneratedModuleMaps-iphoneos/third-party-IsAppEncrypted.modulemap -Xcc -fmodule-map-file\=/Users/george.sigalas/Library/Developer/Xcode/DerivedData/ScribbleFit-fdogjjubbltqcsctzflnsjbdahon/Build/Intermediates.noindex/GeneratedModuleMaps-iphoneos/GoogleUtilities-Logger.modulemap -Xcc -fmodule-map-file\=/Users/george.sigalas/Library/Developer/Xcode/DerivedData/ScribbleFit-fdogjjubbltqcsctzflnsjbdahon/Build/Intermediates.noindex/GeneratedModuleMaps-iphoneos/FirebaseCoreExtension.modulemap -Xcc -fmodule-map-file\=/Users/george.sigalas/Library/Developer/Xcode/DerivedData/ScribbleFit-fdogjjubbltqcsctzflnsjbdahon/Build/Intermediates.noindex/GeneratedModuleMaps-iphoneos/FirebaseCore.modulemap -Xcc -fmodule-map-file\=/Users/george.sigalas/Library/Developer/Xcode/DerivedData/ScribbleFit-fdogjjubbltqcsctzflnsjbdahon/Build/Intermediates.noindex/GeneratedModuleMaps-iphoneos/FirebaseAuthInterop.modulemap -Xcc -fmodule-map-file\=/Users/george.sigalas/Library/Developer/Xcode/DerivedData/ScribbleFit-fdogjjubbltqcsctzflnsjbdahon/Build/Intermediates.noindex/GeneratedModuleMaps-iphoneos/FirebaseAppCheckInterop.modulemap -default-isolation\=MainActor -enable-upcoming-feature MemberImportVisibility -enable-upcoming-feature InferIsolatedConformances -enable-upcoming-feature NonisolatedNonsendingByDefault -enable-experimental-feature DebugDescriptionMacro -sdk /Applications/Xcode.app/Contents/Developer/Platforms/iPhoneOS.platform/Developer/SDKs/iPhoneOS26.4.sdk -target arm64-apple-ios17.0 -g -module-cache-path /Users/george.sigalas/Library/Developer/Xcode/DerivedData/ModuleCache.noindex -Xfrontend -serialize-debugging-options -profile-coverage-mapping -profile-generate -enable-testing -index-store-path /Users/george.sigalas/Library/Developer/Xcode/DerivedData/ScribbleFit-fdogjjubbltqcsctzflnsjbdahon/Index.noindex/DataStore -Xcc -D_LIBCPP_HARDENING_MODE\=_LIBCPP_HARDENING_MODE_DEBUG -swift-version 6 -I /Users/george.sigalas/Library/Developer/Xcode/DerivedData/ScribbleFit-fdogjjubbltqcsctzflnsjbdahon/Build/Products/Debug-iphoneos -F /Users/george.sigalas/Library/Developer/Xcode/DerivedData/ScribbleFit-fdogjjubbltqcsctzflnsjbdahon/Build/Products/Debug-iphoneos/PackageFrameworks -F /Users/george.sigalas/Library/Developer/Xcode/DerivedData/ScribbleFit-fdogjjubbltqcsctzflnsjbdahon/Build/Products/Debug-iphoneos/PackageFrameworks -F /Users/george.sigalas/Library/Developer/Xcode/DerivedData/ScribbleFit-fdogjjubbltqcsctzflnsjbdahon/Build/Products/Debug-iphoneos/PackageFrameworks -F /Users/george.sigalas/Library/Developer/Xcode/DerivedData/ScribbleFit-fdogjjubbltqcsctzflnsjbdahon/Build/Products/Debug-iphoneos/PackageFrameworks -F /Users/george.sigalas/Library/Developer/Xcode/DerivedData/ScribbleFit-fdogjjubbltqcsctzflnsjbdahon/Build/Products/Debug-iphoneos/PackageFrameworks -F /Users/george.sigalas/Library/Developer/Xcode/DerivedData/ScribbleFit-fdogjjubbltqcsctzflnsjbdahon/Build/Products/Debug-iphoneos/PackageFrameworks -F /Users/george.sigalas/Library/Developer/Xcode/DerivedData/ScribbleFit-fdogjjubbltqcsctzflnsjbdahon/Build/Products/Debug-iphoneos/PackageFrameworks -F /Users/george.sigalas/Library/Developer/Xcode/DerivedData/ScribbleFit-fdogjjubbltqcsctzflnsjbdahon/Build/Products/Debug-iphoneos/PackageFrameworks -F /Users/george.sigalas/Library/Developer/Xcode/DerivedData/ScribbleFit-fdogjjubbltqcsctzflnsjbdahon/Build/Products/Debug-iphoneos/PackageFrameworks -F /Users/george.sigalas/Library/Developer/Xcode/DerivedData/ScribbleFit-fdogjjubbltqcsctzflnsjbdahon/Build/Products/Debug-iphoneos/PackageFrameworks -F /Users/george.sigalas/Library/Developer/Xcode/DerivedData/ScribbleFit-fdogjjubbltqcsctzflnsjbdahon/Build/Products/Debug-iphoneos/PackageFrameworks -F /Users/george.sigalas/Library/Developer/Xcode/DerivedData/ScribbleFit-fdogjjubbltqcsctzflnsjbdahon/Build/Products/Debug-iphoneos/PackageFrameworks -F /Users/george.sigalas/Library/Developer/Xcode/DerivedData/ScribbleFit-fdogjjubbltqcsctzflnsjbdahon/Build/Products/Debug-iphoneos/PackageFrameworks -F /Users/george.sigalas/Library/Developer/Xcode/DerivedData/ScribbleFit-fdogjjubbltqcsctzflnsjbdahon/Build/Products/Debug-iphoneos/PackageFrameworks -F /Users/george.sigalas/Library/Developer/Xcode/DerivedData/ScribbleFit-fdogjjubbltqcsctzflnsjbdahon/Build/Products/Debug-iphoneos/PackageFrameworks -F /Users/george.sigalas/Library/Developer/Xcode/DerivedData/ScribbleFit-fdogjjubbltqcsctzflnsjbdahon/Build/Products/Debug-iphoneos/PackageFrameworks -F /Users/george.sigalas/Library/Developer/Xcode/DerivedData/ScribbleFit-fdogjjubbltqcsctzflnsjbdahon/Build/Products/Debug-iphoneos/PackageFrameworks -F /Users/george.sigalas/Library/Developer/Xcode/DerivedData/ScribbleFit-fdogjjubbltqcsctzflnsjbdahon/Build/Products/Debug-iphoneos/PackageFrameworks -F /Users/george.sigalas/Library/Developer/Xcode/DerivedData/ScribbleFit-fdogjjubbltqcsctzflnsjbdahon/Build/Products/Debug-iphoneos/PackageFrameworks -F /Users/george.sigalas/Library/Developer/Xcode/DerivedData/ScribbleFit-fdogjjubbltqcsctzflnsjbdahon/Build/Products/Debug-iphoneos/PackageFrameworks -F /Users/george.sigalas/Library/Developer/Xcode/DerivedData/ScribbleFit-fdogjjubbltqcsctzflnsjbdahon/Build/Products/Debug-iphoneos/PackageFrameworks -F /Users/george.sigalas/Library/Developer/Xcode/DerivedData/ScribbleFit-fdogjjubbltqcsctzflnsjbdahon/Build/Products/Debug-iphoneos/PackageFrameworks -F /Users/george.sigalas/Library/Developer/Xcode/DerivedData/ScribbleFit-fdogjjubbltqcsctzflnsjbdahon/Build/Products/Debug-iphoneos/PackageFrameworks -F /Users/george.sigalas/Library/Developer/Xcode/DerivedData/ScribbleFit-fdogjjubbltqcsctzflnsjbdahon/Build/Products/Debug-iphoneos/PackageFrameworks -F /Users/george.sigalas/Library/Developer/Xcode/DerivedData/ScribbleFit-fdogjjubbltqcsctzflnsjbdahon/Build/Products/Debug-iphoneos/PackageFrameworks -F /Users/george.sigalas/Library/Developer/Xcode/DerivedData/ScribbleFit-fdogjjubbltqcsctzflnsjbdahon/Build/Products/Debug-iphoneos/PackageFrameworks -F /Users/george.sigalas/Library/Developer/Xcode/DerivedData/ScribbleFit-fdogjjubbltqcsctzflnsjbdahon/Build/Products/Debug-iphoneos/PackageFrameworks -F /Users/george.sigalas/Library/Developer/Xcode/DerivedData/ScribbleFit-fdogjjubbltqcsctzflnsjbdahon/Build/Products/Debug-iphoneos/PackageFrameworks -F /Users/george.sigalas/Library/Developer/Xcode/DerivedData/ScribbleFit-fdogjjubbltqcsctzflnsjbdahon/Build/Products/Debug-iphoneos/PackageFrameworks -F /Users/george.sigalas/Library/Developer/Xcode/DerivedData/ScribbleFit-fdogjjubbltqcsctzflnsjbdahon/Build/Products/Debug-iphoneos/PackageFrameworks -F /Users/george.sigalas/Library/Developer/Xcode/DerivedData/ScribbleFit-fdogjjubbltqcsctzflnsjbdahon/Build/Products/Debug-iphoneos/PackageFrameworks -F /Users/george.sigalas/Library/Developer/Xcode/DerivedData/ScribbleFit-fdogjjubbltqcsctzflnsjbdahon/Build/Products/Debug-iphoneos/PackageFrameworks -F /Users/george.sigalas/Library/Developer/Xcode/DerivedData/ScribbleFit-fdogjjubbltqcsctzflnsjbdahon/Build/Products/Debug-iphoneos/PackageFrameworks -F /Users/george.sigalas/Library/Developer/Xcode/DerivedData/ScribbleFit-fdogjjubbltqcsctzflnsjbdahon/Build/Products/Debug-iphoneos/PackageFrameworks -F /Users/george.sigalas/Library/Developer/Xcode/DerivedData/ScribbleFit-fdogjjubbltqcsctzflnsjbdahon/Build/Products/Debug-iphoneos/PackageFrameworks -F /Users/george.sigalas/Library/Developer/Xcode/DerivedData/ScribbleFit-fdogjjubbltqcsctzflnsjbdahon/Build/Products/Debug-iphoneos/PackageFrameworks -F /Users/george.sigalas/Library/Developer/Xcode/DerivedData/ScribbleFit-fdogjjubbltqcsctzflnsjbdahon/Build/Products/Debug-iphoneos/PackageFrameworks -F /Users/george.sigalas/Library/Developer/Xcode/DerivedData/ScribbleFit-fdogjjubbltqcsctzflnsjbdahon/Build/Products/Debug-iphoneos/PackageFrameworks -F /Users/george.sigalas/Library/Developer/Xcode/DerivedData/ScribbleFit-fdogjjubbltqcsctzflnsjbdahon/Build/Products/Debug-iphoneos -emit-localized-strings -emit-localized-strings-path /Users/george.sigalas/Library/Developer/Xcode/DerivedData/ScribbleFit-fdogjjubbltqcsctzflnsjbdahon/Build/Intermediates.noindex/ScribbleFit.build/Debug-iphoneos/ScribbleFit.build/Objects-normal/arm64 -c -j14 -enable-batch-mode -incremental -Xcc -ivfsstatcache -Xcc /Users/george.sigalas/Library/Developer/Xcode/DerivedData/SDKStatCaches.noindex/iphoneos26.4-23E252-68a138bb55de9ba35ce6c8c40d12849e.sdkstatcache -output-file-map /Users/george.sigalas/Library/Developer/Xcode/DerivedData/ScribbleFit-fdogjjubbltqcsctzflnsjbdahon/Build/Intermediates.noindex/ScribbleFit.build/Debug-iphoneos/ScribbleFit.build/Objects-normal/arm64/ScribbleFit-OutputFileMap.json -use-frontend-parseable-output -save-temps -no-color-diagnostics -explicit-module-build -module-cache-path /Users/george.sigalas/Library/Developer/Xcode/DerivedData/ScribbleFit-fdogjjubbltqcsctzflnsjbdahon/Build/Intermediates.noindex/SwiftExplicitPrecompiledModules -clang-scanner-module-cache-path /Users/george.sigalas/Library/Developer/Xcode/DerivedData/ModuleCache.noindex -sdk-module-cache-path /Users/george.sigalas/Library/Developer/Xcode/DerivedData/ModuleCache.noindex -serialize-diagnostics -emit-dependencies -emit-module -emit-module-path /Users/george.sigalas/Library/Developer/Xcode/DerivedData/ScribbleFit-fdogjjubbltqcsctzflnsjbdahon/Build/Intermediates.noindex/ScribbleFit.build/Debug-iphoneos/ScribbleFit.build/Objects-normal/arm64/ScribbleFit.swiftmodule -validate-clang-modules-once -clang-build-session-file /Users/george.sigalas/Library/Developer/Xcode/DerivedData/ModuleCache.noindex/Session.modulevalidation -Xcc -I/Users/george.sigalas/Library/Developer/Xcode/DerivedData/ScribbleFit-fdogjjubbltqcsctzflnsjbdahon/Build/Intermediates.noindex/ScribbleFit.build/Debug-iphoneos/ScribbleFit.build/swift-overrides.hmap -emit-const-values -Xfrontend -const-gather-protocols-file -Xfrontend /Users/george.sigalas/Library/Developer/Xcode/DerivedData/ScribbleFit-fdogjjubbltqcsctzflnsjbdahon/Build/Intermediates.noindex/ScribbleFit.build/Debug-iphoneos/ScribbleFit.build/Objects-normal/arm64/ScribbleFit_const_extract_protocols.json -Xcc -iquote -Xcc /Users/george.sigalas/Library/Developer/Xcode/DerivedData/ScribbleFit-fdogjjubbltqcsctzflnsjbdahon/Build/Intermediates.noindex/ScribbleFit.build/Debug-iphoneos/ScribbleFit.build/ScribbleFit-generated-files.hmap -Xcc -I/Users/george.sigalas/Library/Developer/Xcode/DerivedData/ScribbleFit-fdogjjubbltqcsctzflnsjbdahon/Build/Intermediates.noindex/ScribbleFit.build/Debug-iphoneos/ScribbleFit.build/ScribbleFit-own-target-headers.hmap -Xcc -I/Users/george.sigalas/Library/Developer/Xcode/DerivedData/ScribbleFit-fdogjjubbltqcsctzflnsjbdahon/Build/Intermediates.noindex/ScribbleFit.build/Debug-iphoneos/ScribbleFit.build/ScribbleFit-all-non-framework-target-headers.hmap -Xcc -ivfsoverlay -Xcc /Users/george.sigalas/Library/Developer/Xcode/DerivedData/ScribbleFit-fdogjjubbltqcsctzflnsjbdahon/Build/Intermediates.noindex/ScribbleFit.build/Debug-iphoneos/ScribbleFit-6104b8245b41763a75458a240552316e-VFS-iphoneos/all-product-headers.yaml -Xcc -iquote -Xcc /Users/george.sigalas/Library/Developer/Xcode/DerivedData/ScribbleFit-fdogjjubbltqcsctzflnsjbdahon/Build/Intermediates.noindex/ScribbleFit.build/Debug-iphoneos/ScribbleFit.build/ScribbleFit-project-headers.hmap -Xcc -I/Users/george.sigalas/Library/Developer/Xcode/DerivedData/ScribbleFit-fdogjjubbltqcsctzflnsjbdahon/SourcePackages/checkouts/promises/Sources/FBLPromises/include -Xcc -I/Users/george.sigalas/Library/Developer/Xcode/DerivedData/ScribbleFit-fdogjjubbltqcsctzflnsjbdahon/SourcePackages/checkouts/app-check/AppCheckCore/Sources/Public -Xcc -I/Users/george.sigalas/Library/Developer/Xcode/DerivedData/ScribbleFit-fdogjjubbltqcsctzflnsjbdahon/SourcePackages/checkouts/GoogleUtilities/GoogleUtilities/UserDefaults/Public -Xcc -I/Users/george.sigalas/Library/Developer/Xcode/DerivedData/ScribbleFit-fdogjjubbltqcsctzflnsjbdahon/SourcePackages/checkouts/firebase-ios-sdk/FirebaseAppCheck/Sources/Public -Xcc -I/Users/george.sigalas/Library/Developer/Xcode/DerivedData/ScribbleFit-fdogjjubbltqcsctzflnsjbdahon/SourcePackages/checkouts/interop-ios-for-google-sdks/RecaptchaEnterprise/RecaptchaInterop/Public -Xcc -I/Users/george.sigalas/Library/Developer/Xcode/DerivedData/ScribbleFit-fdogjjubbltqcsctzflnsjbdahon/SourcePackages/checkouts/GoogleUtilities/GoogleUtilities/Network/Public -Xcc -I/Users/george.sigalas/Library/Developer/Xcode/DerivedData/ScribbleFit-fdogjjubbltqcsctzflnsjbdahon/SourcePackages/checkouts/GoogleUtilities/GoogleUtilities/Reachability/Public -Xcc -I/Users/george.sigalas/Library/Developer/Xcode/DerivedData/ScribbleFit-fdogjjubbltqcsctzflnsjbdahon/SourcePackages/checkouts/GoogleUtilities/GoogleUtilities/AppDelegateSwizzler/Public -Xcc -I/Users/george.sigalas/Library/Developer/Xcode/DerivedData/ScribbleFit-fdogjjubbltqcsctzflnsjbdahon/SourcePackages/checkouts/gtm-session-fetcher/Sources/Core/Public -Xcc -I/Users/george.sigalas/Library/Developer/Xcode/DerivedData/ScribbleFit-fdogjjubbltqcsctzflnsjbdahon/SourcePackages/checkouts/firebase-ios-sdk/FirebaseAuth/Sources/Public -Xcc -I/Users/george.sigalas/Library/Developer/Xcode/DerivedData/ScribbleFit-fdogjjubbltqcsctzflnsjbdahon/SourcePackages/checkouts/GoogleUtilities/GoogleUtilities/NSData+zlib/Public -Xcc -I/Users/george.sigalas/Library/Developer/Xcode/DerivedData/ScribbleFit-fdogjjubbltqcsctzflnsjbdahon/SourcePackages/checkouts/GoogleUtilities/GoogleUtilities/Environment/Public -Xcc -I/Users/george.sigalas/Library/Developer/Xcode/DerivedData/ScribbleFit-fdogjjubbltqcsctzflnsjbdahon/SourcePackages/checkouts/GoogleUtilities/third_party/IsAppEncrypted/Public -Xcc -I/Users/george.sigalas/Library/Developer/Xcode/DerivedData/ScribbleFit-fdogjjubbltqcsctzflnsjbdahon/SourcePackages/checkouts/GoogleUtilities/GoogleUtilities/Logger/Public -Xcc -I/Users/george.sigalas/Library/Developer/Xcode/DerivedData/ScribbleFit-fdogjjubbltqcsctzflnsjbdahon/SourcePackages/checkouts/firebase-ios-sdk/FirebaseCore/Extension -Xcc -I/Users/george.sigalas/Library/Developer/Xcode/DerivedData/ScribbleFit-fdogjjubbltqcsctzflnsjbdahon/SourcePackages/checkouts/firebase-ios-sdk/FirebaseCore/Sources/Public -Xcc -I/Users/george.sigalas/Library/Developer/Xcode/DerivedData/ScribbleFit-fdogjjubbltqcsctzflnsjbdahon/SourcePackages/checkouts/firebase-ios-sdk/CoreOnly/Sources -Xcc -I/Users/george.sigalas/Library/Developer/Xcode/DerivedData/ScribbleFit-fdogjjubbltqcsctzflnsjbdahon/SourcePackages/checkouts/firebase-ios-sdk/FirebaseAuth/Interop/Public -Xcc -I/Users/george.sigalas/Library/Developer/Xcode/DerivedData/ScribbleFit-fdogjjubbltqcsctzflnsjbdahon/SourcePackages/checkouts/firebase-ios-sdk/FirebaseAppCheck/Interop/Public -Xcc -I/Users/george.sigalas/Library/Developer/Xcode/DerivedData/ScribbleFit-fdogjjubbltqcsctzflnsjbdahon/Build/Products/Debug-iphoneos/include -Xcc -I/Users/george.sigalas/Library/Developer/Xcode/DerivedData/ScribbleFit-fdogjjubbltqcsctzflnsjbdahon/Build/Intermediates.noindex/ScribbleFit.build/Debug-iphoneos/ScribbleFit.build/DerivedSources-normal/arm64 -Xcc -I/Users/george.sigalas/Library/Developer/Xcode/DerivedData/ScribbleFit-fdogjjubbltqcsctzflnsjbdahon/Build/Intermediates.noindex/ScribbleFit.build/Debug-iphoneos/ScribbleFit.build/DerivedSources/arm64 -Xcc -I/Users/george.sigalas/Library/Developer/Xcode/DerivedData/ScribbleFit-fdogjjubbltqcsctzflnsjbdahon/Build/Intermediates.noindex/ScribbleFit.build/Debug-iphoneos/ScribbleFit.build/DerivedSources -Xcc -DDEBUG\=1 -emit-objc-header -emit-objc-header-path /Users/george.sigalas/Library/Developer/Xcode/DerivedData/ScribbleFit-fdogjjubbltqcsctzflnsjbdahon/Build/Intermediates.noindex/ScribbleFit.build/Debug-iphoneos/ScribbleFit.build/Objects-normal/arm64/ScribbleFit-Swift.h -working-directory /Users/george.sigalas/AndroidStudioProjects/scribblefit/apps/ios/ScribbleFit -experimental-emit-module-separately -disable-cmo

Copy /Users/george.sigalas/Library/Developer/Xcode/DerivedData/ScribbleFit-fdogjjubbltqcsctzflnsjbdahon/Build/Products/Debug-iphoneos/ScribbleFit.swiftmodule/Project/arm64-apple-ios.swiftsourceinfo /Users/george.sigalas/Library/Developer/Xcode/DerivedData/ScribbleFit-fdogjjubbltqcsctzflnsjbdahon/Build/Intermediates.noindex/ScribbleFit.build/Debug-iphoneos/ScribbleFit.build/Objects-normal/arm64/ScribbleFit.swiftsourceinfo (in target 'ScribbleFit' from project 'ScribbleFit' at path '/Users/george.sigalas/AndroidStudioProjects/scribblefit/apps/ios/ScribbleFit/ScribbleFit.xcodeproj')
    cd /Users/george.sigalas/AndroidStudioProjects/scribblefit/apps/ios/ScribbleFit
    builtin-copy -exclude .DS_Store -exclude CVS -exclude .svn -exclude .git -exclude .hg -resolve-src-symlinks -rename /Users/george.sigalas/Library/Developer/Xcode/DerivedData/ScribbleFit-fdogjjubbltqcsctzflnsjbdahon/Build/Intermediates.noindex/ScribbleFit.build/Debug-iphoneos/ScribbleFit.build/Objects-normal/arm64/ScribbleFit.swiftsourceinfo /Users/george.sigalas/Library/Developer/Xcode/DerivedData/ScribbleFit-fdogjjubbltqcsctzflnsjbdahon/Build/Products/Debug-iphoneos/ScribbleFit.swiftmodule/Project/arm64-apple-ios.swiftsourceinfo

Copy /Users/george.sigalas/Library/Developer/Xcode/DerivedData/ScribbleFit-fdogjjubbltqcsctzflnsjbdahon/Build/Products/Debug-iphoneos/ScribbleFit.swiftmodule/arm64-apple-ios.abi.json /Users/george.sigalas/Library/Developer/Xcode/DerivedData/ScribbleFit-fdogjjubbltqcsctzflnsjbdahon/Build/Intermediates.noindex/ScribbleFit.build/Debug-iphoneos/ScribbleFit.build/Objects-normal/arm64/ScribbleFit.abi.json (in target 'ScribbleFit' from project 'ScribbleFit' at path '/Users/george.sigalas/AndroidStudioProjects/scribblefit/apps/ios/ScribbleFit/ScribbleFit.xcodeproj')
    cd /Users/george.sigalas/AndroidStudioProjects/scribblefit/apps/ios/ScribbleFit
    builtin-copy -exclude .DS_Store -exclude CVS -exclude .svn -exclude .git -exclude .hg -resolve-src-symlinks -rename /Users/george.sigalas/Library/Developer/Xcode/DerivedData/ScribbleFit-fdogjjubbltqcsctzflnsjbdahon/Build/Intermediates.noindex/ScribbleFit.build/Debug-iphoneos/ScribbleFit.build/Objects-normal/arm64/ScribbleFit.abi.json /Users/george.sigalas/Library/Developer/Xcode/DerivedData/ScribbleFit-fdogjjubbltqcsctzflnsjbdahon/Build/Products/Debug-iphoneos/ScribbleFit.swiftmodule/arm64-apple-ios.abi.json

RegisterExecutionPolicyException /Users/george.sigalas/Library/Developer/Xcode/DerivedData/ScribbleFit-fdogjjubbltqcsctzflnsjbdahon/Build/Products/Debug-iphoneos/CoreDesignSystem.o (in target 'CoreDesignSystem' from project 'CoreDesignSystem')
    cd /Users/george.sigalas/AndroidStudioProjects/scribblefit/apps/ios/ScribbleFit/LocalPackages/Core/CoreDesignSystem
    builtin-RegisterExecutionPolicyException /Users/george.sigalas/Library/Developer/Xcode/DerivedData/ScribbleFit-fdogjjubbltqcsctzflnsjbdahon/Build/Products/Debug-iphoneos/CoreDesignSystem.o

Ld /Users/george.sigalas/Library/Developer/Xcode/DerivedData/ScribbleFit-fdogjjubbltqcsctzflnsjbdahon/Build/Products/Debug-iphoneos/FeatureSettings.o normal (in target 'FeatureSettings' from project 'FeatureSettings')
    cd /Users/george.sigalas/AndroidStudioProjects/scribblefit/apps/ios/ScribbleFit/LocalPackages/Features/FeatureSettings
    /Applications/Xcode.app/Contents/Developer/Toolchains/XcodeDefault.xctoolchain/usr/bin/clang -Xlinker -reproducible -target arm64-apple-ios17.0 -r -isysroot /Applications/Xcode.app/Contents/Developer/Platforms/iPhoneOS.platform/Developer/SDKs/iPhoneOS26.4.sdk -O0 -w -F/Users/george.sigalas/Library/Developer/Xcode/DerivedData/ScribbleFit-fdogjjubbltqcsctzflnsjbdahon/Build/Intermediates.noindex/EagerLinkingTBDs/Debug-iphoneos -F/Users/george.sigalas/Library/Developer/Xcode/DerivedData/ScribbleFit-fdogjjubbltqcsctzflnsjbdahon/Build/Products/Debug-iphoneos/PackageFrameworks -F/Users/george.sigalas/Library/Developer/Xcode/DerivedData/ScribbleFit-fdogjjubbltqcsctzflnsjbdahon/Build/Products/Debug-iphoneos/PackageFrameworks -F/Users/george.sigalas/Library/Developer/Xcode/DerivedData/ScribbleFit-fdogjjubbltqcsctzflnsjbdahon/Build/Products/Debug-iphoneos/PackageFrameworks -F/Users/george.sigalas/Library/Developer/Xcode/DerivedData/ScribbleFit-fdogjjubbltqcsctzflnsjbdahon/Build/Products/Debug-iphoneos/PackageFrameworks -F/Users/george.sigalas/Library/Developer/Xcode/DerivedData/ScribbleFit-fdogjjubbltqcsctzflnsjbdahon/Build/Products/Debug-iphoneos/PackageFrameworks -F/Users/george.sigalas/Library/Developer/Xcode/DerivedData/ScribbleFit-fdogjjubbltqcsctzflnsjbdahon/Build/Products/Debug-iphoneos/PackageFrameworks -F/Users/george.sigalas/Library/Developer/Xcode/DerivedData/ScribbleFit-fdogjjubbltqcsctzflnsjbdahon/Build/Products/Debug-iphoneos/PackageFrameworks -F/Users/george.sigalas/Library/Developer/Xcode/DerivedData/ScribbleFit-fdogjjubbltqcsctzflnsjbdahon/Build/Products/Debug-iphoneos/PackageFrameworks -F/Users/george.sigalas/Library/Developer/Xcode/DerivedData/ScribbleFit-fdogjjubbltqcsctzflnsjbdahon/Build/Products/Debug-iphoneos/PackageFrameworks -F/Users/george.sigalas/Library/Developer/Xcode/DerivedData/ScribbleFit-fdogjjubbltqcsctzflnsjbdahon/Build/Products/Debug-iphoneos/PackageFrameworks -F/Users/george.sigalas/Library/Developer/Xcode/DerivedData/ScribbleFit-fdogjjubbltqcsctzflnsjbdahon/Build/Products/Debug-iphoneos/PackageFrameworks -F/Users/george.sigalas/Library/Developer/Xcode/DerivedData/ScribbleFit-fdogjjubbltqcsctzflnsjbdahon/Build/Products/Debug-iphoneos/PackageFrameworks -F/Users/george.sigalas/Library/Developer/Xcode/DerivedData/ScribbleFit-fdogjjubbltqcsctzflnsjbdahon/Build/Products/Debug-iphoneos/PackageFrameworks -F/Users/george.sigalas/Library/Developer/Xcode/DerivedData/ScribbleFit-fdogjjubbltqcsctzflnsjbdahon/Build/Products/Debug-iphoneos/PackageFrameworks -F/Users/george.sigalas/Library/Developer/Xcode/DerivedData/ScribbleFit-fdogjjubbltqcsctzflnsjbdahon/Build/Products/Debug-iphoneos/PackageFrameworks -F/Users/george.sigalas/Library/Developer/Xcode/DerivedData/ScribbleFit-fdogjjubbltqcsctzflnsjbdahon/Build/Products/Debug-iphoneos/PackageFrameworks -F/Users/george.sigalas/Library/Developer/Xcode/DerivedData/ScribbleFit-fdogjjubbltqcsctzflnsjbdahon/Build/Products/Debug-iphoneos/PackageFrameworks -F/Users/george.sigalas/Library/Developer/Xcode/DerivedData/ScribbleFit-fdogjjubbltqcsctzflnsjbdahon/Build/Products/Debug-iphoneos/PackageFrameworks -F/Users/george.sigalas/Library/Developer/Xcode/DerivedData/ScribbleFit-fdogjjubbltqcsctzflnsjbdahon/Build/Products/Debug-iphoneos/PackageFrameworks -F/Users/george.sigalas/Library/Developer/Xcode/DerivedData/ScribbleFit-fdogjjubbltqcsctzflnsjbdahon/Build/Products/Debug-iphoneos/PackageFrameworks -F/Users/george.sigalas/Library/Developer/Xcode/DerivedData/ScribbleFit-fdogjjubbltqcsctzflnsjbdahon/Build/Products/Debug-iphoneos/PackageFrameworks -F/Users/george.sigalas/Library/Developer/Xcode/DerivedData/ScribbleFit-fdogjjubbltqcsctzflnsjbdahon/Build/Products/Debug-iphoneos/PackageFrameworks -F/Users/george.sigalas/Library/Developer/Xcode/DerivedData/ScribbleFit-fdogjjubbltqcsctzflnsjbdahon/Build/Products/Debug-iphoneos/PackageFrameworks -F/Users/george.sigalas/Library/Developer/Xcode/DerivedData/ScribbleFit-fdogjjubbltqcsctzflnsjbdahon/Build/Products/Debug-iphoneos/PackageFrameworks -F/Users/george.sigalas/Library/Developer/Xcode/DerivedData/ScribbleFit-fdogjjubbltqcsctzflnsjbdahon/Build/Products/Debug-iphoneos/PackageFrameworks -F/Users/george.sigalas/Library/Developer/Xcode/DerivedData/ScribbleFit-fdogjjubbltqcsctzflnsjbdahon/Build/Products/Debug-iphoneos/PackageFrameworks -F/Users/george.sigalas/Library/Developer/Xcode/DerivedData/ScribbleFit-fdogjjubbltqcsctzflnsjbdahon/Build/Products/Debug-iphoneos/PackageFrameworks -F/Users/george.sigalas/Library/Developer/Xcode/DerivedData/ScribbleFit-fdogjjubbltqcsctzflnsjbdahon/Build/Products/Debug-iphoneos/PackageFrameworks -F/Users/george.sigalas/Library/Developer/Xcode/DerivedData/ScribbleFit-fdogjjubbltqcsctzflnsjbdahon/Build/Products/Debug-iphoneos/PackageFrameworks -F/Users/george.sigalas/Library/Developer/Xcode/DerivedData/ScribbleFit-fdogjjubbltqcsctzflnsjbdahon/Build/Products/Debug-iphoneos/PackageFrameworks -F/Users/george.sigalas/Library/Developer/Xcode/DerivedData/ScribbleFit-fdogjjubbltqcsctzflnsjbdahon/Build/Products/Debug-iphoneos -iframework /Applications/Xcode.app/Contents/Developer/Platforms/iPhoneOS.platform/Developer/Library/Frameworks -iframework /Applications/Xcode.app/Contents/Developer/Platforms/iPhoneOS.platform/Developer/SDKs/iPhoneOS26.4.sdk/Developer/Library/Frameworks -filelist /Users/george.sigalas/Library/Developer/Xcode/DerivedData/ScribbleFit-fdogjjubbltqcsctzflnsjbdahon/Build/Intermediates.noindex/FeatureSettings.build/Debug-iphoneos/FeatureSettings.build/Objects-normal/arm64/FeatureSettings.LinkFileList -nostdlib -Xlinker -object_path_lto -Xlinker /Users/george.sigalas/Library/Developer/Xcode/DerivedData/ScribbleFit-fdogjjubbltqcsctzflnsjbdahon/Build/Intermediates.noindex/FeatureSettings.build/Debug-iphoneos/FeatureSettings.build/Objects-normal/arm64/FeatureSettings_lto.o -Xlinker -no_deduplicate -Xlinker -debug_variant -Xlinker -dependency_info -Xlinker /Users/george.sigalas/Library/Developer/Xcode/DerivedData/ScribbleFit-fdogjjubbltqcsctzflnsjbdahon/Build/Intermediates.noindex/FeatureSettings.build/Debug-iphoneos/FeatureSettings.build/Objects-normal/arm64/FeatureSettings_dependency_info.dat -fobjc-link-runtime -L/Applications/Xcode.app/Contents/Developer/Toolchains/XcodeDefault.xctoolchain/usr/lib/swift/iphoneos -L/usr/lib/swift -Xlinker -add_ast_path -Xlinker /Users/george.sigalas/Library/Developer/Xcode/DerivedData/ScribbleFit-fdogjjubbltqcsctzflnsjbdahon/Build/Intermediates.noindex/FeatureSettings.build/Debug-iphoneos/FeatureSettings.build/Objects-normal/arm64/FeatureSettings.swiftmodule @/Users/george.sigalas/Library/Developer/Xcode/DerivedData/ScribbleFit-fdogjjubbltqcsctzflnsjbdahon/Build/Intermediates.noindex/FeatureSettings.build/Debug-iphoneos/FeatureSettings.build/Objects-normal/arm64/FeatureSettings-linker-args.resp -o /Users/george.sigalas/Library/Developer/Xcode/DerivedData/ScribbleFit-fdogjjubbltqcsctzflnsjbdahon/Build/Products/Debug-iphoneos/FeatureSettings.o

Ld /Users/george.sigalas/Library/Developer/Xcode/DerivedData/ScribbleFit-fdogjjubbltqcsctzflnsjbdahon/Build/Products/Debug-iphoneos/FeatureInsights.o normal (in target 'FeatureInsights' from project 'FeatureInsights')
    cd /Users/george.sigalas/AndroidStudioProjects/scribblefit/apps/ios/ScribbleFit/LocalPackages/Features/FeatureInsights
    /Applications/Xcode.app/Contents/Developer/Toolchains/XcodeDefault.xctoolchain/usr/bin/clang -Xlinker -reproducible -target arm64-apple-ios17.0 -r -isysroot /Applications/Xcode.app/Contents/Developer/Platforms/iPhoneOS.platform/Developer/SDKs/iPhoneOS26.4.sdk -O0 -w -F/Users/george.sigalas/Library/Developer/Xcode/DerivedData/ScribbleFit-fdogjjubbltqcsctzflnsjbdahon/Build/Intermediates.noindex/EagerLinkingTBDs/Debug-iphoneos -F/Users/george.sigalas/Library/Developer/Xcode/DerivedData/ScribbleFit-fdogjjubbltqcsctzflnsjbdahon/Build/Products/Debug-iphoneos/PackageFrameworks -F/Users/george.sigalas/Library/Developer/Xcode/DerivedData/ScribbleFit-fdogjjubbltqcsctzflnsjbdahon/Build/Products/Debug-iphoneos/PackageFrameworks -F/Users/george.sigalas/Library/Developer/Xcode/DerivedData/ScribbleFit-fdogjjubbltqcsctzflnsjbdahon/Build/Products/Debug-iphoneos/PackageFrameworks -F/Users/george.sigalas/Library/Developer/Xcode/DerivedData/ScribbleFit-fdogjjubbltqcsctzflnsjbdahon/Build/Products/Debug-iphoneos/PackageFrameworks -F/Users/george.sigalas/Library/Developer/Xcode/DerivedData/ScribbleFit-fdogjjubbltqcsctzflnsjbdahon/Build/Products/Debug-iphoneos/PackageFrameworks -F/Users/george.sigalas/Library/Developer/Xcode/DerivedData/ScribbleFit-fdogjjubbltqcsctzflnsjbdahon/Build/Products/Debug-iphoneos/PackageFrameworks -F/Users/george.sigalas/Library/Developer/Xcode/DerivedData/ScribbleFit-fdogjjubbltqcsctzflnsjbdahon/Build/Products/Debug-iphoneos/PackageFrameworks -F/Users/george.sigalas/Library/Developer/Xcode/DerivedData/ScribbleFit-fdogjjubbltqcsctzflnsjbdahon/Build/Products/Debug-iphoneos/PackageFrameworks -F/Users/george.sigalas/Library/Developer/Xcode/DerivedData/ScribbleFit-fdogjjubbltqcsctzflnsjbdahon/Build/Products/Debug-iphoneos/PackageFrameworks -F/Users/george.sigalas/Library/Developer/Xcode/DerivedData/ScribbleFit-fdogjjubbltqcsctzflnsjbdahon/Build/Products/Debug-iphoneos/PackageFrameworks -F/Users/george.sigalas/Library/Developer/Xcode/DerivedData/ScribbleFit-fdogjjubbltqcsctzflnsjbdahon/Build/Products/Debug-iphoneos/PackageFrameworks -F/Users/george.sigalas/Library/Developer/Xcode/DerivedData/ScribbleFit-fdogjjubbltqcsctzflnsjbdahon/Build/Products/Debug-iphoneos/PackageFrameworks -F/Users/george.sigalas/Library/Developer/Xcode/DerivedData/ScribbleFit-fdogjjubbltqcsctzflnsjbdahon/Build/Products/Debug-iphoneos/PackageFrameworks -F/Users/george.sigalas/Library/Developer/Xcode/DerivedData/ScribbleFit-fdogjjubbltqcsctzflnsjbdahon/Build/Products/Debug-iphoneos/PackageFrameworks -F/Users/george.sigalas/Library/Developer/Xcode/DerivedData/ScribbleFit-fdogjjubbltqcsctzflnsjbdahon/Build/Products/Debug-iphoneos/PackageFrameworks -F/Users/george.sigalas/Library/Developer/Xcode/DerivedData/ScribbleFit-fdogjjubbltqcsctzflnsjbdahon/Build/Products/Debug-iphoneos/PackageFrameworks -F/Users/george.sigalas/Library/Developer/Xcode/DerivedData/ScribbleFit-fdogjjubbltqcsctzflnsjbdahon/Build/Products/Debug-iphoneos/PackageFrameworks -F/Users/george.sigalas/Library/Developer/Xcode/DerivedData/ScribbleFit-fdogjjubbltqcsctzflnsjbdahon/Build/Products/Debug-iphoneos/PackageFrameworks -F/Users/george.sigalas/Library/Developer/Xcode/DerivedData/ScribbleFit-fdogjjubbltqcsctzflnsjbdahon/Build/Products/Debug-iphoneos/PackageFrameworks -F/Users/george.sigalas/Library/Developer/Xcode/DerivedData/ScribbleFit-fdogjjubbltqcsctzflnsjbdahon/Build/Products/Debug-iphoneos/PackageFrameworks -F/Users/george.sigalas/Library/Developer/Xcode/DerivedData/ScribbleFit-fdogjjubbltqcsctzflnsjbdahon/Build/Products/Debug-iphoneos/PackageFrameworks -F/Users/george.sigalas/Library/Developer/Xcode/DerivedData/ScribbleFit-fdogjjubbltqcsctzflnsjbdahon/Build/Products/Debug-iphoneos/PackageFrameworks -F/Users/george.sigalas/Library/Developer/Xcode/DerivedData/ScribbleFit-fdogjjubbltqcsctzflnsjbdahon/Build/Products/Debug-iphoneos/PackageFrameworks -F/Users/george.sigalas/Library/Developer/Xcode/DerivedData/ScribbleFit-fdogjjubbltqcsctzflnsjbdahon/Build/Products/Debug-iphoneos/PackageFrameworks -F/Users/george.sigalas/Library/Developer/Xcode/DerivedData/ScribbleFit-fdogjjubbltqcsctzflnsjbdahon/Build/Products/Debug-iphoneos/PackageFrameworks -F/Users/george.sigalas/Library/Developer/Xcode/DerivedData/ScribbleFit-fdogjjubbltqcsctzflnsjbdahon/Build/Products/Debug-iphoneos/PackageFrameworks -F/Users/george.sigalas/Library/Developer/Xcode/DerivedData/ScribbleFit-fdogjjubbltqcsctzflnsjbdahon/Build/Products/Debug-iphoneos/PackageFrameworks -F/Users/george.sigalas/Library/Developer/Xcode/DerivedData/ScribbleFit-fdogjjubbltqcsctzflnsjbdahon/Build/Products/Debug-iphoneos/PackageFrameworks -F/Users/george.sigalas/Library/Developer/Xcode/DerivedData/ScribbleFit-fdogjjubbltqcsctzflnsjbdahon/Build/Products/Debug-iphoneos/PackageFrameworks -F/Users/george.sigalas/Library/Developer/Xcode/DerivedData/ScribbleFit-fdogjjubbltqcsctzflnsjbdahon/Build/Products/Debug-iphoneos/PackageFrameworks -F/Users/george.sigalas/Library/Developer/Xcode/DerivedData/ScribbleFit-fdogjjubbltqcsctzflnsjbdahon/Build/Products/Debug-iphoneos -iframework /Applications/Xcode.app/Contents/Developer/Platforms/iPhoneOS.platform/Developer/Library/Frameworks -iframework /Applications/Xcode.app/Contents/Developer/Platforms/iPhoneOS.platform/Developer/SDKs/iPhoneOS26.4.sdk/Developer/Library/Frameworks -filelist /Users/george.sigalas/Library/Developer/Xcode/DerivedData/ScribbleFit-fdogjjubbltqcsctzflnsjbdahon/Build/Intermediates.noindex/FeatureInsights.build/Debug-iphoneos/FeatureInsights.build/Objects-normal/arm64/FeatureInsights.LinkFileList -nostdlib -Xlinker -object_path_lto -Xlinker /Users/george.sigalas/Library/Developer/Xcode/DerivedData/ScribbleFit-fdogjjubbltqcsctzflnsjbdahon/Build/Intermediates.noindex/FeatureInsights.build/Debug-iphoneos/FeatureInsights.build/Objects-normal/arm64/FeatureInsights_lto.o -Xlinker -no_deduplicate -Xlinker -debug_variant -Xlinker -dependency_info -Xlinker /Users/george.sigalas/Library/Developer/Xcode/DerivedData/ScribbleFit-fdogjjubbltqcsctzflnsjbdahon/Build/Intermediates.noindex/FeatureInsights.build/Debug-iphoneos/FeatureInsights.build/Objects-normal/arm64/FeatureInsights_dependency_info.dat -fobjc-link-runtime -L/Applications/Xcode.app/Contents/Developer/Toolchains/XcodeDefault.xctoolchain/usr/lib/swift/iphoneos -L/usr/lib/swift -Xlinker -add_ast_path -Xlinker /Users/george.sigalas/Library/Developer/Xcode/DerivedData/ScribbleFit-fdogjjubbltqcsctzflnsjbdahon/Build/Intermediates.noindex/FeatureInsights.build/Debug-iphoneos/FeatureInsights.build/Objects-normal/arm64/FeatureInsights.swiftmodule @/Users/george.sigalas/Library/Developer/Xcode/DerivedData/ScribbleFit-fdogjjubbltqcsctzflnsjbdahon/Build/Intermediates.noindex/FeatureInsights.build/Debug-iphoneos/FeatureInsights.build/Objects-normal/arm64/FeatureInsights-linker-args.resp -o /Users/george.sigalas/Library/Developer/Xcode/DerivedData/ScribbleFit-fdogjjubbltqcsctzflnsjbdahon/Build/Products/Debug-iphoneos/FeatureInsights.o

Ld /Users/george.sigalas/Library/Developer/Xcode/DerivedData/ScribbleFit-fdogjjubbltqcsctzflnsjbdahon/Build/Products/Debug-iphoneos/FeatureLedger.o normal (in target 'FeatureLedger' from project 'FeatureLedger')
    cd /Users/george.sigalas/AndroidStudioProjects/scribblefit/apps/ios/ScribbleFit/LocalPackages/Features/FeatureLedger
    /Applications/Xcode.app/Contents/Developer/Toolchains/XcodeDefault.xctoolchain/usr/bin/clang -Xlinker -reproducible -target arm64-apple-ios17.0 -r -isysroot /Applications/Xcode.app/Contents/Developer/Platforms/iPhoneOS.platform/Developer/SDKs/iPhoneOS26.4.sdk -O0 -w -F/Users/george.sigalas/Library/Developer/Xcode/DerivedData/ScribbleFit-fdogjjubbltqcsctzflnsjbdahon/Build/Intermediates.noindex/EagerLinkingTBDs/Debug-iphoneos -F/Users/george.sigalas/Library/Developer/Xcode/DerivedData/ScribbleFit-fdogjjubbltqcsctzflnsjbdahon/Build/Products/Debug-iphoneos/PackageFrameworks -F/Users/george.sigalas/Library/Developer/Xcode/DerivedData/ScribbleFit-fdogjjubbltqcsctzflnsjbdahon/Build/Products/Debug-iphoneos/PackageFrameworks -F/Users/george.sigalas/Library/Developer/Xcode/DerivedData/ScribbleFit-fdogjjubbltqcsctzflnsjbdahon/Build/Products/Debug-iphoneos/PackageFrameworks -F/Users/george.sigalas/Library/Developer/Xcode/DerivedData/ScribbleFit-fdogjjubbltqcsctzflnsjbdahon/Build/Products/Debug-iphoneos/PackageFrameworks -F/Users/george.sigalas/Library/Developer/Xcode/DerivedData/ScribbleFit-fdogjjubbltqcsctzflnsjbdahon/Build/Products/Debug-iphoneos -iframework /Applications/Xcode.app/Contents/Developer/Platforms/iPhoneOS.platform/Developer/Library/Frameworks -iframework /Applications/Xcode.app/Contents/Developer/Platforms/iPhoneOS.platform/Developer/SDKs/iPhoneOS26.4.sdk/Developer/Library/Frameworks -filelist /Users/george.sigalas/Library/Developer/Xcode/DerivedData/ScribbleFit-fdogjjubbltqcsctzflnsjbdahon/Build/Intermediates.noindex/FeatureLedger.build/Debug-iphoneos/FeatureLedger.build/Objects-normal/arm64/FeatureLedger.LinkFileList -nostdlib -Xlinker -object_path_lto -Xlinker /Users/george.sigalas/Library/Developer/Xcode/DerivedData/ScribbleFit-fdogjjubbltqcsctzflnsjbdahon/Build/Intermediates.noindex/FeatureLedger.build/Debug-iphoneos/FeatureLedger.build/Objects-normal/arm64/FeatureLedger_lto.o -Xlinker -no_deduplicate -Xlinker -debug_variant -Xlinker -dependency_info -Xlinker /Users/george.sigalas/Library/Developer/Xcode/DerivedData/ScribbleFit-fdogjjubbltqcsctzflnsjbdahon/Build/Intermediates.noindex/FeatureLedger.build/Debug-iphoneos/FeatureLedger.build/Objects-normal/arm64/FeatureLedger_dependency_info.dat -fobjc-link-runtime -L/Applications/Xcode.app/Contents/Developer/Toolchains/XcodeDefault.xctoolchain/usr/lib/swift/iphoneos -L/usr/lib/swift -Xlinker -add_ast_path -Xlinker /Users/george.sigalas/Library/Developer/Xcode/DerivedData/ScribbleFit-fdogjjubbltqcsctzflnsjbdahon/Build/Intermediates.noindex/FeatureLedger.build/Debug-iphoneos/FeatureLedger.build/Objects-normal/arm64/FeatureLedger.swiftmodule @/Users/george.sigalas/Library/Developer/Xcode/DerivedData/ScribbleFit-fdogjjubbltqcsctzflnsjbdahon/Build/Intermediates.noindex/FeatureLedger.build/Debug-iphoneos/FeatureLedger.build/Objects-normal/arm64/FeatureLedger-linker-args.resp -o /Users/george.sigalas/Library/Developer/Xcode/DerivedData/ScribbleFit-fdogjjubbltqcsctzflnsjbdahon/Build/Products/Debug-iphoneos/FeatureLedger.o

ExtractAppIntentsMetadata (in target 'FeatureInsights' from project 'FeatureInsights')
    cd /Users/george.sigalas/AndroidStudioProjects/scribblefit/apps/ios/ScribbleFit/LocalPackages/Features/FeatureInsights
    /Applications/Xcode.app/Contents/Developer/Toolchains/XcodeDefault.xctoolchain/usr/bin/appintentsmetadataprocessor --toolchain-dir /Applications/Xcode.app/Contents/Developer/Toolchains/XcodeDefault.xctoolchain --module-name FeatureInsights --sdk-root /Applications/Xcode.app/Contents/Developer/Platforms/iPhoneOS.platform/Developer/SDKs/iPhoneOS26.4.sdk --xcode-version 17E202 --platform-family iOS --deployment-target 17.0 --bundle-identifier featureinsights.FeatureInsights --output /Users/george.sigalas/Library/Developer/Xcode/DerivedData/ScribbleFit-fdogjjubbltqcsctzflnsjbdahon/Build/Products/Debug-iphoneos/FeatureInsights.appintents --target-triple arm64-apple-ios17.0 --binary-file /Users/george.sigalas/Library/Developer/Xcode/DerivedData/ScribbleFit-fdogjjubbltqcsctzflnsjbdahon/Build/Products/Debug-iphoneos/FeatureInsights.o --dependency-file /Users/george.sigalas/Library/Developer/Xcode/DerivedData/ScribbleFit-fdogjjubbltqcsctzflnsjbdahon/Build/Intermediates.noindex/FeatureInsights.build/Debug-iphoneos/FeatureInsights.build/Objects-normal/arm64/FeatureInsights_dependency_info.dat --stringsdata-file /Users/george.sigalas/Library/Developer/Xcode/DerivedData/ScribbleFit-fdogjjubbltqcsctzflnsjbdahon/Build/Intermediates.noindex/FeatureInsights.build/Debug-iphoneos/FeatureInsights.build/Objects-normal/arm64/ExtractedAppShortcutsMetadata.stringsdata --source-file-list /Users/george.sigalas/Library/Developer/Xcode/DerivedData/ScribbleFit-fdogjjubbltqcsctzflnsjbdahon/Build/Intermediates.noindex/FeatureInsights.build/Debug-iphoneos/FeatureInsights.build/Objects-normal/arm64/FeatureInsights.SwiftFileList --metadata-file-list /Users/george.sigalas/Library/Developer/Xcode/DerivedData/ScribbleFit-fdogjjubbltqcsctzflnsjbdahon/Build/Intermediates.noindex/FeatureInsights.build/Debug-iphoneos/FeatureInsights.build/FeatureInsights.DependencyMetadataFileList --static-metadata-file-list /Users/george.sigalas/Library/Developer/Xcode/DerivedData/ScribbleFit-fdogjjubbltqcsctzflnsjbdahon/Build/Intermediates.noindex/FeatureInsights.build/Debug-iphoneos/FeatureInsights.build/FeatureInsights.DependencyStaticMetadataFileList --swift-const-vals-list /Users/george.sigalas/Library/Developer/Xcode/DerivedData/ScribbleFit-fdogjjubbltqcsctzflnsjbdahon/Build/Intermediates.noindex/FeatureInsights.build/Debug-iphoneos/FeatureInsights.build/Objects-normal/arm64/FeatureInsights.SwiftConstValuesFileList --force --compile-time-extraction --deployment-aware-processing --validate-assistant-intents --no-app-shortcuts-localization
2026-04-20 13:52:56.075 appintentsmetadataprocessor[66407:42951207] Starting appintentsmetadataprocessor export
2026-04-20 13:52:56.083 appintentsmetadataprocessor[66407:42951207] Extracted no relevant App Intents symbols, skipping writing output

ExtractAppIntentsMetadata (in target 'FeatureSettings' from project 'FeatureSettings')
    cd /Users/george.sigalas/AndroidStudioProjects/scribblefit/apps/ios/ScribbleFit/LocalPackages/Features/FeatureSettings
    /Applications/Xcode.app/Contents/Developer/Toolchains/XcodeDefault.xctoolchain/usr/bin/appintentsmetadataprocessor --toolchain-dir /Applications/Xcode.app/Contents/Developer/Toolchains/XcodeDefault.xctoolchain --module-name FeatureSettings --sdk-root /Applications/Xcode.app/Contents/Developer/Platforms/iPhoneOS.platform/Developer/SDKs/iPhoneOS26.4.sdk --xcode-version 17E202 --platform-family iOS --deployment-target 17.0 --bundle-identifier featuresettings.FeatureSettings --output /Users/george.sigalas/Library/Developer/Xcode/DerivedData/ScribbleFit-fdogjjubbltqcsctzflnsjbdahon/Build/Products/Debug-iphoneos/FeatureSettings.appintents --target-triple arm64-apple-ios17.0 --binary-file /Users/george.sigalas/Library/Developer/Xcode/DerivedData/ScribbleFit-fdogjjubbltqcsctzflnsjbdahon/Build/Products/Debug-iphoneos/FeatureSettings.o --dependency-file /Users/george.sigalas/Library/Developer/Xcode/DerivedData/ScribbleFit-fdogjjubbltqcsctzflnsjbdahon/Build/Intermediates.noindex/FeatureSettings.build/Debug-iphoneos/FeatureSettings.build/Objects-normal/arm64/FeatureSettings_dependency_info.dat --stringsdata-file /Users/george.sigalas/Library/Developer/Xcode/DerivedData/ScribbleFit-fdogjjubbltqcsctzflnsjbdahon/Build/Intermediates.noindex/FeatureSettings.build/Debug-iphoneos/FeatureSettings.build/Objects-normal/arm64/ExtractedAppShortcutsMetadata.stringsdata --source-file-list /Users/george.sigalas/Library/Developer/Xcode/DerivedData/ScribbleFit-fdogjjubbltqcsctzflnsjbdahon/Build/Intermediates.noindex/FeatureSettings.build/Debug-iphoneos/FeatureSettings.build/Objects-normal/arm64/FeatureSettings.SwiftFileList --metadata-file-list /Users/george.sigalas/Library/Developer/Xcode/DerivedData/ScribbleFit-fdogjjubbltqcsctzflnsjbdahon/Build/Intermediates.noindex/FeatureSettings.build/Debug-iphoneos/FeatureSettings.build/FeatureSettings.DependencyMetadataFileList --static-metadata-file-list /Users/george.sigalas/Library/Developer/Xcode/DerivedData/ScribbleFit-fdogjjubbltqcsctzflnsjbdahon/Build/Intermediates.noindex/FeatureSettings.build/Debug-iphoneos/FeatureSettings.build/FeatureSettings.DependencyStaticMetadataFileList --swift-const-vals-list /Users/george.sigalas/Library/Developer/Xcode/DerivedData/ScribbleFit-fdogjjubbltqcsctzflnsjbdahon/Build/Intermediates.noindex/FeatureSettings.build/Debug-iphoneos/FeatureSettings.build/Objects-normal/arm64/FeatureSettings.SwiftConstValuesFileList --force --compile-time-extraction --deployment-aware-processing --validate-assistant-intents --no-app-shortcuts-localization
2026-04-20 13:52:56.090 appintentsmetadataprocessor[66409:42951225] Starting appintentsmetadataprocessor export
2026-04-20 13:52:56.098 appintentsmetadataprocessor[66409:42951225] Extracted no relevant App Intents symbols, skipping writing output

ExtractAppIntentsMetadata (in target 'FeatureLedger' from project 'FeatureLedger')
    cd /Users/george.sigalas/AndroidStudioProjects/scribblefit/apps/ios/ScribbleFit/LocalPackages/Features/FeatureLedger
    /Applications/Xcode.app/Contents/Developer/Toolchains/XcodeDefault.xctoolchain/usr/bin/appintentsmetadataprocessor --toolchain-dir /Applications/Xcode.app/Contents/Developer/Toolchains/XcodeDefault.xctoolchain --module-name FeatureLedger --sdk-root /Applications/Xcode.app/Contents/Developer/Platforms/iPhoneOS.platform/Developer/SDKs/iPhoneOS26.4.sdk --xcode-version 17E202 --platform-family iOS --deployment-target 17.0 --bundle-identifier featureledger.FeatureLedger --output /Users/george.sigalas/Library/Developer/Xcode/DerivedData/ScribbleFit-fdogjjubbltqcsctzflnsjbdahon/Build/Products/Debug-iphoneos/FeatureLedger.appintents --target-triple arm64-apple-ios17.0 --binary-file /Users/george.sigalas/Library/Developer/Xcode/DerivedData/ScribbleFit-fdogjjubbltqcsctzflnsjbdahon/Build/Products/Debug-iphoneos/FeatureLedger.o --dependency-file /Users/george.sigalas/Library/Developer/Xcode/DerivedData/ScribbleFit-fdogjjubbltqcsctzflnsjbdahon/Build/Intermediates.noindex/FeatureLedger.build/Debug-iphoneos/FeatureLedger.build/Objects-normal/arm64/FeatureLedger_dependency_info.dat --stringsdata-file /Users/george.sigalas/Library/Developer/Xcode/DerivedData/ScribbleFit-fdogjjubbltqcsctzflnsjbdahon/Build/Intermediates.noindex/FeatureLedger.build/Debug-iphoneos/FeatureLedger.build/Objects-normal/arm64/ExtractedAppShortcutsMetadata.stringsdata --source-file-list /Users/george.sigalas/Library/Developer/Xcode/DerivedData/ScribbleFit-fdogjjubbltqcsctzflnsjbdahon/Build/Intermediates.noindex/FeatureLedger.build/Debug-iphoneos/FeatureLedger.build/Objects-normal/arm64/FeatureLedger.SwiftFileList --metadata-file-list /Users/george.sigalas/Library/Developer/Xcode/DerivedData/ScribbleFit-fdogjjubbltqcsctzflnsjbdahon/Build/Intermediates.noindex/FeatureLedger.build/Debug-iphoneos/FeatureLedger.build/FeatureLedger.DependencyMetadataFileList --static-metadata-file-list /Users/george.sigalas/Library/Developer/Xcode/DerivedData/ScribbleFit-fdogjjubbltqcsctzflnsjbdahon/Build/Intermediates.noindex/FeatureLedger.build/Debug-iphoneos/FeatureLedger.build/FeatureLedger.DependencyStaticMetadataFileList --swift-const-vals-list /Users/george.sigalas/Library/Developer/Xcode/DerivedData/ScribbleFit-fdogjjubbltqcsctzflnsjbdahon/Build/Intermediates.noindex/FeatureLedger.build/Debug-iphoneos/FeatureLedger.build/Objects-normal/arm64/FeatureLedger.SwiftConstValuesFileList --force --compile-time-extraction --deployment-aware-processing --validate-assistant-intents --no-app-shortcuts-localization
2026-04-20 13:52:56.098 appintentsmetadataprocessor[66410:42951243] Starting appintentsmetadataprocessor export
2026-04-20 13:52:56.106 appintentsmetadataprocessor[66410:42951243] Extracted no relevant App Intents symbols, skipping writing output

RegisterExecutionPolicyException /Users/george.sigalas/Library/Developer/Xcode/DerivedData/ScribbleFit-fdogjjubbltqcsctzflnsjbdahon/Build/Products/Debug-iphoneos/FeatureInsights.o (in target 'FeatureInsights' from project 'FeatureInsights')
    cd /Users/george.sigalas/AndroidStudioProjects/scribblefit/apps/ios/ScribbleFit/LocalPackages/Features/FeatureInsights
    builtin-RegisterExecutionPolicyException /Users/george.sigalas/Library/Developer/Xcode/DerivedData/ScribbleFit-fdogjjubbltqcsctzflnsjbdahon/Build/Products/Debug-iphoneos/FeatureInsights.o

RegisterExecutionPolicyException /Users/george.sigalas/Library/Developer/Xcode/DerivedData/ScribbleFit-fdogjjubbltqcsctzflnsjbdahon/Build/Products/Debug-iphoneos/FeatureSettings.o (in target 'FeatureSettings' from project 'FeatureSettings')
    cd /Users/george.sigalas/AndroidStudioProjects/scribblefit/apps/ios/ScribbleFit/LocalPackages/Features/FeatureSettings
    builtin-RegisterExecutionPolicyException /Users/george.sigalas/Library/Developer/Xcode/DerivedData/ScribbleFit-fdogjjubbltqcsctzflnsjbdahon/Build/Products/Debug-iphoneos/FeatureSettings.o

RegisterExecutionPolicyException /Users/george.sigalas/Library/Developer/Xcode/DerivedData/ScribbleFit-fdogjjubbltqcsctzflnsjbdahon/Build/Products/Debug-iphoneos/FeatureLedger.o (in target 'FeatureLedger' from project 'FeatureLedger')
    cd /Users/george.sigalas/AndroidStudioProjects/scribblefit/apps/ios/ScribbleFit/LocalPackages/Features/FeatureLedger
    builtin-RegisterExecutionPolicyException /Users/george.sigalas/Library/Developer/Xcode/DerivedData/ScribbleFit-fdogjjubbltqcsctzflnsjbdahon/Build/Products/Debug-iphoneos/FeatureLedger.o

Ld /Users/george.sigalas/Library/Developer/Xcode/DerivedData/ScribbleFit-fdogjjubbltqcsctzflnsjbdahon/Build/Products/Debug-iphoneos/FeatureCanvas.o normal (in target 'FeatureCanvas' from project 'FeatureCanvas')
    cd /Users/george.sigalas/AndroidStudioProjects/scribblefit/apps/ios/ScribbleFit/LocalPackages/Features/FeatureCanvas
    /Applications/Xcode.app/Contents/Developer/Toolchains/XcodeDefault.xctoolchain/usr/bin/clang -Xlinker -reproducible -target arm64-apple-ios17.0 -r -isysroot /Applications/Xcode.app/Contents/Developer/Platforms/iPhoneOS.platform/Developer/SDKs/iPhoneOS26.4.sdk -O0 -w -F/Users/george.sigalas/Library/Developer/Xcode/DerivedData/ScribbleFit-fdogjjubbltqcsctzflnsjbdahon/Build/Intermediates.noindex/EagerLinkingTBDs/Debug-iphoneos -F/Users/george.sigalas/Library/Developer/Xcode/DerivedData/ScribbleFit-fdogjjubbltqcsctzflnsjbdahon/Build/Products/Debug-iphoneos/PackageFrameworks -F/Users/george.sigalas/Library/Developer/Xcode/DerivedData/ScribbleFit-fdogjjubbltqcsctzflnsjbdahon/Build/Products/Debug-iphoneos/PackageFrameworks -F/Users/george.sigalas/Library/Developer/Xcode/DerivedData/ScribbleFit-fdogjjubbltqcsctzflnsjbdahon/Build/Products/Debug-iphoneos/PackageFrameworks -F/Users/george.sigalas/Library/Developer/Xcode/DerivedData/ScribbleFit-fdogjjubbltqcsctzflnsjbdahon/Build/Products/Debug-iphoneos/PackageFrameworks -F/Users/george.sigalas/Library/Developer/Xcode/DerivedData/ScribbleFit-fdogjjubbltqcsctzflnsjbdahon/Build/Products/Debug-iphoneos/PackageFrameworks -F/Users/george.sigalas/Library/Developer/Xcode/DerivedData/ScribbleFit-fdogjjubbltqcsctzflnsjbdahon/Build/Products/Debug-iphoneos/PackageFrameworks -F/Users/george.sigalas/Library/Developer/Xcode/DerivedData/ScribbleFit-fdogjjubbltqcsctzflnsjbdahon/Build/Products/Debug-iphoneos/PackageFrameworks -F/Users/george.sigalas/Library/Developer/Xcode/DerivedData/ScribbleFit-fdogjjubbltqcsctzflnsjbdahon/Build/Products/Debug-iphoneos/PackageFrameworks -F/Users/george.sigalas/Library/Developer/Xcode/DerivedData/ScribbleFit-fdogjjubbltqcsctzflnsjbdahon/Build/Products/Debug-iphoneos/PackageFrameworks -F/Users/george.sigalas/Library/Developer/Xcode/DerivedData/ScribbleFit-fdogjjubbltqcsctzflnsjbdahon/Build/Products/Debug-iphoneos/PackageFrameworks -F/Users/george.sigalas/Library/Developer/Xcode/DerivedData/ScribbleFit-fdogjjubbltqcsctzflnsjbdahon/Build/Products/Debug-iphoneos/PackageFrameworks -F/Users/george.sigalas/Library/Developer/Xcode/DerivedData/ScribbleFit-fdogjjubbltqcsctzflnsjbdahon/Build/Products/Debug-iphoneos/PackageFrameworks -F/Users/george.sigalas/Library/Developer/Xcode/DerivedData/ScribbleFit-fdogjjubbltqcsctzflnsjbdahon/Build/Products/Debug-iphoneos/PackageFrameworks -F/Users/george.sigalas/Library/Developer/Xcode/DerivedData/ScribbleFit-fdogjjubbltqcsctzflnsjbdahon/Build/Products/Debug-iphoneos/PackageFrameworks -F/Users/george.sigalas/Library/Developer/Xcode/DerivedData/ScribbleFit-fdogjjubbltqcsctzflnsjbdahon/Build/Products/Debug-iphoneos/PackageFrameworks -F/Users/george.sigalas/Library/Developer/Xcode/DerivedData/ScribbleFit-fdogjjubbltqcsctzflnsjbdahon/Build/Products/Debug-iphoneos/PackageFrameworks -F/Users/george.sigalas/Library/Developer/Xcode/DerivedData/ScribbleFit-fdogjjubbltqcsctzflnsjbdahon/Build/Products/Debug-iphoneos/PackageFrameworks -F/Users/george.sigalas/Library/Developer/Xcode/DerivedData/ScribbleFit-fdogjjubbltqcsctzflnsjbdahon/Build/Products/Debug-iphoneos/PackageFrameworks -F/Users/george.sigalas/Library/Developer/Xcode/DerivedData/ScribbleFit-fdogjjubbltqcsctzflnsjbdahon/Build/Products/Debug-iphoneos/PackageFrameworks -F/Users/george.sigalas/Library/Developer/Xcode/DerivedData/ScribbleFit-fdogjjubbltqcsctzflnsjbdahon/Build/Products/Debug-iphoneos/PackageFrameworks -F/Users/george.sigalas/Library/Developer/Xcode/DerivedData/ScribbleFit-fdogjjubbltqcsctzflnsjbdahon/Build/Products/Debug-iphoneos/PackageFrameworks -F/Users/george.sigalas/Library/Developer/Xcode/DerivedData/ScribbleFit-fdogjjubbltqcsctzflnsjbdahon/Build/Products/Debug-iphoneos/PackageFrameworks -F/Users/george.sigalas/Library/Developer/Xcode/DerivedData/ScribbleFit-fdogjjubbltqcsctzflnsjbdahon/Build/Products/Debug-iphoneos/PackageFrameworks -F/Users/george.sigalas/Library/Developer/Xcode/DerivedData/ScribbleFit-fdogjjubbltqcsctzflnsjbdahon/Build/Products/Debug-iphoneos/PackageFrameworks -F/Users/george.sigalas/Library/Developer/Xcode/DerivedData/ScribbleFit-fdogjjubbltqcsctzflnsjbdahon/Build/Products/Debug-iphoneos/PackageFrameworks -F/Users/george.sigalas/Library/Developer/Xcode/DerivedData/ScribbleFit-fdogjjubbltqcsctzflnsjbdahon/Build/Products/Debug-iphoneos/PackageFrameworks -F/Users/george.sigalas/Library/Developer/Xcode/DerivedData/ScribbleFit-fdogjjubbltqcsctzflnsjbdahon/Build/Products/Debug-iphoneos/PackageFrameworks -F/Users/george.sigalas/Library/Developer/Xcode/DerivedData/ScribbleFit-fdogjjubbltqcsctzflnsjbdahon/Build/Products/Debug-iphoneos/PackageFrameworks -F/Users/george.sigalas/Library/Developer/Xcode/DerivedData/ScribbleFit-fdogjjubbltqcsctzflnsjbdahon/Build/Products/Debug-iphoneos/PackageFrameworks -F/Users/george.sigalas/Library/Developer/Xcode/DerivedData/ScribbleFit-fdogjjubbltqcsctzflnsjbdahon/Build/Products/Debug-iphoneos/PackageFrameworks -F/Users/george.sigalas/Library/Developer/Xcode/DerivedData/ScribbleFit-fdogjjubbltqcsctzflnsjbdahon/Build/Products/Debug-iphoneos/PackageFrameworks -F/Users/george.sigalas/Library/Developer/Xcode/DerivedData/ScribbleFit-fdogjjubbltqcsctzflnsjbdahon/Build/Products/Debug-iphoneos/PackageFrameworks -F/Users/george.sigalas/Library/Developer/Xcode/DerivedData/ScribbleFit-fdogjjubbltqcsctzflnsjbdahon/Build/Products/Debug-iphoneos/PackageFrameworks -F/Users/george.sigalas/Library/Developer/Xcode/DerivedData/ScribbleFit-fdogjjubbltqcsctzflnsjbdahon/Build/Products/Debug-iphoneos/PackageFrameworks -F/Users/george.sigalas/Library/Developer/Xcode/DerivedData/ScribbleFit-fdogjjubbltqcsctzflnsjbdahon/Build/Products/Debug-iphoneos/PackageFrameworks -F/Users/george.sigalas/Library/Developer/Xcode/DerivedData/ScribbleFit-fdogjjubbltqcsctzflnsjbdahon/Build/Products/Debug-iphoneos/PackageFrameworks -F/Users/george.sigalas/Library/Developer/Xcode/DerivedData/ScribbleFit-fdogjjubbltqcsctzflnsjbdahon/Build/Products/Debug-iphoneos -iframework /Applications/Xcode.app/Contents/Developer/Platforms/iPhoneOS.platform/Developer/Library/Frameworks -iframework /Applications/Xcode.app/Contents/Developer/Platforms/iPhoneOS.platform/Developer/SDKs/iPhoneOS26.4.sdk/Developer/Library/Frameworks -filelist /Users/george.sigalas/Library/Developer/Xcode/DerivedData/ScribbleFit-fdogjjubbltqcsctzflnsjbdahon/Build/Intermediates.noindex/FeatureCanvas.build/Debug-iphoneos/FeatureCanvas.build/Objects-normal/arm64/FeatureCanvas.LinkFileList -nostdlib -Xlinker -object_path_lto -Xlinker /Users/george.sigalas/Library/Developer/Xcode/DerivedData/ScribbleFit-fdogjjubbltqcsctzflnsjbdahon/Build/Intermediates.noindex/FeatureCanvas.build/Debug-iphoneos/FeatureCanvas.build/Objects-normal/arm64/FeatureCanvas_lto.o -Xlinker -no_deduplicate -Xlinker -debug_variant -Xlinker -dependency_info -Xlinker /Users/george.sigalas/Library/Developer/Xcode/DerivedData/ScribbleFit-fdogjjubbltqcsctzflnsjbdahon/Build/Intermediates.noindex/FeatureCanvas.build/Debug-iphoneos/FeatureCanvas.build/Objects-normal/arm64/FeatureCanvas_dependency_info.dat -fobjc-link-runtime -L/Applications/Xcode.app/Contents/Developer/Toolchains/XcodeDefault.xctoolchain/usr/lib/swift/iphoneos -L/usr/lib/swift -Xlinker -add_ast_path -Xlinker /Users/george.sigalas/Library/Developer/Xcode/DerivedData/ScribbleFit-fdogjjubbltqcsctzflnsjbdahon/Build/Intermediates.noindex/FeatureCanvas.build/Debug-iphoneos/FeatureCanvas.build/Objects-normal/arm64/FeatureCanvas.swiftmodule @/Users/george.sigalas/Library/Developer/Xcode/DerivedData/ScribbleFit-fdogjjubbltqcsctzflnsjbdahon/Build/Intermediates.noindex/FeatureCanvas.build/Debug-iphoneos/FeatureCanvas.build/Objects-normal/arm64/FeatureCanvas-linker-args.resp -o /Users/george.sigalas/Library/Developer/Xcode/DerivedData/ScribbleFit-fdogjjubbltqcsctzflnsjbdahon/Build/Products/Debug-iphoneos/FeatureCanvas.o

SwiftDriverJobDiscovery normal arm64 Compiling ScribbleFitApp.swift (in target 'ScribbleFit' from project 'ScribbleFit' at path '/Users/george.sigalas/AndroidStudioProjects/scribblefit/apps/ios/ScribbleFit/ScribbleFit.xcodeproj')

SwiftDriver\ Compilation ScribbleFit normal arm64 com.apple.xcode.tools.swift.compiler (in target 'ScribbleFit' from project 'ScribbleFit' at path '/Users/george.sigalas/AndroidStudioProjects/scribblefit/apps/ios/ScribbleFit/ScribbleFit.xcodeproj')
    cd /Users/george.sigalas/AndroidStudioProjects/scribblefit/apps/ios/ScribbleFit
    builtin-Swift-Compilation -- /Applications/Xcode.app/Contents/Developer/Toolchains/XcodeDefault.xctoolchain/usr/bin/swiftc -module-name ScribbleFit -Onone @/Users/george.sigalas/Library/Developer/Xcode/DerivedData/ScribbleFit-fdogjjubbltqcsctzflnsjbdahon/Build/Intermediates.noindex/ScribbleFit.build/Debug-iphoneos/ScribbleFit.build/Objects-normal/arm64/ScribbleFit.SwiftFileList -DDEBUG -Xcc -fmodule-map-file\=/Users/george.sigalas/Library/Developer/Xcode/DerivedData/ScribbleFit-fdogjjubbltqcsctzflnsjbdahon/Build/Intermediates.noindex/GeneratedModuleMaps-iphoneos/AppCheckCore.modulemap -Xcc -fmodule-map-file\=/Users/george.sigalas/Library/Developer/Xcode/DerivedData/ScribbleFit-fdogjjubbltqcsctzflnsjbdahon/Build/Intermediates.noindex/GeneratedModuleMaps-iphoneos/GoogleUtilities-UserDefaults.modulemap -Xcc -fmodule-map-file\=/Users/george.sigalas/Library/Developer/Xcode/DerivedData/ScribbleFit-fdogjjubbltqcsctzflnsjbdahon/Build/Intermediates.noindex/GeneratedModuleMaps-iphoneos/FirebaseAppCheck.modulemap -Xcc -fmodule-map-file\=/Users/george.sigalas/Library/Developer/Xcode/DerivedData/ScribbleFit-fdogjjubbltqcsctzflnsjbdahon/Build/Intermediates.noindex/GeneratedModuleMaps-iphoneos/RecaptchaInterop.modulemap -Xcc -fmodule-map-file\=/Users/george.sigalas/Library/Developer/Xcode/DerivedData/ScribbleFit-fdogjjubbltqcsctzflnsjbdahon/Build/Intermediates.noindex/GeneratedModuleMaps-iphoneos/GoogleUtilities-Network.modulemap -Xcc -fmodule-map-file\=/Users/george.sigalas/Library/Developer/Xcode/DerivedData/ScribbleFit-fdogjjubbltqcsctzflnsjbdahon/Build/Intermediates.noindex/GeneratedModuleMaps-iphoneos/GoogleUtilities-Reachability.modulemap -Xcc -fmodule-map-file\=/Users/george.sigalas/Library/Developer/Xcode/DerivedData/ScribbleFit-fdogjjubbltqcsctzflnsjbdahon/Build/Intermediates.noindex/GeneratedModuleMaps-iphoneos/GoogleUtilities-AppDelegateSwizzler.modulemap -Xcc -fmodule-map-file\=/Users/george.sigalas/Library/Developer/Xcode/DerivedData/ScribbleFit-fdogjjubbltqcsctzflnsjbdahon/Build/Intermediates.noindex/GeneratedModuleMaps-iphoneos/GTMSessionFetcherCore.modulemap -Xcc -fmodule-map-file\=/Users/george.sigalas/Library/Developer/Xcode/DerivedData/ScribbleFit-fdogjjubbltqcsctzflnsjbdahon/Build/Intermediates.noindex/GeneratedModuleMaps-iphoneos/FirebaseAuthInternal.modulemap -Xcc -fmodule-map-file\=/Users/george.sigalas/Library/Developer/Xcode/DerivedData/ScribbleFit-fdogjjubbltqcsctzflnsjbdahon/Build/Intermediates.noindex/GeneratedModuleMaps-iphoneos/GoogleUtilities-NSData.modulemap -Xcc -fmodule-map-file\=/Users/george.sigalas/Library/Developer/Xcode/DerivedData/ScribbleFit-fdogjjubbltqcsctzflnsjbdahon/Build/Intermediates.noindex/GeneratedModuleMaps-iphoneos/GoogleUtilities-Environment.modulemap -Xcc -fmodule-map-file\=/Users/george.sigalas/Library/Developer/Xcode/DerivedData/ScribbleFit-fdogjjubbltqcsctzflnsjbdahon/Build/Intermediates.noindex/GeneratedModuleMaps-iphoneos/third-party-IsAppEncrypted.modulemap -Xcc -fmodule-map-file\=/Users/george.sigalas/Library/Developer/Xcode/DerivedData/ScribbleFit-fdogjjubbltqcsctzflnsjbdahon/Build/Intermediates.noindex/GeneratedModuleMaps-iphoneos/GoogleUtilities-Logger.modulemap -Xcc -fmodule-map-file\=/Users/george.sigalas/Library/Developer/Xcode/DerivedData/ScribbleFit-fdogjjubbltqcsctzflnsjbdahon/Build/Intermediates.noindex/GeneratedModuleMaps-iphoneos/FirebaseCoreExtension.modulemap -Xcc -fmodule-map-file\=/Users/george.sigalas/Library/Developer/Xcode/DerivedData/ScribbleFit-fdogjjubbltqcsctzflnsjbdahon/Build/Intermediates.noindex/GeneratedModuleMaps-iphoneos/FirebaseCore.modulemap -Xcc -fmodule-map-file\=/Users/george.sigalas/Library/Developer/Xcode/DerivedData/ScribbleFit-fdogjjubbltqcsctzflnsjbdahon/Build/Intermediates.noindex/GeneratedModuleMaps-iphoneos/FirebaseAuthInterop.modulemap -Xcc -fmodule-map-file\=/Users/george.sigalas/Library/Developer/Xcode/DerivedData/ScribbleFit-fdogjjubbltqcsctzflnsjbdahon/Build/Intermediates.noindex/GeneratedModuleMaps-iphoneos/FirebaseAppCheckInterop.modulemap -default-isolation\=MainActor -enable-upcoming-feature MemberImportVisibility -enable-upcoming-feature InferIsolatedConformances -enable-upcoming-feature NonisolatedNonsendingByDefault -enable-experimental-feature DebugDescriptionMacro -sdk /Applications/Xcode.app/Contents/Developer/Platforms/iPhoneOS.platform/Developer/SDKs/iPhoneOS26.4.sdk -target arm64-apple-ios17.0 -g -module-cache-path /Users/george.sigalas/Library/Developer/Xcode/DerivedData/ModuleCache.noindex -Xfrontend -serialize-debugging-options -profile-coverage-mapping -profile-generate -enable-testing -index-store-path /Users/george.sigalas/Library/Developer/Xcode/DerivedData/ScribbleFit-fdogjjubbltqcsctzflnsjbdahon/Index.noindex/DataStore -Xcc -D_LIBCPP_HARDENING_MODE\=_LIBCPP_HARDENING_MODE_DEBUG -swift-version 6 -I /Users/george.sigalas/Library/Developer/Xcode/DerivedData/ScribbleFit-fdogjjubbltqcsctzflnsjbdahon/Build/Products/Debug-iphoneos -F /Users/george.sigalas/Library/Developer/Xcode/DerivedData/ScribbleFit-fdogjjubbltqcsctzflnsjbdahon/Build/Products/Debug-iphoneos/PackageFrameworks -F /Users/george.sigalas/Library/Developer/Xcode/DerivedData/ScribbleFit-fdogjjubbltqcsctzflnsjbdahon/Build/Products/Debug-iphoneos/PackageFrameworks -F /Users/george.sigalas/Library/Developer/Xcode/DerivedData/ScribbleFit-fdogjjubbltqcsctzflnsjbdahon/Build/Products/Debug-iphoneos/PackageFrameworks -F /Users/george.sigalas/Library/Developer/Xcode/DerivedData/ScribbleFit-fdogjjubbltqcsctzflnsjbdahon/Build/Products/Debug-iphoneos/PackageFrameworks -F /Users/george.sigalas/Library/Developer/Xcode/DerivedData/ScribbleFit-fdogjjubbltqcsctzflnsjbdahon/Build/Products/Debug-iphoneos/PackageFrameworks -F /Users/george.sigalas/Library/Developer/Xcode/DerivedData/ScribbleFit-fdogjjubbltqcsctzflnsjbdahon/Build/Products/Debug-iphoneos/PackageFrameworks -F /Users/george.sigalas/Library/Developer/Xcode/DerivedData/ScribbleFit-fdogjjubbltqcsctzflnsjbdahon/Build/Products/Debug-iphoneos/PackageFrameworks -F /Users/george.sigalas/Library/Developer/Xcode/DerivedData/ScribbleFit-fdogjjubbltqcsctzflnsjbdahon/Build/Products/Debug-iphoneos/PackageFrameworks -F /Users/george.sigalas/Library/Developer/Xcode/DerivedData/ScribbleFit-fdogjjubbltqcsctzflnsjbdahon/Build/Products/Debug-iphoneos/PackageFrameworks -F /Users/george.sigalas/Library/Developer/Xcode/DerivedData/ScribbleFit-fdogjjubbltqcsctzflnsjbdahon/Build/Products/Debug-iphoneos/PackageFrameworks -F /Users/george.sigalas/Library/Developer/Xcode/DerivedData/ScribbleFit-fdogjjubbltqcsctzflnsjbdahon/Build/Products/Debug-iphoneos/PackageFrameworks -F /Users/george.sigalas/Library/Developer/Xcode/DerivedData/ScribbleFit-fdogjjubbltqcsctzflnsjbdahon/Build/Products/Debug-iphoneos/PackageFrameworks -F /Users/george.sigalas/Library/Developer/Xcode/DerivedData/ScribbleFit-fdogjjubbltqcsctzflnsjbdahon/Build/Products/Debug-iphoneos/PackageFrameworks -F /Users/george.sigalas/Library/Developer/Xcode/DerivedData/ScribbleFit-fdogjjubbltqcsctzflnsjbdahon/Build/Products/Debug-iphoneos/PackageFrameworks -F /Users/george.sigalas/Library/Developer/Xcode/DerivedData/ScribbleFit-fdogjjubbltqcsctzflnsjbdahon/Build/Products/Debug-iphoneos/PackageFrameworks -F /Users/george.sigalas/Library/Developer/Xcode/DerivedData/ScribbleFit-fdogjjubbltqcsctzflnsjbdahon/Build/Products/Debug-iphoneos/PackageFrameworks -F /Users/george.sigalas/Library/Developer/Xcode/DerivedData/ScribbleFit-fdogjjubbltqcsctzflnsjbdahon/Build/Products/Debug-iphoneos/PackageFrameworks -F /Users/george.sigalas/Library/Developer/Xcode/DerivedData/ScribbleFit-fdogjjubbltqcsctzflnsjbdahon/Build/Products/Debug-iphoneos/PackageFrameworks -F /Users/george.sigalas/Library/Developer/Xcode/DerivedData/ScribbleFit-fdogjjubbltqcsctzflnsjbdahon/Build/Products/Debug-iphoneos/PackageFrameworks -F /Users/george.sigalas/Library/Developer/Xcode/DerivedData/ScribbleFit-fdogjjubbltqcsctzflnsjbdahon/Build/Products/Debug-iphoneos/PackageFrameworks -F /Users/george.sigalas/Library/Developer/Xcode/DerivedData/ScribbleFit-fdogjjubbltqcsctzflnsjbdahon/Build/Products/Debug-iphoneos/PackageFrameworks -F /Users/george.sigalas/Library/Developer/Xcode/DerivedData/ScribbleFit-fdogjjubbltqcsctzflnsjbdahon/Build/Products/Debug-iphoneos/PackageFrameworks -F /Users/george.sigalas/Library/Developer/Xcode/DerivedData/ScribbleFit-fdogjjubbltqcsctzflnsjbdahon/Build/Products/Debug-iphoneos/PackageFrameworks -F /Users/george.sigalas/Library/Developer/Xcode/DerivedData/ScribbleFit-fdogjjubbltqcsctzflnsjbdahon/Build/Products/Debug-iphoneos/PackageFrameworks -F /Users/george.sigalas/Library/Developer/Xcode/DerivedData/ScribbleFit-fdogjjubbltqcsctzflnsjbdahon/Build/Products/Debug-iphoneos/PackageFrameworks -F /Users/george.sigalas/Library/Developer/Xcode/DerivedData/ScribbleFit-fdogjjubbltqcsctzflnsjbdahon/Build/Products/Debug-iphoneos/PackageFrameworks -F /Users/george.sigalas/Library/Developer/Xcode/DerivedData/ScribbleFit-fdogjjubbltqcsctzflnsjbdahon/Build/Products/Debug-iphoneos/PackageFrameworks -F /Users/george.sigalas/Library/Developer/Xcode/DerivedData/ScribbleFit-fdogjjubbltqcsctzflnsjbdahon/Build/Products/Debug-iphoneos/PackageFrameworks -F /Users/george.sigalas/Library/Developer/Xcode/DerivedData/ScribbleFit-fdogjjubbltqcsctzflnsjbdahon/Build/Products/Debug-iphoneos/PackageFrameworks -F /Users/george.sigalas/Library/Developer/Xcode/DerivedData/ScribbleFit-fdogjjubbltqcsctzflnsjbdahon/Build/Products/Debug-iphoneos/PackageFrameworks -F /Users/george.sigalas/Library/Developer/Xcode/DerivedData/ScribbleFit-fdogjjubbltqcsctzflnsjbdahon/Build/Products/Debug-iphoneos/PackageFrameworks -F /Users/george.sigalas/Library/Developer/Xcode/DerivedData/ScribbleFit-fdogjjubbltqcsctzflnsjbdahon/Build/Products/Debug-iphoneos/PackageFrameworks -F /Users/george.sigalas/Library/Developer/Xcode/DerivedData/ScribbleFit-fdogjjubbltqcsctzflnsjbdahon/Build/Products/Debug-iphoneos/PackageFrameworks -F /Users/george.sigalas/Library/Developer/Xcode/DerivedData/ScribbleFit-fdogjjubbltqcsctzflnsjbdahon/Build/Products/Debug-iphoneos/PackageFrameworks -F /Users/george.sigalas/Library/Developer/Xcode/DerivedData/ScribbleFit-fdogjjubbltqcsctzflnsjbdahon/Build/Products/Debug-iphoneos/PackageFrameworks -F /Users/george.sigalas/Library/Developer/Xcode/DerivedData/ScribbleFit-fdogjjubbltqcsctzflnsjbdahon/Build/Products/Debug-iphoneos/PackageFrameworks -F /Users/george.sigalas/Library/Developer/Xcode/DerivedData/ScribbleFit-fdogjjubbltqcsctzflnsjbdahon/Build/Products/Debug-iphoneos/PackageFrameworks -F /Users/george.sigalas/Library/Developer/Xcode/DerivedData/ScribbleFit-fdogjjubbltqcsctzflnsjbdahon/Build/Products/Debug-iphoneos/PackageFrameworks -F /Users/george.sigalas/Library/Developer/Xcode/DerivedData/ScribbleFit-fdogjjubbltqcsctzflnsjbdahon/Build/Products/Debug-iphoneos -emit-localized-strings -emit-localized-strings-path /Users/george.sigalas/Library/Developer/Xcode/DerivedData/ScribbleFit-fdogjjubbltqcsctzflnsjbdahon/Build/Intermediates.noindex/ScribbleFit.build/Debug-iphoneos/ScribbleFit.build/Objects-normal/arm64 -c -j14 -enable-batch-mode -incremental -Xcc -ivfsstatcache -Xcc /Users/george.sigalas/Library/Developer/Xcode/DerivedData/SDKStatCaches.noindex/iphoneos26.4-23E252-68a138bb55de9ba35ce6c8c40d12849e.sdkstatcache -output-file-map /Users/george.sigalas/Library/Developer/Xcode/DerivedData/ScribbleFit-fdogjjubbltqcsctzflnsjbdahon/Build/Intermediates.noindex/ScribbleFit.build/Debug-iphoneos/ScribbleFit.build/Objects-normal/arm64/ScribbleFit-OutputFileMap.json -use-frontend-parseable-output -save-temps -no-color-diagnostics -explicit-module-build -module-cache-path /Users/george.sigalas/Library/Developer/Xcode/DerivedData/ScribbleFit-fdogjjubbltqcsctzflnsjbdahon/Build/Intermediates.noindex/SwiftExplicitPrecompiledModules -clang-scanner-module-cache-path /Users/george.sigalas/Library/Developer/Xcode/DerivedData/ModuleCache.noindex -sdk-module-cache-path /Users/george.sigalas/Library/Developer/Xcode/DerivedData/ModuleCache.noindex -serialize-diagnostics -emit-dependencies -emit-module -emit-module-path /Users/george.sigalas/Library/Developer/Xcode/DerivedData/ScribbleFit-fdogjjubbltqcsctzflnsjbdahon/Build/Intermediates.noindex/ScribbleFit.build/Debug-iphoneos/ScribbleFit.build/Objects-normal/arm64/ScribbleFit.swiftmodule -validate-clang-modules-once -clang-build-session-file /Users/george.sigalas/Library/Developer/Xcode/DerivedData/ModuleCache.noindex/Session.modulevalidation -Xcc -I/Users/george.sigalas/Library/Developer/Xcode/DerivedData/ScribbleFit-fdogjjubbltqcsctzflnsjbdahon/Build/Intermediates.noindex/ScribbleFit.build/Debug-iphoneos/ScribbleFit.build/swift-overrides.hmap -emit-const-values -Xfrontend -const-gather-protocols-file -Xfrontend /Users/george.sigalas/Library/Developer/Xcode/DerivedData/ScribbleFit-fdogjjubbltqcsctzflnsjbdahon/Build/Intermediates.noindex/ScribbleFit.build/Debug-iphoneos/ScribbleFit.build/Objects-normal/arm64/ScribbleFit_const_extract_protocols.json -Xcc -iquote -Xcc /Users/george.sigalas/Library/Developer/Xcode/DerivedData/ScribbleFit-fdogjjubbltqcsctzflnsjbdahon/Build/Intermediates.noindex/ScribbleFit.build/Debug-iphoneos/ScribbleFit.build/ScribbleFit-generated-files.hmap -Xcc -I/Users/george.sigalas/Library/Developer/Xcode/DerivedData/ScribbleFit-fdogjjubbltqcsctzflnsjbdahon/Build/Intermediates.noindex/ScribbleFit.build/Debug-iphoneos/ScribbleFit.build/ScribbleFit-own-target-headers.hmap -Xcc -I/Users/george.sigalas/Library/Developer/Xcode/DerivedData/ScribbleFit-fdogjjubbltqcsctzflnsjbdahon/Build/Intermediates.noindex/ScribbleFit.build/Debug-iphoneos/ScribbleFit.build/ScribbleFit-all-non-framework-target-headers.hmap -Xcc -ivfsoverlay -Xcc /Users/george.sigalas/Library/Developer/Xcode/DerivedData/ScribbleFit-fdogjjubbltqcsctzflnsjbdahon/Build/Intermediates.noindex/ScribbleFit.build/Debug-iphoneos/ScribbleFit-6104b8245b41763a75458a240552316e-VFS-iphoneos/all-product-headers.yaml -Xcc -iquote -Xcc /Users/george.sigalas/Library/Developer/Xcode/DerivedData/ScribbleFit-fdogjjubbltqcsctzflnsjbdahon/Build/Intermediates.noindex/ScribbleFit.build/Debug-iphoneos/ScribbleFit.build/ScribbleFit-project-headers.hmap -Xcc -I/Users/george.sigalas/Library/Developer/Xcode/DerivedData/ScribbleFit-fdogjjubbltqcsctzflnsjbdahon/SourcePackages/checkouts/promises/Sources/FBLPromises/include -Xcc -I/Users/george.sigalas/Library/Developer/Xcode/DerivedData/ScribbleFit-fdogjjubbltqcsctzflnsjbdahon/SourcePackages/checkouts/app-check/AppCheckCore/Sources/Public -Xcc -I/Users/george.sigalas/Library/Developer/Xcode/DerivedData/ScribbleFit-fdogjjubbltqcsctzflnsjbdahon/SourcePackages/checkouts/GoogleUtilities/GoogleUtilities/UserDefaults/Public -Xcc -I/Users/george.sigalas/Library/Developer/Xcode/DerivedData/ScribbleFit-fdogjjubbltqcsctzflnsjbdahon/SourcePackages/checkouts/firebase-ios-sdk/FirebaseAppCheck/Sources/Public -Xcc -I/Users/george.sigalas/Library/Developer/Xcode/DerivedData/ScribbleFit-fdogjjubbltqcsctzflnsjbdahon/SourcePackages/checkouts/interop-ios-for-google-sdks/RecaptchaEnterprise/RecaptchaInterop/Public -Xcc -I/Users/george.sigalas/Library/Developer/Xcode/DerivedData/ScribbleFit-fdogjjubbltqcsctzflnsjbdahon/SourcePackages/checkouts/GoogleUtilities/GoogleUtilities/Network/Public -Xcc -I/Users/george.sigalas/Library/Developer/Xcode/DerivedData/ScribbleFit-fdogjjubbltqcsctzflnsjbdahon/SourcePackages/checkouts/GoogleUtilities/GoogleUtilities/Reachability/Public -Xcc -I/Users/george.sigalas/Library/Developer/Xcode/DerivedData/ScribbleFit-fdogjjubbltqcsctzflnsjbdahon/SourcePackages/checkouts/GoogleUtilities/GoogleUtilities/AppDelegateSwizzler/Public -Xcc -I/Users/george.sigalas/Library/Developer/Xcode/DerivedData/ScribbleFit-fdogjjubbltqcsctzflnsjbdahon/SourcePackages/checkouts/gtm-session-fetcher/Sources/Core/Public -Xcc -I/Users/george.sigalas/Library/Developer/Xcode/DerivedData/ScribbleFit-fdogjjubbltqcsctzflnsjbdahon/SourcePackages/checkouts/firebase-ios-sdk/FirebaseAuth/Sources/Public -Xcc -I/Users/george.sigalas/Library/Developer/Xcode/DerivedData/ScribbleFit-fdogjjubbltqcsctzflnsjbdahon/SourcePackages/checkouts/GoogleUtilities/GoogleUtilities/NSData+zlib/Public -Xcc -I/Users/george.sigalas/Library/Developer/Xcode/DerivedData/ScribbleFit-fdogjjubbltqcsctzflnsjbdahon/SourcePackages/checkouts/GoogleUtilities/GoogleUtilities/Environment/Public -Xcc -I/Users/george.sigalas/Library/Developer/Xcode/DerivedData/ScribbleFit-fdogjjubbltqcsctzflnsjbdahon/SourcePackages/checkouts/GoogleUtilities/third_party/IsAppEncrypted/Public -Xcc -I/Users/george.sigalas/Library/Developer/Xcode/DerivedData/ScribbleFit-fdogjjubbltqcsctzflnsjbdahon/SourcePackages/checkouts/GoogleUtilities/GoogleUtilities/Logger/Public -Xcc -I/Users/george.sigalas/Library/Developer/Xcode/DerivedData/ScribbleFit-fdogjjubbltqcsctzflnsjbdahon/SourcePackages/checkouts/firebase-ios-sdk/FirebaseCore/Extension -Xcc -I/Users/george.sigalas/Library/Developer/Xcode/DerivedData/ScribbleFit-fdogjjubbltqcsctzflnsjbdahon/SourcePackages/checkouts/firebase-ios-sdk/FirebaseCore/Sources/Public -Xcc -I/Users/george.sigalas/Library/Developer/Xcode/DerivedData/ScribbleFit-fdogjjubbltqcsctzflnsjbdahon/SourcePackages/checkouts/firebase-ios-sdk/CoreOnly/Sources -Xcc -I/Users/george.sigalas/Library/Developer/Xcode/DerivedData/ScribbleFit-fdogjjubbltqcsctzflnsjbdahon/SourcePackages/checkouts/firebase-ios-sdk/FirebaseAuth/Interop/Public -Xcc -I/Users/george.sigalas/Library/Developer/Xcode/DerivedData/ScribbleFit-fdogjjubbltqcsctzflnsjbdahon/SourcePackages/checkouts/firebase-ios-sdk/FirebaseAppCheck/Interop/Public -Xcc -I/Users/george.sigalas/Library/Developer/Xcode/DerivedData/ScribbleFit-fdogjjubbltqcsctzflnsjbdahon/Build/Products/Debug-iphoneos/include -Xcc -I/Users/george.sigalas/Library/Developer/Xcode/DerivedData/ScribbleFit-fdogjjubbltqcsctzflnsjbdahon/Build/Intermediates.noindex/ScribbleFit.build/Debug-iphoneos/ScribbleFit.build/DerivedSources-normal/arm64 -Xcc -I/Users/george.sigalas/Library/Developer/Xcode/DerivedData/ScribbleFit-fdogjjubbltqcsctzflnsjbdahon/Build/Intermediates.noindex/ScribbleFit.build/Debug-iphoneos/ScribbleFit.build/DerivedSources/arm64 -Xcc -I/Users/george.sigalas/Library/Developer/Xcode/DerivedData/ScribbleFit-fdogjjubbltqcsctzflnsjbdahon/Build/Intermediates.noindex/ScribbleFit.build/Debug-iphoneos/ScribbleFit.build/DerivedSources -Xcc -DDEBUG\=1 -emit-objc-header -emit-objc-header-path /Users/george.sigalas/Library/Developer/Xcode/DerivedData/ScribbleFit-fdogjjubbltqcsctzflnsjbdahon/Build/Intermediates.noindex/ScribbleFit.build/Debug-iphoneos/ScribbleFit.build/Objects-normal/arm64/ScribbleFit-Swift.h -working-directory /Users/george.sigalas/AndroidStudioProjects/scribblefit/apps/ios/ScribbleFit -experimental-emit-module-separately -disable-cmo

ExtractAppIntentsMetadata (in target 'FeatureCanvas' from project 'FeatureCanvas')
    cd /Users/george.sigalas/AndroidStudioProjects/scribblefit/apps/ios/ScribbleFit/LocalPackages/Features/FeatureCanvas
    /Applications/Xcode.app/Contents/Developer/Toolchains/XcodeDefault.xctoolchain/usr/bin/appintentsmetadataprocessor --toolchain-dir /Applications/Xcode.app/Contents/Developer/Toolchains/XcodeDefault.xctoolchain --module-name FeatureCanvas --sdk-root /Applications/Xcode.app/Contents/Developer/Platforms/iPhoneOS.platform/Developer/SDKs/iPhoneOS26.4.sdk --xcode-version 17E202 --platform-family iOS --deployment-target 17.0 --bundle-identifier featurecanvas.FeatureCanvas --output /Users/george.sigalas/Library/Developer/Xcode/DerivedData/ScribbleFit-fdogjjubbltqcsctzflnsjbdahon/Build/Products/Debug-iphoneos/FeatureCanvas.appintents --target-triple arm64-apple-ios17.0 --binary-file /Users/george.sigalas/Library/Developer/Xcode/DerivedData/ScribbleFit-fdogjjubbltqcsctzflnsjbdahon/Build/Products/Debug-iphoneos/FeatureCanvas.o --dependency-file /Users/george.sigalas/Library/Developer/Xcode/DerivedData/ScribbleFit-fdogjjubbltqcsctzflnsjbdahon/Build/Intermediates.noindex/FeatureCanvas.build/Debug-iphoneos/FeatureCanvas.build/Objects-normal/arm64/FeatureCanvas_dependency_info.dat --stringsdata-file /Users/george.sigalas/Library/Developer/Xcode/DerivedData/ScribbleFit-fdogjjubbltqcsctzflnsjbdahon/Build/Intermediates.noindex/FeatureCanvas.build/Debug-iphoneos/FeatureCanvas.build/Objects-normal/arm64/ExtractedAppShortcutsMetadata.stringsdata --source-file-list /Users/george.sigalas/Library/Developer/Xcode/DerivedData/ScribbleFit-fdogjjubbltqcsctzflnsjbdahon/Build/Intermediates.noindex/FeatureCanvas.build/Debug-iphoneos/FeatureCanvas.build/Objects-normal/arm64/FeatureCanvas.SwiftFileList --metadata-file-list /Users/george.sigalas/Library/Developer/Xcode/DerivedData/ScribbleFit-fdogjjubbltqcsctzflnsjbdahon/Build/Intermediates.noindex/FeatureCanvas.build/Debug-iphoneos/FeatureCanvas.build/FeatureCanvas.DependencyMetadataFileList --static-metadata-file-list /Users/george.sigalas/Library/Developer/Xcode/DerivedData/ScribbleFit-fdogjjubbltqcsctzflnsjbdahon/Build/Intermediates.noindex/FeatureCanvas.build/Debug-iphoneos/FeatureCanvas.build/FeatureCanvas.DependencyStaticMetadataFileList --swift-const-vals-list /Users/george.sigalas/Library/Developer/Xcode/DerivedData/ScribbleFit-fdogjjubbltqcsctzflnsjbdahon/Build/Intermediates.noindex/FeatureCanvas.build/Debug-iphoneos/FeatureCanvas.build/Objects-normal/arm64/FeatureCanvas.SwiftConstValuesFileList --force --compile-time-extraction --deployment-aware-processing --validate-assistant-intents --no-app-shortcuts-localization
2026-04-20 13:52:56.221 appintentsmetadataprocessor[66413:42951268] Starting appintentsmetadataprocessor export
2026-04-20 13:52:56.228 appintentsmetadataprocessor[66413:42951268] Extracted no relevant App Intents symbols, skipping writing output

RegisterExecutionPolicyException /Users/george.sigalas/Library/Developer/Xcode/DerivedData/ScribbleFit-fdogjjubbltqcsctzflnsjbdahon/Build/Products/Debug-iphoneos/FeatureCanvas.o (in target 'FeatureCanvas' from project 'FeatureCanvas')
    cd /Users/george.sigalas/AndroidStudioProjects/scribblefit/apps/ios/ScribbleFit/LocalPackages/Features/FeatureCanvas
    builtin-RegisterExecutionPolicyException /Users/george.sigalas/Library/Developer/Xcode/DerivedData/ScribbleFit-fdogjjubbltqcsctzflnsjbdahon/Build/Products/Debug-iphoneos/FeatureCanvas.o

Ld /Users/george.sigalas/Library/Developer/Xcode/DerivedData/ScribbleFit-fdogjjubbltqcsctzflnsjbdahon/Build/Products/Debug-iphoneos/ScribbleFitAggregator.o normal (in target 'ScribbleFitAggregator' from project 'ScribbleFit' at path '/Users/george.sigalas/AndroidStudioProjects/scribblefit/apps/ios/ScribbleFit/Package.swift')
    cd /Users/george.sigalas/AndroidStudioProjects/scribblefit/apps/ios/ScribbleFit
    /Applications/Xcode.app/Contents/Developer/Toolchains/XcodeDefault.xctoolchain/usr/bin/clang -Xlinker -reproducible -target arm64-apple-ios17.0 -r -isysroot /Applications/Xcode.app/Contents/Developer/Platforms/iPhoneOS.platform/Developer/SDKs/iPhoneOS26.4.sdk -O0 -w -F/Users/george.sigalas/Library/Developer/Xcode/DerivedData/ScribbleFit-fdogjjubbltqcsctzflnsjbdahon/Build/Intermediates.noindex/EagerLinkingTBDs/Debug-iphoneos -F/Users/george.sigalas/Library/Developer/Xcode/DerivedData/ScribbleFit-fdogjjubbltqcsctzflnsjbdahon/Build/Products/Debug-iphoneos/PackageFrameworks -F/Users/george.sigalas/Library/Developer/Xcode/DerivedData/ScribbleFit-fdogjjubbltqcsctzflnsjbdahon/Build/Products/Debug-iphoneos/PackageFrameworks -F/Users/george.sigalas/Library/Developer/Xcode/DerivedData/ScribbleFit-fdogjjubbltqcsctzflnsjbdahon/Build/Products/Debug-iphoneos/PackageFrameworks -F/Users/george.sigalas/Library/Developer/Xcode/DerivedData/ScribbleFit-fdogjjubbltqcsctzflnsjbdahon/Build/Products/Debug-iphoneos/PackageFrameworks -F/Users/george.sigalas/Library/Developer/Xcode/DerivedData/ScribbleFit-fdogjjubbltqcsctzflnsjbdahon/Build/Products/Debug-iphoneos/PackageFrameworks -F/Users/george.sigalas/Library/Developer/Xcode/DerivedData/ScribbleFit-fdogjjubbltqcsctzflnsjbdahon/Build/Products/Debug-iphoneos/PackageFrameworks -F/Users/george.sigalas/Library/Developer/Xcode/DerivedData/ScribbleFit-fdogjjubbltqcsctzflnsjbdahon/Build/Products/Debug-iphoneos/PackageFrameworks -F/Users/george.sigalas/Library/Developer/Xcode/DerivedData/ScribbleFit-fdogjjubbltqcsctzflnsjbdahon/Build/Products/Debug-iphoneos/PackageFrameworks -F/Users/george.sigalas/Library/Developer/Xcode/DerivedData/ScribbleFit-fdogjjubbltqcsctzflnsjbdahon/Build/Products/Debug-iphoneos/PackageFrameworks -F/Users/george.sigalas/Library/Developer/Xcode/DerivedData/ScribbleFit-fdogjjubbltqcsctzflnsjbdahon/Build/Products/Debug-iphoneos/PackageFrameworks -F/Users/george.sigalas/Library/Developer/Xcode/DerivedData/ScribbleFit-fdogjjubbltqcsctzflnsjbdahon/Build/Products/Debug-iphoneos/PackageFrameworks -F/Users/george.sigalas/Library/Developer/Xcode/DerivedData/ScribbleFit-fdogjjubbltqcsctzflnsjbdahon/Build/Products/Debug-iphoneos/PackageFrameworks -F/Users/george.sigalas/Library/Developer/Xcode/DerivedData/ScribbleFit-fdogjjubbltqcsctzflnsjbdahon/Build/Products/Debug-iphoneos/PackageFrameworks -F/Users/george.sigalas/Library/Developer/Xcode/DerivedData/ScribbleFit-fdogjjubbltqcsctzflnsjbdahon/Build/Products/Debug-iphoneos/PackageFrameworks -F/Users/george.sigalas/Library/Developer/Xcode/DerivedData/ScribbleFit-fdogjjubbltqcsctzflnsjbdahon/Build/Products/Debug-iphoneos/PackageFrameworks -F/Users/george.sigalas/Library/Developer/Xcode/DerivedData/ScribbleFit-fdogjjubbltqcsctzflnsjbdahon/Build/Products/Debug-iphoneos/PackageFrameworks -F/Users/george.sigalas/Library/Developer/Xcode/DerivedData/ScribbleFit-fdogjjubbltqcsctzflnsjbdahon/Build/Products/Debug-iphoneos/PackageFrameworks -F/Users/george.sigalas/Library/Developer/Xcode/DerivedData/ScribbleFit-fdogjjubbltqcsctzflnsjbdahon/Build/Products/Debug-iphoneos/PackageFrameworks -F/Users/george.sigalas/Library/Developer/Xcode/DerivedData/ScribbleFit-fdogjjubbltqcsctzflnsjbdahon/Build/Products/Debug-iphoneos/PackageFrameworks -F/Users/george.sigalas/Library/Developer/Xcode/DerivedData/ScribbleFit-fdogjjubbltqcsctzflnsjbdahon/Build/Products/Debug-iphoneos/PackageFrameworks -F/Users/george.sigalas/Library/Developer/Xcode/DerivedData/ScribbleFit-fdogjjubbltqcsctzflnsjbdahon/Build/Products/Debug-iphoneos/PackageFrameworks -F/Users/george.sigalas/Library/Developer/Xcode/DerivedData/ScribbleFit-fdogjjubbltqcsctzflnsjbdahon/Build/Products/Debug-iphoneos/PackageFrameworks -F/Users/george.sigalas/Library/Developer/Xcode/DerivedData/ScribbleFit-fdogjjubbltqcsctzflnsjbdahon/Build/Products/Debug-iphoneos/PackageFrameworks -F/Users/george.sigalas/Library/Developer/Xcode/DerivedData/ScribbleFit-fdogjjubbltqcsctzflnsjbdahon/Build/Products/Debug-iphoneos/PackageFrameworks -F/Users/george.sigalas/Library/Developer/Xcode/DerivedData/ScribbleFit-fdogjjubbltqcsctzflnsjbdahon/Build/Products/Debug-iphoneos/PackageFrameworks -F/Users/george.sigalas/Library/Developer/Xcode/DerivedData/ScribbleFit-fdogjjubbltqcsctzflnsjbdahon/Build/Products/Debug-iphoneos/PackageFrameworks -F/Users/george.sigalas/Library/Developer/Xcode/DerivedData/ScribbleFit-fdogjjubbltqcsctzflnsjbdahon/Build/Products/Debug-iphoneos/PackageFrameworks -F/Users/george.sigalas/Library/Developer/Xcode/DerivedData/ScribbleFit-fdogjjubbltqcsctzflnsjbdahon/Build/Products/Debug-iphoneos/PackageFrameworks -F/Users/george.sigalas/Library/Developer/Xcode/DerivedData/ScribbleFit-fdogjjubbltqcsctzflnsjbdahon/Build/Products/Debug-iphoneos/PackageFrameworks -F/Users/george.sigalas/Library/Developer/Xcode/DerivedData/ScribbleFit-fdogjjubbltqcsctzflnsjbdahon/Build/Products/Debug-iphoneos/PackageFrameworks -F/Users/george.sigalas/Library/Developer/Xcode/DerivedData/ScribbleFit-fdogjjubbltqcsctzflnsjbdahon/Build/Products/Debug-iphoneos/PackageFrameworks -F/Users/george.sigalas/Library/Developer/Xcode/DerivedData/ScribbleFit-fdogjjubbltqcsctzflnsjbdahon/Build/Products/Debug-iphoneos/PackageFrameworks -F/Users/george.sigalas/Library/Developer/Xcode/DerivedData/ScribbleFit-fdogjjubbltqcsctzflnsjbdahon/Build/Products/Debug-iphoneos/PackageFrameworks -F/Users/george.sigalas/Library/Developer/Xcode/DerivedData/ScribbleFit-fdogjjubbltqcsctzflnsjbdahon/Build/Products/Debug-iphoneos/PackageFrameworks -F/Users/george.sigalas/Library/Developer/Xcode/DerivedData/ScribbleFit-fdogjjubbltqcsctzflnsjbdahon/Build/Products/Debug-iphoneos/PackageFrameworks -F/Users/george.sigalas/Library/Developer/Xcode/DerivedData/ScribbleFit-fdogjjubbltqcsctzflnsjbdahon/Build/Products/Debug-iphoneos/PackageFrameworks -F/Users/george.sigalas/Library/Developer/Xcode/DerivedData/ScribbleFit-fdogjjubbltqcsctzflnsjbdahon/Build/Products/Debug-iphoneos/PackageFrameworks -F/Users/george.sigalas/Library/Developer/Xcode/DerivedData/ScribbleFit-fdogjjubbltqcsctzflnsjbdahon/Build/Products/Debug-iphoneos -iframework /Applications/Xcode.app/Contents/Developer/Platforms/iPhoneOS.platform/Developer/Library/Frameworks -iframework /Applications/Xcode.app/Contents/Developer/Platforms/iPhoneOS.platform/Developer/SDKs/iPhoneOS26.4.sdk/Developer/Library/Frameworks -filelist /Users/george.sigalas/Library/Developer/Xcode/DerivedData/ScribbleFit-fdogjjubbltqcsctzflnsjbdahon/Build/Intermediates.noindex/ScribbleFit.build/Debug-iphoneos/ScribbleFitAggregator.build/Objects-normal/arm64/ScribbleFitAggregator.LinkFileList -nostdlib -Xlinker -object_path_lto -Xlinker /Users/george.sigalas/Library/Developer/Xcode/DerivedData/ScribbleFit-fdogjjubbltqcsctzflnsjbdahon/Build/Intermediates.noindex/ScribbleFit.build/Debug-iphoneos/ScribbleFitAggregator.build/Objects-normal/arm64/ScribbleFitAggregator_lto.o -Xlinker -no_deduplicate -Xlinker -debug_variant -Xlinker -dependency_info -Xlinker /Users/george.sigalas/Library/Developer/Xcode/DerivedData/ScribbleFit-fdogjjubbltqcsctzflnsjbdahon/Build/Intermediates.noindex/ScribbleFit.build/Debug-iphoneos/ScribbleFitAggregator.build/Objects-normal/arm64/ScribbleFitAggregator_dependency_info.dat -fobjc-link-runtime -L/Applications/Xcode.app/Contents/Developer/Toolchains/XcodeDefault.xctoolchain/usr/lib/swift/iphoneos -L/usr/lib/swift -Xlinker -add_ast_path -Xlinker /Users/george.sigalas/Library/Developer/Xcode/DerivedData/ScribbleFit-fdogjjubbltqcsctzflnsjbdahon/Build/Intermediates.noindex/ScribbleFit.build/Debug-iphoneos/ScribbleFitAggregator.build/Objects-normal/arm64/ScribbleFitAggregator.swiftmodule @/Users/george.sigalas/Library/Developer/Xcode/DerivedData/ScribbleFit-fdogjjubbltqcsctzflnsjbdahon/Build/Intermediates.noindex/ScribbleFit.build/Debug-iphoneos/ScribbleFitAggregator.build/Objects-normal/arm64/ScribbleFitAggregator-linker-args.resp -o /Users/george.sigalas/Library/Developer/Xcode/DerivedData/ScribbleFit-fdogjjubbltqcsctzflnsjbdahon/Build/Products/Debug-iphoneos/ScribbleFitAggregator.o

ExtractAppIntentsMetadata (in target 'ScribbleFitAggregator' from project 'ScribbleFit' at path '/Users/george.sigalas/AndroidStudioProjects/scribblefit/apps/ios/ScribbleFit/Package.swift')
    cd /Users/george.sigalas/AndroidStudioProjects/scribblefit/apps/ios/ScribbleFit
    /Applications/Xcode.app/Contents/Developer/Toolchains/XcodeDefault.xctoolchain/usr/bin/appintentsmetadataprocessor --toolchain-dir /Applications/Xcode.app/Contents/Developer/Toolchains/XcodeDefault.xctoolchain --module-name ScribbleFitAggregator --sdk-root /Applications/Xcode.app/Contents/Developer/Platforms/iPhoneOS.platform/Developer/SDKs/iPhoneOS26.4.sdk --xcode-version 17E202 --platform-family iOS --deployment-target 17.0 --bundle-identifier scribblefit.ScribbleFitAggregator --output /Users/george.sigalas/Library/Developer/Xcode/DerivedData/ScribbleFit-fdogjjubbltqcsctzflnsjbdahon/Build/Products/Debug-iphoneos/ScribbleFitAggregator.appintents --target-triple arm64-apple-ios17.0 --binary-file /Users/george.sigalas/Library/Developer/Xcode/DerivedData/ScribbleFit-fdogjjubbltqcsctzflnsjbdahon/Build/Products/Debug-iphoneos/ScribbleFitAggregator.o --dependency-file /Users/george.sigalas/Library/Developer/Xcode/DerivedData/ScribbleFit-fdogjjubbltqcsctzflnsjbdahon/Build/Intermediates.noindex/ScribbleFit.build/Debug-iphoneos/ScribbleFitAggregator.build/Objects-normal/arm64/ScribbleFitAggregator_dependency_info.dat --stringsdata-file /Users/george.sigalas/Library/Developer/Xcode/DerivedData/ScribbleFit-fdogjjubbltqcsctzflnsjbdahon/Build/Intermediates.noindex/ScribbleFit.build/Debug-iphoneos/ScribbleFitAggregator.build/Objects-normal/arm64/ExtractedAppShortcutsMetadata.stringsdata --source-file-list /Users/george.sigalas/Library/Developer/Xcode/DerivedData/ScribbleFit-fdogjjubbltqcsctzflnsjbdahon/Build/Intermediates.noindex/ScribbleFit.build/Debug-iphoneos/ScribbleFitAggregator.build/Objects-normal/arm64/ScribbleFitAggregator.SwiftFileList --metadata-file-list /Users/george.sigalas/Library/Developer/Xcode/DerivedData/ScribbleFit-fdogjjubbltqcsctzflnsjbdahon/Build/Intermediates.noindex/ScribbleFit.build/Debug-iphoneos/ScribbleFitAggregator.build/ScribbleFitAggregator.DependencyMetadataFileList --static-metadata-file-list /Users/george.sigalas/Library/Developer/Xcode/DerivedData/ScribbleFit-fdogjjubbltqcsctzflnsjbdahon/Build/Intermediates.noindex/ScribbleFit.build/Debug-iphoneos/ScribbleFitAggregator.build/ScribbleFitAggregator.DependencyStaticMetadataFileList --swift-const-vals-list /Users/george.sigalas/Library/Developer/Xcode/DerivedData/ScribbleFit-fdogjjubbltqcsctzflnsjbdahon/Build/Intermediates.noindex/ScribbleFit.build/Debug-iphoneos/ScribbleFitAggregator.build/Objects-normal/arm64/ScribbleFitAggregator.SwiftConstValuesFileList --force --compile-time-extraction --deployment-aware-processing --validate-assistant-intents --no-app-shortcuts-localization
2026-04-20 13:52:56.304 appintentsmetadataprocessor[66416:42951281] Starting appintentsmetadataprocessor export
2026-04-20 13:52:56.311 appintentsmetadataprocessor[66416:42951281] Extracted no relevant App Intents symbols, skipping writing output

RegisterExecutionPolicyException /Users/george.sigalas/Library/Developer/Xcode/DerivedData/ScribbleFit-fdogjjubbltqcsctzflnsjbdahon/Build/Products/Debug-iphoneos/ScribbleFitAggregator.o (in target 'ScribbleFitAggregator' from project 'ScribbleFit' at path '/Users/george.sigalas/AndroidStudioProjects/scribblefit/apps/ios/ScribbleFit/Package.swift')
    cd /Users/george.sigalas/AndroidStudioProjects/scribblefit/apps/ios/ScribbleFit
    builtin-RegisterExecutionPolicyException /Users/george.sigalas/Library/Developer/Xcode/DerivedData/ScribbleFit-fdogjjubbltqcsctzflnsjbdahon/Build/Products/Debug-iphoneos/ScribbleFitAggregator.o

Ld /Users/george.sigalas/Library/Developer/Xcode/DerivedData/ScribbleFit-fdogjjubbltqcsctzflnsjbdahon/Build/Products/Debug-iphoneos/ScribbleFit.app/ScribbleFit.debug.dylib normal (in target 'ScribbleFit' from project 'ScribbleFit' at path '/Users/george.sigalas/AndroidStudioProjects/scribblefit/apps/ios/ScribbleFit/ScribbleFit.xcodeproj')
    cd /Users/george.sigalas/AndroidStudioProjects/scribblefit/apps/ios/ScribbleFit
    /Applications/Xcode.app/Contents/Developer/Toolchains/XcodeDefault.xctoolchain/usr/bin/clang -Xlinker -reproducible -target arm64-apple-ios17.0 -dynamiclib -isysroot /Applications/Xcode.app/Contents/Developer/Platforms/iPhoneOS.platform/Developer/SDKs/iPhoneOS26.4.sdk -O0 -L/Users/george.sigalas/Library/Developer/Xcode/DerivedData/ScribbleFit-fdogjjubbltqcsctzflnsjbdahon/Build/Intermediates.noindex/EagerLinkingTBDs/Debug-iphoneos -L/Users/george.sigalas/Library/Developer/Xcode/DerivedData/ScribbleFit-fdogjjubbltqcsctzflnsjbdahon/Build/Products/Debug-iphoneos -F/Users/george.sigalas/Library/Developer/Xcode/DerivedData/ScribbleFit-fdogjjubbltqcsctzflnsjbdahon/Build/Intermediates.noindex/EagerLinkingTBDs/Debug-iphoneos -F/Users/george.sigalas/Library/Developer/Xcode/DerivedData/ScribbleFit-fdogjjubbltqcsctzflnsjbdahon/Build/Products/Debug-iphoneos/PackageFrameworks -F/Users/george.sigalas/Library/Developer/Xcode/DerivedData/ScribbleFit-fdogjjubbltqcsctzflnsjbdahon/Build/Products/Debug-iphoneos/PackageFrameworks -F/Users/george.sigalas/Library/Developer/Xcode/DerivedData/ScribbleFit-fdogjjubbltqcsctzflnsjbdahon/Build/Products/Debug-iphoneos/PackageFrameworks -F/Users/george.sigalas/Library/Developer/Xcode/DerivedData/ScribbleFit-fdogjjubbltqcsctzflnsjbdahon/Build/Products/Debug-iphoneos/PackageFrameworks -F/Users/george.sigalas/Library/Developer/Xcode/DerivedData/ScribbleFit-fdogjjubbltqcsctzflnsjbdahon/Build/Products/Debug-iphoneos/PackageFrameworks -F/Users/george.sigalas/Library/Developer/Xcode/DerivedData/ScribbleFit-fdogjjubbltqcsctzflnsjbdahon/Build/Products/Debug-iphoneos/PackageFrameworks -F/Users/george.sigalas/Library/Developer/Xcode/DerivedData/ScribbleFit-fdogjjubbltqcsctzflnsjbdahon/Build/Products/Debug-iphoneos/PackageFrameworks -F/Users/george.sigalas/Library/Developer/Xcode/DerivedData/ScribbleFit-fdogjjubbltqcsctzflnsjbdahon/Build/Products/Debug-iphoneos/PackageFrameworks -F/Users/george.sigalas/Library/Developer/Xcode/DerivedData/ScribbleFit-fdogjjubbltqcsctzflnsjbdahon/Build/Products/Debug-iphoneos/PackageFrameworks -F/Users/george.sigalas/Library/Developer/Xcode/DerivedData/ScribbleFit-fdogjjubbltqcsctzflnsjbdahon/Build/Products/Debug-iphoneos/PackageFrameworks -F/Users/george.sigalas/Library/Developer/Xcode/DerivedData/ScribbleFit-fdogjjubbltqcsctzflnsjbdahon/Build/Products/Debug-iphoneos/PackageFrameworks -F/Users/george.sigalas/Library/Developer/Xcode/DerivedData/ScribbleFit-fdogjjubbltqcsctzflnsjbdahon/Build/Products/Debug-iphoneos/PackageFrameworks -F/Users/george.sigalas/Library/Developer/Xcode/DerivedData/ScribbleFit-fdogjjubbltqcsctzflnsjbdahon/Build/Products/Debug-iphoneos/PackageFrameworks -F/Users/george.sigalas/Library/Developer/Xcode/DerivedData/ScribbleFit-fdogjjubbltqcsctzflnsjbdahon/Build/Products/Debug-iphoneos/PackageFrameworks -F/Users/george.sigalas/Library/Developer/Xcode/DerivedData/ScribbleFit-fdogjjubbltqcsctzflnsjbdahon/Build/Products/Debug-iphoneos/PackageFrameworks -F/Users/george.sigalas/Library/Developer/Xcode/DerivedData/ScribbleFit-fdogjjubbltqcsctzflnsjbdahon/Build/Products/Debug-iphoneos/PackageFrameworks -F/Users/george.sigalas/Library/Developer/Xcode/DerivedData/ScribbleFit-fdogjjubbltqcsctzflnsjbdahon/Build/Products/Debug-iphoneos/PackageFrameworks -F/Users/george.sigalas/Library/Developer/Xcode/DerivedData/ScribbleFit-fdogjjubbltqcsctzflnsjbdahon/Build/Products/Debug-iphoneos/PackageFrameworks -F/Users/george.sigalas/Library/Developer/Xcode/DerivedData/ScribbleFit-fdogjjubbltqcsctzflnsjbdahon/Build/Products/Debug-iphoneos/PackageFrameworks -F/Users/george.sigalas/Library/Developer/Xcode/DerivedData/ScribbleFit-fdogjjubbltqcsctzflnsjbdahon/Build/Products/Debug-iphoneos/PackageFrameworks -F/Users/george.sigalas/Library/Developer/Xcode/DerivedData/ScribbleFit-fdogjjubbltqcsctzflnsjbdahon/Build/Products/Debug-iphoneos/PackageFrameworks -F/Users/george.sigalas/Library/Developer/Xcode/DerivedData/ScribbleFit-fdogjjubbltqcsctzflnsjbdahon/Build/Products/Debug-iphoneos/PackageFrameworks -F/Users/george.sigalas/Library/Developer/Xcode/DerivedData/ScribbleFit-fdogjjubbltqcsctzflnsjbdahon/Build/Products/Debug-iphoneos/PackageFrameworks -F/Users/george.sigalas/Library/Developer/Xcode/DerivedData/ScribbleFit-fdogjjubbltqcsctzflnsjbdahon/Build/Products/Debug-iphoneos/PackageFrameworks -F/Users/george.sigalas/Library/Developer/Xcode/DerivedData/ScribbleFit-fdogjjubbltqcsctzflnsjbdahon/Build/Products/Debug-iphoneos/PackageFrameworks -F/Users/george.sigalas/Library/Developer/Xcode/DerivedData/ScribbleFit-fdogjjubbltqcsctzflnsjbdahon/Build/Products/Debug-iphoneos/PackageFrameworks -F/Users/george.sigalas/Library/Developer/Xcode/DerivedData/ScribbleFit-fdogjjubbltqcsctzflnsjbdahon/Build/Products/Debug-iphoneos/PackageFrameworks -F/Users/george.sigalas/Library/Developer/Xcode/DerivedData/ScribbleFit-fdogjjubbltqcsctzflnsjbdahon/Build/Products/Debug-iphoneos/PackageFrameworks -F/Users/george.sigalas/Library/Developer/Xcode/DerivedData/ScribbleFit-fdogjjubbltqcsctzflnsjbdahon/Build/Products/Debug-iphoneos/PackageFrameworks -F/Users/george.sigalas/Library/Developer/Xcode/DerivedData/ScribbleFit-fdogjjubbltqcsctzflnsjbdahon/Build/Products/Debug-iphoneos/PackageFrameworks -F/Users/george.sigalas/Library/Developer/Xcode/DerivedData/ScribbleFit-fdogjjubbltqcsctzflnsjbdahon/Build/Products/Debug-iphoneos/PackageFrameworks -F/Users/george.sigalas/Library/Developer/Xcode/DerivedData/ScribbleFit-fdogjjubbltqcsctzflnsjbdahon/Build/Products/Debug-iphoneos/PackageFrameworks -F/Users/george.sigalas/Library/Developer/Xcode/DerivedData/ScribbleFit-fdogjjubbltqcsctzflnsjbdahon/Build/Products/Debug-iphoneos/PackageFrameworks -F/Users/george.sigalas/Library/Developer/Xcode/DerivedData/ScribbleFit-fdogjjubbltqcsctzflnsjbdahon/Build/Products/Debug-iphoneos/PackageFrameworks -F/Users/george.sigalas/Library/Developer/Xcode/DerivedData/ScribbleFit-fdogjjubbltqcsctzflnsjbdahon/Build/Products/Debug-iphoneos/PackageFrameworks -F/Users/george.sigalas/Library/Developer/Xcode/DerivedData/ScribbleFit-fdogjjubbltqcsctzflnsjbdahon/Build/Products/Debug-iphoneos/PackageFrameworks -F/Users/george.sigalas/Library/Developer/Xcode/DerivedData/ScribbleFit-fdogjjubbltqcsctzflnsjbdahon/Build/Products/Debug-iphoneos/PackageFrameworks -F/Users/george.sigalas/Library/Developer/Xcode/DerivedData/ScribbleFit-fdogjjubbltqcsctzflnsjbdahon/Build/Products/Debug-iphoneos/PackageFrameworks -F/Users/george.sigalas/Library/Developer/Xcode/DerivedData/ScribbleFit-fdogjjubbltqcsctzflnsjbdahon/Build/Products/Debug-iphoneos -filelist /Users/george.sigalas/Library/Developer/Xcode/DerivedData/ScribbleFit-fdogjjubbltqcsctzflnsjbdahon/Build/Intermediates.noindex/ScribbleFit.build/Debug-iphoneos/ScribbleFit.build/Objects-normal/arm64/ScribbleFit.LinkFileList -install_name @rpath/ScribbleFit.debug.dylib -Xlinker -rpath -Xlinker /usr/lib/swift -Xlinker -rpath -Xlinker /Users/george.sigalas/Library/Developer/Xcode/DerivedData/ScribbleFit-fdogjjubbltqcsctzflnsjbdahon/Build/Products/Debug-iphoneos/PackageFrameworks -Xlinker -rpath -Xlinker @executable_path/Frameworks -Xlinker -dead_strip -Xlinker -object_path_lto -Xlinker /Users/george.sigalas/Library/Developer/Xcode/DerivedData/ScribbleFit-fdogjjubbltqcsctzflnsjbdahon/Build/Intermediates.noindex/ScribbleFit.build/Debug-iphoneos/ScribbleFit.build/Objects-normal/arm64/ScribbleFit_lto.o -rdynamic -Xlinker -no_deduplicate -Xlinker -debug_variant -Xlinker -dependency_info -Xlinker /Users/george.sigalas/Library/Developer/Xcode/DerivedData/ScribbleFit-fdogjjubbltqcsctzflnsjbdahon/Build/Intermediates.noindex/ScribbleFit.build/Debug-iphoneos/ScribbleFit.build/Objects-normal/arm64/ScribbleFit_dependency_info.dat -fobjc-link-runtime -fprofile-instr-generate -L/Applications/Xcode.app/Contents/Developer/Toolchains/XcodeDefault.xctoolchain/usr/lib/swift/iphoneos -L/usr/lib/swift -Xlinker -add_ast_path -Xlinker /Users/george.sigalas/Library/Developer/Xcode/DerivedData/ScribbleFit-fdogjjubbltqcsctzflnsjbdahon/Build/Intermediates.noindex/ScribbleFit.build/Debug-iphoneos/ScribbleFit.build/Objects-normal/arm64/ScribbleFit.swiftmodule @/Users/george.sigalas/Library/Developer/Xcode/DerivedData/ScribbleFit-fdogjjubbltqcsctzflnsjbdahon/Build/Intermediates.noindex/ScribbleFit.build/Debug-iphoneos/ScribbleFit.build/Objects-normal/arm64/ScribbleFit-linker-args.resp -Wl,-no_warn_duplicate_libraries -Wl,-no_warn_duplicate_libraries -Wl,-no_warn_duplicate_libraries -Wl,-no_warn_duplicate_libraries -Wl,-no_warn_duplicate_libraries -Wl,-no_warn_duplicate_libraries -Wl,-no_warn_duplicate_libraries -Wl,-no_warn_duplicate_libraries -Wl,-no_warn_duplicate_libraries -Wl,-no_warn_duplicate_libraries -Wl,-no_warn_duplicate_libraries -Wl,-no_warn_duplicate_libraries -Wl,-no_warn_duplicate_libraries -Wl,-no_warn_duplicate_libraries -Wl,-no_warn_duplicate_libraries -Wl,-no_warn_duplicate_libraries -Wl,-no_warn_duplicate_libraries -Wl,-no_warn_duplicate_libraries -Wl,-no_warn_duplicate_libraries -Wl,-no_warn_duplicate_libraries -Wl,-no_warn_duplicate_libraries -Wl,-no_warn_duplicate_libraries -Wl,-no_warn_duplicate_libraries -Wl,-no_warn_duplicate_libraries -Wl,-no_warn_duplicate_libraries -Wl,-no_warn_duplicate_libraries -Wl,-no_warn_duplicate_libraries -Wl,-no_warn_duplicate_libraries -Wl,-no_warn_duplicate_libraries -Wl,-no_warn_duplicate_libraries -Wl,-no_warn_duplicate_libraries -Wl,-no_warn_duplicate_libraries -Wl,-no_warn_duplicate_libraries -Wl,-no_warn_duplicate_libraries -Wl,-no_warn_duplicate_libraries -Wl,-no_warn_duplicate_libraries -Wl,-no_warn_duplicate_libraries -Wl,-no_warn_duplicate_libraries -framework UIKit -lz -framework Security -framework SafariServices -framework DeviceCheck -framework DeviceCheck -Xlinker -alias -Xlinker _main -Xlinker ___debug_main_executable_dylib_entry_point -Xlinker -no_adhoc_codesign -o /Users/george.sigalas/Library/Developer/Xcode/DerivedData/ScribbleFit-fdogjjubbltqcsctzflnsjbdahon/Build/Products/Debug-iphoneos/ScribbleFit.app/ScribbleFit.debug.dylib -Xlinker -add_ast_path -Xlinker /Users/george.sigalas/Library/Developer/Xcode/DerivedData/ScribbleFit-fdogjjubbltqcsctzflnsjbdahon/Build/Intermediates.noindex/ScribbleFit.build/Debug-iphoneos/ScribbleFitAggregator.build/Objects-normal/arm64/ScribbleFitAggregator.swiftmodule @/Users/george.sigalas/Library/Developer/Xcode/DerivedData/ScribbleFit-fdogjjubbltqcsctzflnsjbdahon/Build/Intermediates.noindex/ScribbleFit.build/Debug-iphoneos/ScribbleFitAggregator.build/Objects-normal/arm64/ScribbleFitAggregator-linker-args.resp -Xlinker -add_ast_path -Xlinker /Users/george.sigalas/Library/Developer/Xcode/DerivedData/ScribbleFit-fdogjjubbltqcsctzflnsjbdahon/Build/Intermediates.noindex/CoreModel.build/Debug-iphoneos/CoreModel.build/Objects-normal/arm64/CoreModel.swiftmodule @/Users/george.sigalas/Library/Developer/Xcode/DerivedData/ScribbleFit-fdogjjubbltqcsctzflnsjbdahon/Build/Intermediates.noindex/CoreModel.build/Debug-iphoneos/CoreModel.build/Objects-normal/arm64/CoreModel-linker-args.resp -Xlinker -add_ast_path -Xlinker /Users/george.sigalas/Library/Developer/Xcode/DerivedData/ScribbleFit-fdogjjubbltqcsctzflnsjbdahon/Build/Intermediates.noindex/CoreDatabase.build/Debug-iphoneos/CoreDatabase.build/Objects-normal/arm64/CoreDatabase.swiftmodule @/Users/george.sigalas/Library/Developer/Xcode/DerivedData/ScribbleFit-fdogjjubbltqcsctzflnsjbdahon/Build/Intermediates.noindex/CoreDatabase.build/Debug-iphoneos/CoreDatabase.build/Objects-normal/arm64/CoreDatabase-linker-args.resp -Xlinker -add_ast_path -Xlinker /Users/george.sigalas/Library/Developer/Xcode/DerivedData/ScribbleFit-fdogjjubbltqcsctzflnsjbdahon/Build/Intermediates.noindex/CoreDesignSystem.build/Debug-iphoneos/CoreDesignSystem.build/Objects-normal/arm64/CoreDesignSystem.swiftmodule @/Users/george.sigalas/Library/Developer/Xcode/DerivedData/ScribbleFit-fdogjjubbltqcsctzflnsjbdahon/Build/Intermediates.noindex/CoreDesignSystem.build/Debug-iphoneos/CoreDesignSystem.build/Objects-normal/arm64/CoreDesignSystem-linker-args.resp -Xlinker -add_ast_path -Xlinker /Users/george.sigalas/Library/Developer/Xcode/DerivedData/ScribbleFit-fdogjjubbltqcsctzflnsjbdahon/Build/Intermediates.noindex/CoreCommon.build/Debug-iphoneos/CoreCommon.build/Objects-normal/arm64/CoreCommon.swiftmodule @/Users/george.sigalas/Library/Developer/Xcode/DerivedData/ScribbleFit-fdogjjubbltqcsctzflnsjbdahon/Build/Intermediates.noindex/CoreCommon.build/Debug-iphoneos/CoreCommon.build/Objects-normal/arm64/CoreCommon-linker-args.resp -Xlinker -add_ast_path -Xlinker /Users/george.sigalas/Library/Developer/Xcode/DerivedData/ScribbleFit-fdogjjubbltqcsctzflnsjbdahon/Build/Intermediates.noindex/CoreFirebase.build/Debug-iphoneos/CoreFirebase.build/Objects-normal/arm64/CoreFirebase.swiftmodule @/Users/george.sigalas/Library/Developer/Xcode/DerivedData/ScribbleFit-fdogjjubbltqcsctzflnsjbdahon/Build/Intermediates.noindex/CoreFirebase.build/Debug-iphoneos/CoreFirebase.build/Objects-normal/arm64/CoreFirebase-linker-args.resp -Xlinker -add_ast_path -Xlinker /Users/george.sigalas/Library/Developer/Xcode/DerivedData/ScribbleFit-fdogjjubbltqcsctzflnsjbdahon/Build/Intermediates.noindex/Firebase.build/Debug-iphoneos/FirebaseCoreInternal.build/Objects-normal/arm64/FirebaseCoreInternal.swiftmodule @/Users/george.sigalas/Library/Developer/Xcode/DerivedData/ScribbleFit-fdogjjubbltqcsctzflnsjbdahon/Build/Intermediates.noindex/Firebase.build/Debug-iphoneos/FirebaseCoreInternal.build/Objects-normal/arm64/FirebaseCoreInternal-linker-args.resp -Xlinker -add_ast_path -Xlinker /Users/george.sigalas/Library/Developer/Xcode/DerivedData/ScribbleFit-fdogjjubbltqcsctzflnsjbdahon/Build/Intermediates.noindex/Firebase.build/Debug-iphoneos/FirebaseAuth.build/Objects-normal/arm64/FirebaseAuth.swiftmodule @/Users/george.sigalas/Library/Developer/Xcode/DerivedData/ScribbleFit-fdogjjubbltqcsctzflnsjbdahon/Build/Intermediates.noindex/Firebase.build/Debug-iphoneos/FirebaseAuth.build/Objects-normal/arm64/FirebaseAuth-linker-args.resp -Xlinker -add_ast_path -Xlinker /Users/george.sigalas/Library/Developer/Xcode/DerivedData/ScribbleFit-fdogjjubbltqcsctzflnsjbdahon/Build/Intermediates.noindex/Firebase.build/Debug-iphoneos/FirebaseAI.build/Objects-normal/arm64/FirebaseAI.swiftmodule @/Users/george.sigalas/Library/Developer/Xcode/DerivedData/ScribbleFit-fdogjjubbltqcsctzflnsjbdahon/Build/Intermediates.noindex/Firebase.build/Debug-iphoneos/FirebaseAI.build/Objects-normal/arm64/FirebaseAI-linker-args.resp -Xlinker -add_ast_path -Xlinker /Users/george.sigalas/Library/Developer/Xcode/DerivedData/ScribbleFit-fdogjjubbltqcsctzflnsjbdahon/Build/Intermediates.noindex/Firebase.build/Debug-iphoneos/FirebaseAILogic.build/Objects-normal/arm64/FirebaseAILogic.swiftmodule @/Users/george.sigalas/Library/Developer/Xcode/DerivedData/ScribbleFit-fdogjjubbltqcsctzflnsjbdahon/Build/Intermediates.noindex/Firebase.build/Debug-iphoneos/FirebaseAILogic.build/Objects-normal/arm64/FirebaseAILogic-linker-args.resp -Xlinker -add_ast_path -Xlinker /Users/george.sigalas/Library/Developer/Xcode/DerivedData/ScribbleFit-fdogjjubbltqcsctzflnsjbdahon/Build/Intermediates.noindex/FeatureAI.build/Debug-iphoneos/FeatureAI.build/Objects-normal/arm64/FeatureAI.swiftmodule @/Users/george.sigalas/Library/Developer/Xcode/DerivedData/ScribbleFit-fdogjjubbltqcsctzflnsjbdahon/Build/Intermediates.noindex/FeatureAI.build/Debug-iphoneos/FeatureAI.build/Objects-normal/arm64/FeatureAI-linker-args.resp -Xlinker -add_ast_path -Xlinker /Users/george.sigalas/Library/Developer/Xcode/DerivedData/ScribbleFit-fdogjjubbltqcsctzflnsjbdahon/Build/Intermediates.noindex/FeatureScribble.build/Debug-iphoneos/FeatureScribble.build/Objects-normal/arm64/FeatureScribble.swiftmodule @/Users/george.sigalas/Library/Developer/Xcode/DerivedData/ScribbleFit-fdogjjubbltqcsctzflnsjbdahon/Build/Intermediates.noindex/FeatureScribble.build/Debug-iphoneos/FeatureScribble.build/Objects-normal/arm64/FeatureScribble-linker-args.resp -Xlinker -add_ast_path -Xlinker /Users/george.sigalas/Library/Developer/Xcode/DerivedData/ScribbleFit-fdogjjubbltqcsctzflnsjbdahon/Build/Intermediates.noindex/FeatureWorkouts.build/Debug-iphoneos/FeatureWorkouts.build/Objects-normal/arm64/FeatureWorkouts.swiftmodule @/Users/george.sigalas/Library/Developer/Xcode/DerivedData/ScribbleFit-fdogjjubbltqcsctzflnsjbdahon/Build/Intermediates.noindex/FeatureWorkouts.build/Debug-iphoneos/FeatureWorkouts.build/Objects-normal/arm64/FeatureWorkouts-linker-args.resp -Xlinker -add_ast_path -Xlinker /Users/george.sigalas/Library/Developer/Xcode/DerivedData/ScribbleFit-fdogjjubbltqcsctzflnsjbdahon/Build/Intermediates.noindex/FeatureConfig.build/Debug-iphoneos/FeatureConfig.build/Objects-normal/arm64/FeatureConfig.swiftmodule @/Users/george.sigalas/Library/Developer/Xcode/DerivedData/ScribbleFit-fdogjjubbltqcsctzflnsjbdahon/Build/Intermediates.noindex/FeatureConfig.build/Debug-iphoneos/FeatureConfig.build/Objects-normal/arm64/FeatureConfig-linker-args.resp -Xlinker -add_ast_path -Xlinker /Users/george.sigalas/Library/Developer/Xcode/DerivedData/ScribbleFit-fdogjjubbltqcsctzflnsjbdahon/Build/Intermediates.noindex/FeatureCanvas.build/Debug-iphoneos/FeatureCanvas.build/Objects-normal/arm64/FeatureCanvas.swiftmodule @/Users/george.sigalas/Library/Developer/Xcode/DerivedData/ScribbleFit-fdogjjubbltqcsctzflnsjbdahon/Build/Intermediates.noindex/FeatureCanvas.build/Debug-iphoneos/FeatureCanvas.build/Objects-normal/arm64/FeatureCanvas-linker-args.resp -Xlinker -add_ast_path -Xlinker /Users/george.sigalas/Library/Developer/Xcode/DerivedData/ScribbleFit-fdogjjubbltqcsctzflnsjbdahon/Build/Intermediates.noindex/FeatureSettings.build/Debug-iphoneos/FeatureSettings.build/Objects-normal/arm64/FeatureSettings.swiftmodule @/Users/george.sigalas/Library/Developer/Xcode/DerivedData/ScribbleFit-fdogjjubbltqcsctzflnsjbdahon/Build/Intermediates.noindex/FeatureSettings.build/Debug-iphoneos/FeatureSettings.build/Objects-normal/arm64/FeatureSettings-linker-args.resp -Xlinker -add_ast_path -Xlinker /Users/george.sigalas/Library/Developer/Xcode/DerivedData/ScribbleFit-fdogjjubbltqcsctzflnsjbdahon/Build/Intermediates.noindex/FeatureInsights.build/Debug-iphoneos/FeatureInsights.build/Objects-normal/arm64/FeatureInsights.swiftmodule @/Users/george.sigalas/Library/Developer/Xcode/DerivedData/ScribbleFit-fdogjjubbltqcsctzflnsjbdahon/Build/Intermediates.noindex/FeatureInsights.build/Debug-iphoneos/FeatureInsights.build/Objects-normal/arm64/FeatureInsights-linker-args.resp -Xlinker -add_ast_path -Xlinker /Users/george.sigalas/Library/Developer/Xcode/DerivedData/ScribbleFit-fdogjjubbltqcsctzflnsjbdahon/Build/Intermediates.noindex/FeatureLedger.build/Debug-iphoneos/FeatureLedger.build/Objects-normal/arm64/FeatureLedger.swiftmodule @/Users/george.sigalas/Library/Developer/Xcode/DerivedData/ScribbleFit-fdogjjubbltqcsctzflnsjbdahon/Build/Intermediates.noindex/FeatureLedger.build/Debug-iphoneos/FeatureLedger.build/Objects-normal/arm64/FeatureLedger-linker-args.resp -Xlinker -add_ast_path -Xlinker /Users/george.sigalas/Library/Developer/Xcode/DerivedData/ScribbleFit-fdogjjubbltqcsctzflnsjbdahon/Build/Intermediates.noindex/FeatureSets.build/Debug-iphoneos/FeatureSets.build/Objects-normal/arm64/FeatureSets.swiftmodule @/Users/george.sigalas/Library/Developer/Xcode/DerivedData/ScribbleFit-fdogjjubbltqcsctzflnsjbdahon/Build/Intermediates.noindex/FeatureSets.build/Debug-iphoneos/FeatureSets.build/Objects-normal/arm64/FeatureSets-linker-args.resp

Copy /Users/george.sigalas/Library/Developer/Xcode/DerivedData/ScribbleFit-fdogjjubbltqcsctzflnsjbdahon/Build/Products/Debug-iphoneos/ScribbleFit.app/CoreDesignSystem_CoreDesignSystem.bundle /Users/george.sigalas/Library/Developer/Xcode/DerivedData/ScribbleFit-fdogjjubbltqcsctzflnsjbdahon/Build/Products/Debug-iphoneos/CoreDesignSystem_CoreDesignSystem.bundle (in target 'ScribbleFit' from project 'ScribbleFit' at path '/Users/george.sigalas/AndroidStudioProjects/scribblefit/apps/ios/ScribbleFit/ScribbleFit.xcodeproj')
    cd /Users/george.sigalas/AndroidStudioProjects/scribblefit/apps/ios/ScribbleFit
    builtin-copy -exclude .DS_Store -exclude CVS -exclude .svn -exclude .git -exclude .hg -resolve-src-symlinks /Users/george.sigalas/Library/Developer/Xcode/DerivedData/ScribbleFit-fdogjjubbltqcsctzflnsjbdahon/Build/Products/Debug-iphoneos/CoreDesignSystem_CoreDesignSystem.bundle /Users/george.sigalas/Library/Developer/Xcode/DerivedData/ScribbleFit-fdogjjubbltqcsctzflnsjbdahon/Build/Products/Debug-iphoneos/ScribbleFit.app

ProcessInfoPlistFile /Users/george.sigalas/Library/Developer/Xcode/DerivedData/ScribbleFit-fdogjjubbltqcsctzflnsjbdahon/Build/Products/Debug-iphoneos/ScribbleFit.app/Info.plist /Users/george.sigalas/Library/Developer/Xcode/DerivedData/ScribbleFit-fdogjjubbltqcsctzflnsjbdahon/Build/Intermediates.noindex/ScribbleFit.build/Debug-iphoneos/ScribbleFit.build/empty-ScribbleFit.plist (in target 'ScribbleFit' from project 'ScribbleFit' at path '/Users/george.sigalas/AndroidStudioProjects/scribblefit/apps/ios/ScribbleFit/ScribbleFit.xcodeproj')
    cd /Users/george.sigalas/AndroidStudioProjects/scribblefit/apps/ios/ScribbleFit
    builtin-infoPlistUtility /Users/george.sigalas/Library/Developer/Xcode/DerivedData/ScribbleFit-fdogjjubbltqcsctzflnsjbdahon/Build/Intermediates.noindex/ScribbleFit.build/Debug-iphoneos/ScribbleFit.build/empty-ScribbleFit.plist -producttype com.apple.product-type.application -genpkginfo /Users/george.sigalas/Library/Developer/Xcode/DerivedData/ScribbleFit-fdogjjubbltqcsctzflnsjbdahon/Build/Products/Debug-iphoneos/ScribbleFit.app/PkgInfo -expandbuildsettings -format binary -platform iphoneos -scanforprivacyfile /Users/george.sigalas/Library/Developer/Xcode/DerivedData/ScribbleFit-fdogjjubbltqcsctzflnsjbdahon/Build/Products/Debug-iphoneos/ScribbleFit.app/CoreDesignSystem_CoreDesignSystem.bundle -scanforprivacyfile /Users/george.sigalas/Library/Developer/Xcode/DerivedData/ScribbleFit-fdogjjubbltqcsctzflnsjbdahon/Build/Products/Debug-iphoneos/ScribbleFit.app/Firebase_FirebaseAuth.bundle -scanforprivacyfile /Users/george.sigalas/Library/Developer/Xcode/DerivedData/ScribbleFit-fdogjjubbltqcsctzflnsjbdahon/Build/Products/Debug-iphoneos/ScribbleFit.app/Firebase_FirebaseCore.bundle -scanforprivacyfile /Users/george.sigalas/Library/Developer/Xcode/DerivedData/ScribbleFit-fdogjjubbltqcsctzflnsjbdahon/Build/Products/Debug-iphoneos/ScribbleFit.app/Firebase_FirebaseCoreExtension.bundle -scanforprivacyfile /Users/george.sigalas/Library/Developer/Xcode/DerivedData/ScribbleFit-fdogjjubbltqcsctzflnsjbdahon/Build/Products/Debug-iphoneos/ScribbleFit.app/Firebase_FirebaseCoreInternal.bundle -scanforprivacyfile /Users/george.sigalas/Library/Developer/Xcode/DerivedData/ScribbleFit-fdogjjubbltqcsctzflnsjbdahon/Build/Products/Debug-iphoneos/ScribbleFit.app/GTMSessionFetcher_GTMSessionFetcherCore.bundle -scanforprivacyfile /Users/george.sigalas/Library/Developer/Xcode/DerivedData/ScribbleFit-fdogjjubbltqcsctzflnsjbdahon/Build/Products/Debug-iphoneos/ScribbleFit.app/GoogleUtilities_GoogleUtilities-AppDelegateSwizzler.bundle -scanforprivacyfile /Users/george.sigalas/Library/Developer/Xcode/DerivedData/ScribbleFit-fdogjjubbltqcsctzflnsjbdahon/Build/Products/Debug-iphoneos/ScribbleFit.app/GoogleUtilities_GoogleUtilities-Environment.bundle -scanforprivacyfile /Users/george.sigalas/Library/Developer/Xcode/DerivedData/ScribbleFit-fdogjjubbltqcsctzflnsjbdahon/Build/Products/Debug-iphoneos/ScribbleFit.app/GoogleUtilities_GoogleUtilities-Logger.bundle -scanforprivacyfile /Users/george.sigalas/Library/Developer/Xcode/DerivedData/ScribbleFit-fdogjjubbltqcsctzflnsjbdahon/Build/Products/Debug-iphoneos/ScribbleFit.app/GoogleUtilities_GoogleUtilities-NSData.bundle -scanforprivacyfile /Users/george.sigalas/Library/Developer/Xcode/DerivedData/ScribbleFit-fdogjjubbltqcsctzflnsjbdahon/Build/Products/Debug-iphoneos/ScribbleFit.app/GoogleUtilities_GoogleUtilities-Network.bundle -scanforprivacyfile /Users/george.sigalas/Library/Developer/Xcode/DerivedData/ScribbleFit-fdogjjubbltqcsctzflnsjbdahon/Build/Products/Debug-iphoneos/ScribbleFit.app/GoogleUtilities_GoogleUtilities-Reachability.bundle -scanforprivacyfile /Users/george.sigalas/Library/Developer/Xcode/DerivedData/ScribbleFit-fdogjjubbltqcsctzflnsjbdahon/Build/Products/Debug-iphoneos/ScribbleFit.app/GoogleUtilities_GoogleUtilities-UserDefaults.bundle -scanforprivacyfile /Users/george.sigalas/Library/Developer/Xcode/DerivedData/ScribbleFit-fdogjjubbltqcsctzflnsjbdahon/Build/Products/Debug-iphoneos/ScribbleFit.app/Promises_FBLPromises.bundle -requiredArchitecture arm64 -o /Users/george.sigalas/Library/Developer/Xcode/DerivedData/ScribbleFit-fdogjjubbltqcsctzflnsjbdahon/Build/Products/Debug-iphoneos/ScribbleFit.app/Info.plist

ConstructStubExecutorLinkFileList /Users/george.sigalas/Library/Developer/Xcode/DerivedData/ScribbleFit-fdogjjubbltqcsctzflnsjbdahon/Build/Intermediates.noindex/ScribbleFit.build/Debug-iphoneos/ScribbleFit.build/ScribbleFit-ExecutorLinkFileList-normal-arm64.txt (in target 'ScribbleFit' from project 'ScribbleFit' at path '/Users/george.sigalas/AndroidStudioProjects/scribblefit/apps/ios/ScribbleFit/ScribbleFit.xcodeproj')
    cd /Users/george.sigalas/AndroidStudioProjects/scribblefit/apps/ios/ScribbleFit
    construct-stub-executor-link-file-list /Users/george.sigalas/Library/Developer/Xcode/DerivedData/ScribbleFit-fdogjjubbltqcsctzflnsjbdahon/Build/Products/Debug-iphoneos/ScribbleFit.app/ScribbleFit.debug.dylib /Applications/Xcode.app/Contents/Developer/Platforms/iPhoneOS.platform/Developer/usr/lib/libPreviewsJITStubExecutor_no_swift_entry_point.a /Applications/Xcode.app/Contents/Developer/Platforms/iPhoneOS.platform/Developer/usr/lib/libPreviewsJITStubExecutor.a --output /Users/george.sigalas/Library/Developer/Xcode/DerivedData/ScribbleFit-fdogjjubbltqcsctzflnsjbdahon/Build/Intermediates.noindex/ScribbleFit.build/Debug-iphoneos/ScribbleFit.build/ScribbleFit-ExecutorLinkFileList-normal-arm64.txt
note: Using stub executor library with Swift entry point. (in target 'ScribbleFit' from project 'ScribbleFit' at path '/Users/george.sigalas/AndroidStudioProjects/scribblefit/apps/ios/ScribbleFit/ScribbleFit.xcodeproj')

Ld /Users/george.sigalas/Library/Developer/Xcode/DerivedData/ScribbleFit-fdogjjubbltqcsctzflnsjbdahon/Build/Products/Debug-iphoneos/ScribbleFit.app/ScribbleFit normal (in target 'ScribbleFit' from project 'ScribbleFit' at path '/Users/george.sigalas/AndroidStudioProjects/scribblefit/apps/ios/ScribbleFit/ScribbleFit.xcodeproj')
    cd /Users/george.sigalas/AndroidStudioProjects/scribblefit/apps/ios/ScribbleFit
    /Applications/Xcode.app/Contents/Developer/Toolchains/XcodeDefault.xctoolchain/usr/bin/clang -Xlinker -reproducible -target arm64-apple-ios17.0 -isysroot /Applications/Xcode.app/Contents/Developer/Platforms/iPhoneOS.platform/Developer/SDKs/iPhoneOS26.4.sdk -O0 -L/Users/george.sigalas/Library/Developer/Xcode/DerivedData/ScribbleFit-fdogjjubbltqcsctzflnsjbdahon/Build/Products/Debug-iphoneos -F/Users/george.sigalas/Library/Developer/Xcode/DerivedData/ScribbleFit-fdogjjubbltqcsctzflnsjbdahon/Build/Products/Debug-iphoneos/PackageFrameworks -F/Users/george.sigalas/Library/Developer/Xcode/DerivedData/ScribbleFit-fdogjjubbltqcsctzflnsjbdahon/Build/Products/Debug-iphoneos/PackageFrameworks -F/Users/george.sigalas/Library/Developer/Xcode/DerivedData/ScribbleFit-fdogjjubbltqcsctzflnsjbdahon/Build/Products/Debug-iphoneos/PackageFrameworks -F/Users/george.sigalas/Library/Developer/Xcode/DerivedData/ScribbleFit-fdogjjubbltqcsctzflnsjbdahon/Build/Products/Debug-iphoneos/PackageFrameworks -F/Users/george.sigalas/Library/Developer/Xcode/DerivedData/ScribbleFit-fdogjjubbltqcsctzflnsjbdahon/Build/Products/Debug-iphoneos/PackageFrameworks -F/Users/george.sigalas/Library/Developer/Xcode/DerivedData/ScribbleFit-fdogjjubbltqcsctzflnsjbdahon/Build/Products/Debug-iphoneos/PackageFrameworks -F/Users/george.sigalas/Library/Developer/Xcode/DerivedData/ScribbleFit-fdogjjubbltqcsctzflnsjbdahon/Build/Products/Debug-iphoneos/PackageFrameworks -F/Users/george.sigalas/Library/Developer/Xcode/DerivedData/ScribbleFit-fdogjjubbltqcsctzflnsjbdahon/Build/Products/Debug-iphoneos/PackageFrameworks -F/Users/george.sigalas/Library/Developer/Xcode/DerivedData/ScribbleFit-fdogjjubbltqcsctzflnsjbdahon/Build/Products/Debug-iphoneos/PackageFrameworks -F/Users/george.sigalas/Library/Developer/Xcode/DerivedData/ScribbleFit-fdogjjubbltqcsctzflnsjbdahon/Build/Products/Debug-iphoneos/PackageFrameworks -F/Users/george.sigalas/Library/Developer/Xcode/DerivedData/ScribbleFit-fdogjjubbltqcsctzflnsjbdahon/Build/Products/Debug-iphoneos/PackageFrameworks -F/Users/george.sigalas/Library/Developer/Xcode/DerivedData/ScribbleFit-fdogjjubbltqcsctzflnsjbdahon/Build/Products/Debug-iphoneos/PackageFrameworks -F/Users/george.sigalas/Library/Developer/Xcode/DerivedData/ScribbleFit-fdogjjubbltqcsctzflnsjbdahon/Build/Products/Debug-iphoneos/PackageFrameworks -F/Users/george.sigalas/Library/Developer/Xcode/DerivedData/ScribbleFit-fdogjjubbltqcsctzflnsjbdahon/Build/Products/Debug-iphoneos/PackageFrameworks -F/Users/george.sigalas/Library/Developer/Xcode/DerivedData/ScribbleFit-fdogjjubbltqcsctzflnsjbdahon/Build/Products/Debug-iphoneos/PackageFrameworks -F/Users/george.sigalas/Library/Developer/Xcode/DerivedData/ScribbleFit-fdogjjubbltqcsctzflnsjbdahon/Build/Products/Debug-iphoneos/PackageFrameworks -F/Users/george.sigalas/Library/Developer/Xcode/DerivedData/ScribbleFit-fdogjjubbltqcsctzflnsjbdahon/Build/Products/Debug-iphoneos/PackageFrameworks -F/Users/george.sigalas/Library/Developer/Xcode/DerivedData/ScribbleFit-fdogjjubbltqcsctzflnsjbdahon/Build/Products/Debug-iphoneos/PackageFrameworks -F/Users/george.sigalas/Library/Developer/Xcode/DerivedData/ScribbleFit-fdogjjubbltqcsctzflnsjbdahon/Build/Products/Debug-iphoneos/PackageFrameworks -F/Users/george.sigalas/Library/Developer/Xcode/DerivedData/ScribbleFit-fdogjjubbltqcsctzflnsjbdahon/Build/Products/Debug-iphoneos/PackageFrameworks -F/Users/george.sigalas/Library/Developer/Xcode/DerivedData/ScribbleFit-fdogjjubbltqcsctzflnsjbdahon/Build/Products/Debug-iphoneos/PackageFrameworks -F/Users/george.sigalas/Library/Developer/Xcode/DerivedData/ScribbleFit-fdogjjubbltqcsctzflnsjbdahon/Build/Products/Debug-iphoneos/PackageFrameworks -F/Users/george.sigalas/Library/Developer/Xcode/DerivedData/ScribbleFit-fdogjjubbltqcsctzflnsjbdahon/Build/Products/Debug-iphoneos/PackageFrameworks -F/Users/george.sigalas/Library/Developer/Xcode/DerivedData/ScribbleFit-fdogjjubbltqcsctzflnsjbdahon/Build/Products/Debug-iphoneos/PackageFrameworks -F/Users/george.sigalas/Library/Developer/Xcode/DerivedData/ScribbleFit-fdogjjubbltqcsctzflnsjbdahon/Build/Products/Debug-iphoneos/PackageFrameworks -F/Users/george.sigalas/Library/Developer/Xcode/DerivedData/ScribbleFit-fdogjjubbltqcsctzflnsjbdahon/Build/Products/Debug-iphoneos/PackageFrameworks -F/Users/george.sigalas/Library/Developer/Xcode/DerivedData/ScribbleFit-fdogjjubbltqcsctzflnsjbdahon/Build/Products/Debug-iphoneos/PackageFrameworks -F/Users/george.sigalas/Library/Developer/Xcode/DerivedData/ScribbleFit-fdogjjubbltqcsctzflnsjbdahon/Build/Products/Debug-iphoneos/PackageFrameworks -F/Users/george.sigalas/Library/Developer/Xcode/DerivedData/ScribbleFit-fdogjjubbltqcsctzflnsjbdahon/Build/Products/Debug-iphoneos/PackageFrameworks -F/Users/george.sigalas/Library/Developer/Xcode/DerivedData/ScribbleFit-fdogjjubbltqcsctzflnsjbdahon/Build/Products/Debug-iphoneos/PackageFrameworks -F/Users/george.sigalas/Library/Developer/Xcode/DerivedData/ScribbleFit-fdogjjubbltqcsctzflnsjbdahon/Build/Products/Debug-iphoneos/PackageFrameworks -F/Users/george.sigalas/Library/Developer/Xcode/DerivedData/ScribbleFit-fdogjjubbltqcsctzflnsjbdahon/Build/Products/Debug-iphoneos/PackageFrameworks -F/Users/george.sigalas/Library/Developer/Xcode/DerivedData/ScribbleFit-fdogjjubbltqcsctzflnsjbdahon/Build/Products/Debug-iphoneos/PackageFrameworks -F/Users/george.sigalas/Library/Developer/Xcode/DerivedData/ScribbleFit-fdogjjubbltqcsctzflnsjbdahon/Build/Products/Debug-iphoneos/PackageFrameworks -F/Users/george.sigalas/Library/Developer/Xcode/DerivedData/ScribbleFit-fdogjjubbltqcsctzflnsjbdahon/Build/Products/Debug-iphoneos/PackageFrameworks -F/Users/george.sigalas/Library/Developer/Xcode/DerivedData/ScribbleFit-fdogjjubbltqcsctzflnsjbdahon/Build/Products/Debug-iphoneos/PackageFrameworks -F/Users/george.sigalas/Library/Developer/Xcode/DerivedData/ScribbleFit-fdogjjubbltqcsctzflnsjbdahon/Build/Products/Debug-iphoneos/PackageFrameworks -F/Users/george.sigalas/Library/Developer/Xcode/DerivedData/ScribbleFit-fdogjjubbltqcsctzflnsjbdahon/Build/Products/Debug-iphoneos/PackageFrameworks -F/Users/george.sigalas/Library/Developer/Xcode/DerivedData/ScribbleFit-fdogjjubbltqcsctzflnsjbdahon/Build/Products/Debug-iphoneos -Xlinker -rpath -Xlinker @executable_path -Xlinker -rpath -Xlinker /Users/george.sigalas/Library/Developer/Xcode/DerivedData/ScribbleFit-fdogjjubbltqcsctzflnsjbdahon/Build/Products/Debug-iphoneos/PackageFrameworks -Xlinker -rpath -Xlinker @executable_path/Frameworks -rdynamic -Xlinker -no_deduplicate -Xlinker -debug_variant -e ___debug_blank_executor_main -Xlinker -sectcreate -Xlinker __TEXT -Xlinker __debug_dylib -Xlinker /Users/george.sigalas/Library/Developer/Xcode/DerivedData/ScribbleFit-fdogjjubbltqcsctzflnsjbdahon/Build/Intermediates.noindex/ScribbleFit.build/Debug-iphoneos/ScribbleFit.build/ScribbleFit-DebugDylibPath-normal-arm64.txt -Xlinker -sectcreate -Xlinker __TEXT -Xlinker __debug_instlnm -Xlinker /Users/george.sigalas/Library/Developer/Xcode/DerivedData/ScribbleFit-fdogjjubbltqcsctzflnsjbdahon/Build/Intermediates.noindex/ScribbleFit.build/Debug-iphoneos/ScribbleFit.build/ScribbleFit-DebugDylibInstallName-normal-arm64.txt -Xlinker -filelist -Xlinker /Users/george.sigalas/Library/Developer/Xcode/DerivedData/ScribbleFit-fdogjjubbltqcsctzflnsjbdahon/Build/Intermediates.noindex/ScribbleFit.build/Debug-iphoneos/ScribbleFit.build/ScribbleFit-ExecutorLinkFileList-normal-arm64.txt /Users/george.sigalas/Library/Developer/Xcode/DerivedData/ScribbleFit-fdogjjubbltqcsctzflnsjbdahon/Build/Products/Debug-iphoneos/ScribbleFit.app/ScribbleFit.debug.dylib -Xlinker -no_adhoc_codesign -o /Users/george.sigalas/Library/Developer/Xcode/DerivedData/ScribbleFit-fdogjjubbltqcsctzflnsjbdahon/Build/Products/Debug-iphoneos/ScribbleFit.app/ScribbleFit

CopySwiftLibs /Users/george.sigalas/Library/Developer/Xcode/DerivedData/ScribbleFit-fdogjjubbltqcsctzflnsjbdahon/Build/Products/Debug-iphoneos/ScribbleFit.app (in target 'ScribbleFit' from project 'ScribbleFit' at path '/Users/george.sigalas/AndroidStudioProjects/scribblefit/apps/ios/ScribbleFit/ScribbleFit.xcodeproj')
    cd /Users/george.sigalas/AndroidStudioProjects/scribblefit/apps/ios/ScribbleFit
    builtin-swiftStdLibTool --copy --verbose --sign 84CA1ACBDCA546801122E9AB5B122862D5949943 --scan-executable /Users/george.sigalas/Library/Developer/Xcode/DerivedData/ScribbleFit-fdogjjubbltqcsctzflnsjbdahon/Build/Products/Debug-iphoneos/ScribbleFit.app/ScribbleFit.debug.dylib --scan-folder /Users/george.sigalas/Library/Developer/Xcode/DerivedData/ScribbleFit-fdogjjubbltqcsctzflnsjbdahon/Build/Products/Debug-iphoneos/ScribbleFit.app/Frameworks --scan-folder /Users/george.sigalas/Library/Developer/Xcode/DerivedData/ScribbleFit-fdogjjubbltqcsctzflnsjbdahon/Build/Products/Debug-iphoneos/ScribbleFit.app/PlugIns --scan-folder /Users/george.sigalas/Library/Developer/Xcode/DerivedData/ScribbleFit-fdogjjubbltqcsctzflnsjbdahon/Build/Products/Debug-iphoneos/ScribbleFit.app/SystemExtensions --scan-folder /Users/george.sigalas/Library/Developer/Xcode/DerivedData/ScribbleFit-fdogjjubbltqcsctzflnsjbdahon/Build/Products/Debug-iphoneos/ScribbleFit.app/Extensions --platform iphoneos --toolchain /Applications/Xcode.app/Contents/Developer/Toolchains/XcodeDefault.xctoolchain --destination /Users/george.sigalas/Library/Developer/Xcode/DerivedData/ScribbleFit-fdogjjubbltqcsctzflnsjbdahon/Build/Products/Debug-iphoneos/ScribbleFit.app/Frameworks --strip-bitcode --strip-bitcode-tool /Applications/Xcode.app/Contents/Developer/Toolchains/XcodeDefault.xctoolchain/usr/bin/bitcode_strip --emit-dependency-info /Users/george.sigalas/Library/Developer/Xcode/DerivedData/ScribbleFit-fdogjjubbltqcsctzflnsjbdahon/Build/Intermediates.noindex/ScribbleFit.build/Debug-iphoneos/ScribbleFit.build/SwiftStdLibToolInputDependencies.dep --filter-for-swift-os --back-deploy-swift-span

ExtractAppIntentsMetadata (in target 'ScribbleFit' from project 'ScribbleFit' at path '/Users/george.sigalas/AndroidStudioProjects/scribblefit/apps/ios/ScribbleFit/ScribbleFit.xcodeproj')
    cd /Users/george.sigalas/AndroidStudioProjects/scribblefit/apps/ios/ScribbleFit
    /Applications/Xcode.app/Contents/Developer/Toolchains/XcodeDefault.xctoolchain/usr/bin/appintentsmetadataprocessor --toolchain-dir /Applications/Xcode.app/Contents/Developer/Toolchains/XcodeDefault.xctoolchain --module-name ScribbleFit --sdk-root /Applications/Xcode.app/Contents/Developer/Platforms/iPhoneOS.platform/Developer/SDKs/iPhoneOS26.4.sdk --xcode-version 17E202 --platform-family iOS --deployment-target 17.0 --bundle-identifier com.scribblefit.ScribbleFit --output /Users/george.sigalas/Library/Developer/Xcode/DerivedData/ScribbleFit-fdogjjubbltqcsctzflnsjbdahon/Build/Products/Debug-iphoneos/ScribbleFit.app --target-triple arm64-apple-ios17.0 --binary-file /Users/george.sigalas/Library/Developer/Xcode/DerivedData/ScribbleFit-fdogjjubbltqcsctzflnsjbdahon/Build/Products/Debug-iphoneos/ScribbleFit.app/ScribbleFit --dependency-file /Users/george.sigalas/Library/Developer/Xcode/DerivedData/ScribbleFit-fdogjjubbltqcsctzflnsjbdahon/Build/Intermediates.noindex/ScribbleFit.build/Debug-iphoneos/ScribbleFit.build/Objects-normal/arm64/ScribbleFit_dependency_info.dat --stringsdata-file /Users/george.sigalas/Library/Developer/Xcode/DerivedData/ScribbleFit-fdogjjubbltqcsctzflnsjbdahon/Build/Intermediates.noindex/ScribbleFit.build/Debug-iphoneos/ScribbleFit.build/Objects-normal/arm64/ExtractedAppShortcutsMetadata.stringsdata --source-file-list /Users/george.sigalas/Library/Developer/Xcode/DerivedData/ScribbleFit-fdogjjubbltqcsctzflnsjbdahon/Build/Intermediates.noindex/ScribbleFit.build/Debug-iphoneos/ScribbleFit.build/Objects-normal/arm64/ScribbleFit.SwiftFileList --metadata-file-list /Users/george.sigalas/Library/Developer/Xcode/DerivedData/ScribbleFit-fdogjjubbltqcsctzflnsjbdahon/Build/Intermediates.noindex/ScribbleFit.build/Debug-iphoneos/ScribbleFit.build/ScribbleFit.DependencyMetadataFileList --static-metadata-file-list /Users/george.sigalas/Library/Developer/Xcode/DerivedData/ScribbleFit-fdogjjubbltqcsctzflnsjbdahon/Build/Intermediates.noindex/ScribbleFit.build/Debug-iphoneos/ScribbleFit.build/ScribbleFit.DependencyStaticMetadataFileList --swift-const-vals-list /Users/george.sigalas/Library/Developer/Xcode/DerivedData/ScribbleFit-fdogjjubbltqcsctzflnsjbdahon/Build/Intermediates.noindex/ScribbleFit.build/Debug-iphoneos/ScribbleFit.build/Objects-normal/arm64/ScribbleFit.SwiftConstValuesFileList --compile-time-extraction --deployment-aware-processing --validate-assistant-intents --no-app-shortcuts-localization
2026-04-20 13:52:56.693 appintentsmetadataprocessor[66421:42951320] Starting appintentsmetadataprocessor export
2026-04-20 13:52:56.694 appintentsmetadataprocessor[66421:42951320] warning: Metadata extraction skipped. No AppIntents.framework dependency found.

CodeSign /Users/george.sigalas/Library/Developer/Xcode/DerivedData/ScribbleFit-fdogjjubbltqcsctzflnsjbdahon/Build/Products/Debug-iphoneos/ScribbleFit.app/ScribbleFit.debug.dylib (in target 'ScribbleFit' from project 'ScribbleFit' at path '/Users/george.sigalas/AndroidStudioProjects/scribblefit/apps/ios/ScribbleFit/ScribbleFit.xcodeproj')
    cd /Users/george.sigalas/AndroidStudioProjects/scribblefit/apps/ios/ScribbleFit
    
    Signing Identity:     "Apple Development: georgesg97@gmail.com (P3B2V2YFLZ)"
    Provisioning Profile: "iOS Team Provisioning Profile: com.scribblefit.ScribbleFit"
                          (78617c82-571c-4588-9811-801133ae6ada)
    
    /usr/bin/codesign --force --sign 84CA1ACBDCA546801122E9AB5B122862D5949943 --timestamp\=none --generate-entitlement-der /Users/george.sigalas/Library/Developer/Xcode/DerivedData/ScribbleFit-fdogjjubbltqcsctzflnsjbdahon/Build/Products/Debug-iphoneos/ScribbleFit.app/ScribbleFit.debug.dylib

CodeSign /Users/george.sigalas/Library/Developer/Xcode/DerivedData/ScribbleFit-fdogjjubbltqcsctzflnsjbdahon/Build/Products/Debug-iphoneos/ScribbleFit.app (in target 'ScribbleFit' from project 'ScribbleFit' at path '/Users/george.sigalas/AndroidStudioProjects/scribblefit/apps/ios/ScribbleFit/ScribbleFit.xcodeproj')
    cd /Users/george.sigalas/AndroidStudioProjects/scribblefit/apps/ios/ScribbleFit
    
    Signing Identity:     "Apple Development: georgesg97@gmail.com (P3B2V2YFLZ)"
    Provisioning Profile: "iOS Team Provisioning Profile: com.scribblefit.ScribbleFit"
                          (78617c82-571c-4588-9811-801133ae6ada)
    
    /usr/bin/codesign --force --sign 84CA1ACBDCA546801122E9AB5B122862D5949943 --entitlements /Users/george.sigalas/Library/Developer/Xcode/DerivedData/ScribbleFit-fdogjjubbltqcsctzflnsjbdahon/Build/Intermediates.noindex/ScribbleFit.build/Debug-iphoneos/ScribbleFit.build/ScribbleFit.app.xcent --timestamp\=none --generate-entitlement-der /Users/george.sigalas/Library/Developer/Xcode/DerivedData/ScribbleFit-fdogjjubbltqcsctzflnsjbdahon/Build/Products/Debug-iphoneos/ScribbleFit.app

Validate /Users/george.sigalas/Library/Developer/Xcode/DerivedData/ScribbleFit-fdogjjubbltqcsctzflnsjbdahon/Build/Products/Debug-iphoneos/ScribbleFit.app (in target 'ScribbleFit' from project 'ScribbleFit' at path '/Users/george.sigalas/AndroidStudioProjects/scribblefit/apps/ios/ScribbleFit/ScribbleFit.xcodeproj')
    cd /Users/george.sigalas/AndroidStudioProjects/scribblefit/apps/ios/ScribbleFit
    builtin-validationUtility /Users/george.sigalas/Library/Developer/Xcode/DerivedData/ScribbleFit-fdogjjubbltqcsctzflnsjbdahon/Build/Products/Debug-iphoneos/ScribbleFit.app -shallow-bundle -infoplist-subpath Info.plist

** BUILD SUCCEEDED **

